[  1%] Built target lcm_use_file
[  5%] Built target serial_cmake
[ 17%] Built target lcm-gen
[ 36%] Built target lcm-static
[ 41%] Built target lcm
[ 46%] Built target lcm-source
[ 45%] Built target lcm-buftest-sender
[ 51%] Built target lcm-logfilter
[ 52%] Built target lcm-logger
[ 52%] Built target lcm-sink
[ 54%] Built target lcm-buftest-receiver
[ 56%] Built target lcm-example
[ 58%] Built target lcm-tester
[ 60%] Built target lcm-logplayer
[ 70%] Built target hightorque_robot
[ 72%] Built target motor_move_zero
[ 74%] Built target 0_robot_set_zero
[ 76%] Built target 0_robot_get_state
[ 78%] Built target parse_demo
[ 80%] Built target motor_msg_subscriber
[ 82%] Built target 1_PosVel_control
[ 86%] Built target 1_PD_control
[ 86%] Built target canboard_update
[ 88%] Built target motor_feedack
[ 90%] Built target motor_run
[ 92%] Built target motor_set_zero
[ 94%] Built target 3_cartesian_impedance_control
[ 96%] Built target 2_joint_impedance_control
[ 98%] Built target pure_cartesian_impedance_control
[100%] Built target cartesian_impedance_ab_motion
-- Install configuration: "Release"
-- Installing: /home/tk/robot_manipulator/Panthera-HT_ROS2_Jazzy/install/hightorque_robot/lib/libhightorque_robot.so.4.4.7
-- Installing: /home/tk/robot_manipulator/Panthera-HT_ROS2_Jazzy/install/hightorque_robot/lib/libhightorque_robot.so.4
-- Set non-toolchain portion of runtime path of "/home/tk/robot_manipulator/Panthera-HT_ROS2_Jazzy/install/hightorque_robot/lib/libhightorque_robot.so.4.4.7" to ""
-- Installing: /home/tk/robot_manipulator/Panthera-HT_ROS2_Jazzy/install/hightorque_robot/lib/libhightorque_robot.so
-- Installing: /home/tk/robot_manipulator/Panthera-HT_ROS2_Jazzy/install/hightorque_robot/include/robot.hpp
-- Installing: /home/tk/robot_manipulator/Panthera-HT_ROS2_Jazzy/install/hightorque_robot/include/motor.hpp
-- Installing: /home/tk/robot_manipulator/Panthera-HT_ROS2_Jazzy/install/hightorque_robot/include/canport.hpp
-- Installing: /home/tk/robot_manipulator/Panthera-HT_ROS2_Jazzy/install/hightorque_robot/include/canboard.hpp
-- Installing: /home/tk/robot_manipulator/Panthera-HT_ROS2_Jazzy/install/hightorque_robot/include/parse_robot_params.hpp
-- Installing: /home/tk/robot_manipulator/Panthera-HT_ROS2_Jazzy/install/hightorque_robot/include/serial_struct.hpp
-- Installing: /home/tk/robot_manipulator/Panthera-HT_ROS2_Jazzy/install/hightorque_robot/include/serial_driver.hpp
-- Installing: /home/tk/robot_manipulator/Panthera-HT_ROS2_Jazzy/install/hightorque_robot/include/crc8.hpp
-- Installing: /home/tk/robot_manipulator/Panthera-HT_ROS2_Jazzy/install/hightorque_robot/include/crc16.hpp
-- Installing: /home/tk/robot_manipulator/Panthera-HT_ROS2_Jazzy/install/hightorque_robot/include/Panthera.hpp
-- Installing: /home/tk/robot_manipulator/Panthera-HT_ROS2_Jazzy/install/hightorque_robot/include/motor_msg.hpp
-- Up-to-date: /home/tk/robot_manipulator/Panthera-HT_ROS2_Jazzy/install/hightorque_robot/include
-- Up-to-date: /home/tk/robot_manipulator/Panthera-HT_ROS2_Jazzy/install/hightorque_robot/include/serial_driver.hpp
-- Installing: /home/tk/robot_manipulator/Panthera-HT_ROS2_Jazzy/install/hightorque_robot/include/crc
-- Installing: /home/tk/robot_manipulator/Panthera-HT_ROS2_Jazzy/install/hightorque_robot/include/crc/crc8.hpp
-- Installing: /home/tk/robot_manipulator/Panthera-HT_ROS2_Jazzy/install/hightorque_robot/include/crc/crc16.hpp
-- Installing: /home/tk/robot_manipulator/Panthera-HT_ROS2_Jazzy/install/hightorque_robot/include/hardware
-- Installing: /home/tk/robot_manipulator/Panthera-HT_ROS2_Jazzy/install/hightorque_robot/include/hardware/canboard.hpp
-- Installing: /home/tk/robot_manipulator/Panthera-HT_ROS2_Jazzy/install/hightorque_robot/include/hardware/canport.hpp
-- Installing: /home/tk/robot_manipulator/Panthera-HT_ROS2_Jazzy/install/hightorque_robot/include/hardware/motor.hpp
-- Installing: /home/tk/robot_manipulator/Panthera-HT_ROS2_Jazzy/install/hightorque_robot/include/hardware/robot.hpp
-- Up-to-date: /home/tk/robot_manipulator/Panthera-HT_ROS2_Jazzy/install/hightorque_robot/include/parse_robot_params.hpp
-- Installing: /home/tk/robot_manipulator/Panthera-HT_ROS2_Jazzy/install/hightorque_robot/include/panthera
-- Installing: /home/tk/robot_manipulator/Panthera-HT_ROS2_Jazzy/install/hightorque_robot/include/panthera/Panthera.hpp
-- Up-to-date: /home/tk/robot_manipulator/Panthera-HT_ROS2_Jazzy/install/hightorque_robot/include/serial_struct.hpp
-- Installing: /home/tk/robot_manipulator/Panthera-HT_ROS2_Jazzy/install/hightorque_robot/include/motor_msg
-- Installing: /home/tk/robot_manipulator/Panthera-HT_ROS2_Jazzy/install/hightorque_robot/include/motor_msg/motor_msg.hpp
-- Installing: /home/tk/robot_manipulator/Panthera-HT_ROS2_Jazzy/install/hightorque_robot/share/hightorque_robot/robot_param
-- Installing: /home/tk/robot_manipulator/Panthera-HT_ROS2_Jazzy/install/hightorque_robot/share/hightorque_robot/robot_param/motor_param
-- Installing: /home/tk/robot_manipulator/Panthera-HT_ROS2_Jazzy/install/hightorque_robot/share/hightorque_robot/robot_param/motor_param/robot_config.yaml
-- Installing: /home/tk/robot_manipulator/Panthera-HT_ROS2_Jazzy/install/hightorque_robot/share/hightorque_robot/robot_param/motor_param/motor_6.yaml
-- Installing: /home/tk/robot_manipulator/Panthera-HT_ROS2_Jazzy/install/hightorque_robot/share/hightorque_robot/robot_param/motor_param/6dof_Panthera_params_leader.yaml
-- Installing: /home/tk/robot_manipulator/Panthera-HT_ROS2_Jazzy/install/hightorque_robot/share/hightorque_robot/robot_param/motor_param/motor_1.yaml
-- Installing: /home/tk/robot_manipulator/Panthera-HT_ROS2_Jazzy/install/hightorque_robot/share/hightorque_robot/robot_param/motor_param/6dof_Panthera_params_follower.yaml
-- Installing: /home/tk/robot_manipulator/Panthera-HT_ROS2_Jazzy/install/hightorque_robot/share/hightorque_robot/robot_param/Follower_absolute.yaml
-- Installing: /home/tk/robot_manipulator/Panthera-HT_ROS2_Jazzy/install/hightorque_robot/share/hightorque_robot/robot_param/Follower.yaml
-- Installing: /home/tk/robot_manipulator/Panthera-HT_ROS2_Jazzy/install/hightorque_robot/share/hightorque_robot/robot_param/Leader.yaml
-- Installing: /home/tk/robot_manipulator/Panthera-HT_ROS2_Jazzy/install/hightorque_robot/lib/cmake/hightorque_robot/hightorque_robotTargets.cmake
-- Installing: /home/tk/robot_manipulator/Panthera-HT_ROS2_Jazzy/install/hightorque_robot/lib/cmake/hightorque_robot/hightorque_robotTargets-release.cmake
-- Installing: /home/tk/robot_manipulator/Panthera-HT_ROS2_Jazzy/install/hightorque_robot/lib/cmake/hightorque_robot/hightorque_robotConfig.cmake
-- Installing: /home/tk/robot_manipulator/Panthera-HT_ROS2_Jazzy/install/hightorque_robot/lib/cmake/hightorque_robot/hightorque_robotConfigVersion.cmake
-- Installing: /home/tk/robot_manipulator/Panthera-HT_ROS2_Jazzy/install/hightorque_robot/lib/hightorque_robot/canboard_update
-- Set non-toolchain portion of runtime path of "/home/tk/robot_manipulator/Panthera-HT_ROS2_Jazzy/install/hightorque_robot/lib/hightorque_robot/canboard_update" to ""
-- Installing: /home/tk/robot_manipulator/Panthera-HT_ROS2_Jazzy/install/hightorque_robot/lib/hightorque_robot/motor_feedack
-- Set non-toolchain portion of runtime path of "/home/tk/robot_manipulator/Panthera-HT_ROS2_Jazzy/install/hightorque_robot/lib/hightorque_robot/motor_feedack" to ""
-- Installing: /home/tk/robot_manipulator/Panthera-HT_ROS2_Jazzy/install/hightorque_robot/lib/hightorque_robot/motor_move_zero
-- Set non-toolchain portion of runtime path of "/home/tk/robot_manipulator/Panthera-HT_ROS2_Jazzy/install/hightorque_robot/lib/hightorque_robot/motor_move_zero" to ""
-- Installing: /home/tk/robot_manipulator/Panthera-HT_ROS2_Jazzy/install/hightorque_robot/lib/hightorque_robot/motor_run
-- Set non-toolchain portion of runtime path of "/home/tk/robot_manipulator/Panthera-HT_ROS2_Jazzy/install/hightorque_robot/lib/hightorque_robot/motor_run" to ""
-- Installing: /home/tk/robot_manipulator/Panthera-HT_ROS2_Jazzy/install/hightorque_robot/lib/hightorque_robot/motor_msg_subscriber
-- Set non-toolchain portion of runtime path of "/home/tk/robot_manipulator/Panthera-HT_ROS2_Jazzy/install/hightorque_robot/lib/hightorque_robot/motor_msg_subscriber" to ""
-- Installing: /home/tk/robot_manipulator/Panthera-HT_ROS2_Jazzy/install/hightorque_robot/lib/hightorque_robot/parse_demo
-- Set non-toolchain portion of runtime path of "/home/tk/robot_manipulator/Panthera-HT_ROS2_Jazzy/install/hightorque_robot/lib/hightorque_robot/parse_demo" to ""
-- Installing: /home/tk/robot_manipulator/Panthera-HT_ROS2_Jazzy/install/hightorque_robot/lib/hightorque_robot/motor_set_zero
-- Set non-toolchain portion of runtime path of "/home/tk/robot_manipulator/Panthera-HT_ROS2_Jazzy/install/hightorque_robot/lib/hightorque_robot/motor_set_zero" to ""
-- Installing: /home/tk/robot_manipulator/Panthera-HT_ROS2_Jazzy/install/hightorque_robot/lib/hightorque_robot/0_robot_get_state
-- Set non-toolchain portion of runtime path of "/home/tk/robot_manipulator/Panthera-HT_ROS2_Jazzy/install/hightorque_robot/lib/hightorque_robot/0_robot_get_state" to ""
-- Installing: /home/tk/robot_manipulator/Panthera-HT_ROS2_Jazzy/install/hightorque_robot/lib/hightorque_robot/0_robot_set_zero
-- Set non-toolchain portion of runtime path of "/home/tk/robot_manipulator/Panthera-HT_ROS2_Jazzy/install/hightorque_robot/lib/hightorque_robot/0_robot_set_zero" to ""
-- Installing: /home/tk/robot_manipulator/Panthera-HT_ROS2_Jazzy/install/hightorque_robot/lib/hightorque_robot/1_PD_control
-- Set non-toolchain portion of runtime path of "/home/tk/robot_manipulator/Panthera-HT_ROS2_Jazzy/install/hightorque_robot/lib/hightorque_robot/1_PD_control" to ""
-- Installing: /home/tk/robot_manipulator/Panthera-HT_ROS2_Jazzy/install/hightorque_robot/lib/hightorque_robot/1_PosVel_control
-- Set non-toolchain portion of runtime path of "/home/tk/robot_manipulator/Panthera-HT_ROS2_Jazzy/install/hightorque_robot/lib/hightorque_robot/1_PosVel_control" to ""
-- Installing: /home/tk/robot_manipulator/Panthera-HT_ROS2_Jazzy/install/hightorque_robot/lib/hightorque_robot/2_joint_impedance_control
-- Set non-toolchain portion of runtime path of "/home/tk/robot_manipulator/Panthera-HT_ROS2_Jazzy/install/hightorque_robot/lib/hightorque_robot/2_joint_impedance_control" to ""
-- Installing: /home/tk/robot_manipulator/Panthera-HT_ROS2_Jazzy/install/hightorque_robot/lib/hightorque_robot/3_cartesian_impedance_control
-- Set non-toolchain portion of runtime path of "/home/tk/robot_manipulator/Panthera-HT_ROS2_Jazzy/install/hightorque_robot/lib/hightorque_robot/3_cartesian_impedance_control" to ""
-- Installing: /home/tk/robot_manipulator/Panthera-HT_ROS2_Jazzy/install/hightorque_robot/lib/hightorque_robot/pure_cartesian_impedance_control
-- Set non-toolchain portion of runtime path of "/home/tk/robot_manipulator/Panthera-HT_ROS2_Jazzy/install/hightorque_robot/lib/hightorque_robot/pure_cartesian_impedance_control" to ""
-- Installing: /home/tk/robot_manipulator/Panthera-HT_ROS2_Jazzy/install/hightorque_robot/lib/hightorque_robot/cartesian_impedance_ab_motion
-- Set non-toolchain portion of runtime path of "/home/tk/robot_manipulator/Panthera-HT_ROS2_Jazzy/install/hightorque_robot/lib/hightorque_robot/cartesian_impedance_ab_motion" to ""
-- Installing: /home/tk/robot_manipulator/Panthera-HT_ROS2_Jazzy/install/hightorque_robot/share/ament_index/resource_index/package_run_dependencies/hightorque_robot
-- Installing: /home/tk/robot_manipulator/Panthera-HT_ROS2_Jazzy/install/hightorque_robot/share/ament_index/resource_index/parent_prefix_path/hightorque_robot
-- Installing: /home/tk/robot_manipulator/Panthera-HT_ROS2_Jazzy/install/hightorque_robot/share/hightorque_robot/environment/ament_prefix_path.sh
-- Installing: /home/tk/robot_manipulator/Panthera-HT_ROS2_Jazzy/install/hightorque_robot/share/hightorque_robot/environment/ament_prefix_path.dsv
-- Installing: /home/tk/robot_manipulator/Panthera-HT_ROS2_Jazzy/install/hightorque_robot/share/hightorque_robot/environment/path.sh
-- Installing: /home/tk/robot_manipulator/Panthera-HT_ROS2_Jazzy/install/hightorque_robot/share/hightorque_robot/environment/path.dsv
-- Installing: /home/tk/robot_manipulator/Panthera-HT_ROS2_Jazzy/install/hightorque_robot/share/hightorque_robot/local_setup.bash
-- Installing: /home/tk/robot_manipulator/Panthera-HT_ROS2_Jazzy/install/hightorque_robot/share/hightorque_robot/local_setup.sh
-- Installing: /home/tk/robot_manipulator/Panthera-HT_ROS2_Jazzy/install/hightorque_robot/share/hightorque_robot/local_setup.zsh
-- Installing: /home/tk/robot_manipulator/Panthera-HT_ROS2_Jazzy/install/hightorque_robot/share/hightorque_robot/local_setup.dsv
-- Installing: /home/tk/robot_manipulator/Panthera-HT_ROS2_Jazzy/install/hightorque_robot/share/hightorque_robot/package.dsv
-- Installing: /home/tk/robot_manipulator/Panthera-HT_ROS2_Jazzy/install/hightorque_robot/share/ament_index/resource_index/packages/hightorque_robot
-- Installing: /home/tk/robot_manipulator/Panthera-HT_ROS2_Jazzy/install/hightorque_robot/share/hightorque_robot/cmake/hightorque_robotConfig.cmake
-- Installing: /home/tk/robot_manipulator/Panthera-HT_ROS2_Jazzy/install/hightorque_robot/share/hightorque_robot/cmake/hightorque_robotConfig-version.cmake
-- Installing: /home/tk/robot_manipulator/Panthera-HT_ROS2_Jazzy/install/hightorque_robot/share/hightorque_robot/package.xml
-- Installing: /home/tk/robot_manipulator/Panthera-HT_ROS2_Jazzy/install/hightorque_robot/lib/lcm/cmake/lcmTargets.cmake
-- Installing: /home/tk/robot_manipulator/Panthera-HT_ROS2_Jazzy/install/hightorque_robot/lib/lcm/cmake/lcmTargets-release.cmake
-- Installing: /home/tk/robot_manipulator/Panthera-HT_ROS2_Jazzy/install/hightorque_robot/lib/lcm/cmake/lcmConfig.cmake
-- Installing: /home/tk/robot_manipulator/Panthera-HT_ROS2_Jazzy/install/hightorque_robot/lib/lcm/cmake/lcmConfigVersion.cmake
-- Installing: /home/tk/robot_manipulator/Panthera-HT_ROS2_Jazzy/install/hightorque_robot/lib/lcm/cmake/lcmUtilities.cmake
-- Installing: /home/tk/robot_manipulator/Panthera-HT_ROS2_Jazzy/install/hightorque_robot/lib/liblcm.a
-- Installing: /home/tk/robot_manipulator/Panthera-HT_ROS2_Jazzy/install/hightorque_robot/include/lcm/eventlog.h
-- Installing: /home/tk/robot_manipulator/Panthera-HT_ROS2_Jazzy/install/hightorque_robot/include/lcm/lcm.h
-- Installing: /home/tk/robot_manipulator/Panthera-HT_ROS2_Jazzy/install/hightorque_robot/include/lcm/lcm_coretypes.h
-- Installing: /home/tk/robot_manipulator/Panthera-HT_ROS2_Jazzy/install/hightorque_robot/include/lcm/lcm_version.h
-- Installing: /home/tk/robot_manipulator/Panthera-HT_ROS2_Jazzy/install/hightorque_robot/include/lcm/lcm-cpp.hpp
-- Installing: /home/tk/robot_manipulator/Panthera-HT_ROS2_Jazzy/install/hightorque_robot/include/lcm/lcm-cpp-impl.hpp
-- Installing: /home/tk/robot_manipulator/Panthera-HT_ROS2_Jazzy/install/hightorque_robot/include/lcm/lcm_c_namespace.h
-- Installing: /home/tk/robot_manipulator/Panthera-HT_ROS2_Jazzy/install/hightorque_robot/include/lcm/lcm_export.h
-- Installing: /home/tk/robot_manipulator/Panthera-HT_ROS2_Jazzy/install/hightorque_robot/lib/liblcm.so.1.5.1
-- Installing: /home/tk/robot_manipulator/Panthera-HT_ROS2_Jazzy/install/hightorque_robot/lib/liblcm.so.1
-- Installing: /home/tk/robot_manipulator/Panthera-HT_ROS2_Jazzy/install/hightorque_robot/lib/liblcm.so
-- Up-to-date: /home/tk/robot_manipulator/Panthera-HT_ROS2_Jazzy/install/hightorque_robot/include/lcm/eventlog.h
-- Up-to-date: /home/tk/robot_manipulator/Panthera-HT_ROS2_Jazzy/install/hightorque_robot/include/lcm/lcm.h
-- Up-to-date: /home/tk/robot_manipulator/Panthera-HT_ROS2_Jazzy/install/hightorque_robot/include/lcm/lcm_coretypes.h
-- Up-to-date: /home/tk/robot_manipulator/Panthera-HT_ROS2_Jazzy/install/hightorque_robot/include/lcm/lcm_version.h
-- Up-to-date: /home/tk/robot_manipulator/Panthera-HT_ROS2_Jazzy/install/hightorque_robot/include/lcm/lcm-cpp.hpp
-- Up-to-date: /home/tk/robot_manipulator/Panthera-HT_ROS2_Jazzy/install/hightorque_robot/include/lcm/lcm-cpp-impl.hpp
-- Up-to-date: /home/tk/robot_manipulator/Panthera-HT_ROS2_Jazzy/install/hightorque_robot/include/lcm/lcm_c_namespace.h
-- Up-to-date: /home/tk/robot_manipulator/Panthera-HT_ROS2_Jazzy/install/hightorque_robot/include/lcm/lcm_export.h
-- Installing: /home/tk/robot_manipulator/Panthera-HT_ROS2_Jazzy/install/hightorque_robot/bin/lcm-gen
-- Installing: /home/tk/robot_manipulator/Panthera-HT_ROS2_Jazzy/install/hightorque_robot/share/man/man1/lcm-gen.1
-- Installing: /home/tk/robot_manipulator/Panthera-HT_ROS2_Jazzy/install/hightorque_robot/bin/lcm-logger
-- Installing: /home/tk/robot_manipulator/Panthera-HT_ROS2_Jazzy/install/hightorque_robot/bin/lcm-logplayer
-- Installing: /home/tk/robot_manipulator/Panthera-HT_ROS2_Jazzy/install/hightorque_robot/share/man/man1/lcm-logger.1
-- Installing: /home/tk/robot_manipulator/Panthera-HT_ROS2_Jazzy/install/hightorque_robot/share/man/man1/lcm-logplayer.1
-- Installing: /home/tk/robot_manipulator/Panthera-HT_ROS2_Jazzy/install/hightorque_robot/bin/lcm-sink
-- Installing: /home/tk/robot_manipulator/Panthera-HT_ROS2_Jazzy/install/hightorque_robot/bin/lcm-source
-- Installing: /home/tk/robot_manipulator/Panthera-HT_ROS2_Jazzy/install/hightorque_robot/bin/lcm-tester
-- Installing: /home/tk/robot_manipulator/Panthera-HT_ROS2_Jazzy/install/hightorque_robot/bin/lcm-example
-- Installing: /home/tk/robot_manipulator/Panthera-HT_ROS2_Jazzy/install/hightorque_robot/bin/lcm-logfilter
-- Installing: /home/tk/robot_manipulator/Panthera-HT_ROS2_Jazzy/install/hightorque_robot/share/man/man1/lcm-example.1
-- Installing: /home/tk/robot_manipulator/Panthera-HT_ROS2_Jazzy/install/hightorque_robot/share/man/man1/lcm-sink.1
-- Installing: /home/tk/robot_manipulator/Panthera-HT_ROS2_Jazzy/install/hightorque_robot/share/man/man1/lcm-source.1
-- Installing: /home/tk/robot_manipulator/Panthera-HT_ROS2_Jazzy/install/hightorque_robot/share/man/man1/lcm-tester.1
-- Installing: /home/tk/robot_manipulator/Panthera-HT_ROS2_Jazzy/install/hightorque_robot/share/aclocal/lcm.m4
-- Installing: /home/tk/robot_manipulator/Panthera-HT_ROS2_Jazzy/install/hightorque_robot/lib/pkgconfig/lcm.pc
-- Installing: /home/tk/robot_manipulator/Panthera-HT_ROS2_Jazzy/install/hightorque_robot/include/serial
-- Installing: /home/tk/robot_manipulator/Panthera-HT_ROS2_Jazzy/install/hightorque_robot/include/serial/serial.h
-- Installing: /home/tk/robot_manipulator/Panthera-HT_ROS2_Jazzy/install/hightorque_robot/include/serial/v8stdint.h
-- Installing: /home/tk/robot_manipulator/Panthera-HT_ROS2_Jazzy/install/hightorque_robot/include/serial/impl
-- Installing: /home/tk/robot_manipulator/Panthera-HT_ROS2_Jazzy/install/hightorque_robot/include/serial/impl/unix.h
-- Installing: /home/tk/robot_manipulator/Panthera-HT_ROS2_Jazzy/install/hightorque_robot/include/serial/impl/win.h
-- Installing: /home/tk/robot_manipulator/Panthera-HT_ROS2_Jazzy/install/hightorque_robot/lib/libserial_cmake.so
-- Installing: /home/tk/robot_manipulator/Panthera-HT_ROS2_Jazzy/install/hightorque_robot/lib/cmake/serial_cmake/serial_cmakeTargets.cmake
-- Installing: /home/tk/robot_manipulator/Panthera-HT_ROS2_Jazzy/install/hightorque_robot/lib/cmake/serial_cmake/serial_cmakeTargets-release.cmake
-- Installing: /home/tk/robot_manipulator/Panthera-HT_ROS2_Jazzy/install/hightorque_robot/lib/cmake/serial_cmake/serial_cmakeConfig.cmake
