[0.012s] Invoking command in '/home/tk/robot_manipulator/Panthera-HT_ROS2_Jazzy/build/hightorque_robot': CMAKE_PREFIX_PATH=${CMAKE_PREFIX_PATH}:/opt/ros/jazzy CONDA_PROMPT_MODIFIER=(base) DEBUGINFOD_URLS=https://debuginfod.ubuntu.com /usr/bin/cmake --build /home/tk/robot_manipulator/Panthera-HT_ROS2_Jazzy/build/hightorque_robot -- -j28 -l28
[0.057s] [  1%] Built target lcm_use_file
[0.058s] [  5%] Built target serial_cmake
[0.062s] [ 17%] Built target lcm-gen
[0.063s] [ 36%] Built target lcm-static
[0.063s] [ 41%] Built target lcm
[0.074s] [ 46%] Built target lcm-source
[0.074s] [ 45%] Built target lcm-buftest-sender
[0.074s] [ 51%] Built target lcm-logfilter
[0.075s] [ 52%] Built target lcm-logger
[0.075s] [ 52%] Built target lcm-sink
[0.076s] [ 54%] Built target lcm-buftest-receiver
[0.076s] [ 56%] Built target lcm-example
[0.077s] [ 58%] Built target lcm-tester
[0.077s] [ 60%] Built target lcm-logplayer
[0.100s] [ 70%] Built target hightorque_robot
[0.135s] [ 72%] Built target motor_move_zero
[0.135s] [ 74%] Built target 0_robot_set_zero
[0.137s] [ 76%] Built target 0_robot_get_state
[0.139s] [ 78%] Built target parse_demo
[0.144s] [ 80%] Built target motor_msg_subscriber
[0.144s] [ 82%] Built target 1_PosVel_control
[0.144s] [ 86%] Built target 1_PD_control
[0.144s] [ 86%] Built target canboard_update
[0.146s] [ 88%] Built target motor_feedack
[0.147s] [ 90%] Built target motor_run
[0.149s] [ 92%] Built target motor_set_zero
[0.157s] [ 94%] Built target 3_cartesian_impedance_control
[0.157s] [ 96%] Built target 2_joint_impedance_control
[0.163s] [ 98%] Built target pure_cartesian_impedance_control
[0.164s] [100%] Built target cartesian_impedance_ab_motion
[0.171s] Invoked command in '/home/tk/robot_manipulator/Panthera-HT_ROS2_Jazzy/build/hightorque_robot' returned '0': CMAKE_PREFIX_PATH=${CMAKE_PREFIX_PATH}:/opt/ros/jazzy CONDA_PROMPT_MODIFIER=(base) DEBUGINFOD_URLS=https://debuginfod.ubuntu.com /usr/bin/cmake --build /home/tk/robot_manipulator/Panthera-HT_ROS2_Jazzy/build/hightorque_robot -- -j28 -l28
[0.178s] Invoking command in '/home/tk/robot_manipulator/Panthera-HT_ROS2_Jazzy/build/hightorque_robot': CMAKE_PREFIX_PATH=${CMAKE_PREFIX_PATH}:/opt/ros/jazzy CONDA_PROMPT_MODIFIER=(base) DEBUGINFOD_URLS=https://debuginfod.ubuntu.com /usr/bin/cmake --install /home/tk/robot_manipulator/Panthera-HT_ROS2_Jazzy/build/hightorque_robot
[0.185s] -- Install configuration: "Release"
[0.185s] -- Installing: /home/tk/robot_manipulator/Panthera-HT_ROS2_Jazzy/install/hightorque_robot/lib/libhightorque_robot.so.4.4.7
[0.186s] -- Installing: /home/tk/robot_manipulator/Panthera-HT_ROS2_Jazzy/install/hightorque_robot/lib/libhightorque_robot.so.4
[0.186s] -- Set non-toolchain portion of runtime path of "/home/tk/robot_manipulator/Panthera-HT_ROS2_Jazzy/install/hightorque_robot/lib/libhightorque_robot.so.4.4.7" to ""
[0.186s] -- Installing: /home/tk/robot_manipulator/Panthera-HT_ROS2_Jazzy/install/hightorque_robot/lib/libhightorque_robot.so
[0.186s] -- Installing: /home/tk/robot_manipulator/Panthera-HT_ROS2_Jazzy/install/hightorque_robot/include/robot.hpp
[0.186s] -- Installing: /home/tk/robot_manipulator/Panthera-HT_ROS2_Jazzy/install/hightorque_robot/include/motor.hpp
[0.186s] -- Installing: /home/tk/robot_manipulator/Panthera-HT_ROS2_Jazzy/install/hightorque_robot/include/canport.hpp
[0.186s] -- Installing: /home/tk/robot_manipulator/Panthera-HT_ROS2_Jazzy/install/hightorque_robot/include/canboard.hpp
[0.187s] -- Installing: /home/tk/robot_manipulator/Panthera-HT_ROS2_Jazzy/install/hightorque_robot/include/parse_robot_params.hpp
[0.187s] -- Installing: /home/tk/robot_manipulator/Panthera-HT_ROS2_Jazzy/install/hightorque_robot/include/serial_struct.hpp
[0.187s] -- Installing: /home/tk/robot_manipulator/Panthera-HT_ROS2_Jazzy/install/hightorque_robot/include/serial_driver.hpp
[0.187s] -- Installing: /home/tk/robot_manipulator/Panthera-HT_ROS2_Jazzy/install/hightorque_robot/include/crc8.hpp
[0.187s] -- Installing: /home/tk/robot_manipulator/Panthera-HT_ROS2_Jazzy/install/hightorque_robot/include/crc16.hpp
[0.187s] -- Installing: /home/tk/robot_manipulator/Panthera-HT_ROS2_Jazzy/install/hightorque_robot/include/Panthera.hpp
[0.187s] -- Installing: /home/tk/robot_manipulator/Panthera-HT_ROS2_Jazzy/install/hightorque_robot/include/motor_msg.hpp
[0.187s] -- Up-to-date: /home/tk/robot_manipulator/Panthera-HT_ROS2_Jazzy/install/hightorque_robot/include
[0.187s] -- Up-to-date: /home/tk/robot_manipulator/Panthera-HT_ROS2_Jazzy/install/hightorque_robot/include/serial_driver.hpp
[0.187s] -- Installing: /home/tk/robot_manipulator/Panthera-HT_ROS2_Jazzy/install/hightorque_robot/include/crc
[0.187s] -- Installing: /home/tk/robot_manipulator/Panthera-HT_ROS2_Jazzy/install/hightorque_robot/include/crc/crc8.hpp
[0.187s] -- Installing: /home/tk/robot_manipulator/Panthera-HT_ROS2_Jazzy/install/hightorque_robot/include/crc/crc16.hpp
[0.188s] -- Installing: /home/tk/robot_manipulator/Panthera-HT_ROS2_Jazzy/install/hightorque_robot/include/hardware
[0.188s] -- Installing: /home/tk/robot_manipulator/Panthera-HT_ROS2_Jazzy/install/hightorque_robot/include/hardware/canboard.hpp
[0.188s] -- Installing: /home/tk/robot_manipulator/Panthera-HT_ROS2_Jazzy/install/hightorque_robot/include/hardware/canport.hpp
[0.188s] -- Installing: /home/tk/robot_manipulator/Panthera-HT_ROS2_Jazzy/install/hightorque_robot/include/hardware/motor.hpp
[0.188s] -- Installing: /home/tk/robot_manipulator/Panthera-HT_ROS2_Jazzy/install/hightorque_robot/include/hardware/robot.hpp
[0.188s] -- Up-to-date: /home/tk/robot_manipulator/Panthera-HT_ROS2_Jazzy/install/hightorque_robot/include/parse_robot_params.hpp
[0.188s] -- Installing: /home/tk/robot_manipulator/Panthera-HT_ROS2_Jazzy/install/hightorque_robot/include/panthera
[0.188s] -- Installing: /home/tk/robot_manipulator/Panthera-HT_ROS2_Jazzy/install/hightorque_robot/include/panthera/Panthera.hpp
[0.188s] -- Up-to-date: /home/tk/robot_manipulator/Panthera-HT_ROS2_Jazzy/install/hightorque_robot/include/serial_struct.hpp
[0.188s] -- Installing: /home/tk/robot_manipulator/Panthera-HT_ROS2_Jazzy/install/hightorque_robot/include/motor_msg
[0.188s] -- Installing: /home/tk/robot_manipulator/Panthera-HT_ROS2_Jazzy/install/hightorque_robot/include/motor_msg/motor_msg.hpp
[0.189s] -- Installing: /home/tk/robot_manipulator/Panthera-HT_ROS2_Jazzy/install/hightorque_robot/share/hightorque_robot/robot_param
[0.189s] -- Installing: /home/tk/robot_manipulator/Panthera-HT_ROS2_Jazzy/install/hightorque_robot/share/hightorque_robot/robot_param/motor_param
[0.189s] -- Installing: /home/tk/robot_manipulator/Panthera-HT_ROS2_Jazzy/install/hightorque_robot/share/hightorque_robot/robot_param/motor_param/robot_config.yaml
[0.189s] -- Installing: /home/tk/robot_manipulator/Panthera-HT_ROS2_Jazzy/install/hightorque_robot/share/hightorque_robot/robot_param/motor_param/motor_6.yaml
[0.189s] -- Installing: /home/tk/robot_manipulator/Panthera-HT_ROS2_Jazzy/install/hightorque_robot/share/hightorque_robot/robot_param/motor_param/6dof_Panthera_params_leader.yaml
[0.189s] -- Installing: /home/tk/robot_manipulator/Panthera-HT_ROS2_Jazzy/install/hightorque_robot/share/hightorque_robot/robot_param/motor_param/motor_1.yaml
[0.189s] -- Installing: /home/tk/robot_manipulator/Panthera-HT_ROS2_Jazzy/install/hightorque_robot/share/hightorque_robot/robot_param/motor_param/6dof_Panthera_params_follower.yaml
[0.189s] -- Installing: /home/tk/robot_manipulator/Panthera-HT_ROS2_Jazzy/install/hightorque_robot/share/hightorque_robot/robot_param/Follower_absolute.yaml
[0.189s] -- Installing: /home/tk/robot_manipulator/Panthera-HT_ROS2_Jazzy/install/hightorque_robot/share/hightorque_robot/robot_param/Follower.yaml
[0.189s] -- Installing: /home/tk/robot_manipulator/Panthera-HT_ROS2_Jazzy/install/hightorque_robot/share/hightorque_robot/robot_param/Leader.yaml
[0.190s] -- Installing: /home/tk/robot_manipulator/Panthera-HT_ROS2_Jazzy/install/hightorque_robot/lib/cmake/hightorque_robot/hightorque_robotTargets.cmake
[0.190s] -- Installing: /home/tk/robot_manipulator/Panthera-HT_ROS2_Jazzy/install/hightorque_robot/lib/cmake/hightorque_robot/hightorque_robotTargets-release.cmake
[0.190s] -- Installing: /home/tk/robot_manipulator/Panthera-HT_ROS2_Jazzy/install/hightorque_robot/lib/cmake/hightorque_robot/hightorque_robotConfig.cmake
[0.190s] -- Installing: /home/tk/robot_manipulator/Panthera-HT_ROS2_Jazzy/install/hightorque_robot/lib/cmake/hightorque_robot/hightorque_robotConfigVersion.cmake
[0.190s] -- Installing: /home/tk/robot_manipulator/Panthera-HT_ROS2_Jazzy/install/hightorque_robot/lib/hightorque_robot/canboard_update
[0.190s] -- Set non-toolchain portion of runtime path of "/home/tk/robot_manipulator/Panthera-HT_ROS2_Jazzy/install/hightorque_robot/lib/hightorque_robot/canboard_update" to ""
[0.190s] -- Installing: /home/tk/robot_manipulator/Panthera-HT_ROS2_Jazzy/install/hightorque_robot/lib/hightorque_robot/motor_feedack
[0.190s] -- Set non-toolchain portion of runtime path of "/home/tk/robot_manipulator/Panthera-HT_ROS2_Jazzy/install/hightorque_robot/lib/hightorque_robot/motor_feedack" to ""
[0.190s] -- Installing: /home/tk/robot_manipulator/Panthera-HT_ROS2_Jazzy/install/hightorque_robot/lib/hightorque_robot/motor_move_zero
[0.190s] -- Set non-toolchain portion of runtime path of "/home/tk/robot_manipulator/Panthera-HT_ROS2_Jazzy/install/hightorque_robot/lib/hightorque_robot/motor_move_zero" to ""
[0.191s] -- Installing: /home/tk/robot_manipulator/Panthera-HT_ROS2_Jazzy/install/hightorque_robot/lib/hightorque_robot/motor_run
[0.191s] -- Set non-toolchain portion of runtime path of "/home/tk/robot_manipulator/Panthera-HT_ROS2_Jazzy/install/hightorque_robot/lib/hightorque_robot/motor_run" to ""
[0.191s] -- Installing: /home/tk/robot_manipulator/Panthera-HT_ROS2_Jazzy/install/hightorque_robot/lib/hightorque_robot/motor_msg_subscriber
[0.191s] -- Set non-toolchain portion of runtime path of "/home/tk/robot_manipulator/Panthera-HT_ROS2_Jazzy/install/hightorque_robot/lib/hightorque_robot/motor_msg_subscriber" to ""
[0.191s] -- Installing: /home/tk/robot_manipulator/Panthera-HT_ROS2_Jazzy/install/hightorque_robot/lib/hightorque_robot/parse_demo
[0.191s] -- Set non-toolchain portion of runtime path of "/home/tk/robot_manipulator/Panthera-HT_ROS2_Jazzy/install/hightorque_robot/lib/hightorque_robot/parse_demo" to ""
[0.191s] -- Installing: /home/tk/robot_manipulator/Panthera-HT_ROS2_Jazzy/install/hightorque_robot/lib/hightorque_robot/motor_set_zero
[0.191s] -- Set non-toolchain portion of runtime path of "/home/tk/robot_manipulator/Panthera-HT_ROS2_Jazzy/install/hightorque_robot/lib/hightorque_robot/motor_set_zero" to ""
[0.191s] -- Installing: /home/tk/robot_manipulator/Panthera-HT_ROS2_Jazzy/install/hightorque_robot/lib/hightorque_robot/0_robot_get_state
[0.192s] -- Set non-toolchain portion of runtime path of "/home/tk/robot_manipulator/Panthera-HT_ROS2_Jazzy/install/hightorque_robot/lib/hightorque_robot/0_robot_get_state" to ""
[0.192s] -- Installing: /home/tk/robot_manipulator/Panthera-HT_ROS2_Jazzy/install/hightorque_robot/lib/hightorque_robot/0_robot_set_zero
[0.192s] -- Set non-toolchain portion of runtime path of "/home/tk/robot_manipulator/Panthera-HT_ROS2_Jazzy/install/hightorque_robot/lib/hightorque_robot/0_robot_set_zero" to ""
[0.192s] -- Installing: /home/tk/robot_manipulator/Panthera-HT_ROS2_Jazzy/install/hightorque_robot/lib/hightorque_robot/1_PD_control
[0.192s] -- Set non-toolchain portion of runtime path of "/home/tk/robot_manipulator/Panthera-HT_ROS2_Jazzy/install/hightorque_robot/lib/hightorque_robot/1_PD_control" to ""
[0.192s] -- Installing: /home/tk/robot_manipulator/Panthera-HT_ROS2_Jazzy/install/hightorque_robot/lib/hightorque_robot/1_PosVel_control
[0.192s] -- Set non-toolchain portion of runtime path of "/home/tk/robot_manipulator/Panthera-HT_ROS2_Jazzy/install/hightorque_robot/lib/hightorque_robot/1_PosVel_control" to ""
[0.192s] -- Installing: /home/tk/robot_manipulator/Panthera-HT_ROS2_Jazzy/install/hightorque_robot/lib/hightorque_robot/2_joint_impedance_control
[0.193s] -- Set non-toolchain portion of runtime path of "/home/tk/robot_manipulator/Panthera-HT_ROS2_Jazzy/install/hightorque_robot/lib/hightorque_robot/2_joint_impedance_control" to ""
[0.193s] -- Installing: /home/tk/robot_manipulator/Panthera-HT_ROS2_Jazzy/install/hightorque_robot/lib/hightorque_robot/3_cartesian_impedance_control
[0.194s] -- Set non-toolchain portion of runtime path of "/home/tk/robot_manipulator/Panthera-HT_ROS2_Jazzy/install/hightorque_robot/lib/hightorque_robot/3_cartesian_impedance_control" to ""
[0.194s] -- Installing: /home/tk/robot_manipulator/Panthera-HT_ROS2_Jazzy/install/hightorque_robot/lib/hightorque_robot/pure_cartesian_impedance_control
[0.194s] -- Set non-toolchain portion of runtime path of "/home/tk/robot_manipulator/Panthera-HT_ROS2_Jazzy/install/hightorque_robot/lib/hightorque_robot/pure_cartesian_impedance_control" to ""
[0.194s] -- Installing: /home/tk/robot_manipulator/Panthera-HT_ROS2_Jazzy/install/hightorque_robot/lib/hightorque_robot/cartesian_impedance_ab_motion
[0.194s] -- Set non-toolchain portion of runtime path of "/home/tk/robot_manipulator/Panthera-HT_ROS2_Jazzy/install/hightorque_robot/lib/hightorque_robot/cartesian_impedance_ab_motion" to ""
[0.194s] -- Installing: /home/tk/robot_manipulator/Panthera-HT_ROS2_Jazzy/install/hightorque_robot/share/ament_index/resource_index/package_run_dependencies/hightorque_robot
[0.194s] -- Installing: /home/tk/robot_manipulator/Panthera-HT_ROS2_Jazzy/install/hightorque_robot/share/ament_index/resource_index/parent_prefix_path/hightorque_robot
[0.194s] -- Installing: /home/tk/robot_manipulator/Panthera-HT_ROS2_Jazzy/install/hightorque_robot/share/hightorque_robot/environment/ament_prefix_path.sh
[0.194s] -- Installing: /home/tk/robot_manipulator/Panthera-HT_ROS2_Jazzy/install/hightorque_robot/share/hightorque_robot/environment/ament_prefix_path.dsv
[0.195s] -- Installing: /home/tk/robot_manipulator/Panthera-HT_ROS2_Jazzy/install/hightorque_robot/share/hightorque_robot/environment/path.sh
[0.195s] -- Installing: /home/tk/robot_manipulator/Panthera-HT_ROS2_Jazzy/install/hightorque_robot/share/hightorque_robot/environment/path.dsv
[0.195s] -- Installing: /home/tk/robot_manipulator/Panthera-HT_ROS2_Jazzy/install/hightorque_robot/share/hightorque_robot/local_setup.bash
[0.195s] -- Installing: /home/tk/robot_manipulator/Panthera-HT_ROS2_Jazzy/install/hightorque_robot/share/hightorque_robot/local_setup.sh
[0.195s] -- Installing: /home/tk/robot_manipulator/Panthera-HT_ROS2_Jazzy/install/hightorque_robot/share/hightorque_robot/local_setup.zsh
[0.195s] -- Installing: /home/tk/robot_manipulator/Panthera-HT_ROS2_Jazzy/install/hightorque_robot/share/hightorque_robot/local_setup.dsv
[0.195s] -- Installing: /home/tk/robot_manipulator/Panthera-HT_ROS2_Jazzy/install/hightorque_robot/share/hightorque_robot/package.dsv
[0.195s] -- Installing: /home/tk/robot_manipulator/Panthera-HT_ROS2_Jazzy/install/hightorque_robot/share/ament_index/resource_index/packages/hightorque_robot
[0.195s] -- Installing: /home/tk/robot_manipulator/Panthera-HT_ROS2_Jazzy/install/hightorque_robot/share/hightorque_robot/cmake/hightorque_robotConfig.cmake
[0.195s] -- Installing: /home/tk/robot_manipulator/Panthera-HT_ROS2_Jazzy/install/hightorque_robot/share/hightorque_robot/cmake/hightorque_robotConfig-version.cmake
[0.195s] -- Installing: /home/tk/robot_manipulator/Panthera-HT_ROS2_Jazzy/install/hightorque_robot/share/hightorque_robot/package.xml
[0.195s] -- Installing: /home/tk/robot_manipulator/Panthera-HT_ROS2_Jazzy/install/hightorque_robot/lib/lcm/cmake/lcmTargets.cmake
[0.195s] -- Installing: /home/tk/robot_manipulator/Panthera-HT_ROS2_Jazzy/install/hightorque_robot/lib/lcm/cmake/lcmTargets-release.cmake
[0.195s] -- Installing: /home/tk/robot_manipulator/Panthera-HT_ROS2_Jazzy/install/hightorque_robot/lib/lcm/cmake/lcmConfig.cmake
[0.195s] -- Installing: /home/tk/robot_manipulator/Panthera-HT_ROS2_Jazzy/install/hightorque_robot/lib/lcm/cmake/lcmConfigVersion.cmake
[0.196s] -- Installing: /home/tk/robot_manipulator/Panthera-HT_ROS2_Jazzy/install/hightorque_robot/lib/lcm/cmake/lcmUtilities.cmake
[0.196s] -- Installing: /home/tk/robot_manipulator/Panthera-HT_ROS2_Jazzy/install/hightorque_robot/lib/liblcm.a
[0.196s] -- Installing: /home/tk/robot_manipulator/Panthera-HT_ROS2_Jazzy/install/hightorque_robot/include/lcm/eventlog.h
[0.196s] -- Installing: /home/tk/robot_manipulator/Panthera-HT_ROS2_Jazzy/install/hightorque_robot/include/lcm/lcm.h
[0.196s] -- Installing: /home/tk/robot_manipulator/Panthera-HT_ROS2_Jazzy/install/hightorque_robot/include/lcm/lcm_coretypes.h
[0.196s] -- Installing: /home/tk/robot_manipulator/Panthera-HT_ROS2_Jazzy/install/hightorque_robot/include/lcm/lcm_version.h
[0.196s] -- Installing: /home/tk/robot_manipulator/Panthera-HT_ROS2_Jazzy/install/hightorque_robot/include/lcm/lcm-cpp.hpp
[0.196s] -- Installing: /home/tk/robot_manipulator/Panthera-HT_ROS2_Jazzy/install/hightorque_robot/include/lcm/lcm-cpp-impl.hpp
[0.196s] -- Installing: /home/tk/robot_manipulator/Panthera-HT_ROS2_Jazzy/install/hightorque_robot/include/lcm/lcm_c_namespace.h
[0.196s] -- Installing: /home/tk/robot_manipulator/Panthera-HT_ROS2_Jazzy/install/hightorque_robot/include/lcm/lcm_export.h
[0.196s] -- Installing: /home/tk/robot_manipulator/Panthera-HT_ROS2_Jazzy/install/hightorque_robot/lib/liblcm.so.1.5.1
[0.197s] -- Installing: /home/tk/robot_manipulator/Panthera-HT_ROS2_Jazzy/install/hightorque_robot/lib/liblcm.so.1
[0.197s] -- Installing: /home/tk/robot_manipulator/Panthera-HT_ROS2_Jazzy/install/hightorque_robot/lib/liblcm.so
[0.197s] -- Up-to-date: /home/tk/robot_manipulator/Panthera-HT_ROS2_Jazzy/install/hightorque_robot/include/lcm/eventlog.h
[0.197s] -- Up-to-date: /home/tk/robot_manipulator/Panthera-HT_ROS2_Jazzy/install/hightorque_robot/include/lcm/lcm.h
[0.197s] -- Up-to-date: /home/tk/robot_manipulator/Panthera-HT_ROS2_Jazzy/install/hightorque_robot/include/lcm/lcm_coretypes.h
[0.197s] -- Up-to-date: /home/tk/robot_manipulator/Panthera-HT_ROS2_Jazzy/install/hightorque_robot/include/lcm/lcm_version.h
[0.197s] -- Up-to-date: /home/tk/robot_manipulator/Panthera-HT_ROS2_Jazzy/install/hightorque_robot/include/lcm/lcm-cpp.hpp
[0.197s] -- Up-to-date: /home/tk/robot_manipulator/Panthera-HT_ROS2_Jazzy/install/hightorque_robot/include/lcm/lcm-cpp-impl.hpp
[0.197s] -- Up-to-date: /home/tk/robot_manipulator/Panthera-HT_ROS2_Jazzy/install/hightorque_robot/include/lcm/lcm_c_namespace.h
[0.197s] -- Up-to-date: /home/tk/robot_manipulator/Panthera-HT_ROS2_Jazzy/install/hightorque_robot/include/lcm/lcm_export.h
[0.197s] -- Installing: /home/tk/robot_manipulator/Panthera-HT_ROS2_Jazzy/install/hightorque_robot/bin/lcm-gen
[0.198s] -- Installing: /home/tk/robot_manipulator/Panthera-HT_ROS2_Jazzy/install/hightorque_robot/share/man/man1/lcm-gen.1
[0.198s] -- Installing: /home/tk/robot_manipulator/Panthera-HT_ROS2_Jazzy/install/hightorque_robot/bin/lcm-logger
[0.198s] -- Installing: /home/tk/robot_manipulator/Panthera-HT_ROS2_Jazzy/install/hightorque_robot/bin/lcm-logplayer
[0.198s] -- Installing: /home/tk/robot_manipulator/Panthera-HT_ROS2_Jazzy/install/hightorque_robot/share/man/man1/lcm-logger.1
[0.198s] -- Installing: /home/tk/robot_manipulator/Panthera-HT_ROS2_Jazzy/install/hightorque_robot/share/man/man1/lcm-logplayer.1
[0.198s] -- Installing: /home/tk/robot_manipulator/Panthera-HT_ROS2_Jazzy/install/hightorque_robot/bin/lcm-sink
[0.198s] -- Installing: /home/tk/robot_manipulator/Panthera-HT_ROS2_Jazzy/install/hightorque_robot/bin/lcm-source
[0.198s] -- Installing: /home/tk/robot_manipulator/Panthera-HT_ROS2_Jazzy/install/hightorque_robot/bin/lcm-tester
[0.198s] -- Installing: /home/tk/robot_manipulator/Panthera-HT_ROS2_Jazzy/install/hightorque_robot/bin/lcm-example
[0.199s] -- Installing: /home/tk/robot_manipulator/Panthera-HT_ROS2_Jazzy/install/hightorque_robot/bin/lcm-logfilter
[0.199s] -- Installing: /home/tk/robot_manipulator/Panthera-HT_ROS2_Jazzy/install/hightorque_robot/share/man/man1/lcm-example.1
[0.199s] -- Installing: /home/tk/robot_manipulator/Panthera-HT_ROS2_Jazzy/install/hightorque_robot/share/man/man1/lcm-sink.1
[0.199s] -- Installing: /home/tk/robot_manipulator/Panthera-HT_ROS2_Jazzy/install/hightorque_robot/share/man/man1/lcm-source.1
[0.199s] -- Installing: /home/tk/robot_manipulator/Panthera-HT_ROS2_Jazzy/install/hightorque_robot/share/man/man1/lcm-tester.1
[0.199s] -- Installing: /home/tk/robot_manipulator/Panthera-HT_ROS2_Jazzy/install/hightorque_robot/share/aclocal/lcm.m4
[0.199s] -- Installing: /home/tk/robot_manipulator/Panthera-HT_ROS2_Jazzy/install/hightorque_robot/lib/pkgconfig/lcm.pc
[0.200s] -- Installing: /home/tk/robot_manipulator/Panthera-HT_ROS2_Jazzy/install/hightorque_robot/include/serial
[0.200s] -- Installing: /home/tk/robot_manipulator/Panthera-HT_ROS2_Jazzy/install/hightorque_robot/include/serial/serial.h
[0.200s] -- Installing: /home/tk/robot_manipulator/Panthera-HT_ROS2_Jazzy/install/hightorque_robot/include/serial/v8stdint.h
[0.200s] -- Installing: /home/tk/robot_manipulator/Panthera-HT_ROS2_Jazzy/install/hightorque_robot/include/serial/impl
[0.200s] -- Installing: /home/tk/robot_manipulator/Panthera-HT_ROS2_Jazzy/install/hightorque_robot/include/serial/impl/unix.h
[0.200s] -- Installing: /home/tk/robot_manipulator/Panthera-HT_ROS2_Jazzy/install/hightorque_robot/include/serial/impl/win.h
[0.200s] -- Installing: /home/tk/robot_manipulator/Panthera-HT_ROS2_Jazzy/install/hightorque_robot/lib/libserial_cmake.so
[0.200s] -- Installing: /home/tk/robot_manipulator/Panthera-HT_ROS2_Jazzy/install/hightorque_robot/lib/cmake/serial_cmake/serial_cmakeTargets.cmake
[0.200s] -- Installing: /home/tk/robot_manipulator/Panthera-HT_ROS2_Jazzy/install/hightorque_robot/lib/cmake/serial_cmake/serial_cmakeTargets-release.cmake
[0.200s] -- Installing: /home/tk/robot_manipulator/Panthera-HT_ROS2_Jazzy/install/hightorque_robot/lib/cmake/serial_cmake/serial_cmakeConfig.cmake
[0.201s] Invoked command in '/home/tk/robot_manipulator/Panthera-HT_ROS2_Jazzy/build/hightorque_robot' returned '0': CMAKE_PREFIX_PATH=${CMAKE_PREFIX_PATH}:/opt/ros/jazzy CONDA_PROMPT_MODIFIER=(base) DEBUGINFOD_URLS=https://debuginfod.ubuntu.com /usr/bin/cmake --install /home/tk/robot_manipulator/Panthera-HT_ROS2_Jazzy/build/hightorque_robot
