[0.004s] Invoking command in '/home/tk/robot_manipulator/Panthera-HT_ROS2_Jazzy/build/panthera_hardware': AMENT_PREFIX_PATH=/home/tk/robot_manipulator/Panthera-HT_ROS2_Jazzy/install/hightorque_robot:${AMENT_PREFIX_PATH} CMAKE_PREFIX_PATH=/home/tk/robot_manipulator/Panthera-HT_ROS2_Jazzy/install/hightorque_robot:/opt/ros/jazzy/opt/gz_sim_vendor:/opt/ros/jazzy/opt/gz_sensors_vendor:/opt/ros/jazzy/opt/gz_physics_vendor:/opt/ros/jazzy/opt/sdformat_vendor:/opt/ros/jazzy/opt/gz_gui_vendor:/opt/ros/jazzy/opt/gz_transport_vendor:/opt/ros/jazzy/opt/gz_rendering_vendor:/opt/ros/jazzy/opt/gz_plugin_vendor:/opt/ros/jazzy/opt/gz_fuel_tools_vendor:/opt/ros/jazzy/opt/gz_msgs_vendor:/opt/ros/jazzy/opt/gz_common_vendor:/opt/ros/jazzy/opt/gz_math_vendor:/opt/ros/jazzy/opt/gz_utils_vendor:/opt/ros/jazzy/opt/gz_tools_vendor:/opt/ros/jazzy/opt/gz_ogre_next_vendor:/opt/ros/jazzy/opt/gz_dartsim_vendor:/opt/ros/jazzy/opt/gz_cmake_vendor:/opt/ros/jazzy CONDA_PROMPT_MODIFIER=(base) DEBUGINFOD_URLS=https://debuginfod.ubuntu.com LD_LIBRARY_PATH=/home/tk/robot_manipulator/Panthera-HT_ROS2_Jazzy/install/hightorque_robot/lib:${LD_LIBRARY_PATH} PATH=/home/tk/robot_manipulator/Panthera-HT_ROS2_Jazzy/install/hightorque_robot/bin:${PATH} /usr/bin/cmake /home/tk/robot_manipulator/Panthera-HT_ROS2_Jazzy/src/panthera_hardware -DCMAKE_INSTALL_PREFIX=/home/tk/robot_manipulator/Panthera-HT_ROS2_Jazzy/install/panthera_hardware
[0.062s] -- The C compiler identification is GNU 13.3.0
[0.096s] -- The CXX compiler identification is GNU 13.3.0
[0.107s] -- Detecting C compiler ABI info
[0.204s] -- Detecting C compiler ABI info - done
[0.217s] -- Check for working C compiler: /usr/bin/cc - skipped
[0.217s] -- Detecting C compile features
[0.217s] -- Detecting C compile features - done
[0.229s] -- Detecting CXX compiler ABI info
[0.363s] -- Detecting CXX compiler ABI info - done
[0.376s] -- Check for working CXX compiler: /usr/bin/c++ - skipped
[0.376s] -- Detecting CXX compile features
[0.376s] -- Detecting CXX compile features - done
[0.379s] -- Found ament_cmake: 2.5.4 (/opt/ros/jazzy/share/ament_cmake/cmake)
[0.472s] -- Found Python3: /home/tk/anaconda3/bin/python3 (found version "3.13.5") found components: Interpreter 
[0.533s] -- Found rclcpp: 28.1.13 (/opt/ros/jazzy/share/rclcpp/cmake)
[0.558s] -- Found rosidl_generator_c: 4.6.6 (/opt/ros/jazzy/share/rosidl_generator_c/cmake)
[0.566s] -- Found rosidl_generator_cpp: 4.6.6 (/opt/ros/jazzy/share/rosidl_generator_cpp/cmake)
[0.576s] -- Using all available rosidl_typesupport_c: rosidl_typesupport_fastrtps_c;rosidl_typesupport_introspection_c
[0.586s] -- Using all available rosidl_typesupport_cpp: rosidl_typesupport_fastrtps_cpp;rosidl_typesupport_introspection_cpp
[0.630s] -- Found rmw_implementation_cmake: 7.3.2 (/opt/ros/jazzy/share/rmw_implementation_cmake/cmake)
[0.632s] -- Found rmw_cyclonedds_cpp: 2.2.3 (/opt/ros/jazzy/share/rmw_cyclonedds_cpp/cmake)
[0.649s] -- Using RMW implementation 'rmw_cyclonedds_cpp' as default
[0.687s] -- Found hardware_interface: 4.39.2 (/opt/ros/jazzy/share/hardware_interface/cmake)
[0.795s] -- Found TinyXML2 via Config file: /usr/lib/x86_64-linux-gnu/cmake/tinyxml2
[0.915s] -- Found ament_lint_auto: 0.17.3 (/opt/ros/jazzy/share/ament_lint_auto/cmake)
[0.971s] -- Added test 'cppcheck' to perform static code analysis on C / C++ code
[0.971s] -- Configured cppcheck include dirs: /home/tk/robot_manipulator/Panthera-HT_ROS2_Jazzy/src/panthera_hardware/include
[0.971s] -- Configured cppcheck exclude dirs and/or files: 
[0.972s] -- Added test 'flake8' to check Python code syntax and style conventions
[0.972s] -- Configured 'flake8' exclude dirs and/or files: 
[0.972s] -- Added test 'lint_cmake' to check CMake code style
[0.972s] -- Added test 'pep257' to check Python code against some of the docstring style conventions in PEP 257
[0.973s] -- Added test 'uncrustify' to check C / C++ code style
[0.973s] -- Configured uncrustify additional arguments: 
[0.973s] -- Added test 'xmllint' to check XML markup files
[0.974s] -- Configuring done (1.0s)
[0.984s] -- Generating done (0.0s)
[0.986s] -- Build files have been written to: /home/tk/robot_manipulator/Panthera-HT_ROS2_Jazzy/build/panthera_hardware
[0.992s] Invoked command in '/home/tk/robot_manipulator/Panthera-HT_ROS2_Jazzy/build/panthera_hardware' returned '0': AMENT_PREFIX_PATH=/home/tk/robot_manipulator/Panthera-HT_ROS2_Jazzy/install/hightorque_robot:${AMENT_PREFIX_PATH} CMAKE_PREFIX_PATH=/home/tk/robot_manipulator/Panthera-HT_ROS2_Jazzy/install/hightorque_robot:/opt/ros/jazzy/opt/gz_sim_vendor:/opt/ros/jazzy/opt/gz_sensors_vendor:/opt/ros/jazzy/opt/gz_physics_vendor:/opt/ros/jazzy/opt/sdformat_vendor:/opt/ros/jazzy/opt/gz_gui_vendor:/opt/ros/jazzy/opt/gz_transport_vendor:/opt/ros/jazzy/opt/gz_rendering_vendor:/opt/ros/jazzy/opt/gz_plugin_vendor:/opt/ros/jazzy/opt/gz_fuel_tools_vendor:/opt/ros/jazzy/opt/gz_msgs_vendor:/opt/ros/jazzy/opt/gz_common_vendor:/opt/ros/jazzy/opt/gz_math_vendor:/opt/ros/jazzy/opt/gz_utils_vendor:/opt/ros/jazzy/opt/gz_tools_vendor:/opt/ros/jazzy/opt/gz_ogre_next_vendor:/opt/ros/jazzy/opt/gz_dartsim_vendor:/opt/ros/jazzy/opt/gz_cmake_vendor:/opt/ros/jazzy CONDA_PROMPT_MODIFIER=(base) DEBUGINFOD_URLS=https://debuginfod.ubuntu.com LD_LIBRARY_PATH=/home/tk/robot_manipulator/Panthera-HT_ROS2_Jazzy/install/hightorque_robot/lib:${LD_LIBRARY_PATH} PATH=/home/tk/robot_manipulator/Panthera-HT_ROS2_Jazzy/install/hightorque_robot/bin:${PATH} /usr/bin/cmake /home/tk/robot_manipulator/Panthera-HT_ROS2_Jazzy/src/panthera_hardware -DCMAKE_INSTALL_PREFIX=/home/tk/robot_manipulator/Panthera-HT_ROS2_Jazzy/install/panthera_hardware
[0.993s] Invoking command in '/home/tk/robot_manipulator/Panthera-HT_ROS2_Jazzy/build/panthera_hardware': AMENT_PREFIX_PATH=/home/tk/robot_manipulator/Panthera-HT_ROS2_Jazzy/install/hightorque_robot:${AMENT_PREFIX_PATH} CMAKE_PREFIX_PATH=/home/tk/robot_manipulator/Panthera-HT_ROS2_Jazzy/install/hightorque_robot:/opt/ros/jazzy/opt/gz_sim_vendor:/opt/ros/jazzy/opt/gz_sensors_vendor:/opt/ros/jazzy/opt/gz_physics_vendor:/opt/ros/jazzy/opt/sdformat_vendor:/opt/ros/jazzy/opt/gz_gui_vendor:/opt/ros/jazzy/opt/gz_transport_vendor:/opt/ros/jazzy/opt/gz_rendering_vendor:/opt/ros/jazzy/opt/gz_plugin_vendor:/opt/ros/jazzy/opt/gz_fuel_tools_vendor:/opt/ros/jazzy/opt/gz_msgs_vendor:/opt/ros/jazzy/opt/gz_common_vendor:/opt/ros/jazzy/opt/gz_math_vendor:/opt/ros/jazzy/opt/gz_utils_vendor:/opt/ros/jazzy/opt/gz_tools_vendor:/opt/ros/jazzy/opt/gz_ogre_next_vendor:/opt/ros/jazzy/opt/gz_dartsim_vendor:/opt/ros/jazzy/opt/gz_cmake_vendor:/opt/ros/jazzy CONDA_PROMPT_MODIFIER=(base) DEBUGINFOD_URLS=https://debuginfod.ubuntu.com LD_LIBRARY_PATH=/home/tk/robot_manipulator/Panthera-HT_ROS2_Jazzy/install/hightorque_robot/lib:${LD_LIBRARY_PATH} PATH=/home/tk/robot_manipulator/Panthera-HT_ROS2_Jazzy/install/hightorque_robot/bin:${PATH} /usr/bin/cmake --build /home/tk/robot_manipulator/Panthera-HT_ROS2_Jazzy/build/panthera_hardware -- -j28 -l28
[1.027s] [ 50%] Building CXX object CMakeFiles/panthera_hardware.dir/src/panthera_hardware_interface.cpp.o
[2.326s] /home/tk/robot_manipulator/Panthera-HT_ROS2_Jazzy/src/panthera_hardware/src/panthera_hardware_interface.cpp: In member function ‘virtual hardware_interface::CallbackReturn panthera_hardware::PantheraHardwareInterface::on_init(const hardware_interface::HardwareInfo&)’:
[2.326s] /home/tk/robot_manipulator/Panthera-HT_ROS2_Jazzy/src/panthera_hardware/src/panthera_hardware_interface.cpp:20:49: warning: ‘virtual rclcpp_lifecycle::node_interfaces::LifecycleNodeInterface::CallbackReturn hardware_interface::HardwareComponentInterface::on_init(const hardware_interface::HardwareInfo&)’ is deprecated: Use on_init(const HardwareComponentInterfaceParams & params) instead. [-Wdeprecated-declarations]
[2.326s]    20 |     hardware_interface::SystemInterface::on_init(info) !=
[2.326s]       |     ~~~~~~~~~~~~~~~~~~~~~~~~~~~~~~~~~~~~~~~~~~~~^~~~~~
[2.326s] In file included from /opt/ros/jazzy/include/hardware_interface/hardware_interface/system_interface.hpp:18,
[2.326s]                  from /home/tk/robot_manipulator/Panthera-HT_ROS2_Jazzy/src/panthera_hardware/include/panthera_hardware/panthera_hardware_interface.hpp:10,
[2.326s]                  from /home/tk/robot_manipulator/Panthera-HT_ROS2_Jazzy/src/panthera_hardware/src/panthera_hardware_interface.cpp:1:
[2.326s] /opt/ros/jazzy/include/hardware_interface/hardware_interface/hardware_component_interface.hpp:235:26: note: declared here
[2.326s]   235 |   virtual CallbackReturn on_init(const HardwareInfo & hardware_info)
[2.326s]       |                          ^~~~~~~
[3.736s] [100%] Linking CXX shared library libpanthera_hardware.so
[3.860s] [100%] Built target panthera_hardware
[3.867s] Invoked command in '/home/tk/robot_manipulator/Panthera-HT_ROS2_Jazzy/build/panthera_hardware' returned '0': AMENT_PREFIX_PATH=/home/tk/robot_manipulator/Panthera-HT_ROS2_Jazzy/install/hightorque_robot:${AMENT_PREFIX_PATH} CMAKE_PREFIX_PATH=/home/tk/robot_manipulator/Panthera-HT_ROS2_Jazzy/install/hightorque_robot:/opt/ros/jazzy/opt/gz_sim_vendor:/opt/ros/jazzy/opt/gz_sensors_vendor:/opt/ros/jazzy/opt/gz_physics_vendor:/opt/ros/jazzy/opt/sdformat_vendor:/opt/ros/jazzy/opt/gz_gui_vendor:/opt/ros/jazzy/opt/gz_transport_vendor:/opt/ros/jazzy/opt/gz_rendering_vendor:/opt/ros/jazzy/opt/gz_plugin_vendor:/opt/ros/jazzy/opt/gz_fuel_tools_vendor:/opt/ros/jazzy/opt/gz_msgs_vendor:/opt/ros/jazzy/opt/gz_common_vendor:/opt/ros/jazzy/opt/gz_math_vendor:/opt/ros/jazzy/opt/gz_utils_vendor:/opt/ros/jazzy/opt/gz_tools_vendor:/opt/ros/jazzy/opt/gz_ogre_next_vendor:/opt/ros/jazzy/opt/gz_dartsim_vendor:/opt/ros/jazzy/opt/gz_cmake_vendor:/opt/ros/jazzy CONDA_PROMPT_MODIFIER=(base) DEBUGINFOD_URLS=https://debuginfod.ubuntu.com LD_LIBRARY_PATH=/home/tk/robot_manipulator/Panthera-HT_ROS2_Jazzy/install/hightorque_robot/lib:${LD_LIBRARY_PATH} PATH=/home/tk/robot_manipulator/Panthera-HT_ROS2_Jazzy/install/hightorque_robot/bin:${PATH} /usr/bin/cmake --build /home/tk/robot_manipulator/Panthera-HT_ROS2_Jazzy/build/panthera_hardware -- -j28 -l28
[3.868s] Invoking command in '/home/tk/robot_manipulator/Panthera-HT_ROS2_Jazzy/build/panthera_hardware': AMENT_PREFIX_PATH=/home/tk/robot_manipulator/Panthera-HT_ROS2_Jazzy/install/hightorque_robot:${AMENT_PREFIX_PATH} CMAKE_PREFIX_PATH=/home/tk/robot_manipulator/Panthera-HT_ROS2_Jazzy/install/hightorque_robot:/opt/ros/jazzy/opt/gz_sim_vendor:/opt/ros/jazzy/opt/gz_sensors_vendor:/opt/ros/jazzy/opt/gz_physics_vendor:/opt/ros/jazzy/opt/sdformat_vendor:/opt/ros/jazzy/opt/gz_gui_vendor:/opt/ros/jazzy/opt/gz_transport_vendor:/opt/ros/jazzy/opt/gz_rendering_vendor:/opt/ros/jazzy/opt/gz_plugin_vendor:/opt/ros/jazzy/opt/gz_fuel_tools_vendor:/opt/ros/jazzy/opt/gz_msgs_vendor:/opt/ros/jazzy/opt/gz_common_vendor:/opt/ros/jazzy/opt/gz_math_vendor:/opt/ros/jazzy/opt/gz_utils_vendor:/opt/ros/jazzy/opt/gz_tools_vendor:/opt/ros/jazzy/opt/gz_ogre_next_vendor:/opt/ros/jazzy/opt/gz_dartsim_vendor:/opt/ros/jazzy/opt/gz_cmake_vendor:/opt/ros/jazzy CONDA_PROMPT_MODIFIER=(base) DEBUGINFOD_URLS=https://debuginfod.ubuntu.com LD_LIBRARY_PATH=/home/tk/robot_manipulator/Panthera-HT_ROS2_Jazzy/install/hightorque_robot/lib:${LD_LIBRARY_PATH} PATH=/home/tk/robot_manipulator/Panthera-HT_ROS2_Jazzy/install/hightorque_robot/bin:${PATH} /usr/bin/cmake --install /home/tk/robot_manipulator/Panthera-HT_ROS2_Jazzy/build/panthera_hardware
[3.873s] -- Install configuration: ""
[3.873s] -- Installing: /home/tk/robot_manipulator/Panthera-HT_ROS2_Jazzy/install/panthera_hardware/share/panthera_hardware/panthera_hardware.xml
[3.873s] -- Installing: /home/tk/robot_manipulator/Panthera-HT_ROS2_Jazzy/install/panthera_hardware/lib/libpanthera_hardware.so
[3.874s] -- Set non-toolchain portion of runtime path of "/home/tk/robot_manipulator/Panthera-HT_ROS2_Jazzy/install/panthera_hardware/lib/libpanthera_hardware.so" to ""
[3.874s] -- Installing: /home/tk/robot_manipulator/Panthera-HT_ROS2_Jazzy/install/panthera_hardware/include
[3.874s] -- Installing: /home/tk/robot_manipulator/Panthera-HT_ROS2_Jazzy/install/panthera_hardware/include/panthera_hardware
[3.874s] -- Installing: /home/tk/robot_manipulator/Panthera-HT_ROS2_Jazzy/install/panthera_hardware/include/panthera_hardware/panthera_hardware_interface.hpp
[3.874s] -- Installing: /home/tk/robot_manipulator/Panthera-HT_ROS2_Jazzy/install/panthera_hardware/share/panthera_hardware/config
[3.874s] -- Installing: /home/tk/robot_manipulator/Panthera-HT_ROS2_Jazzy/install/panthera_hardware/share/panthera_hardware/config/panthera_hardware.ros2_control.xacro
[3.874s] -- Installing: /home/tk/robot_manipulator/Panthera-HT_ROS2_Jazzy/install/panthera_hardware/share/panthera_hardware/config/ros2_controllers.yaml
[3.874s] -- Installing: /home/tk/robot_manipulator/Panthera-HT_ROS2_Jazzy/install/panthera_hardware/share/panthera_hardware/launch
[3.874s] -- Installing: /home/tk/robot_manipulator/Panthera-HT_ROS2_Jazzy/install/panthera_hardware/share/panthera_hardware/launch/panthera_hardware.launch.py
[3.874s] -- Installing: /home/tk/robot_manipulator/Panthera-HT_ROS2_Jazzy/install/panthera_hardware/share/panthera_hardware/environment/library_path.sh
[3.875s] -- Installing: /home/tk/robot_manipulator/Panthera-HT_ROS2_Jazzy/install/panthera_hardware/share/panthera_hardware/environment/library_path.dsv
[3.875s] -- Installing: /home/tk/robot_manipulator/Panthera-HT_ROS2_Jazzy/install/panthera_hardware/share/ament_index/resource_index/package_run_dependencies/panthera_hardware
[3.875s] -- Installing: /home/tk/robot_manipulator/Panthera-HT_ROS2_Jazzy/install/panthera_hardware/share/ament_index/resource_index/parent_prefix_path/panthera_hardware
[3.875s] -- Installing: /home/tk/robot_manipulator/Panthera-HT_ROS2_Jazzy/install/panthera_hardware/share/panthera_hardware/environment/ament_prefix_path.sh
[3.875s] -- Installing: /home/tk/robot_manipulator/Panthera-HT_ROS2_Jazzy/install/panthera_hardware/share/panthera_hardware/environment/ament_prefix_path.dsv
[3.875s] -- Installing: /home/tk/robot_manipulator/Panthera-HT_ROS2_Jazzy/install/panthera_hardware/share/panthera_hardware/environment/path.sh
[3.875s] -- Installing: /home/tk/robot_manipulator/Panthera-HT_ROS2_Jazzy/install/panthera_hardware/share/panthera_hardware/environment/path.dsv
[3.875s] -- Installing: /home/tk/robot_manipulator/Panthera-HT_ROS2_Jazzy/install/panthera_hardware/share/panthera_hardware/local_setup.bash
[3.875s] -- Installing: /home/tk/robot_manipulator/Panthera-HT_ROS2_Jazzy/install/panthera_hardware/share/panthera_hardware/local_setup.sh
[3.875s] -- Installing: /home/tk/robot_manipulator/Panthera-HT_ROS2_Jazzy/install/panthera_hardware/share/panthera_hardware/local_setup.zsh
[3.875s] -- Installing: /home/tk/robot_manipulator/Panthera-HT_ROS2_Jazzy/install/panthera_hardware/share/panthera_hardware/local_setup.dsv
[3.875s] -- Installing: /home/tk/robot_manipulator/Panthera-HT_ROS2_Jazzy/install/panthera_hardware/share/panthera_hardware/package.dsv
[3.875s] -- Installing: /home/tk/robot_manipulator/Panthera-HT_ROS2_Jazzy/install/panthera_hardware/share/ament_index/resource_index/packages/panthera_hardware
[3.875s] -- Installing: /home/tk/robot_manipulator/Panthera-HT_ROS2_Jazzy/install/panthera_hardware/share/ament_index/resource_index/hardware_interface__pluginlib__plugin/panthera_hardware
[3.875s] -- Installing: /home/tk/robot_manipulator/Panthera-HT_ROS2_Jazzy/install/panthera_hardware/share/panthera_hardware/cmake/ament_cmake_export_include_directories-extras.cmake
[3.875s] -- Installing: /home/tk/robot_manipulator/Panthera-HT_ROS2_Jazzy/install/panthera_hardware/share/panthera_hardware/cmake/ament_cmake_export_libraries-extras.cmake
[3.875s] -- Installing: /home/tk/robot_manipulator/Panthera-HT_ROS2_Jazzy/install/panthera_hardware/share/panthera_hardware/cmake/ament_cmake_export_dependencies-extras.cmake
[3.876s] -- Installing: /home/tk/robot_manipulator/Panthera-HT_ROS2_Jazzy/install/panthera_hardware/share/panthera_hardware/cmake/panthera_hardwareConfig.cmake
[3.876s] -- Installing: /home/tk/robot_manipulator/Panthera-HT_ROS2_Jazzy/install/panthera_hardware/share/panthera_hardware/cmake/panthera_hardwareConfig-version.cmake
[3.876s] -- Installing: /home/tk/robot_manipulator/Panthera-HT_ROS2_Jazzy/install/panthera_hardware/share/panthera_hardware/package.xml
[3.876s] Invoked command in '/home/tk/robot_manipulator/Panthera-HT_ROS2_Jazzy/build/panthera_hardware' returned '0': AMENT_PREFIX_PATH=/home/tk/robot_manipulator/Panthera-HT_ROS2_Jazzy/install/hightorque_robot:${AMENT_PREFIX_PATH} CMAKE_PREFIX_PATH=/home/tk/robot_manipulator/Panthera-HT_ROS2_Jazzy/install/hightorque_robot:/opt/ros/jazzy/opt/gz_sim_vendor:/opt/ros/jazzy/opt/gz_sensors_vendor:/opt/ros/jazzy/opt/gz_physics_vendor:/opt/ros/jazzy/opt/sdformat_vendor:/opt/ros/jazzy/opt/gz_gui_vendor:/opt/ros/jazzy/opt/gz_transport_vendor:/opt/ros/jazzy/opt/gz_rendering_vendor:/opt/ros/jazzy/opt/gz_plugin_vendor:/opt/ros/jazzy/opt/gz_fuel_tools_vendor:/opt/ros/jazzy/opt/gz_msgs_vendor:/opt/ros/jazzy/opt/gz_common_vendor:/opt/ros/jazzy/opt/gz_math_vendor:/opt/ros/jazzy/opt/gz_utils_vendor:/opt/ros/jazzy/opt/gz_tools_vendor:/opt/ros/jazzy/opt/gz_ogre_next_vendor:/opt/ros/jazzy/opt/gz_dartsim_vendor:/opt/ros/jazzy/opt/gz_cmake_vendor:/opt/ros/jazzy CONDA_PROMPT_MODIFIER=(base) DEBUGINFOD_URLS=https://debuginfod.ubuntu.com LD_LIBRARY_PATH=/home/tk/robot_manipulator/Panthera-HT_ROS2_Jazzy/install/hightorque_robot/lib:${LD_LIBRARY_PATH} PATH=/home/tk/robot_manipulator/Panthera-HT_ROS2_Jazzy/install/hightorque_robot/bin:${PATH} /usr/bin/cmake --install /home/tk/robot_manipulator/Panthera-HT_ROS2_Jazzy/build/panthera_hardware
