[0.009s] Invoking command in '/home/tk/robot_manipulator/Panthera-HT_ROS2_Jazzy/build/panthera_commander': AMENT_PREFIX_PATH=/home/tk/robot_manipulator/Panthera-HT_ROS2_Jazzy/install/with_gripper_config:/home/tk/robot_manipulator/Panthera-HT_ROS2_Jazzy/install/panthera_interfaces:/home/tk/robot_manipulator/Panthera-HT_ROS2_Jazzy/install/panthera_ht_description_with_finger:${AMENT_PREFIX_PATH} CMAKE_PREFIX_PATH=/home/tk/robot_manipulator/Panthera-HT_ROS2_Jazzy/install/with_gripper_config:/home/tk/robot_manipulator/Panthera-HT_ROS2_Jazzy/install/panthera_interfaces:/home/tk/robot_manipulator/Panthera-HT_ROS2_Jazzy/install/panthera_ht_description_with_finger:/opt/ros/jazzy/opt/gz_sim_vendor:/opt/ros/jazzy/opt/gz_sensors_vendor:/opt/ros/jazzy/opt/gz_physics_vendor:/opt/ros/jazzy/opt/sdformat_vendor:/opt/ros/jazzy/opt/gz_gui_vendor:/opt/ros/jazzy/opt/gz_transport_vendor:/opt/ros/jazzy/opt/gz_rendering_vendor:/opt/ros/jazzy/opt/gz_plugin_vendor:/opt/ros/jazzy/opt/gz_fuel_tools_vendor:/opt/ros/jazzy/opt/gz_msgs_vendor:/opt/ros/jazzy/opt/gz_common_vendor:/opt/ros/jazzy/opt/gz_math_vendor:/opt/ros/jazzy/opt/gz_utils_vendor:/opt/ros/jazzy/opt/gz_tools_vendor:/opt/ros/jazzy/opt/gz_ogre_next_vendor:/opt/ros/jazzy/opt/gz_dartsim_vendor:/opt/ros/jazzy/opt/gz_cmake_vendor:/opt/ros/jazzy CONDA_PROMPT_MODIFIER=(base) DEBUGINFOD_URLS=https://debuginfod.ubuntu.com LD_LIBRARY_PATH=/home/tk/robot_manipulator/Panthera-HT_ROS2_Jazzy/install/panthera_interfaces/lib:${LD_LIBRARY_PATH} PYTHONPATH=/home/tk/robot_manipulator/Panthera-HT_ROS2_Jazzy/install/panthera_interfaces/lib/python3.12/site-packages:${PYTHONPATH} /usr/bin/cmake --build /home/tk/robot_manipulator/Panthera-HT_ROS2_Jazzy/build/panthera_commander -- -j28 -l28
[0.044s] [  3%] Building CXX object CMakeFiles/sin_trajectory_control.dir/src/sin_trajectory_control.cpp.o
[0.047s] [ 26%] Built target draw_horizontal_vertical_circles
[0.047s] [ 26%] Built target test_cartesian_from_pose1
[0.047s] [ 26%] Built target draw_circle
[0.047s] [ 34%] Built target sin_trajectory_moveit
[0.049s] /home/tk/robot_manipulator/Panthera-HT_ROS2_Jazzy/src/panthera_commander/src/sin_trajectory_control.cpp:8:10: fatal error: panthera/Panthera.hpp: 没有那个文件或目录
[0.049s]     8 | #include "panthera/Panthera.hpp"
[0.049s]       |          ^~~~~~~~~~~~~~~~~~~~~~~
[0.049s] compilation terminated.
[0.049s] gmake[2]: *** [CMakeFiles/sin_trajectory_control.dir/build.make:76：CMakeFiles/sin_trajectory_control.dir/src/sin_trajectory_control.cpp.o] 错误 1
[0.049s] [ 50%] Built target commander_template
[0.049s] [ 50%] Built target draw_three_circles
[0.049s] gmake[1]: *** [CMakeFiles/Makefile2:447：CMakeFiles/sin_trajectory_control.dir/all] 错误 2
[0.049s] gmake[1]: *** 正在等待未完成的任务....
[0.049s] [ 57%] Built target test_gripper
[0.050s] [ 65%] Built target test_moveit_by_siyuanshu
[0.051s] [ 73%] Built target test_moveit_by_cartesian
[0.051s] [ 80%] Built target test_moveit_by_jointspace
[0.051s] [ 88%] Built target test_moveit
[0.052s] [ 96%] Built target test_gripper_detailed
[0.052s] gmake: *** [Makefile:146：all] 错误 2
[0.053s] Invoked command in '/home/tk/robot_manipulator/Panthera-HT_ROS2_Jazzy/build/panthera_commander' returned '2': AMENT_PREFIX_PATH=/home/tk/robot_manipulator/Panthera-HT_ROS2_Jazzy/install/with_gripper_config:/home/tk/robot_manipulator/Panthera-HT_ROS2_Jazzy/install/panthera_interfaces:/home/tk/robot_manipulator/Panthera-HT_ROS2_Jazzy/install/panthera_ht_description_with_finger:${AMENT_PREFIX_PATH} CMAKE_PREFIX_PATH=/home/tk/robot_manipulator/Panthera-HT_ROS2_Jazzy/install/with_gripper_config:/home/tk/robot_manipulator/Panthera-HT_ROS2_Jazzy/install/panthera_interfaces:/home/tk/robot_manipulator/Panthera-HT_ROS2_Jazzy/install/panthera_ht_description_with_finger:/opt/ros/jazzy/opt/gz_sim_vendor:/opt/ros/jazzy/opt/gz_sensors_vendor:/opt/ros/jazzy/opt/gz_physics_vendor:/opt/ros/jazzy/opt/sdformat_vendor:/opt/ros/jazzy/opt/gz_gui_vendor:/opt/ros/jazzy/opt/gz_transport_vendor:/opt/ros/jazzy/opt/gz_rendering_vendor:/opt/ros/jazzy/opt/gz_plugin_vendor:/opt/ros/jazzy/opt/gz_fuel_tools_vendor:/opt/ros/jazzy/opt/gz_msgs_vendor:/opt/ros/jazzy/opt/gz_common_vendor:/opt/ros/jazzy/opt/gz_math_vendor:/opt/ros/jazzy/opt/gz_utils_vendor:/opt/ros/jazzy/opt/gz_tools_vendor:/opt/ros/jazzy/opt/gz_ogre_next_vendor:/opt/ros/jazzy/opt/gz_dartsim_vendor:/opt/ros/jazzy/opt/gz_cmake_vendor:/opt/ros/jazzy CONDA_PROMPT_MODIFIER=(base) DEBUGINFOD_URLS=https://debuginfod.ubuntu.com LD_LIBRARY_PATH=/home/tk/robot_manipulator/Panthera-HT_ROS2_Jazzy/install/panthera_interfaces/lib:${LD_LIBRARY_PATH} PYTHONPATH=/home/tk/robot_manipulator/Panthera-HT_ROS2_Jazzy/install/panthera_interfaces/lib/python3.12/site-packages:${PYTHONPATH} /usr/bin/cmake --build /home/tk/robot_manipulator/Panthera-HT_ROS2_Jazzy/build/panthera_commander -- -j28 -l28
