-- The C compiler identification is GNU 13.3.0
-- The CXX compiler identification is GNU 13.3.0
-- Detecting C compiler ABI info
-- Detecting C compiler ABI info - done
-- Check for working C compiler: /usr/bin/cc - skipped
-- Detecting C compile features
-- Detecting C compile features - done
-- Detecting CXX compiler ABI info
-- Detecting CXX compiler ABI info - done
-- Check for working CXX compiler: /usr/bin/c++ - skipped
-- Detecting CXX compile features
-- Detecting CXX compile features - done
-- Found ament_cmake: 2.5.4 (/opt/ros/jazzy/share/ament_cmake/cmake)
-- Found Python3: /usr/bin/python3 (found version "3.12.3") found components: Interpreter 
-- Found rclcpp: 28.1.13 (/opt/ros/jazzy/share/rclcpp/cmake)
-- Found rosidl_generator_c: 4.6.6 (/opt/ros/jazzy/share/rosidl_generator_c/cmake)
-- Found rosidl_generator_cpp: 4.6.6 (/opt/ros/jazzy/share/rosidl_generator_cpp/cmake)
-- Using all available rosidl_typesupport_c: rosidl_typesupport_fastrtps_c;rosidl_typesupport_introspection_c
-- Using all available rosidl_typesupport_cpp: rosidl_typesupport_fastrtps_cpp;rosidl_typesupport_introspection_cpp
-- Found rmw_implementation_cmake: 7.3.2 (/opt/ros/jazzy/share/rmw_implementation_cmake/cmake)
-- Found rmw_cyclonedds_cpp: 2.2.3 (/opt/ros/jazzy/share/rmw_cyclonedds_cpp/cmake)
-- Using RMW implementation 'rmw_cyclonedds_cpp' as default
-- Found moveit_ros_planning_interface: 2.12.3 (/opt/ros/jazzy/share/moveit_ros_planning_interface/cmake)
-- Found Boost: /usr/lib/x86_64-linux-gnu/cmake/Boost-1.83.0/BoostConfig.cmake (found version "1.83.0") found components: date_time filesystem program_options system thread 
-- Found Boost: /usr/lib/x86_64-linux-gnu/cmake/Boost-1.83.0/BoostConfig.cmake (found version "1.83.0") found components: chrono date_time filesystem iostreams program_options regex serialization system thread 
-- Found parameter_traits: 0.5.0 (/opt/ros/jazzy/share/parameter_traits/cmake)
-- Found rclcpp_lifecycle: 28.1.13 (/opt/ros/jazzy/share/rclcpp_lifecycle/cmake)
-- Found Boost: /usr/lib/x86_64-linux-gnu/cmake/Boost-1.83.0/BoostConfig.cmake (found version "1.83.0") found components: filesystem 
-- Found Eigen3: TRUE (found version "3.4.0") 
-- Ensuring Eigen3 include directory is part of orocos-kdl CMake target
-- Found TinyXML2 via Config file: /usr/lib/x86_64-linux-gnu/cmake/tinyxml2
-- Found Boost: /usr/lib/x86_64-linux-gnu/cmake/Boost-1.83.0/BoostConfig.cmake (found version "1.83.0") found components: system filesystem date_time program_options thread chrono 
-- Found Boost: /usr/lib/x86_64-linux-gnu/cmake/Boost-1.83.0/BoostConfig.cmake (found version "1.83.0") found components: thread system filesystem regex date_time program_options 
-- Found Boost: /usr/lib/x86_64-linux-gnu/cmake/Boost-1.83.0/BoostConfig.cmake (found version "1.83.0") found components: system filesystem date_time program_options thread 
-- Found example_interfaces: 0.12.0 (/opt/ros/jazzy/share/example_interfaces/cmake)
-- Found panthera_interfaces: 0.0.0 (/home/tk/robot_manipulator/Panthera-HT_ROS2_Jazzy/install/panthera_interfaces/share/panthera_interfaces/cmake)
-- Found ament_lint_auto: 0.17.3 (/opt/ros/jazzy/share/ament_lint_auto/cmake)
-- Added test 'cppcheck' to perform static code analysis on C / C++ code
-- Configured cppcheck include dirs: 
-- Configured cppcheck exclude dirs and/or files: 
-- Added test 'lint_cmake' to check CMake code style
-- Added test 'uncrustify' to check C / C++ code style
-- Configured uncrustify additional arguments: 
-- Added test 'xmllint' to check XML markup files
-- Configuring done (1.3s)
-- Generating done (0.1s)
-- Build files have been written to: /home/tk/robot_manipulator/Panthera-HT_ROS2_Jazzy/build/panthera_commander
[  7%] [32mBuilding CXX object CMakeFiles/test_moveit.dir/src/test_moveit.cpp.o[0m
[  7%] [32mBuilding CXX object CMakeFiles/commander_template.dir/src/commander_template.cpp.o[0m
[ 11%] [32mBuilding CXX object CMakeFiles/test_cartesian_from_pose1.dir/src/test_cartesian_from_pose1.cpp.o[0m
[ 15%] [32mBuilding CXX object CMakeFiles/test_moveit_by_cartesian.dir/src/test_moveit_by_cartesian.cpp.o[0m
[ 19%] [32mBuilding CXX object CMakeFiles/test_moveit_by_jointspace.dir/src/test_moveit_by_jointspace.cpp.o[0m
[ 23%] [32mBuilding CXX object CMakeFiles/draw_circle.dir/src/draw_circle.cpp.o[0m
[ 26%] [32mBuilding CXX object CMakeFiles/sin_trajectory_control.dir/src/sin_trajectory_control.cpp.o[0m
[ 34%] [32mBuilding CXX object CMakeFiles/test_gripper.dir/src/test_gripper.cpp.o[0m
[ 34%] [32mBuilding CXX object CMakeFiles/test_moveit_by_siyuanshu.dir/src/test_moveit_by_siyuanshu.cpp.o[0m
[ 38%] [32mBuilding CXX object CMakeFiles/test_gripper_detailed.dir/src/test_gripper_detailed.cpp.o[0m
[ 46%] [32mBuilding CXX object CMakeFiles/draw_horizontal_vertical_circles.dir/src/draw_horizontal_vertical_circles.cpp.o[0m
[ 46%] [32mBuilding CXX object CMakeFiles/draw_three_circles.dir/src/draw_three_circles.cpp.o[0m
[ 50%] [32mBuilding CXX object CMakeFiles/sin_trajectory_moveit.dir/src/sin_trajectory_moveit.cpp.o[0m
[ 53%] [32m[1mLinking CXX executable test_moveit_by_jointspace[0m
[ 57%] [32m[1mLinking CXX executable test_moveit[0m
[ 61%] [32m[1mLinking CXX executable test_moveit_by_siyuanshu[0m
[ 61%] Built target test_moveit_by_jointspace
[ 61%] Built target test_moveit
[ 65%] [32m[1mLinking CXX executable test_cartesian_from_pose1[0m
[ 65%] Built target test_moveit_by_siyuanshu
[ 69%] [32m[1mLinking CXX executable draw_horizontal_vertical_circles[0m
[ 69%] Built target test_cartesian_from_pose1
[ 69%] Built target draw_horizontal_vertical_circles
[ 73%] [32m[1mLinking CXX executable test_moveit_by_cartesian[0m
[ 76%] [32m[1mLinking CXX executable draw_circle[0m
[ 80%] [32m[1mLinking CXX executable test_gripper[0m
[ 80%] Built target test_moveit_by_cartesian
[ 80%] Built target draw_circle
[ 80%] Built target test_gripper
[ 84%] [32m[1mLinking CXX executable test_gripper_detailed[0m
[ 88%] [32m[1mLinking CXX executable sin_trajectory_moveit[0m
[ 92%] [32m[1mLinking CXX executable draw_three_circles[0m
[ 92%] Built target test_gripper_detailed
[ 92%] Built target sin_trajectory_moveit
[ 92%] Built target draw_three_circles
[ 96%] [32m[1mLinking CXX executable commander_template[0m
[ 96%] Built target commander_template
