[0.006s] Invoking command in '/home/tk/robot_manipulator/Panthera-HT_ROS2_Jazzy/build/hightorque_robot': CMAKE_PREFIX_PATH=${CMAKE_PREFIX_PATH}:/opt/ros/jazzy DEBUGINFOD_URLS=https://debuginfod.ubuntu.com /usr/bin/cmake /home/tk/robot_manipulator/Panthera-HT_ROS2_Jazzy/src/hightorque_robot -DCMAKE_INSTALL_PREFIX=/home/tk/robot_manipulator/Panthera-HT_ROS2_Jazzy/install/hightorque_robot
[0.047s] -- The C compiler identification is GNU 13.3.0
[0.078s] -- The CXX compiler identification is GNU 13.3.0
[0.087s] -- Detecting C compiler ABI info
[0.146s] -- Detecting C compiler ABI info - done
[0.151s] -- Check for working C compiler: /usr/bin/cc - skipped
[0.151s] -- Detecting C compile features
[0.151s] -- Detecting C compile features - done
[0.157s] -- Detecting CXX compiler ABI info
[0.222s] -- Detecting CXX compiler ABI info - done
[0.226s] -- Check for working CXX compiler: /usr/bin/c++ - skipped
[0.226s] -- Detecting CXX compile features
[0.226s] -- Detecting CXX compile features - done
[0.228s] -- Found ament_cmake: 2.5.4 (/opt/ros/jazzy/share/ament_cmake/cmake)
[0.318s] -- Found Python3: /usr/bin/python3 (found version "3.12.3") found components: Interpreter 
[0.378s] -- Setting build type to 'Release' as none was specified.
[0.381s] -- Found PkgConfig: /usr/bin/pkg-config (found version "1.8.1") 
[0.382s] -- Checking for module 'glib-2.0'
[0.391s] --   Found glib-2.0, version 2.80.0
[0.413s] -- Performing Test CMAKE_C_COMPILER_SUPPORTS__std_gnu99
[0.464s] -- Performing Test CMAKE_C_COMPILER_SUPPORTS__std_gnu99 - Success
[0.464s] -- Performing Test CMAKE_C_COMPILER_SUPPORTS__Wall
[0.516s] -- Performing Test CMAKE_C_COMPILER_SUPPORTS__Wall - Success
[0.516s] -- Performing Test CMAKE_C_COMPILER_SUPPORTS__Wshadow
[0.574s] -- Performing Test CMAKE_C_COMPILER_SUPPORTS__Wshadow - Success
[0.574s] -- Performing Test CMAKE_C_COMPILER_SUPPORTS__Wuninitialized
[0.620s] -- Performing Test CMAKE_C_COMPILER_SUPPORTS__Wuninitialized - Success
[0.620s] -- Performing Test CMAKE_C_COMPILER_SUPPORTS__Wunused_variable
[0.667s] -- Performing Test CMAKE_C_COMPILER_SUPPORTS__Wunused_variable - Success
[0.667s] -- Performing Test CMAKE_C_COMPILER_SUPPORTS__Werror_return_type
[0.713s] -- Performing Test CMAKE_C_COMPILER_SUPPORTS__Werror_return_type - Success
[0.713s] -- Performing Test CMAKE_C_COMPILER_SUPPORTS__Wno_unused_parameter
[0.769s] -- Performing Test CMAKE_C_COMPILER_SUPPORTS__Wno_unused_parameter - Success
[0.770s] -- Performing Test CMAKE_C_COMPILER_SUPPORTS__Wno_format_zero_length
[0.822s] -- Performing Test CMAKE_C_COMPILER_SUPPORTS__Wno_format_zero_length - Success
[0.822s] -- Performing Test CMAKE_C_COMPILER_SUPPORTS__Wno_stringop_truncation
[0.871s] -- Performing Test CMAKE_C_COMPILER_SUPPORTS__Wno_stringop_truncation - Success
[0.871s] -- Performing Test CMAKE_CXX_COMPILER_SUPPORTS__Wall
[0.928s] -- Performing Test CMAKE_CXX_COMPILER_SUPPORTS__Wall - Success
[0.928s] -- Performing Test CMAKE_CXX_COMPILER_SUPPORTS__Wshadow
[0.989s] -- Performing Test CMAKE_CXX_COMPILER_SUPPORTS__Wshadow - Success
[0.990s] -- Performing Test CMAKE_CXX_COMPILER_SUPPORTS__Wuninitialized
[1.048s] -- Performing Test CMAKE_CXX_COMPILER_SUPPORTS__Wuninitialized - Success
[1.049s] -- Performing Test CMAKE_CXX_COMPILER_SUPPORTS__Wunused_variable
[1.110s] -- Performing Test CMAKE_CXX_COMPILER_SUPPORTS__Wunused_variable - Success
[1.111s] -- Performing Test CMAKE_CXX_COMPILER_SUPPORTS__Werror_return_type
[1.164s] -- Performing Test CMAKE_CXX_COMPILER_SUPPORTS__Werror_return_type - Success
[1.164s] -- Performing Test CMAKE_CXX_COMPILER_SUPPORTS__Wno_unused_parameter
[1.216s] -- Performing Test CMAKE_CXX_COMPILER_SUPPORTS__Wno_unused_parameter - Success
[1.217s] -- Performing Test CMAKE_CXX_COMPILER_SUPPORTS__Wno_format_zero_length
[1.267s] -- Performing Test CMAKE_CXX_COMPILER_SUPPORTS__Wno_format_zero_length - Success
[1.268s] -- Performing Test CMAKE_CXX_COMPILER_SUPPORTS__Wno_stringop_truncation
[1.322s] -- Performing Test CMAKE_CXX_COMPILER_SUPPORTS__Wno_stringop_truncation - Success
[1.322s] -- Building LCM 1.5.1 (ABI v1)
[1.323s] -- Performing Test CMAKE_HAVE_LIBC_PTHREAD
[1.371s] -- Performing Test CMAKE_HAVE_LIBC_PTHREAD - Success
[1.372s] -- Found Threads: TRUE  
[1.372s] -- Performing Test COMPILER_HAS_HIDDEN_VISIBILITY
[1.440s] -- Performing Test COMPILER_HAS_HIDDEN_VISIBILITY - Success
[1.441s] -- Performing Test COMPILER_HAS_HIDDEN_INLINE_VISIBILITY
[1.499s] -- Performing Test COMPILER_HAS_HIDDEN_INLINE_VISIBILITY - Success
[1.499s] -- Performing Test COMPILER_HAS_DEPRECATED_ATTR
[1.573s] -- Performing Test COMPILER_HAS_DEPRECATED_ATTR - Success
[1.576s] -- Doxygen was not found; documentation generation will be incomplete
[1.580s] -- CPack: Packages will be placed under /home/tk/robot_manipulator/Panthera-HT_ROS2_Jazzy/build/hightorque_robot/packages
[1.596s] -- Found ament_index_cpp: 1.8.1 (/opt/ros/jazzy/share/ament_index_cpp/cmake)
[1.599s] -- Found libserialport library: /usr/lib/x86_64-linux-gnu/libserialport.so
[1.601s] -- pinocchio_default FOUND. pinocchio_default at /opt/ros/jazzy/lib/x86_64-linux-gnu/libpinocchio_default.so
[1.601s] -- pinocchio_parsers FOUND. pinocchio_parsers at /opt/ros/jazzy/lib/x86_64-linux-gnu/libpinocchio_parsers.so
[1.603s] -- boost_filesystem FOUND. boost_filesystem at /lib/x86_64-linux-gnu/libboost_filesystem.so
[1.643s] -- eigenpy FOUND. eigenpy at /opt/ros/jazzy/lib/x86_64-linux-gnu/libeigenpy.so
[1.656s] -- Checking for NumPy
[1.756s] --   NUMPY_INCLUDE_DIRS=/usr/lib/python3/dist-packages/numpy/core/include
[1.808s] --   NUMPY_VERSION=1.26.4
[1.984s] -- Found Python3: /usr/bin/python3 (found version "3.12.3") found components: Interpreter Development.Module NumPy 
[1.984s] -- PythonLibraryDirs: 
[1.984s] -- PythonLibVersionString: 3.12.3
[1.995s] -- Python site lib: lib/python3.12/site-packages
[1.995s] -- Python include dirs: /usr/include/python3.12
[2.018s] -- Checking for NumPy
[2.069s] --   NUMPY_INCLUDE_DIRS=/usr/lib/python3/dist-packages/numpy/core/include
[2.119s] --   NUMPY_VERSION=1.26.4
[2.119s] -- NumPy include dir: /usr/lib/python3/dist-packages/numpy/core/include
[2.124s] -- Found Boost: /usr/include (found version "1.83.0") found components: python312 
[2.292s] -- Default C++ standard: 201703
[2.292s] -- Minimal C++ standard upgraded to 11
[2.293s] -- C++ standard sufficient: Minimal required 11, currently defined: 17
[2.293s] -- CMAKE_CXX_STANDARD was not set: automatically set to currently defined standard 17
[2.297s] -- hpp-fcl FOUND. hpp-fcl at /opt/ros/jazzy/lib/x86_64-linux-gnu/libhpp-fcl.so
[2.306s] -- Minimal C++ standard upgraded to 14
[2.306s] -- C++ standard sufficient: Minimal required 14, currently defined: 17
[2.307s] -- C++ standard sufficient: Minimal required 14, currently defined: 17
[2.307s] -- Found pinocchio, building 2_joint_impedance_control example
[2.307s] -- Building 3_cartesian_impedance_control example
[2.307s] -- Building pure_cartesian_impedance_control example
[2.307s] -- Building cartesian_impedance_ab_motion example
[2.352s] -- Configuring done (2.3s)
[2.377s] -- Generating done (0.0s)
[2.384s] -- Build files have been written to: /home/tk/robot_manipulator/Panthera-HT_ROS2_Jazzy/build/hightorque_robot
[2.390s] Invoked command in '/home/tk/robot_manipulator/Panthera-HT_ROS2_Jazzy/build/hightorque_robot' returned '0': CMAKE_PREFIX_PATH=${CMAKE_PREFIX_PATH}:/opt/ros/jazzy DEBUGINFOD_URLS=https://debuginfod.ubuntu.com /usr/bin/cmake /home/tk/robot_manipulator/Panthera-HT_ROS2_Jazzy/src/hightorque_robot -DCMAKE_INSTALL_PREFIX=/home/tk/robot_manipulator/Panthera-HT_ROS2_Jazzy/install/hightorque_robot
[2.391s] Invoking command in '/home/tk/robot_manipulator/Panthera-HT_ROS2_Jazzy/build/hightorque_robot': CMAKE_PREFIX_PATH=${CMAKE_PREFIX_PATH}:/opt/ros/jazzy DEBUGINFOD_URLS=https://debuginfod.ubuntu.com /usr/bin/cmake --build /home/tk/robot_manipulator/Panthera-HT_ROS2_Jazzy/build/hightorque_robot -- -j28 -l28
[2.425s] [  6%] [32mBuilding C object third_part/lcm/lcm/CMakeFiles/lcm-static.dir/eventlog.c.o[0m
[2.425s] [  6%] [32mBuilding C object third_part/lcm/lcmgen/CMakeFiles/lcm-gen.dir/emit_c.c.o[0m
[2.425s] [  6%] [32mBuilding C object third_part/lcm/lcmgen/CMakeFiles/lcm-gen.dir/emit_lua.c.o[0m
[2.425s] [  6%] [32mBuilding C object third_part/lcm/lcmgen/CMakeFiles/lcm-gen.dir/emit_csharp.c.o[0m
[2.425s] [  7%] [34m[1mGenerating lcmUtilities.cmake[0m
[2.425s] [  9%] [32mBuilding C object third_part/lcm/lcmgen/CMakeFiles/lcm-gen.dir/emit_go.c.o[0m
[2.425s] [  6%] [32mBuilding C object third_part/lcm/lcmgen/CMakeFiles/lcm-gen.dir/emit_cpp.c.o[0m
[2.425s] [  6%] [32mBuilding CXX object third_part/serial_cmake/CMakeFiles/serial_cmake.dir/src/serial.cc.o[0m
[2.425s] [ 13%] [32mBuilding C object third_part/lcm/lcm/CMakeFiles/lcm.dir/eventlog.c.o[0m
[2.425s] [ 13%] [32mBuilding C object third_part/lcm/lcm/CMakeFiles/lcm-static.dir/lcm_file.c.o[0m
[2.425s] [ 15%] [32mBuilding C object third_part/lcm/lcm/CMakeFiles/lcm-static.dir/lcm_mpudpm.c.o[0m
[2.426s] [ 15%] [32mBuilding C object third_part/lcm/lcm/CMakeFiles/lcm-static.dir/lcm_udpm.c.o[0m
[2.427s] [ 19%] [32mBuilding CXX object third_part/serial_cmake/CMakeFiles/serial_cmake.dir/src/impl/list_ports/list_ports_linux.cc.o[0m
[2.427s] [ 13%] [32mBuilding C object third_part/lcm/lcm/CMakeFiles/lcm-static.dir/lcm_memq.c.o[0m
[2.427s] [ 19%] [32mBuilding C object third_part/lcm/lcmgen/CMakeFiles/lcm-gen.dir/emit_java.c.o[0m
[2.427s] [ 19%] [32mBuilding C object third_part/lcm/lcm/CMakeFiles/lcm-static.dir/udpm_util.c.o[0m
[2.428s] [ 19%] [32mBuilding C object third_part/lcm/lcm/CMakeFiles/lcm.dir/lcm.c.o[0m
[2.428s] [ 19%] [32mBuilding C object third_part/lcm/lcm/CMakeFiles/lcm-static.dir/ringbuffer.c.o[0m
[2.428s] [ 20%] [32mBuilding C object third_part/lcm/lcm/CMakeFiles/lcm-static.dir/lcmtypes/channel_port_map_update_t.c.o[0m
[2.428s] [ 21%] [32mBuilding C object third_part/lcm/lcm/CMakeFiles/lcm-static.dir/lcm.c.o[0m
[2.428s] [ 23%] [32mBuilding C object third_part/lcm/lcm/CMakeFiles/lcm.dir/lcm_file.c.o[0m
[2.428s] [ 23%] [32mBuilding C object third_part/lcm/lcm/CMakeFiles/lcm-static.dir/lcmtypes/channel_to_port_t.c.o[0m
[2.428s] [ 23%] [32mBuilding CXX object third_part/serial_cmake/CMakeFiles/serial_cmake.dir/src/impl/unix.cc.o[0m
[2.428s] [ 24%] [32mBuilding C object third_part/lcm/lcm/CMakeFiles/lcm.dir/lcm_tcpq.c.o[0m
[2.428s] [ 25%] [32mBuilding C object third_part/lcm/lcm/CMakeFiles/lcm-static.dir/lcm_tcpq.c.o[0m
[2.428s] [ 26%] [32mBuilding C object third_part/lcm/lcm/CMakeFiles/lcm.dir/lcm_memq.c.o[0m
[2.430s] [ 27%] [32mBuilding C object third_part/lcm/lcmgen/CMakeFiles/lcm-gen.dir/emit_python.c.o[0m
[2.430s] [ 28%] [32mBuilding C object third_part/lcm/lcm/CMakeFiles/lcm.dir/lcm_mpudpm.c.o[0m
[2.450s] [ 28%] Built target lcm_use_file
[2.461s] [ 29%] [32mBuilding C object third_part/lcm/lcmgen/CMakeFiles/lcm-gen.dir/getopt.c.o[0m
[2.475s] [ 30%] [32mBuilding C object third_part/lcm/lcmgen/CMakeFiles/lcm-gen.dir/lcmgen.c.o[0m
[2.513s] [ 31%] [32mBuilding C object third_part/lcm/lcmgen/CMakeFiles/lcm-gen.dir/main.c.o[0m
[2.519s] [ 32%] [32mBuilding C object third_part/lcm/lcm/CMakeFiles/lcm.dir/lcm_udpm.c.o[0m
[2.534s] [ 33%] [32mBuilding C object third_part/lcm/lcmgen/CMakeFiles/lcm-gen.dir/tokenize.c.o[0m
[2.534s] [ 34%] [32mBuilding C object third_part/lcm/lcm/CMakeFiles/lcm.dir/udpm_util.c.o[0m
[2.538s] [ 35%] [32mBuilding C object third_part/lcm/lcm/CMakeFiles/lcm.dir/ringbuffer.c.o[0m
[2.538s] [ 36%] [32mBuilding C object third_part/lcm/lcm/CMakeFiles/lcm.dir/lcmtypes/channel_port_map_update_t.c.o[0m
[2.565s] [ 37%] [32mBuilding C object third_part/lcm/lcm/CMakeFiles/lcm.dir/lcmtypes/channel_to_port_t.c.o[0m
[2.850s] [ 38%] [32m[1mLinking C shared library liblcm.so[0m
[2.889s] [ 39%] [32m[1mLinking C static library liblcm.a[0m
[2.893s] [ 39%] Built target lcm
[2.914s] [ 39%] Built target lcm-static
[2.930s] [ 40%] [32mBuilding C object third_part/lcm/lcm-logger/CMakeFiles/lcm-logplayer.dir/lcm_logplayer.c.o[0m
[2.930s] [ 41%] [32mBuilding C object third_part/lcm/lcm-logger/CMakeFiles/lcm-logger.dir/lcm_logger.c.o[0m
[2.931s] [ 42%] [32mBuilding C object third_part/lcm/liblcm-test/CMakeFiles/lcm-sink.dir/lcm-sink.c.o[0m
[2.931s] [ 44%] [32mBuilding C object third_part/lcm/lcm-logger/CMakeFiles/lcm-logger.dir/glib_util.c.o[0m
[2.932s] [ 44%] [32mBuilding C object third_part/lcm/liblcm-test/CMakeFiles/lcm-source.dir/lcm-source.c.o[0m
[2.933s] [ 45%] [32mBuilding C object third_part/lcm/liblcm-test/CMakeFiles/lcm-tester.dir/lcm-tester.c.o[0m
[2.933s] [ 46%] [32mBuilding C object third_part/lcm/liblcm-test/CMakeFiles/lcm-logfilter.dir/lcm-logfilter.c.o[0m
[2.934s] [ 47%] [32mBuilding C object third_part/lcm/liblcm-test/CMakeFiles/lcm-buftest-receiver.dir/buftest-receiver.c.o[0m
[2.934s] [ 48%] [32mBuilding C object third_part/lcm/liblcm-test/CMakeFiles/lcm-buftest-sender.dir/buftest-sender.c.o[0m
[2.936s] [ 49%] [32mBuilding C object third_part/lcm/liblcm-test/CMakeFiles/lcm-example.dir/lcm-example.c.o[0m
[2.947s] [ 50%] [32m[1mLinking C executable lcm-gen[0m
[2.963s] [ 51%] [32m[1mLinking C executable lcm-sink[0m
[2.985s] [ 52%] [32m[1mLinking C executable lcm-example[0m
[2.996s] [ 52%] Built target lcm-gen
[2.998s] [ 53%] [32m[1mLinking C executable lcm-logplayer[0m
[2.998s] [ 54%] [32m[1mLinking C executable lcm-source[0m
[3.003s] [ 55%] [32m[1mLinking C executable lcm-buftest-receiver[0m
[3.009s] [ 56%] [32m[1mLinking C executable lcm-buftest-sender[0m
[3.016s] [ 57%] [32m[1mLinking C executable lcm-tester[0m
[3.017s] [ 57%] Built target lcm-sink
[3.033s] [ 58%] [32m[1mLinking C executable lcm-logfilter[0m
[3.033s] [ 58%] Built target lcm-source
[3.034s] [ 58%] Built target lcm-logplayer
[3.035s] [ 58%] Built target lcm-buftest-receiver
[3.035s] [ 58%] Built target lcm-example
[3.036s] [ 58%] Built target lcm-buftest-sender
[3.047s] [ 58%] Built target lcm-tester
[3.062s] [ 58%] Built target lcm-logfilter
[3.077s] [ 59%] [32m[1mLinking C executable lcm-logger[0m
[3.111s] [ 59%] Built target lcm-logger
[3.151s] [ 60%] [32m[1mLinking CXX shared library libserial_cmake.so[0m
[3.194s] [ 60%] Built target serial_cmake
[3.208s] [ 61%] [32mBuilding CXX object CMakeFiles/hightorque_robot.dir/src/crc/crc16.cpp.o[0m
[3.208s] [ 62%] [32mBuilding CXX object CMakeFiles/hightorque_robot.dir/src/panthera/Panthera.cpp.o[0m
[3.209s] [ 63%] [32mBuilding CXX object CMakeFiles/hightorque_robot.dir/src/serial_driver.cpp.o[0m
[3.209s] [ 66%] [32mBuilding CXX object CMakeFiles/hightorque_robot.dir/src/hardware/canport.cpp.o[0m
[3.209s] [ 66%] [32mBuilding CXX object CMakeFiles/hightorque_robot.dir/src/parse_robot_params.cpp.o[0m
[3.209s] [ 66%] [32mBuilding CXX object CMakeFiles/hightorque_robot.dir/src/hardware/motor.cpp.o[0m
[3.209s] [ 67%] [32mBuilding CXX object CMakeFiles/hightorque_robot.dir/src/hardware/canboard.cpp.o[0m
[3.210s] [ 68%] [32mBuilding CXX object CMakeFiles/hightorque_robot.dir/src/hardware/robot.cpp.o[0m
[3.210s] [ 69%] [32mBuilding CXX object CMakeFiles/hightorque_robot.dir/src/crc/crc8.cpp.o[0m
[5.287s] [ 70%] [32m[1mLinking CXX shared library libhightorque_robot.so[0m
[5.338s] [ 70%] Built target hightorque_robot
[5.351s] [ 72%] [32mBuilding CXX object CMakeFiles/motor_feedack.dir/example/motor_feedack.cpp.o[0m
[5.351s] [ 72%] [32mBuilding CXX object CMakeFiles/motor_set_zero.dir/example/motor_set_zero.cpp.o[0m
[5.351s] [ 73%] [32mBuilding CXX object CMakeFiles/3_cartesian_impedance_control.dir/examples/3_cartesian_impedance_control.cpp.o[0m
[5.351s] [ 74%] [32mBuilding CXX object CMakeFiles/pure_cartesian_impedance_control.dir/examples/pure_cartesian_impedance_control.cpp.o[0m
[5.352s] [ 75%] [32mBuilding CXX object CMakeFiles/1_PosVel_control.dir/examples/1_PosVel_control.cpp.o[0m
[5.352s] [ 76%] [32mBuilding CXX object CMakeFiles/2_joint_impedance_control.dir/examples/2_joint_impedance_control.cpp.o[0m
[5.352s] [ 77%] [32mBuilding CXX object CMakeFiles/0_robot_get_state.dir/examples/0_robot_get_state.cpp.o[0m
[5.352s] [ 78%] [32mBuilding CXX object CMakeFiles/parse_demo.dir/example/parse_demo.cpp.o[0m
[5.352s] [ 79%] [32mBuilding CXX object CMakeFiles/motor_move_zero.dir/example/motor_move_zero.cpp.o[0m
[5.353s] [ 80%] [32mBuilding CXX object CMakeFiles/canboard_update.dir/example/canboard_update.cpp.o[0m
[5.354s] [ 82%] [32mBuilding CXX object CMakeFiles/motor_run.dir/example/motor_run.cpp.o[0m
[5.354s] [ 82%] [32mBuilding CXX object CMakeFiles/1_PD_control.dir/examples/1_PD_control.cpp.o[0m
[5.355s] [ 83%] [32mBuilding CXX object CMakeFiles/motor_msg_subscriber.dir/example/motor_msg_subscriber.cpp.o[0m
[5.355s] [ 84%] [32mBuilding CXX object CMakeFiles/0_robot_set_zero.dir/examples/0_robot_set_zero.cpp.o[0m
[5.358s] [ 85%] [32mBuilding CXX object CMakeFiles/cartesian_impedance_ab_motion.dir/examples/cartesian_impedance_ab_motion.cpp.o[0m
[5.843s] [ 86%] [32m[1mLinking CXX executable motor_msg_subscriber[0m
[5.923s] [ 86%] Built target motor_msg_subscriber
[6.045s] [ 87%] [32m[1mLinking CXX executable motor_move_zero[0m
[6.063s] [ 88%] [32m[1mLinking CXX executable 0_robot_get_state[0m
[6.079s] [ 89%] [32m[1mLinking CXX executable 1_PD_control[0m
[6.109s] [ 90%] [32m[1mLinking CXX executable 0_robot_set_zero[0m
[6.113s] [ 91%] [32m[1mLinking CXX executable parse_demo[0m
[6.116s] [ 91%] Built target 0_robot_get_state
[6.126s] [ 91%] Built target motor_move_zero
[6.136s] [ 91%] Built target 1_PD_control
[6.166s] [ 91%] Built target 0_robot_set_zero
[6.166s] [ 91%] Built target parse_demo
[6.175s] [ 92%] [32m[1mLinking CXX executable motor_run[0m
[6.221s] [ 92%] Built target motor_run
[6.325s] [ 93%] [32m[1mLinking CXX executable canboard_update[0m
[6.337s] [ 94%] [32m[1mLinking CXX executable motor_feedack[0m
[6.370s] [ 95%] [32m[1mLinking CXX executable 1_PosVel_control[0m
[6.373s] [ 95%] Built target canboard_update
[6.388s] [ 95%] Built target motor_feedack
[6.413s] [ 95%] Built target 1_PosVel_control
[6.431s] [ 96%] [32m[1mLinking CXX executable motor_set_zero[0m
[6.482s] [ 96%] Built target motor_set_zero
[11.009s] [ 97%] [32m[1mLinking CXX executable 2_joint_impedance_control[0m
[11.065s] [ 97%] Built target 2_joint_impedance_control
[16.791s] [ 98%] [32m[1mLinking CXX executable pure_cartesian_impedance_control[0m
[16.815s] [ 99%] [32m[1mLinking CXX executable 3_cartesian_impedance_control[0m
[16.838s] [100%] [32m[1mLinking CXX executable cartesian_impedance_ab_motion[0m
[16.843s] [100%] Built target pure_cartesian_impedance_control
[16.867s] [100%] Built target 3_cartesian_impedance_control
[16.894s] [100%] Built target cartesian_impedance_ab_motion
