[  1%] Generating type hashes for ROS interfaces
[  1%] Built target ament_cmake_python_copy_panthera_interfaces
running egg_info
writing panthera_interfaces.egg-info/PKG-INFO
writing dependency_links to panthera_interfaces.egg-info/dependency_links.txt
writing top-level names to panthera_interfaces.egg-info/top_level.txt
reading manifest file 'panthera_interfaces.egg-info/SOURCES.txt'
writing manifest file 'panthera_interfaces.egg-info/SOURCES.txt'
[  1%] Built target ament_cmake_python_build_panthera_interfaces_egg
[  1%] Built target panthera_interfaces__rosidl_generator_type_description
[  2%] Generating C code for ROS interfaces
[  2%] Generating C++ code for ROS interfaces
[  2%] Built target panthera_interfaces__cpp
[  3%] Building C object CMakeFiles/panthera_interfaces__rosidl_generator_c.dir/rosidl_generator_c/panthera_interfaces/msg/detail/arm_pose__type_support.c.o
[  3%] Building C object CMakeFiles/panthera_interfaces__rosidl_generator_c.dir/rosidl_generator_c/panthera_interfaces/msg/detail/arm_pose__description.c.o
[  4%] Building C object CMakeFiles/panthera_interfaces__rosidl_generator_c.dir/rosidl_generator_c/panthera_interfaces/msg/detail/arm_status__functions.c.o
[  5%] Building C object CMakeFiles/panthera_interfaces__rosidl_generator_c.dir/rosidl_generator_c/panthera_interfaces/msg/detail/end_pose_euler__description.c.o
[  6%] Building C object CMakeFiles/panthera_interfaces__rosidl_generator_c.dir/rosidl_generator_c/panthera_interfaces/msg/detail/pos_cmd__functions.c.o
[  7%] Building C object CMakeFiles/panthera_interfaces__rosidl_generator_c.dir/rosidl_generator_c/panthera_interfaces/msg/detail/arm_pose__functions.c.o
[  8%] Building C object CMakeFiles/panthera_interfaces__rosidl_generator_c.dir/rosidl_generator_c/panthera_interfaces/msg/detail/arm_status__description.c.o
[  9%] Building C object CMakeFiles/panthera_interfaces__rosidl_generator_c.dir/rosidl_generator_c/panthera_interfaces/srv/detail/move_to_joint__functions.c.o
[ 10%] Building C object CMakeFiles/panthera_interfaces__rosidl_generator_c.dir/rosidl_generator_c/panthera_interfaces/msg/detail/arm_status__type_support.c.o
[ 11%] Building C object CMakeFiles/panthera_interfaces__rosidl_generator_c.dir/rosidl_generator_c/panthera_interfaces/msg/detail/pos_cmd__description.c.o
[ 11%] Building C object CMakeFiles/panthera_interfaces__rosidl_generator_c.dir/rosidl_generator_c/panthera_interfaces/msg/detail/end_pose_euler__functions.c.o
[ 12%] Building C object CMakeFiles/panthera_interfaces__rosidl_generator_c.dir/rosidl_generator_c/panthera_interfaces/srv/detail/move_to_pose__functions.c.o
[ 12%] Building C object CMakeFiles/panthera_interfaces__rosidl_generator_c.dir/rosidl_generator_c/panthera_interfaces/srv/detail/move_to_pose__type_support.c.o
[ 13%] Building C object CMakeFiles/panthera_interfaces__rosidl_generator_c.dir/rosidl_generator_c/panthera_interfaces/msg/detail/end_pose_euler__type_support.c.o
[ 14%] Building C object CMakeFiles/panthera_interfaces__rosidl_generator_c.dir/rosidl_generator_c/panthera_interfaces/msg/detail/pos_cmd__type_support.c.o
[ 15%] Building C object CMakeFiles/panthera_interfaces__rosidl_generator_c.dir/rosidl_generator_c/panthera_interfaces/srv/detail/gripper_control__type_support.c.o
[ 15%] Building C object CMakeFiles/panthera_interfaces__rosidl_generator_c.dir/rosidl_generator_c/panthera_interfaces/srv/detail/move_to_joint__description.c.o
[ 17%] Building C object CMakeFiles/panthera_interfaces__rosidl_generator_c.dir/rosidl_generator_c/panthera_interfaces/srv/detail/gripper_control__description.c.o
[ 17%] Building C object CMakeFiles/panthera_interfaces__rosidl_generator_c.dir/rosidl_generator_c/panthera_interfaces/srv/detail/enable__description.c.o
[ 18%] Building C object CMakeFiles/panthera_interfaces__rosidl_generator_c.dir/rosidl_generator_c/panthera_interfaces/srv/detail/go_zero__type_support.c.o
[ 21%] Building C object CMakeFiles/panthera_interfaces__rosidl_generator_c.dir/rosidl_generator_c/panthera_interfaces/srv/detail/go_zero__functions.c.o
[ 21%] Building C object CMakeFiles/panthera_interfaces__rosidl_generator_c.dir/rosidl_generator_c/panthera_interfaces/srv/detail/gripper_control__functions.c.o
[ 21%] Building C object CMakeFiles/panthera_interfaces__rosidl_generator_c.dir/rosidl_generator_c/panthera_interfaces/srv/detail/go_zero__description.c.o
[ 22%] Building C object CMakeFiles/panthera_interfaces__rosidl_generator_c.dir/rosidl_generator_c/panthera_interfaces/srv/detail/move_to_pose__description.c.o
[ 23%] Building C object CMakeFiles/panthera_interfaces__rosidl_generator_c.dir/rosidl_generator_c/panthera_interfaces/srv/detail/gripper_srv__description.c.o
[ 24%] Building C object CMakeFiles/panthera_interfaces__rosidl_generator_c.dir/rosidl_generator_c/panthera_interfaces/srv/detail/move_to_joint__type_support.c.o
[ 25%] Building C object CMakeFiles/panthera_interfaces__rosidl_generator_c.dir/rosidl_generator_c/panthera_interfaces/srv/detail/enable__type_support.c.o
[ 25%] Building C object CMakeFiles/panthera_interfaces__rosidl_generator_c.dir/rosidl_generator_c/panthera_interfaces/srv/detail/enable__functions.c.o
[ 26%] Building C object CMakeFiles/panthera_interfaces__rosidl_generator_c.dir/rosidl_generator_c/panthera_interfaces/srv/detail/gripper_srv__type_support.c.o
[ 26%] Building C object CMakeFiles/panthera_interfaces__rosidl_generator_c.dir/rosidl_generator_c/panthera_interfaces/srv/detail/gripper_srv__functions.c.o
[ 27%] Linking C shared library libpanthera_interfaces__rosidl_generator_c.so
[ 27%] Built target panthera_interfaces__rosidl_generator_c
[ 28%] Generating C introspection for ROS interfaces
[ 29%] Generating C++ introspection for ROS interfaces
[ 30%] Generating C++ type support dispatch for ROS interfaces
[ 30%] Generating C++ type support for eProsima Fast-RTPS
[ 31%] Generating C type support for eProsima Fast-RTPS
[ 30%] Generating C type support dispatch for ROS interfaces
[ 34%] Building CXX object CMakeFiles/panthera_interfaces__rosidl_typesupport_c.dir/rosidl_typesupport_c/panthera_interfaces/srv/move_to_joint__type_support.cpp.o
[ 34%] Building CXX object CMakeFiles/panthera_interfaces__rosidl_typesupport_c.dir/rosidl_typesupport_c/panthera_interfaces/msg/pos_cmd__type_support.cpp.o
[ 34%] Building CXX object CMakeFiles/panthera_interfaces__rosidl_typesupport_c.dir/rosidl_typesupport_c/panthera_interfaces/srv/enable__type_support.cpp.o
[ 34%] Building CXX object CMakeFiles/panthera_interfaces__rosidl_typesupport_c.dir/rosidl_typesupport_c/panthera_interfaces/srv/move_to_pose__type_support.cpp.o
[ 36%] Building CXX object CMakeFiles/panthera_interfaces__rosidl_typesupport_c.dir/rosidl_typesupport_c/panthera_interfaces/msg/arm_pose__type_support.cpp.o
[ 36%] Building CXX object CMakeFiles/panthera_interfaces__rosidl_typesupport_c.dir/rosidl_typesupport_c/panthera_interfaces/msg/arm_status__type_support.cpp.o
[ 37%] Building CXX object CMakeFiles/panthera_interfaces__rosidl_typesupport_c.dir/rosidl_typesupport_c/panthera_interfaces/msg/end_pose_euler__type_support.cpp.o
[ 38%] Building CXX object CMakeFiles/panthera_interfaces__rosidl_typesupport_c.dir/rosidl_typesupport_c/panthera_interfaces/srv/gripper_control__type_support.cpp.o
[ 39%] Building CXX object CMakeFiles/panthera_interfaces__rosidl_typesupport_c.dir/rosidl_typesupport_c/panthera_interfaces/srv/go_zero__type_support.cpp.o
[ 39%] Building CXX object CMakeFiles/panthera_interfaces__rosidl_typesupport_c.dir/rosidl_typesupport_c/panthera_interfaces/srv/gripper_srv__type_support.cpp.o
[ 40%] Building CXX object CMakeFiles/panthera_interfaces__rosidl_typesupport_cpp.dir/rosidl_typesupport_cpp/panthera_interfaces/msg/end_pose_euler__type_support.cpp.o
[ 43%] Building CXX object CMakeFiles/panthera_interfaces__rosidl_typesupport_cpp.dir/rosidl_typesupport_cpp/panthera_interfaces/srv/move_to_joint__type_support.cpp.o
[ 43%] Building CXX object CMakeFiles/panthera_interfaces__rosidl_typesupport_cpp.dir/rosidl_typesupport_cpp/panthera_interfaces/srv/move_to_pose__type_support.cpp.o
[ 43%] Building CXX object CMakeFiles/panthera_interfaces__rosidl_typesupport_cpp.dir/rosidl_typesupport_cpp/panthera_interfaces/msg/pos_cmd__type_support.cpp.o
[ 43%] Building CXX object CMakeFiles/panthera_interfaces__rosidl_typesupport_cpp.dir/rosidl_typesupport_cpp/panthera_interfaces/srv/gripper_control__type_support.cpp.o
[ 46%] Building CXX object CMakeFiles/panthera_interfaces__rosidl_typesupport_cpp.dir/rosidl_typesupport_cpp/panthera_interfaces/msg/arm_status__type_support.cpp.o
[ 46%] Building CXX object CMakeFiles/panthera_interfaces__rosidl_typesupport_cpp.dir/rosidl_typesupport_cpp/panthera_interfaces/srv/gripper_srv__type_support.cpp.o
[ 46%] Building CXX object CMakeFiles/panthera_interfaces__rosidl_typesupport_cpp.dir/rosidl_typesupport_cpp/panthera_interfaces/msg/arm_pose__type_support.cpp.o
[ 47%] Building CXX object CMakeFiles/panthera_interfaces__rosidl_typesupport_cpp.dir/rosidl_typesupport_cpp/panthera_interfaces/srv/enable__type_support.cpp.o
[ 47%] Building CXX object CMakeFiles/panthera_interfaces__rosidl_typesupport_cpp.dir/rosidl_typesupport_cpp/panthera_interfaces/srv/go_zero__type_support.cpp.o
[ 48%] Linking CXX shared library libpanthera_interfaces__rosidl_typesupport_c.so
[ 48%] Built target panthera_interfaces__rosidl_typesupport_c
[ 55%] Building CXX object CMakeFiles/panthera_interfaces__rosidl_typesupport_introspection_cpp.dir/rosidl_typesupport_introspection_cpp/panthera_interfaces/srv/detail/gripper_control__type_support.cpp.o
[ 55%] Building CXX object CMakeFiles/panthera_interfaces__rosidl_typesupport_introspection_cpp.dir/rosidl_typesupport_introspection_cpp/panthera_interfaces/srv/detail/move_to_pose__type_support.cpp.o
[ 55%] Building CXX object CMakeFiles/panthera_interfaces__rosidl_typesupport_introspection_cpp.dir/rosidl_typesupport_introspection_cpp/panthera_interfaces/srv/detail/go_zero__type_support.cpp.o
[ 55%] Building CXX object CMakeFiles/panthera_interfaces__rosidl_typesupport_introspection_cpp.dir/rosidl_typesupport_introspection_cpp/panthera_interfaces/msg/detail/arm_status__type_support.cpp.o
[ 55%] Building CXX object CMakeFiles/panthera_interfaces__rosidl_typesupport_introspection_cpp.dir/rosidl_typesupport_introspection_cpp/panthera_interfaces/msg/detail/pos_cmd__type_support.cpp.o
[ 55%] Building CXX object CMakeFiles/panthera_interfaces__rosidl_typesupport_introspection_cpp.dir/rosidl_typesupport_introspection_cpp/panthera_interfaces/msg/detail/arm_pose__type_support.cpp.o
[ 55%] Building CXX object CMakeFiles/panthera_interfaces__rosidl_typesupport_introspection_cpp.dir/rosidl_typesupport_introspection_cpp/panthera_interfaces/msg/detail/end_pose_euler__type_support.cpp.o
[ 55%] Building CXX object CMakeFiles/panthera_interfaces__rosidl_typesupport_introspection_cpp.dir/rosidl_typesupport_introspection_cpp/panthera_interfaces/srv/detail/gripper_srv__type_support.cpp.o
[ 55%] Building CXX object CMakeFiles/panthera_interfaces__rosidl_typesupport_introspection_cpp.dir/rosidl_typesupport_introspection_cpp/panthera_interfaces/srv/detail/move_to_joint__type_support.cpp.o
[ 56%] Building CXX object CMakeFiles/panthera_interfaces__rosidl_typesupport_introspection_cpp.dir/rosidl_typesupport_introspection_cpp/panthera_interfaces/srv/detail/enable__type_support.cpp.o
[ 59%] Building C object CMakeFiles/panthera_interfaces__rosidl_typesupport_introspection_c.dir/rosidl_typesupport_introspection_c/panthera_interfaces/srv/detail/enable__type_support.c.o
[ 61%] Building C object CMakeFiles/panthera_interfaces__rosidl_typesupport_introspection_c.dir/rosidl_typesupport_introspection_c/panthera_interfaces/srv/detail/move_to_pose__type_support.c.o
[ 59%] Building C object CMakeFiles/panthera_interfaces__rosidl_typesupport_introspection_c.dir/rosidl_typesupport_introspection_c/panthera_interfaces/msg/detail/pos_cmd__type_support.c.o
[ 59%] Building C object CMakeFiles/panthera_interfaces__rosidl_typesupport_introspection_c.dir/rosidl_typesupport_introspection_c/panthera_interfaces/srv/detail/go_zero__type_support.c.o
[ 59%] Building C object CMakeFiles/panthera_interfaces__rosidl_typesupport_introspection_c.dir/rosidl_typesupport_introspection_c/panthera_interfaces/msg/detail/end_pose_euler__type_support.c.o
[ 59%] Building C object CMakeFiles/panthera_interfaces__rosidl_typesupport_introspection_c.dir/rosidl_typesupport_introspection_c/panthera_interfaces/msg/detail/arm_status__type_support.c.o
[ 63%] Building C object CMakeFiles/panthera_interfaces__rosidl_typesupport_introspection_c.dir/rosidl_typesupport_introspection_c/panthera_interfaces/msg/detail/arm_pose__type_support.c.o
[ 63%] Building C object CMakeFiles/panthera_interfaces__rosidl_typesupport_introspection_c.dir/rosidl_typesupport_introspection_c/panthera_interfaces/srv/detail/gripper_control__type_support.c.o
[ 63%] Building C object CMakeFiles/panthera_interfaces__rosidl_typesupport_introspection_c.dir/rosidl_typesupport_introspection_c/panthera_interfaces/srv/detail/move_to_joint__type_support.c.o
[ 64%] Building C object CMakeFiles/panthera_interfaces__rosidl_typesupport_introspection_c.dir/rosidl_typesupport_introspection_c/panthera_interfaces/srv/detail/gripper_srv__type_support.c.o
[ 65%] Linking C shared library libpanthera_interfaces__rosidl_typesupport_introspection_c.so
[ 65%] Built target panthera_interfaces__rosidl_typesupport_introspection_c
[ 66%] Linking CXX shared library libpanthera_interfaces__rosidl_typesupport_cpp.so
[ 66%] Built target panthera_interfaces__rosidl_typesupport_cpp
[ 68%] Building CXX object CMakeFiles/panthera_interfaces__rosidl_typesupport_fastrtps_cpp.dir/rosidl_typesupport_fastrtps_cpp/panthera_interfaces/msg/detail/dds_fastrtps/arm_status__type_support.cpp.o
[ 68%] Building CXX object CMakeFiles/panthera_interfaces__rosidl_typesupport_fastrtps_cpp.dir/rosidl_typesupport_fastrtps_cpp/panthera_interfaces/msg/detail/dds_fastrtps/arm_pose__type_support.cpp.o
[ 69%] Building CXX object CMakeFiles/panthera_interfaces__rosidl_typesupport_fastrtps_cpp.dir/rosidl_typesupport_fastrtps_cpp/panthera_interfaces/srv/detail/dds_fastrtps/gripper_control__type_support.cpp.o
[ 70%] Building CXX object CMakeFiles/panthera_interfaces__rosidl_typesupport_fastrtps_cpp.dir/rosidl_typesupport_fastrtps_cpp/panthera_interfaces/srv/detail/dds_fastrtps/go_zero__type_support.cpp.o
[ 73%] Building CXX object CMakeFiles/panthera_interfaces__rosidl_typesupport_fastrtps_cpp.dir/rosidl_typesupport_fastrtps_cpp/panthera_interfaces/srv/detail/dds_fastrtps/move_to_joint__type_support.cpp.o
[ 73%] Building CXX object CMakeFiles/panthera_interfaces__rosidl_typesupport_fastrtps_cpp.dir/rosidl_typesupport_fastrtps_cpp/panthera_interfaces/msg/detail/dds_fastrtps/end_pose_euler__type_support.cpp.o
[ 73%] Building CXX object CMakeFiles/panthera_interfaces__rosidl_typesupport_fastrtps_cpp.dir/rosidl_typesupport_fastrtps_cpp/panthera_interfaces/msg/detail/dds_fastrtps/pos_cmd__type_support.cpp.o
[ 73%] Building CXX object CMakeFiles/panthera_interfaces__rosidl_typesupport_fastrtps_cpp.dir/rosidl_typesupport_fastrtps_cpp/panthera_interfaces/srv/detail/dds_fastrtps/move_to_pose__type_support.cpp.o
[ 74%] Building CXX object CMakeFiles/panthera_interfaces__rosidl_typesupport_fastrtps_cpp.dir/rosidl_typesupport_fastrtps_cpp/panthera_interfaces/srv/detail/dds_fastrtps/gripper_srv__type_support.cpp.o
[ 75%] Building CXX object CMakeFiles/panthera_interfaces__rosidl_typesupport_fastrtps_cpp.dir/rosidl_typesupport_fastrtps_cpp/panthera_interfaces/srv/detail/dds_fastrtps/enable__type_support.cpp.o
[ 76%] Linking CXX shared library libpanthera_interfaces__rosidl_typesupport_introspection_cpp.so
[ 77%] Building CXX object CMakeFiles/panthera_interfaces__rosidl_typesupport_fastrtps_c.dir/rosidl_typesupport_fastrtps_c/panthera_interfaces/msg/detail/pos_cmd__type_support_c.cpp.o
[ 82%] Building CXX object CMakeFiles/panthera_interfaces__rosidl_typesupport_fastrtps_c.dir/rosidl_typesupport_fastrtps_c/panthera_interfaces/srv/detail/move_to_joint__type_support_c.cpp.o
[ 82%] Building CXX object CMakeFiles/panthera_interfaces__rosidl_typesupport_fastrtps_c.dir/rosidl_typesupport_fastrtps_c/panthera_interfaces/msg/detail/end_pose_euler__type_support_c.cpp.o
[ 82%] Building CXX object CMakeFiles/panthera_interfaces__rosidl_typesupport_fastrtps_c.dir/rosidl_typesupport_fastrtps_c/panthera_interfaces/msg/detail/arm_status__type_support_c.cpp.o
[ 82%] Building CXX object CMakeFiles/panthera_interfaces__rosidl_typesupport_fastrtps_c.dir/rosidl_typesupport_fastrtps_c/panthera_interfaces/srv/detail/gripper_control__type_support_c.cpp.o
[ 82%] Building CXX object CMakeFiles/panthera_interfaces__rosidl_typesupport_fastrtps_c.dir/rosidl_typesupport_fastrtps_c/panthera_interfaces/msg/detail/arm_pose__type_support_c.cpp.o
[ 82%] Building CXX object CMakeFiles/panthera_interfaces__rosidl_typesupport_fastrtps_c.dir/rosidl_typesupport_fastrtps_c/panthera_interfaces/srv/detail/move_to_pose__type_support_c.cpp.o
[ 82%] Building CXX object CMakeFiles/panthera_interfaces__rosidl_typesupport_fastrtps_c.dir/rosidl_typesupport_fastrtps_c/panthera_interfaces/srv/detail/enable__type_support_c.cpp.o
[ 83%] Building CXX object CMakeFiles/panthera_interfaces__rosidl_typesupport_fastrtps_c.dir/rosidl_typesupport_fastrtps_c/panthera_interfaces/srv/detail/gripper_srv__type_support_c.cpp.o
[ 84%] Building CXX object CMakeFiles/panthera_interfaces__rosidl_typesupport_fastrtps_c.dir/rosidl_typesupport_fastrtps_c/panthera_interfaces/srv/detail/go_zero__type_support_c.cpp.o
[ 84%] Built target panthera_interfaces__rosidl_typesupport_introspection_cpp
[ 85%] Linking CXX shared library libpanthera_interfaces__rosidl_typesupport_fastrtps_c.so
[ 85%] Linking CXX shared library libpanthera_interfaces__rosidl_typesupport_fastrtps_cpp.so
[ 85%] Built target panthera_interfaces__rosidl_typesupport_fastrtps_c
[ 85%] Built target panthera_interfaces__rosidl_typesupport_fastrtps_cpp
[ 85%] Built target panthera_interfaces
[ 86%] Generating Python code for ROS interfaces
[ 86%] Built target panthera_interfaces__py
[ 86%] Building C object CMakeFiles/panthera_interfaces__rosidl_generator_py.dir/rosidl_generator_py/panthera_interfaces/msg/_end_pose_euler_s.c.o
[ 87%] Building C object CMakeFiles/panthera_interfaces__rosidl_generator_py.dir/rosidl_generator_py/panthera_interfaces/srv/_gripper_control_s.c.o
[ 87%] Building C object CMakeFiles/panthera_interfaces__rosidl_generator_py.dir/rosidl_generator_py/panthera_interfaces/srv/_enable_s.c.o
[ 88%] Building C object CMakeFiles/panthera_interfaces__rosidl_generator_py.dir/rosidl_generator_py/panthera_interfaces/srv/_go_zero_s.c.o
[ 89%] Building C object CMakeFiles/panthera_interfaces__rosidl_generator_py.dir/rosidl_generator_py/panthera_interfaces/srv/_gripper_srv_s.c.o
[ 90%] Building C object CMakeFiles/panthera_interfaces__rosidl_generator_py.dir/rosidl_generator_py/panthera_interfaces/msg/_arm_status_s.c.o
[ 91%] Building C object CMakeFiles/panthera_interfaces__rosidl_generator_py.dir/rosidl_generator_py/panthera_interfaces/msg/_arm_pose_s.c.o
[ 92%] Building C object CMakeFiles/panthera_interfaces__rosidl_generator_py.dir/rosidl_generator_py/panthera_interfaces/srv/_move_to_joint_s.c.o
[ 93%] Building C object CMakeFiles/panthera_interfaces__rosidl_generator_py.dir/rosidl_generator_py/panthera_interfaces/msg/_pos_cmd_s.c.o
[ 94%] Building C object CMakeFiles/panthera_interfaces__rosidl_generator_py.dir/rosidl_generator_py/panthera_interfaces/srv/_move_to_pose_s.c.o
[ 95%] Linking C shared library libpanthera_interfaces__rosidl_generator_py.so
[ 95%] Built target panthera_interfaces__rosidl_generator_py
[ 96%] Building C object CMakeFiles/panthera_interfaces_s__rosidl_typesupport_c.dir/rosidl_generator_py/panthera_interfaces/_panthera_interfaces_s.ep.rosidl_typesupport_c.c.o
[ 96%] Building C object CMakeFiles/panthera_interfaces_s__rosidl_typesupport_fastrtps_c.dir/rosidl_generator_py/panthera_interfaces/_panthera_interfaces_s.ep.rosidl_typesupport_fastrtps_c.c.o
[ 97%] Building C object CMakeFiles/panthera_interfaces_s__rosidl_typesupport_introspection_c.dir/rosidl_generator_py/panthera_interfaces/_panthera_interfaces_s.ep.rosidl_typesupport_introspection_c.c.o
[ 99%] Linking C shared module rosidl_generator_py/panthera_interfaces/panthera_interfaces_s__rosidl_typesupport_introspection_c.so
[ 99%] Linking C shared module rosidl_generator_py/panthera_interfaces/panthera_interfaces_s__rosidl_typesupport_c.so
[100%] Linking C shared module rosidl_generator_py/panthera_interfaces/panthera_interfaces_s__rosidl_typesupport_fastrtps_c.so
[100%] Built target panthera_interfaces_s__rosidl_typesupport_introspection_c
[100%] Built target panthera_interfaces_s__rosidl_typesupport_fastrtps_c
[100%] Built target panthera_interfaces_s__rosidl_typesupport_c
-- Install configuration: ""
-- Installing: /home/tk/robot_manipulator/Panthera-HT_ROS2_Jazzy/install/panthera_interfaces/share/ament_index/resource_index/rosidl_interfaces/panthera_interfaces
-- Installing: /home/tk/robot_manipulator/Panthera-HT_ROS2_Jazzy/install/panthera_interfaces/share/panthera_interfaces/msg/ArmPose.json
-- Installing: /home/tk/robot_manipulator/Panthera-HT_ROS2_Jazzy/install/panthera_interfaces/share/panthera_interfaces/msg/ArmStatus.json
-- Installing: /home/tk/robot_manipulator/Panthera-HT_ROS2_Jazzy/install/panthera_interfaces/share/panthera_interfaces/msg/EndPoseEuler.json
-- Installing: /home/tk/robot_manipulator/Panthera-HT_ROS2_Jazzy/install/panthera_interfaces/share/panthera_interfaces/msg/PosCmd.json
-- Installing: /home/tk/robot_manipulator/Panthera-HT_ROS2_Jazzy/install/panthera_interfaces/share/panthera_interfaces/srv/MoveToJoint.json
-- Installing: /home/tk/robot_manipulator/Panthera-HT_ROS2_Jazzy/install/panthera_interfaces/share/panthera_interfaces/srv/MoveToPose.json
-- Installing: /home/tk/robot_manipulator/Panthera-HT_ROS2_Jazzy/install/panthera_interfaces/share/panthera_interfaces/srv/GripperControl.json
-- Installing: /home/tk/robot_manipulator/Panthera-HT_ROS2_Jazzy/install/panthera_interfaces/share/panthera_interfaces/srv/Enable.json
-- Installing: /home/tk/robot_manipulator/Panthera-HT_ROS2_Jazzy/install/panthera_interfaces/share/panthera_interfaces/srv/GoZero.json
-- Installing: /home/tk/robot_manipulator/Panthera-HT_ROS2_Jazzy/install/panthera_interfaces/share/panthera_interfaces/srv/GripperSrv.json
-- Installing: /home/tk/robot_manipulator/Panthera-HT_ROS2_Jazzy/install/panthera_interfaces/include/panthera_interfaces/panthera_interfaces
-- Installing: /home/tk/robot_manipulator/Panthera-HT_ROS2_Jazzy/install/panthera_interfaces/include/panthera_interfaces/panthera_interfaces/msg
-- Installing: /home/tk/robot_manipulator/Panthera-HT_ROS2_Jazzy/install/panthera_interfaces/include/panthera_interfaces/panthera_interfaces/msg/detail
-- Installing: /home/tk/robot_manipulator/Panthera-HT_ROS2_Jazzy/install/panthera_interfaces/include/panthera_interfaces/panthera_interfaces/msg/detail/end_pose_euler__type_support.c
-- Installing: /home/tk/robot_manipulator/Panthera-HT_ROS2_Jazzy/install/panthera_interfaces/include/panthera_interfaces/panthera_interfaces/msg/detail/end_pose_euler__type_support.h
-- Installing: /home/tk/robot_manipulator/Panthera-HT_ROS2_Jazzy/install/panthera_interfaces/include/panthera_interfaces/panthera_interfaces/msg/detail/pos_cmd__functions.c
-- Installing: /home/tk/robot_manipulator/Panthera-HT_ROS2_Jazzy/install/panthera_interfaces/include/panthera_interfaces/panthera_interfaces/msg/detail/arm_pose__type_support.c
-- Installing: /home/tk/robot_manipulator/Panthera-HT_ROS2_Jazzy/install/panthera_interfaces/include/panthera_interfaces/panthera_interfaces/msg/detail/arm_pose__struct.h
-- Installing: /home/tk/robot_manipulator/Panthera-HT_ROS2_Jazzy/install/panthera_interfaces/include/panthera_interfaces/panthera_interfaces/msg/detail/arm_status__type_support.h
-- Installing: /home/tk/robot_manipulator/Panthera-HT_ROS2_Jazzy/install/panthera_interfaces/include/panthera_interfaces/panthera_interfaces/msg/detail/pos_cmd__type_support.h
-- Installing: /home/tk/robot_manipulator/Panthera-HT_ROS2_Jazzy/install/panthera_interfaces/include/panthera_interfaces/panthera_interfaces/msg/detail/pos_cmd__description.c
-- Installing: /home/tk/robot_manipulator/Panthera-HT_ROS2_Jazzy/install/panthera_interfaces/include/panthera_interfaces/panthera_interfaces/msg/detail/arm_status__struct.h
-- Installing: /home/tk/robot_manipulator/Panthera-HT_ROS2_Jazzy/install/panthera_interfaces/include/panthera_interfaces/panthera_interfaces/msg/detail/arm_pose__functions.c
-- Installing: /home/tk/robot_manipulator/Panthera-HT_ROS2_Jazzy/install/panthera_interfaces/include/panthera_interfaces/panthera_interfaces/msg/detail/arm_status__type_support.c
-- Installing: /home/tk/robot_manipulator/Panthera-HT_ROS2_Jazzy/install/panthera_interfaces/include/panthera_interfaces/panthera_interfaces/msg/detail/end_pose_euler__functions.h
-- Installing: /home/tk/robot_manipulator/Panthera-HT_ROS2_Jazzy/install/panthera_interfaces/include/panthera_interfaces/panthera_interfaces/msg/detail/arm_pose__functions.h
-- Installing: /home/tk/robot_manipulator/Panthera-HT_ROS2_Jazzy/install/panthera_interfaces/include/panthera_interfaces/panthera_interfaces/msg/detail/arm_status__functions.c
-- Installing: /home/tk/robot_manipulator/Panthera-HT_ROS2_Jazzy/install/panthera_interfaces/include/panthera_interfaces/panthera_interfaces/msg/detail/end_pose_euler__functions.c
-- Installing: /home/tk/robot_manipulator/Panthera-HT_ROS2_Jazzy/install/panthera_interfaces/include/panthera_interfaces/panthera_interfaces/msg/detail/arm_pose__type_support.h
-- Installing: /home/tk/robot_manipulator/Panthera-HT_ROS2_Jazzy/install/panthera_interfaces/include/panthera_interfaces/panthera_interfaces/msg/detail/arm_status__description.c
-- Installing: /home/tk/robot_manipulator/Panthera-HT_ROS2_Jazzy/install/panthera_interfaces/include/panthera_interfaces/panthera_interfaces/msg/detail/pos_cmd__functions.h
-- Installing: /home/tk/robot_manipulator/Panthera-HT_ROS2_Jazzy/install/panthera_interfaces/include/panthera_interfaces/panthera_interfaces/msg/detail/arm_pose__description.c
-- Installing: /home/tk/robot_manipulator/Panthera-HT_ROS2_Jazzy/install/panthera_interfaces/include/panthera_interfaces/panthera_interfaces/msg/detail/end_pose_euler__description.c
-- Installing: /home/tk/robot_manipulator/Panthera-HT_ROS2_Jazzy/install/panthera_interfaces/include/panthera_interfaces/panthera_interfaces/msg/detail/end_pose_euler__struct.h
-- Installing: /home/tk/robot_manipulator/Panthera-HT_ROS2_Jazzy/install/panthera_interfaces/include/panthera_interfaces/panthera_interfaces/msg/detail/arm_status__functions.h
-- Installing: /home/tk/robot_manipulator/Panthera-HT_ROS2_Jazzy/install/panthera_interfaces/include/panthera_interfaces/panthera_interfaces/msg/detail/pos_cmd__type_support.c
-- Installing: /home/tk/robot_manipulator/Panthera-HT_ROS2_Jazzy/install/panthera_interfaces/include/panthera_interfaces/panthera_interfaces/msg/detail/pos_cmd__struct.h
-- Installing: /home/tk/robot_manipulator/Panthera-HT_ROS2_Jazzy/install/panthera_interfaces/include/panthera_interfaces/panthera_interfaces/msg/arm_pose.h
-- Installing: /home/tk/robot_manipulator/Panthera-HT_ROS2_Jazzy/install/panthera_interfaces/include/panthera_interfaces/panthera_interfaces/msg/pos_cmd.h
-- Installing: /home/tk/robot_manipulator/Panthera-HT_ROS2_Jazzy/install/panthera_interfaces/include/panthera_interfaces/panthera_interfaces/msg/rosidl_generator_c__visibility_control.h
-- Installing: /home/tk/robot_manipulator/Panthera-HT_ROS2_Jazzy/install/panthera_interfaces/include/panthera_interfaces/panthera_interfaces/msg/end_pose_euler.h
-- Installing: /home/tk/robot_manipulator/Panthera-HT_ROS2_Jazzy/install/panthera_interfaces/include/panthera_interfaces/panthera_interfaces/msg/arm_status.h
-- Installing: /home/tk/robot_manipulator/Panthera-HT_ROS2_Jazzy/install/panthera_interfaces/include/panthera_interfaces/panthera_interfaces/srv
-- Installing: /home/tk/robot_manipulator/Panthera-HT_ROS2_Jazzy/install/panthera_interfaces/include/panthera_interfaces/panthera_interfaces/srv/detail
-- Installing: /home/tk/robot_manipulator/Panthera-HT_ROS2_Jazzy/install/panthera_interfaces/include/panthera_interfaces/panthera_interfaces/srv/detail/gripper_srv__description.c
-- Installing: /home/tk/robot_manipulator/Panthera-HT_ROS2_Jazzy/install/panthera_interfaces/include/panthera_interfaces/panthera_interfaces/srv/detail/move_to_joint__functions.h
-- Installing: /home/tk/robot_manipulator/Panthera-HT_ROS2_Jazzy/install/panthera_interfaces/include/panthera_interfaces/panthera_interfaces/srv/detail/go_zero__description.c
-- Installing: /home/tk/robot_manipulator/Panthera-HT_ROS2_Jazzy/install/panthera_interfaces/include/panthera_interfaces/panthera_interfaces/srv/detail/move_to_pose__description.c
-- Installing: /home/tk/robot_manipulator/Panthera-HT_ROS2_Jazzy/install/panthera_interfaces/include/panthera_interfaces/panthera_interfaces/srv/detail/move_to_pose__type_support.c
-- Installing: /home/tk/robot_manipulator/Panthera-HT_ROS2_Jazzy/install/panthera_interfaces/include/panthera_interfaces/panthera_interfaces/srv/detail/go_zero__functions.h
-- Installing: /home/tk/robot_manipulator/Panthera-HT_ROS2_Jazzy/install/panthera_interfaces/include/panthera_interfaces/panthera_interfaces/srv/detail/move_to_joint__struct.h
-- Installing: /home/tk/robot_manipulator/Panthera-HT_ROS2_Jazzy/install/panthera_interfaces/include/panthera_interfaces/panthera_interfaces/srv/detail/move_to_joint__description.c
-- Installing: /home/tk/robot_manipulator/Panthera-HT_ROS2_Jazzy/install/panthera_interfaces/include/panthera_interfaces/panthera_interfaces/srv/detail/enable__type_support.c
-- Installing: /home/tk/robot_manipulator/Panthera-HT_ROS2_Jazzy/install/panthera_interfaces/include/panthera_interfaces/panthera_interfaces/srv/detail/enable__functions.h
-- Installing: /home/tk/robot_manipulator/Panthera-HT_ROS2_Jazzy/install/panthera_interfaces/include/panthera_interfaces/panthera_interfaces/srv/detail/move_to_joint__type_support.c
-- Installing: /home/tk/robot_manipulator/Panthera-HT_ROS2_Jazzy/install/panthera_interfaces/include/panthera_interfaces/panthera_interfaces/srv/detail/move_to_pose__functions.c
-- Installing: /home/tk/robot_manipulator/Panthera-HT_ROS2_Jazzy/install/panthera_interfaces/include/panthera_interfaces/panthera_interfaces/srv/detail/gripper_srv__struct.h
-- Installing: /home/tk/robot_manipulator/Panthera-HT_ROS2_Jazzy/install/panthera_interfaces/include/panthera_interfaces/panthera_interfaces/srv/detail/enable__struct.h
-- Installing: /home/tk/robot_manipulator/Panthera-HT_ROS2_Jazzy/install/panthera_interfaces/include/panthera_interfaces/panthera_interfaces/srv/detail/enable__functions.c
-- Installing: /home/tk/robot_manipulator/Panthera-HT_ROS2_Jazzy/install/panthera_interfaces/include/panthera_interfaces/panthera_interfaces/srv/detail/enable__description.c
-- Installing: /home/tk/robot_manipulator/Panthera-HT_ROS2_Jazzy/install/panthera_interfaces/include/panthera_interfaces/panthera_interfaces/srv/detail/gripper_control__struct.h
-- Installing: /home/tk/robot_manipulator/Panthera-HT_ROS2_Jazzy/install/panthera_interfaces/include/panthera_interfaces/panthera_interfaces/srv/detail/move_to_joint__type_support.h
-- Installing: /home/tk/robot_manipulator/Panthera-HT_ROS2_Jazzy/install/panthera_interfaces/include/panthera_interfaces/panthera_interfaces/srv/detail/gripper_srv__type_support.c
-- Installing: /home/tk/robot_manipulator/Panthera-HT_ROS2_Jazzy/install/panthera_interfaces/include/panthera_interfaces/panthera_interfaces/srv/detail/go_zero__type_support.h
-- Installing: /home/tk/robot_manipulator/Panthera-HT_ROS2_Jazzy/install/panthera_interfaces/include/panthera_interfaces/panthera_interfaces/srv/detail/gripper_control__functions.c
-- Installing: /home/tk/robot_manipulator/Panthera-HT_ROS2_Jazzy/install/panthera_interfaces/include/panthera_interfaces/panthera_interfaces/srv/detail/gripper_srv__type_support.h
-- Installing: /home/tk/robot_manipulator/Panthera-HT_ROS2_Jazzy/install/panthera_interfaces/include/panthera_interfaces/panthera_interfaces/srv/detail/move_to_pose__type_support.h
-- Installing: /home/tk/robot_manipulator/Panthera-HT_ROS2_Jazzy/install/panthera_interfaces/include/panthera_interfaces/panthera_interfaces/srv/detail/gripper_control__description.c
-- Installing: /home/tk/robot_manipulator/Panthera-HT_ROS2_Jazzy/install/panthera_interfaces/include/panthera_interfaces/panthera_interfaces/srv/detail/move_to_joint__functions.c
-- Installing: /home/tk/robot_manipulator/Panthera-HT_ROS2_Jazzy/install/panthera_interfaces/include/panthera_interfaces/panthera_interfaces/srv/detail/gripper_control__type_support.c
-- Installing: /home/tk/robot_manipulator/Panthera-HT_ROS2_Jazzy/install/panthera_interfaces/include/panthera_interfaces/panthera_interfaces/srv/detail/go_zero__struct.h
-- Installing: /home/tk/robot_manipulator/Panthera-HT_ROS2_Jazzy/install/panthera_interfaces/include/panthera_interfaces/panthera_interfaces/srv/detail/gripper_srv__functions.c
-- Installing: /home/tk/robot_manipulator/Panthera-HT_ROS2_Jazzy/install/panthera_interfaces/include/panthera_interfaces/panthera_interfaces/srv/detail/gripper_control__type_support.h
-- Installing: /home/tk/robot_manipulator/Panthera-HT_ROS2_Jazzy/install/panthera_interfaces/include/panthera_interfaces/panthera_interfaces/srv/detail/gripper_srv__functions.h
-- Installing: /home/tk/robot_manipulator/Panthera-HT_ROS2_Jazzy/install/panthera_interfaces/include/panthera_interfaces/panthera_interfaces/srv/detail/gripper_control__functions.h
-- Installing: /home/tk/robot_manipulator/Panthera-HT_ROS2_Jazzy/install/panthera_interfaces/include/panthera_interfaces/panthera_interfaces/srv/detail/go_zero__functions.c
-- Installing: /home/tk/robot_manipulator/Panthera-HT_ROS2_Jazzy/install/panthera_interfaces/include/panthera_interfaces/panthera_interfaces/srv/detail/move_to_pose__struct.h
-- Installing: /home/tk/robot_manipulator/Panthera-HT_ROS2_Jazzy/install/panthera_interfaces/include/panthera_interfaces/panthera_interfaces/srv/detail/move_to_pose__functions.h
-- Installing: /home/tk/robot_manipulator/Panthera-HT_ROS2_Jazzy/install/panthera_interfaces/include/panthera_interfaces/panthera_interfaces/srv/detail/enable__type_support.h
-- Installing: /home/tk/robot_manipulator/Panthera-HT_ROS2_Jazzy/install/panthera_interfaces/include/panthera_interfaces/panthera_interfaces/srv/detail/go_zero__type_support.c
-- Installing: /home/tk/robot_manipulator/Panthera-HT_ROS2_Jazzy/install/panthera_interfaces/include/panthera_interfaces/panthera_interfaces/srv/gripper_control.h
-- Installing: /home/tk/robot_manipulator/Panthera-HT_ROS2_Jazzy/install/panthera_interfaces/include/panthera_interfaces/panthera_interfaces/srv/gripper_srv.h
-- Installing: /home/tk/robot_manipulator/Panthera-HT_ROS2_Jazzy/install/panthera_interfaces/include/panthera_interfaces/panthera_interfaces/srv/move_to_joint.h
-- Installing: /home/tk/robot_manipulator/Panthera-HT_ROS2_Jazzy/install/panthera_interfaces/include/panthera_interfaces/panthera_interfaces/srv/enable.h
-- Installing: /home/tk/robot_manipulator/Panthera-HT_ROS2_Jazzy/install/panthera_interfaces/include/panthera_interfaces/panthera_interfaces/srv/go_zero.h
-- Installing: /home/tk/robot_manipulator/Panthera-HT_ROS2_Jazzy/install/panthera_interfaces/include/panthera_interfaces/panthera_interfaces/srv/move_to_pose.h
-- Installing: /home/tk/robot_manipulator/Panthera-HT_ROS2_Jazzy/install/panthera_interfaces/share/panthera_interfaces/environment/library_path.sh
-- Installing: /home/tk/robot_manipulator/Panthera-HT_ROS2_Jazzy/install/panthera_interfaces/share/panthera_interfaces/environment/library_path.dsv
-- Installing: /home/tk/robot_manipulator/Panthera-HT_ROS2_Jazzy/install/panthera_interfaces/lib/libpanthera_interfaces__rosidl_generator_c.so
-- Set non-toolchain portion of runtime path of "/home/tk/robot_manipulator/Panthera-HT_ROS2_Jazzy/install/panthera_interfaces/lib/libpanthera_interfaces__rosidl_generator_c.so" to ""
-- Up-to-date: /home/tk/robot_manipulator/Panthera-HT_ROS2_Jazzy/install/panthera_interfaces/include/panthera_interfaces/panthera_interfaces
-- Up-to-date: /home/tk/robot_manipulator/Panthera-HT_ROS2_Jazzy/install/panthera_interfaces/include/panthera_interfaces/panthera_interfaces/msg
-- Up-to-date: /home/tk/robot_manipulator/Panthera-HT_ROS2_Jazzy/install/panthera_interfaces/include/panthera_interfaces/panthera_interfaces/msg/detail
-- Installing: /home/tk/robot_manipulator/Panthera-HT_ROS2_Jazzy/install/panthera_interfaces/include/panthera_interfaces/panthera_interfaces/msg/detail/arm_pose__rosidl_typesupport_fastrtps_c.h
-- Installing: /home/tk/robot_manipulator/Panthera-HT_ROS2_Jazzy/install/panthera_interfaces/include/panthera_interfaces/panthera_interfaces/msg/detail/arm_status__rosidl_typesupport_fastrtps_c.h
-- Installing: /home/tk/robot_manipulator/Panthera-HT_ROS2_Jazzy/install/panthera_interfaces/include/panthera_interfaces/panthera_interfaces/msg/detail/pos_cmd__rosidl_typesupport_fastrtps_c.h
-- Installing: /home/tk/robot_manipulator/Panthera-HT_ROS2_Jazzy/install/panthera_interfaces/include/panthera_interfaces/panthera_interfaces/msg/detail/end_pose_euler__rosidl_typesupport_fastrtps_c.h
-- Installing: /home/tk/robot_manipulator/Panthera-HT_ROS2_Jazzy/install/panthera_interfaces/include/panthera_interfaces/panthera_interfaces/msg/rosidl_typesupport_fastrtps_c__visibility_control.h
-- Up-to-date: /home/tk/robot_manipulator/Panthera-HT_ROS2_Jazzy/install/panthera_interfaces/include/panthera_interfaces/panthera_interfaces/srv
-- Up-to-date: /home/tk/robot_manipulator/Panthera-HT_ROS2_Jazzy/install/panthera_interfaces/include/panthera_interfaces/panthera_interfaces/srv/detail
-- Installing: /home/tk/robot_manipulator/Panthera-HT_ROS2_Jazzy/install/panthera_interfaces/include/panthera_interfaces/panthera_interfaces/srv/detail/gripper_srv__rosidl_typesupport_fastrtps_c.h
-- Installing: /home/tk/robot_manipulator/Panthera-HT_ROS2_Jazzy/install/panthera_interfaces/include/panthera_interfaces/panthera_interfaces/srv/detail/enable__rosidl_typesupport_fastrtps_c.h
-- Installing: /home/tk/robot_manipulator/Panthera-HT_ROS2_Jazzy/install/panthera_interfaces/include/panthera_interfaces/panthera_interfaces/srv/detail/go_zero__rosidl_typesupport_fastrtps_c.h
-- Installing: /home/tk/robot_manipulator/Panthera-HT_ROS2_Jazzy/install/panthera_interfaces/include/panthera_interfaces/panthera_interfaces/srv/detail/gripper_control__rosidl_typesupport_fastrtps_c.h
-- Installing: /home/tk/robot_manipulator/Panthera-HT_ROS2_Jazzy/install/panthera_interfaces/include/panthera_interfaces/panthera_interfaces/srv/detail/move_to_pose__rosidl_typesupport_fastrtps_c.h
-- Installing: /home/tk/robot_manipulator/Panthera-HT_ROS2_Jazzy/install/panthera_interfaces/include/panthera_interfaces/panthera_interfaces/srv/detail/move_to_joint__rosidl_typesupport_fastrtps_c.h
-- Installing: /home/tk/robot_manipulator/Panthera-HT_ROS2_Jazzy/install/panthera_interfaces/lib/libpanthera_interfaces__rosidl_typesupport_fastrtps_c.so
-- Set non-toolchain portion of runtime path of "/home/tk/robot_manipulator/Panthera-HT_ROS2_Jazzy/install/panthera_interfaces/lib/libpanthera_interfaces__rosidl_typesupport_fastrtps_c.so" to ""
-- Up-to-date: /home/tk/robot_manipulator/Panthera-HT_ROS2_Jazzy/install/panthera_interfaces/include/panthera_interfaces/panthera_interfaces
-- Up-to-date: /home/tk/robot_manipulator/Panthera-HT_ROS2_Jazzy/install/panthera_interfaces/include/panthera_interfaces/panthera_interfaces/msg
-- Up-to-date: /home/tk/robot_manipulator/Panthera-HT_ROS2_Jazzy/install/panthera_interfaces/include/panthera_interfaces/panthera_interfaces/msg/detail
-- Up-to-date: /home/tk/robot_manipulator/Panthera-HT_ROS2_Jazzy/install/panthera_interfaces/include/panthera_interfaces/panthera_interfaces/msg/detail/end_pose_euler__type_support.c
-- Up-to-date: /home/tk/robot_manipulator/Panthera-HT_ROS2_Jazzy/install/panthera_interfaces/include/panthera_interfaces/panthera_interfaces/msg/detail/arm_pose__type_support.c
-- Installing: /home/tk/robot_manipulator/Panthera-HT_ROS2_Jazzy/install/panthera_interfaces/include/panthera_interfaces/panthera_interfaces/msg/detail/arm_pose__rosidl_typesupport_introspection_c.h
-- Installing: /home/tk/robot_manipulator/Panthera-HT_ROS2_Jazzy/install/panthera_interfaces/include/panthera_interfaces/panthera_interfaces/msg/detail/end_pose_euler__rosidl_typesupport_introspection_c.h
-- Up-to-date: /home/tk/robot_manipulator/Panthera-HT_ROS2_Jazzy/install/panthera_interfaces/include/panthera_interfaces/panthera_interfaces/msg/detail/arm_status__type_support.c
-- Installing: /home/tk/robot_manipulator/Panthera-HT_ROS2_Jazzy/install/panthera_interfaces/include/panthera_interfaces/panthera_interfaces/msg/detail/arm_status__rosidl_typesupport_introspection_c.h
-- Installing: /home/tk/robot_manipulator/Panthera-HT_ROS2_Jazzy/install/panthera_interfaces/include/panthera_interfaces/panthera_interfaces/msg/detail/pos_cmd__rosidl_typesupport_introspection_c.h
-- Up-to-date: /home/tk/robot_manipulator/Panthera-HT_ROS2_Jazzy/install/panthera_interfaces/include/panthera_interfaces/panthera_interfaces/msg/detail/pos_cmd__type_support.c
-- Installing: /home/tk/robot_manipulator/Panthera-HT_ROS2_Jazzy/install/panthera_interfaces/include/panthera_interfaces/panthera_interfaces/msg/rosidl_typesupport_introspection_c__visibility_control.h
-- Up-to-date: /home/tk/robot_manipulator/Panthera-HT_ROS2_Jazzy/install/panthera_interfaces/include/panthera_interfaces/panthera_interfaces/srv
-- Up-to-date: /home/tk/robot_manipulator/Panthera-HT_ROS2_Jazzy/install/panthera_interfaces/include/panthera_interfaces/panthera_interfaces/srv/detail
-- Installing: /home/tk/robot_manipulator/Panthera-HT_ROS2_Jazzy/install/panthera_interfaces/include/panthera_interfaces/panthera_interfaces/srv/detail/enable__rosidl_typesupport_introspection_c.h
-- Up-to-date: /home/tk/robot_manipulator/Panthera-HT_ROS2_Jazzy/install/panthera_interfaces/include/panthera_interfaces/panthera_interfaces/srv/detail/move_to_pose__type_support.c
-- Installing: /home/tk/robot_manipulator/Panthera-HT_ROS2_Jazzy/install/panthera_interfaces/include/panthera_interfaces/panthera_interfaces/srv/detail/gripper_srv__rosidl_typesupport_introspection_c.h
-- Installing: /home/tk/robot_manipulator/Panthera-HT_ROS2_Jazzy/install/panthera_interfaces/include/panthera_interfaces/panthera_interfaces/srv/detail/gripper_control__rosidl_typesupport_introspection_c.h
-- Installing: /home/tk/robot_manipulator/Panthera-HT_ROS2_Jazzy/install/panthera_interfaces/include/panthera_interfaces/panthera_interfaces/srv/detail/move_to_joint__rosidl_typesupport_introspection_c.h
-- Up-to-date: /home/tk/robot_manipulator/Panthera-HT_ROS2_Jazzy/install/panthera_interfaces/include/panthera_interfaces/panthera_interfaces/srv/detail/enable__type_support.c
-- Up-to-date: /home/tk/robot_manipulator/Panthera-HT_ROS2_Jazzy/install/panthera_interfaces/include/panthera_interfaces/panthera_interfaces/srv/detail/move_to_joint__type_support.c
-- Installing: /home/tk/robot_manipulator/Panthera-HT_ROS2_Jazzy/install/panthera_interfaces/include/panthera_interfaces/panthera_interfaces/srv/detail/move_to_pose__rosidl_typesupport_introspection_c.h
-- Installing: /home/tk/robot_manipulator/Panthera-HT_ROS2_Jazzy/install/panthera_interfaces/include/panthera_interfaces/panthera_interfaces/srv/detail/go_zero__rosidl_typesupport_introspection_c.h
-- Up-to-date: /home/tk/robot_manipulator/Panthera-HT_ROS2_Jazzy/install/panthera_interfaces/include/panthera_interfaces/panthera_interfaces/srv/detail/gripper_srv__type_support.c
-- Up-to-date: /home/tk/robot_manipulator/Panthera-HT_ROS2_Jazzy/install/panthera_interfaces/include/panthera_interfaces/panthera_interfaces/srv/detail/gripper_control__type_support.c
-- Up-to-date: /home/tk/robot_manipulator/Panthera-HT_ROS2_Jazzy/install/panthera_interfaces/include/panthera_interfaces/panthera_interfaces/srv/detail/go_zero__type_support.c
-- Installing: /home/tk/robot_manipulator/Panthera-HT_ROS2_Jazzy/install/panthera_interfaces/lib/libpanthera_interfaces__rosidl_typesupport_introspection_c.so
-- Set non-toolchain portion of runtime path of "/home/tk/robot_manipulator/Panthera-HT_ROS2_Jazzy/install/panthera_interfaces/lib/libpanthera_interfaces__rosidl_typesupport_introspection_c.so" to ""
-- Installing: /home/tk/robot_manipulator/Panthera-HT_ROS2_Jazzy/install/panthera_interfaces/lib/libpanthera_interfaces__rosidl_typesupport_c.so
-- Set non-toolchain portion of runtime path of "/home/tk/robot_manipulator/Panthera-HT_ROS2_Jazzy/install/panthera_interfaces/lib/libpanthera_interfaces__rosidl_typesupport_c.so" to ""
-- Up-to-date: /home/tk/robot_manipulator/Panthera-HT_ROS2_Jazzy/install/panthera_interfaces/include/panthera_interfaces/panthera_interfaces
-- Up-to-date: /home/tk/robot_manipulator/Panthera-HT_ROS2_Jazzy/install/panthera_interfaces/include/panthera_interfaces/panthera_interfaces/msg
-- Up-to-date: /home/tk/robot_manipulator/Panthera-HT_ROS2_Jazzy/install/panthera_interfaces/include/panthera_interfaces/panthera_interfaces/msg/detail
-- Installing: /home/tk/robot_manipulator/Panthera-HT_ROS2_Jazzy/install/panthera_interfaces/include/panthera_interfaces/panthera_interfaces/msg/detail/arm_status__traits.hpp
-- Installing: /home/tk/robot_manipulator/Panthera-HT_ROS2_Jazzy/install/panthera_interfaces/include/panthera_interfaces/panthera_interfaces/msg/detail/pos_cmd__traits.hpp
-- Installing: /home/tk/robot_manipulator/Panthera-HT_ROS2_Jazzy/install/panthera_interfaces/include/panthera_interfaces/panthera_interfaces/msg/detail/arm_status__type_support.hpp
-- Installing: /home/tk/robot_manipulator/Panthera-HT_ROS2_Jazzy/install/panthera_interfaces/include/panthera_interfaces/panthera_interfaces/msg/detail/pos_cmd__builder.hpp
-- Installing: /home/tk/robot_manipulator/Panthera-HT_ROS2_Jazzy/install/panthera_interfaces/include/panthera_interfaces/panthera_interfaces/msg/detail/end_pose_euler__struct.hpp
-- Installing: /home/tk/robot_manipulator/Panthera-HT_ROS2_Jazzy/install/panthera_interfaces/include/panthera_interfaces/panthera_interfaces/msg/detail/arm_pose__builder.hpp
-- Installing: /home/tk/robot_manipulator/Panthera-HT_ROS2_Jazzy/install/panthera_interfaces/include/panthera_interfaces/panthera_interfaces/msg/detail/arm_status__struct.hpp
-- Installing: /home/tk/robot_manipulator/Panthera-HT_ROS2_Jazzy/install/panthera_interfaces/include/panthera_interfaces/panthera_interfaces/msg/detail/end_pose_euler__type_support.hpp
-- Installing: /home/tk/robot_manipulator/Panthera-HT_ROS2_Jazzy/install/panthera_interfaces/include/panthera_interfaces/panthera_interfaces/msg/detail/arm_pose__type_support.hpp
-- Installing: /home/tk/robot_manipulator/Panthera-HT_ROS2_Jazzy/install/panthera_interfaces/include/panthera_interfaces/panthera_interfaces/msg/detail/pos_cmd__type_support.hpp
-- Installing: /home/tk/robot_manipulator/Panthera-HT_ROS2_Jazzy/install/panthera_interfaces/include/panthera_interfaces/panthera_interfaces/msg/detail/end_pose_euler__builder.hpp
-- Installing: /home/tk/robot_manipulator/Panthera-HT_ROS2_Jazzy/install/panthera_interfaces/include/panthera_interfaces/panthera_interfaces/msg/detail/arm_status__builder.hpp
-- Installing: /home/tk/robot_manipulator/Panthera-HT_ROS2_Jazzy/install/panthera_interfaces/include/panthera_interfaces/panthera_interfaces/msg/detail/end_pose_euler__traits.hpp
-- Installing: /home/tk/robot_manipulator/Panthera-HT_ROS2_Jazzy/install/panthera_interfaces/include/panthera_interfaces/panthera_interfaces/msg/detail/arm_pose__traits.hpp
-- Installing: /home/tk/robot_manipulator/Panthera-HT_ROS2_Jazzy/install/panthera_interfaces/include/panthera_interfaces/panthera_interfaces/msg/detail/pos_cmd__struct.hpp
-- Installing: /home/tk/robot_manipulator/Panthera-HT_ROS2_Jazzy/install/panthera_interfaces/include/panthera_interfaces/panthera_interfaces/msg/detail/arm_pose__struct.hpp
-- Installing: /home/tk/robot_manipulator/Panthera-HT_ROS2_Jazzy/install/panthera_interfaces/include/panthera_interfaces/panthera_interfaces/msg/rosidl_generator_cpp__visibility_control.hpp
-- Installing: /home/tk/robot_manipulator/Panthera-HT_ROS2_Jazzy/install/panthera_interfaces/include/panthera_interfaces/panthera_interfaces/msg/end_pose_euler.hpp
-- Installing: /home/tk/robot_manipulator/Panthera-HT_ROS2_Jazzy/install/panthera_interfaces/include/panthera_interfaces/panthera_interfaces/msg/arm_status.hpp
-- Installing: /home/tk/robot_manipulator/Panthera-HT_ROS2_Jazzy/install/panthera_interfaces/include/panthera_interfaces/panthera_interfaces/msg/arm_pose.hpp
-- Installing: /home/tk/robot_manipulator/Panthera-HT_ROS2_Jazzy/install/panthera_interfaces/include/panthera_interfaces/panthera_interfaces/msg/pos_cmd.hpp
-- Up-to-date: /home/tk/robot_manipulator/Panthera-HT_ROS2_Jazzy/install/panthera_interfaces/include/panthera_interfaces/panthera_interfaces/srv
-- Installing: /home/tk/robot_manipulator/Panthera-HT_ROS2_Jazzy/install/panthera_interfaces/include/panthera_interfaces/panthera_interfaces/srv/gripper_control.hpp
-- Up-to-date: /home/tk/robot_manipulator/Panthera-HT_ROS2_Jazzy/install/panthera_interfaces/include/panthera_interfaces/panthera_interfaces/srv/detail
-- Installing: /home/tk/robot_manipulator/Panthera-HT_ROS2_Jazzy/install/panthera_interfaces/include/panthera_interfaces/panthera_interfaces/srv/detail/gripper_srv__struct.hpp
-- Installing: /home/tk/robot_manipulator/Panthera-HT_ROS2_Jazzy/install/panthera_interfaces/include/panthera_interfaces/panthera_interfaces/srv/detail/go_zero__type_support.hpp
-- Installing: /home/tk/robot_manipulator/Panthera-HT_ROS2_Jazzy/install/panthera_interfaces/include/panthera_interfaces/panthera_interfaces/srv/detail/move_to_pose__type_support.hpp
-- Installing: /home/tk/robot_manipulator/Panthera-HT_ROS2_Jazzy/install/panthera_interfaces/include/panthera_interfaces/panthera_interfaces/srv/detail/enable__struct.hpp
-- Installing: /home/tk/robot_manipulator/Panthera-HT_ROS2_Jazzy/install/panthera_interfaces/include/panthera_interfaces/panthera_interfaces/srv/detail/move_to_joint__builder.hpp
-- Installing: /home/tk/robot_manipulator/Panthera-HT_ROS2_Jazzy/install/panthera_interfaces/include/panthera_interfaces/panthera_interfaces/srv/detail/gripper_srv__type_support.hpp
-- Installing: /home/tk/robot_manipulator/Panthera-HT_ROS2_Jazzy/install/panthera_interfaces/include/panthera_interfaces/panthera_interfaces/srv/detail/move_to_pose__struct.hpp
-- Installing: /home/tk/robot_manipulator/Panthera-HT_ROS2_Jazzy/install/panthera_interfaces/include/panthera_interfaces/panthera_interfaces/srv/detail/enable__traits.hpp
-- Installing: /home/tk/robot_manipulator/Panthera-HT_ROS2_Jazzy/install/panthera_interfaces/include/panthera_interfaces/panthera_interfaces/srv/detail/move_to_joint__type_support.hpp
-- Installing: /home/tk/robot_manipulator/Panthera-HT_ROS2_Jazzy/install/panthera_interfaces/include/panthera_interfaces/panthera_interfaces/srv/detail/gripper_control__traits.hpp
-- Installing: /home/tk/robot_manipulator/Panthera-HT_ROS2_Jazzy/install/panthera_interfaces/include/panthera_interfaces/panthera_interfaces/srv/detail/gripper_control__builder.hpp
-- Installing: /home/tk/robot_manipulator/Panthera-HT_ROS2_Jazzy/install/panthera_interfaces/include/panthera_interfaces/panthera_interfaces/srv/detail/move_to_pose__builder.hpp
-- Installing: /home/tk/robot_manipulator/Panthera-HT_ROS2_Jazzy/install/panthera_interfaces/include/panthera_interfaces/panthera_interfaces/srv/detail/go_zero__struct.hpp
-- Installing: /home/tk/robot_manipulator/Panthera-HT_ROS2_Jazzy/install/panthera_interfaces/include/panthera_interfaces/panthera_interfaces/srv/detail/enable__type_support.hpp
-- Installing: /home/tk/robot_manipulator/Panthera-HT_ROS2_Jazzy/install/panthera_interfaces/include/panthera_interfaces/panthera_interfaces/srv/detail/enable__builder.hpp
-- Installing: /home/tk/robot_manipulator/Panthera-HT_ROS2_Jazzy/install/panthera_interfaces/include/panthera_interfaces/panthera_interfaces/srv/detail/go_zero__builder.hpp
-- Installing: /home/tk/robot_manipulator/Panthera-HT_ROS2_Jazzy/install/panthera_interfaces/include/panthera_interfaces/panthera_interfaces/srv/detail/move_to_joint__struct.hpp
-- Installing: /home/tk/robot_manipulator/Panthera-HT_ROS2_Jazzy/install/panthera_interfaces/include/panthera_interfaces/panthera_interfaces/srv/detail/gripper_control__struct.hpp
-- Installing: /home/tk/robot_manipulator/Panthera-HT_ROS2_Jazzy/install/panthera_interfaces/include/panthera_interfaces/panthera_interfaces/srv/detail/move_to_joint__traits.hpp
-- Installing: /home/tk/robot_manipulator/Panthera-HT_ROS2_Jazzy/install/panthera_interfaces/include/panthera_interfaces/panthera_interfaces/srv/detail/move_to_pose__traits.hpp
-- Installing: /home/tk/robot_manipulator/Panthera-HT_ROS2_Jazzy/install/panthera_interfaces/include/panthera_interfaces/panthera_interfaces/srv/detail/gripper_srv__traits.hpp
-- Installing: /home/tk/robot_manipulator/Panthera-HT_ROS2_Jazzy/install/panthera_interfaces/include/panthera_interfaces/panthera_interfaces/srv/detail/gripper_srv__builder.hpp
-- Installing: /home/tk/robot_manipulator/Panthera-HT_ROS2_Jazzy/install/panthera_interfaces/include/panthera_interfaces/panthera_interfaces/srv/detail/gripper_control__type_support.hpp
-- Installing: /home/tk/robot_manipulator/Panthera-HT_ROS2_Jazzy/install/panthera_interfaces/include/panthera_interfaces/panthera_interfaces/srv/detail/go_zero__traits.hpp
-- Installing: /home/tk/robot_manipulator/Panthera-HT_ROS2_Jazzy/install/panthera_interfaces/include/panthera_interfaces/panthera_interfaces/srv/move_to_joint.hpp
-- Installing: /home/tk/robot_manipulator/Panthera-HT_ROS2_Jazzy/install/panthera_interfaces/include/panthera_interfaces/panthera_interfaces/srv/enable.hpp
-- Installing: /home/tk/robot_manipulator/Panthera-HT_ROS2_Jazzy/install/panthera_interfaces/include/panthera_interfaces/panthera_interfaces/srv/go_zero.hpp
-- Installing: /home/tk/robot_manipulator/Panthera-HT_ROS2_Jazzy/install/panthera_interfaces/include/panthera_interfaces/panthera_interfaces/srv/move_to_pose.hpp
-- Installing: /home/tk/robot_manipulator/Panthera-HT_ROS2_Jazzy/install/panthera_interfaces/include/panthera_interfaces/panthera_interfaces/srv/gripper_srv.hpp
-- Up-to-date: /home/tk/robot_manipulator/Panthera-HT_ROS2_Jazzy/install/panthera_interfaces/include/panthera_interfaces/panthera_interfaces
-- Up-to-date: /home/tk/robot_manipulator/Panthera-HT_ROS2_Jazzy/install/panthera_interfaces/include/panthera_interfaces/panthera_interfaces/msg
-- Up-to-date: /home/tk/robot_manipulator/Panthera-HT_ROS2_Jazzy/install/panthera_interfaces/include/panthera_interfaces/panthera_interfaces/msg/detail
-- Installing: /home/tk/robot_manipulator/Panthera-HT_ROS2_Jazzy/install/panthera_interfaces/include/panthera_interfaces/panthera_interfaces/msg/detail/end_pose_euler__rosidl_typesupport_fastrtps_cpp.hpp
-- Installing: /home/tk/robot_manipulator/Panthera-HT_ROS2_Jazzy/install/panthera_interfaces/include/panthera_interfaces/panthera_interfaces/msg/detail/dds_fastrtps
-- Installing: /home/tk/robot_manipulator/Panthera-HT_ROS2_Jazzy/install/panthera_interfaces/include/panthera_interfaces/panthera_interfaces/msg/detail/pos_cmd__rosidl_typesupport_fastrtps_cpp.hpp
-- Installing: /home/tk/robot_manipulator/Panthera-HT_ROS2_Jazzy/install/panthera_interfaces/include/panthera_interfaces/panthera_interfaces/msg/detail/arm_pose__rosidl_typesupport_fastrtps_cpp.hpp
-- Installing: /home/tk/robot_manipulator/Panthera-HT_ROS2_Jazzy/install/panthera_interfaces/include/panthera_interfaces/panthera_interfaces/msg/detail/arm_status__rosidl_typesupport_fastrtps_cpp.hpp
-- Installing: /home/tk/robot_manipulator/Panthera-HT_ROS2_Jazzy/install/panthera_interfaces/include/panthera_interfaces/panthera_interfaces/msg/rosidl_typesupport_fastrtps_cpp__visibility_control.h
-- Up-to-date: /home/tk/robot_manipulator/Panthera-HT_ROS2_Jazzy/install/panthera_interfaces/include/panthera_interfaces/panthera_interfaces/srv
-- Up-to-date: /home/tk/robot_manipulator/Panthera-HT_ROS2_Jazzy/install/panthera_interfaces/include/panthera_interfaces/panthera_interfaces/srv/detail
-- Installing: /home/tk/robot_manipulator/Panthera-HT_ROS2_Jazzy/install/panthera_interfaces/include/panthera_interfaces/panthera_interfaces/srv/detail/move_to_joint__rosidl_typesupport_fastrtps_cpp.hpp
-- Installing: /home/tk/robot_manipulator/Panthera-HT_ROS2_Jazzy/install/panthera_interfaces/include/panthera_interfaces/panthera_interfaces/srv/detail/move_to_pose__rosidl_typesupport_fastrtps_cpp.hpp
-- Installing: /home/tk/robot_manipulator/Panthera-HT_ROS2_Jazzy/install/panthera_interfaces/include/panthera_interfaces/panthera_interfaces/srv/detail/gripper_srv__rosidl_typesupport_fastrtps_cpp.hpp
-- Installing: /home/tk/robot_manipulator/Panthera-HT_ROS2_Jazzy/install/panthera_interfaces/include/panthera_interfaces/panthera_interfaces/srv/detail/gripper_control__rosidl_typesupport_fastrtps_cpp.hpp
-- Installing: /home/tk/robot_manipulator/Panthera-HT_ROS2_Jazzy/install/panthera_interfaces/include/panthera_interfaces/panthera_interfaces/srv/detail/enable__rosidl_typesupport_fastrtps_cpp.hpp
-- Installing: /home/tk/robot_manipulator/Panthera-HT_ROS2_Jazzy/install/panthera_interfaces/include/panthera_interfaces/panthera_interfaces/srv/detail/dds_fastrtps
-- Installing: /home/tk/robot_manipulator/Panthera-HT_ROS2_Jazzy/install/panthera_interfaces/include/panthera_interfaces/panthera_interfaces/srv/detail/go_zero__rosidl_typesupport_fastrtps_cpp.hpp
-- Installing: /home/tk/robot_manipulator/Panthera-HT_ROS2_Jazzy/install/panthera_interfaces/lib/libpanthera_interfaces__rosidl_typesupport_fastrtps_cpp.so
-- Set non-toolchain portion of runtime path of "/home/tk/robot_manipulator/Panthera-HT_ROS2_Jazzy/install/panthera_interfaces/lib/libpanthera_interfaces__rosidl_typesupport_fastrtps_cpp.so" to ""
-- Up-to-date: /home/tk/robot_manipulator/Panthera-HT_ROS2_Jazzy/install/panthera_interfaces/include/panthera_interfaces/panthera_interfaces
-- Up-to-date: /home/tk/robot_manipulator/Panthera-HT_ROS2_Jazzy/install/panthera_interfaces/include/panthera_interfaces/panthera_interfaces/msg
-- Up-to-date: /home/tk/robot_manipulator/Panthera-HT_ROS2_Jazzy/install/panthera_interfaces/include/panthera_interfaces/panthera_interfaces/msg/detail
-- Installing: /home/tk/robot_manipulator/Panthera-HT_ROS2_Jazzy/install/panthera_interfaces/include/panthera_interfaces/panthera_interfaces/msg/detail/pos_cmd__type_support.cpp
-- Installing: /home/tk/robot_manipulator/Panthera-HT_ROS2_Jazzy/install/panthera_interfaces/include/panthera_interfaces/panthera_interfaces/msg/detail/arm_status__type_support.cpp
-- Installing: /home/tk/robot_manipulator/Panthera-HT_ROS2_Jazzy/install/panthera_interfaces/include/panthera_interfaces/panthera_interfaces/msg/detail/end_pose_euler__type_support.cpp
-- Installing: /home/tk/robot_manipulator/Panthera-HT_ROS2_Jazzy/install/panthera_interfaces/include/panthera_interfaces/panthera_interfaces/msg/detail/arm_pose__type_support.cpp
-- Installing: /home/tk/robot_manipulator/Panthera-HT_ROS2_Jazzy/install/panthera_interfaces/include/panthera_interfaces/panthera_interfaces/msg/detail/pos_cmd__rosidl_typesupport_introspection_cpp.hpp
-- Installing: /home/tk/robot_manipulator/Panthera-HT_ROS2_Jazzy/install/panthera_interfaces/include/panthera_interfaces/panthera_interfaces/msg/detail/arm_status__rosidl_typesupport_introspection_cpp.hpp
-- Installing: /home/tk/robot_manipulator/Panthera-HT_ROS2_Jazzy/install/panthera_interfaces/include/panthera_interfaces/panthera_interfaces/msg/detail/arm_pose__rosidl_typesupport_introspection_cpp.hpp
-- Installing: /home/tk/robot_manipulator/Panthera-HT_ROS2_Jazzy/install/panthera_interfaces/include/panthera_interfaces/panthera_interfaces/msg/detail/end_pose_euler__rosidl_typesupport_introspection_cpp.hpp
-- Up-to-date: /home/tk/robot_manipulator/Panthera-HT_ROS2_Jazzy/install/panthera_interfaces/include/panthera_interfaces/panthera_interfaces/srv
-- Up-to-date: /home/tk/robot_manipulator/Panthera-HT_ROS2_Jazzy/install/panthera_interfaces/include/panthera_interfaces/panthera_interfaces/srv/detail
-- Installing: /home/tk/robot_manipulator/Panthera-HT_ROS2_Jazzy/install/panthera_interfaces/include/panthera_interfaces/panthera_interfaces/srv/detail/go_zero__type_support.cpp
-- Installing: /home/tk/robot_manipulator/Panthera-HT_ROS2_Jazzy/install/panthera_interfaces/include/panthera_interfaces/panthera_interfaces/srv/detail/enable__type_support.cpp
-- Installing: /home/tk/robot_manipulator/Panthera-HT_ROS2_Jazzy/install/panthera_interfaces/include/panthera_interfaces/panthera_interfaces/srv/detail/move_to_pose__type_support.cpp
-- Installing: /home/tk/robot_manipulator/Panthera-HT_ROS2_Jazzy/install/panthera_interfaces/include/panthera_interfaces/panthera_interfaces/srv/detail/gripper_control__type_support.cpp
-- Installing: /home/tk/robot_manipulator/Panthera-HT_ROS2_Jazzy/install/panthera_interfaces/include/panthera_interfaces/panthera_interfaces/srv/detail/gripper_control__rosidl_typesupport_introspection_cpp.hpp
-- Installing: /home/tk/robot_manipulator/Panthera-HT_ROS2_Jazzy/install/panthera_interfaces/include/panthera_interfaces/panthera_interfaces/srv/detail/move_to_joint__rosidl_typesupport_introspection_cpp.hpp
-- Installing: /home/tk/robot_manipulator/Panthera-HT_ROS2_Jazzy/install/panthera_interfaces/include/panthera_interfaces/panthera_interfaces/srv/detail/move_to_joint__type_support.cpp
-- Installing: /home/tk/robot_manipulator/Panthera-HT_ROS2_Jazzy/install/panthera_interfaces/include/panthera_interfaces/panthera_interfaces/srv/detail/enable__rosidl_typesupport_introspection_cpp.hpp
-- Installing: /home/tk/robot_manipulator/Panthera-HT_ROS2_Jazzy/install/panthera_interfaces/include/panthera_interfaces/panthera_interfaces/srv/detail/move_to_pose__rosidl_typesupport_introspection_cpp.hpp
-- Installing: /home/tk/robot_manipulator/Panthera-HT_ROS2_Jazzy/install/panthera_interfaces/include/panthera_interfaces/panthera_interfaces/srv/detail/gripper_srv__rosidl_typesupport_introspection_cpp.hpp
-- Installing: /home/tk/robot_manipulator/Panthera-HT_ROS2_Jazzy/install/panthera_interfaces/include/panthera_interfaces/panthera_interfaces/srv/detail/gripper_srv__type_support.cpp
-- Installing: /home/tk/robot_manipulator/Panthera-HT_ROS2_Jazzy/install/panthera_interfaces/include/panthera_interfaces/panthera_interfaces/srv/detail/go_zero__rosidl_typesupport_introspection_cpp.hpp
-- Installing: /home/tk/robot_manipulator/Panthera-HT_ROS2_Jazzy/install/panthera_interfaces/lib/libpanthera_interfaces__rosidl_typesupport_introspection_cpp.so
-- Set non-toolchain portion of runtime path of "/home/tk/robot_manipulator/Panthera-HT_ROS2_Jazzy/install/panthera_interfaces/lib/libpanthera_interfaces__rosidl_typesupport_introspection_cpp.so" to ""
-- Installing: /home/tk/robot_manipulator/Panthera-HT_ROS2_Jazzy/install/panthera_interfaces/lib/libpanthera_interfaces__rosidl_typesupport_cpp.so
-- Set non-toolchain portion of runtime path of "/home/tk/robot_manipulator/Panthera-HT_ROS2_Jazzy/install/panthera_interfaces/lib/libpanthera_interfaces__rosidl_typesupport_cpp.so" to ""
-- Installing: /home/tk/robot_manipulator/Panthera-HT_ROS2_Jazzy/install/panthera_interfaces/share/panthera_interfaces/environment/pythonpath.sh
-- Installing: /home/tk/robot_manipulator/Panthera-HT_ROS2_Jazzy/install/panthera_interfaces/share/panthera_interfaces/environment/pythonpath.dsv
-- Installing: /home/tk/robot_manipulator/Panthera-HT_ROS2_Jazzy/install/panthera_interfaces/lib/python3.13/site-packages/panthera_interfaces-0.0.0-py3.13.egg-info
-- Installing: /home/tk/robot_manipulator/Panthera-HT_ROS2_Jazzy/install/panthera_interfaces/lib/python3.13/site-packages/panthera_interfaces-0.0.0-py3.13.egg-info/PKG-INFO
-- Installing: /home/tk/robot_manipulator/Panthera-HT_ROS2_Jazzy/install/panthera_interfaces/lib/python3.13/site-packages/panthera_interfaces-0.0.0-py3.13.egg-info/SOURCES.txt
-- Installing: /home/tk/robot_manipulator/Panthera-HT_ROS2_Jazzy/install/panthera_interfaces/lib/python3.13/site-packages/panthera_interfaces-0.0.0-py3.13.egg-info/top_level.txt
-- Installing: /home/tk/robot_manipulator/Panthera-HT_ROS2_Jazzy/install/panthera_interfaces/lib/python3.13/site-packages/panthera_interfaces-0.0.0-py3.13.egg-info/dependency_links.txt
-- Installing: /home/tk/robot_manipulator/Panthera-HT_ROS2_Jazzy/install/panthera_interfaces/lib/python3.13/site-packages/panthera_interfaces
-- Installing: /home/tk/robot_manipulator/Panthera-HT_ROS2_Jazzy/install/panthera_interfaces/lib/python3.13/site-packages/panthera_interfaces/panthera_interfaces_s__rosidl_typesupport_c.so
-- Installing: /home/tk/robot_manipulator/Panthera-HT_ROS2_Jazzy/install/panthera_interfaces/lib/python3.13/site-packages/panthera_interfaces/_panthera_interfaces_s.ep.rosidl_typesupport_fastrtps_c.c
-- Installing: /home/tk/robot_manipulator/Panthera-HT_ROS2_Jazzy/install/panthera_interfaces/lib/python3.13/site-packages/panthera_interfaces/__init__.py
-- Installing: /home/tk/robot_manipulator/Panthera-HT_ROS2_Jazzy/install/panthera_interfaces/lib/python3.13/site-packages/panthera_interfaces/msg
-- Installing: /home/tk/robot_manipulator/Panthera-HT_ROS2_Jazzy/install/panthera_interfaces/lib/python3.13/site-packages/panthera_interfaces/msg/_end_pose_euler_s.c
-- Installing: /home/tk/robot_manipulator/Panthera-HT_ROS2_Jazzy/install/panthera_interfaces/lib/python3.13/site-packages/panthera_interfaces/msg/_arm_status_s.c
-- Installing: /home/tk/robot_manipulator/Panthera-HT_ROS2_Jazzy/install/panthera_interfaces/lib/python3.13/site-packages/panthera_interfaces/msg/_arm_pose_s.c
-- Installing: /home/tk/robot_manipulator/Panthera-HT_ROS2_Jazzy/install/panthera_interfaces/lib/python3.13/site-packages/panthera_interfaces/msg/_arm_status.py
-- Installing: /home/tk/robot_manipulator/Panthera-HT_ROS2_Jazzy/install/panthera_interfaces/lib/python3.13/site-packages/panthera_interfaces/msg/_arm_pose.py
-- Installing: /home/tk/robot_manipulator/Panthera-HT_ROS2_Jazzy/install/panthera_interfaces/lib/python3.13/site-packages/panthera_interfaces/msg/_end_pose_euler.py
-- Installing: /home/tk/robot_manipulator/Panthera-HT_ROS2_Jazzy/install/panthera_interfaces/lib/python3.13/site-packages/panthera_interfaces/msg/__init__.py
-- Installing: /home/tk/robot_manipulator/Panthera-HT_ROS2_Jazzy/install/panthera_interfaces/lib/python3.13/site-packages/panthera_interfaces/msg/_pos_cmd_s.c
-- Installing: /home/tk/robot_manipulator/Panthera-HT_ROS2_Jazzy/install/panthera_interfaces/lib/python3.13/site-packages/panthera_interfaces/msg/_pos_cmd.py
-- Installing: /home/tk/robot_manipulator/Panthera-HT_ROS2_Jazzy/install/panthera_interfaces/lib/python3.13/site-packages/panthera_interfaces/panthera_interfaces_s__rosidl_typesupport_fastrtps_c.so
-- Installing: /home/tk/robot_manipulator/Panthera-HT_ROS2_Jazzy/install/panthera_interfaces/lib/python3.13/site-packages/panthera_interfaces/srv
-- Installing: /home/tk/robot_manipulator/Panthera-HT_ROS2_Jazzy/install/panthera_interfaces/lib/python3.13/site-packages/panthera_interfaces/srv/_gripper_control.py
-- Installing: /home/tk/robot_manipulator/Panthera-HT_ROS2_Jazzy/install/panthera_interfaces/lib/python3.13/site-packages/panthera_interfaces/srv/_move_to_joint.py
-- Installing: /home/tk/robot_manipulator/Panthera-HT_ROS2_Jazzy/install/panthera_interfaces/lib/python3.13/site-packages/panthera_interfaces/srv/_gripper_srv.py
-- Installing: /home/tk/robot_manipulator/Panthera-HT_ROS2_Jazzy/install/panthera_interfaces/lib/python3.13/site-packages/panthera_interfaces/srv/_gripper_srv_s.c
-- Installing: /home/tk/robot_manipulator/Panthera-HT_ROS2_Jazzy/install/panthera_interfaces/lib/python3.13/site-packages/panthera_interfaces/srv/_enable.py
-- Installing: /home/tk/robot_manipulator/Panthera-HT_ROS2_Jazzy/install/panthera_interfaces/lib/python3.13/site-packages/panthera_interfaces/srv/_gripper_control_s.c
-- Installing: /home/tk/robot_manipulator/Panthera-HT_ROS2_Jazzy/install/panthera_interfaces/lib/python3.13/site-packages/panthera_interfaces/srv/__init__.py
-- Installing: /home/tk/robot_manipulator/Panthera-HT_ROS2_Jazzy/install/panthera_interfaces/lib/python3.13/site-packages/panthera_interfaces/srv/_go_zero.py
-- Installing: /home/tk/robot_manipulator/Panthera-HT_ROS2_Jazzy/install/panthera_interfaces/lib/python3.13/site-packages/panthera_interfaces/srv/_enable_s.c
-- Installing: /home/tk/robot_manipulator/Panthera-HT_ROS2_Jazzy/install/panthera_interfaces/lib/python3.13/site-packages/panthera_interfaces/srv/_move_to_pose.py
-- Installing: /home/tk/robot_manipulator/Panthera-HT_ROS2_Jazzy/install/panthera_interfaces/lib/python3.13/site-packages/panthera_interfaces/srv/_move_to_joint_s.c
-- Installing: /home/tk/robot_manipulator/Panthera-HT_ROS2_Jazzy/install/panthera_interfaces/lib/python3.13/site-packages/panthera_interfaces/srv/_go_zero_s.c
-- Installing: /home/tk/robot_manipulator/Panthera-HT_ROS2_Jazzy/install/panthera_interfaces/lib/python3.13/site-packages/panthera_interfaces/srv/_move_to_pose_s.c
-- Installing: /home/tk/robot_manipulator/Panthera-HT_ROS2_Jazzy/install/panthera_interfaces/lib/python3.13/site-packages/panthera_interfaces/_panthera_interfaces_s.ep.rosidl_typesupport_introspection_c.c
-- Installing: /home/tk/robot_manipulator/Panthera-HT_ROS2_Jazzy/install/panthera_interfaces/lib/python3.13/site-packages/panthera_interfaces/_panthera_interfaces_s.ep.rosidl_typesupport_c.c
-- Installing: /home/tk/robot_manipulator/Panthera-HT_ROS2_Jazzy/install/panthera_interfaces/lib/python3.13/site-packages/panthera_interfaces/panthera_interfaces_s__rosidl_typesupport_introspection_c.so
Listing '/home/tk/robot_manipulator/Panthera-HT_ROS2_Jazzy/install/panthera_interfaces/lib/python3.13/site-packages/panthera_interfaces'...
Compiling '/home/tk/robot_manipulator/Panthera-HT_ROS2_Jazzy/install/panthera_interfaces/lib/python3.13/site-packages/panthera_interfaces/__init__.py'...
Listing '/home/tk/robot_manipulator/Panthera-HT_ROS2_Jazzy/install/panthera_interfaces/lib/python3.13/site-packages/panthera_interfaces/msg'...
Compiling '/home/tk/robot_manipulator/Panthera-HT_ROS2_Jazzy/install/panthera_interfaces/lib/python3.13/site-packages/panthera_interfaces/msg/__init__.py'...
Compiling '/home/tk/robot_manipulator/Panthera-HT_ROS2_Jazzy/install/panthera_interfaces/lib/python3.13/site-packages/panthera_interfaces/msg/_arm_pose.py'...
Compiling '/home/tk/robot_manipulator/Panthera-HT_ROS2_Jazzy/install/panthera_interfaces/lib/python3.13/site-packages/panthera_interfaces/msg/_arm_status.py'...
Compiling '/home/tk/robot_manipulator/Panthera-HT_ROS2_Jazzy/install/panthera_interfaces/lib/python3.13/site-packages/panthera_interfaces/msg/_end_pose_euler.py'...
Compiling '/home/tk/robot_manipulator/Panthera-HT_ROS2_Jazzy/install/panthera_interfaces/lib/python3.13/site-packages/panthera_interfaces/msg/_pos_cmd.py'...
Listing '/home/tk/robot_manipulator/Panthera-HT_ROS2_Jazzy/install/panthera_interfaces/lib/python3.13/site-packages/panthera_interfaces/srv'...
Compiling '/home/tk/robot_manipulator/Panthera-HT_ROS2_Jazzy/install/panthera_interfaces/lib/python3.13/site-packages/panthera_interfaces/srv/__init__.py'...
Compiling '/home/tk/robot_manipulator/Panthera-HT_ROS2_Jazzy/install/panthera_interfaces/lib/python3.13/site-packages/panthera_interfaces/srv/_enable.py'...
Compiling '/home/tk/robot_manipulator/Panthera-HT_ROS2_Jazzy/install/panthera_interfaces/lib/python3.13/site-packages/panthera_interfaces/srv/_go_zero.py'...
Compiling '/home/tk/robot_manipulator/Panthera-HT_ROS2_Jazzy/install/panthera_interfaces/lib/python3.13/site-packages/panthera_interfaces/srv/_gripper_control.py'...
Compiling '/home/tk/robot_manipulator/Panthera-HT_ROS2_Jazzy/install/panthera_interfaces/lib/python3.13/site-packages/panthera_interfaces/srv/_gripper_srv.py'...
Compiling '/home/tk/robot_manipulator/Panthera-HT_ROS2_Jazzy/install/panthera_interfaces/lib/python3.13/site-packages/panthera_interfaces/srv/_move_to_joint.py'...
Compiling '/home/tk/robot_manipulator/Panthera-HT_ROS2_Jazzy/install/panthera_interfaces/lib/python3.13/site-packages/panthera_interfaces/srv/_move_to_pose.py'...
-- Installing: /home/tk/robot_manipulator/Panthera-HT_ROS2_Jazzy/install/panthera_interfaces/lib/python3.13/site-packages/panthera_interfaces/panthera_interfaces_s__rosidl_typesupport_fastrtps_c.so
-- Set non-toolchain portion of runtime path of "/home/tk/robot_manipulator/Panthera-HT_ROS2_Jazzy/install/panthera_interfaces/lib/python3.13/site-packages/panthera_interfaces/panthera_interfaces_s__rosidl_typesupport_fastrtps_c.so" to ""
-- Installing: /home/tk/robot_manipulator/Panthera-HT_ROS2_Jazzy/install/panthera_interfaces/lib/python3.13/site-packages/panthera_interfaces/panthera_interfaces_s__rosidl_typesupport_introspection_c.so
-- Set non-toolchain portion of runtime path of "/home/tk/robot_manipulator/Panthera-HT_ROS2_Jazzy/install/panthera_interfaces/lib/python3.13/site-packages/panthera_interfaces/panthera_interfaces_s__rosidl_typesupport_introspection_c.so" to ""
-- Installing: /home/tk/robot_manipulator/Panthera-HT_ROS2_Jazzy/install/panthera_interfaces/lib/python3.13/site-packages/panthera_interfaces/panthera_interfaces_s__rosidl_typesupport_c.so
-- Set non-toolchain portion of runtime path of "/home/tk/robot_manipulator/Panthera-HT_ROS2_Jazzy/install/panthera_interfaces/lib/python3.13/site-packages/panthera_interfaces/panthera_interfaces_s__rosidl_typesupport_c.so" to ""
-- Installing: /home/tk/robot_manipulator/Panthera-HT_ROS2_Jazzy/install/panthera_interfaces/lib/libpanthera_interfaces__rosidl_generator_py.so
-- Set non-toolchain portion of runtime path of "/home/tk/robot_manipulator/Panthera-HT_ROS2_Jazzy/install/panthera_interfaces/lib/libpanthera_interfaces__rosidl_generator_py.so" to ""
-- Installing: /home/tk/robot_manipulator/Panthera-HT_ROS2_Jazzy/install/panthera_interfaces/share/panthera_interfaces/msg/ArmPose.idl
-- Installing: /home/tk/robot_manipulator/Panthera-HT_ROS2_Jazzy/install/panthera_interfaces/share/panthera_interfaces/msg/ArmStatus.idl
-- Installing: /home/tk/robot_manipulator/Panthera-HT_ROS2_Jazzy/install/panthera_interfaces/share/panthera_interfaces/msg/EndPoseEuler.idl
-- Installing: /home/tk/robot_manipulator/Panthera-HT_ROS2_Jazzy/install/panthera_interfaces/share/panthera_interfaces/msg/PosCmd.idl
-- Installing: /home/tk/robot_manipulator/Panthera-HT_ROS2_Jazzy/install/panthera_interfaces/share/panthera_interfaces/srv/MoveToJoint.idl
-- Installing: /home/tk/robot_manipulator/Panthera-HT_ROS2_Jazzy/install/panthera_interfaces/share/panthera_interfaces/srv/MoveToPose.idl
-- Installing: /home/tk/robot_manipulator/Panthera-HT_ROS2_Jazzy/install/panthera_interfaces/share/panthera_interfaces/srv/GripperControl.idl
-- Installing: /home/tk/robot_manipulator/Panthera-HT_ROS2_Jazzy/install/panthera_interfaces/share/panthera_interfaces/srv/Enable.idl
-- Installing: /home/tk/robot_manipulator/Panthera-HT_ROS2_Jazzy/install/panthera_interfaces/share/panthera_interfaces/srv/GoZero.idl
-- Installing: /home/tk/robot_manipulator/Panthera-HT_ROS2_Jazzy/install/panthera_interfaces/share/panthera_interfaces/srv/GripperSrv.idl
-- Installing: /home/tk/robot_manipulator/Panthera-HT_ROS2_Jazzy/install/panthera_interfaces/share/panthera_interfaces/msg/ArmPose.msg
-- Installing: /home/tk/robot_manipulator/Panthera-HT_ROS2_Jazzy/install/panthera_interfaces/share/panthera_interfaces/msg/ArmStatus.msg
-- Installing: /home/tk/robot_manipulator/Panthera-HT_ROS2_Jazzy/install/panthera_interfaces/share/panthera_interfaces/msg/EndPoseEuler.msg
-- Installing: /home/tk/robot_manipulator/Panthera-HT_ROS2_Jazzy/install/panthera_interfaces/share/panthera_interfaces/msg/PosCmd.msg
-- Installing: /home/tk/robot_manipulator/Panthera-HT_ROS2_Jazzy/install/panthera_interfaces/share/panthera_interfaces/srv/MoveToJoint.srv
-- Installing: /home/tk/robot_manipulator/Panthera-HT_ROS2_Jazzy/install/panthera_interfaces/share/panthera_interfaces/srv/MoveToPose.srv
-- Installing: /home/tk/robot_manipulator/Panthera-HT_ROS2_Jazzy/install/panthera_interfaces/share/panthera_interfaces/srv/GripperControl.srv
-- Installing: /home/tk/robot_manipulator/Panthera-HT_ROS2_Jazzy/install/panthera_interfaces/share/panthera_interfaces/srv/Enable.srv
-- Installing: /home/tk/robot_manipulator/Panthera-HT_ROS2_Jazzy/install/panthera_interfaces/share/panthera_interfaces/srv/GoZero.srv
-- Installing: /home/tk/robot_manipulator/Panthera-HT_ROS2_Jazzy/install/panthera_interfaces/share/panthera_interfaces/srv/GripperSrv.srv
-- Installing: /home/tk/robot_manipulator/Panthera-HT_ROS2_Jazzy/install/panthera_interfaces/share/ament_index/resource_index/package_run_dependencies/panthera_interfaces
-- Installing: /home/tk/robot_manipulator/Panthera-HT_ROS2_Jazzy/install/panthera_interfaces/share/ament_index/resource_index/parent_prefix_path/panthera_interfaces
-- Installing: /home/tk/robot_manipulator/Panthera-HT_ROS2_Jazzy/install/panthera_interfaces/share/panthera_interfaces/environment/ament_prefix_path.sh
-- Installing: /home/tk/robot_manipulator/Panthera-HT_ROS2_Jazzy/install/panthera_interfaces/share/panthera_interfaces/environment/ament_prefix_path.dsv
-- Installing: /home/tk/robot_manipulator/Panthera-HT_ROS2_Jazzy/install/panthera_interfaces/share/panthera_interfaces/environment/path.sh
-- Installing: /home/tk/robot_manipulator/Panthera-HT_ROS2_Jazzy/install/panthera_interfaces/share/panthera_interfaces/environment/path.dsv
-- Installing: /home/tk/robot_manipulator/Panthera-HT_ROS2_Jazzy/install/panthera_interfaces/share/panthera_interfaces/local_setup.bash
-- Installing: /home/tk/robot_manipulator/Panthera-HT_ROS2_Jazzy/install/panthera_interfaces/share/panthera_interfaces/local_setup.sh
-- Installing: /home/tk/robot_manipulator/Panthera-HT_ROS2_Jazzy/install/panthera_interfaces/share/panthera_interfaces/local_setup.zsh
-- Installing: /home/tk/robot_manipulator/Panthera-HT_ROS2_Jazzy/install/panthera_interfaces/share/panthera_interfaces/local_setup.dsv
-- Installing: /home/tk/robot_manipulator/Panthera-HT_ROS2_Jazzy/install/panthera_interfaces/share/panthera_interfaces/package.dsv
-- Installing: /home/tk/robot_manipulator/Panthera-HT_ROS2_Jazzy/install/panthera_interfaces/share/ament_index/resource_index/packages/panthera_interfaces
-- Installing: /home/tk/robot_manipulator/Panthera-HT_ROS2_Jazzy/install/panthera_interfaces/share/panthera_interfaces/cmake/export_panthera_interfaces__rosidl_generator_cExport.cmake
-- Installing: /home/tk/robot_manipulator/Panthera-HT_ROS2_Jazzy/install/panthera_interfaces/share/panthera_interfaces/cmake/export_panthera_interfaces__rosidl_generator_cExport-noconfig.cmake
-- Installing: /home/tk/robot_manipulator/Panthera-HT_ROS2_Jazzy/install/panthera_interfaces/share/panthera_interfaces/cmake/export_panthera_interfaces__rosidl_typesupport_fastrtps_cExport.cmake
-- Installing: /home/tk/robot_manipulator/Panthera-HT_ROS2_Jazzy/install/panthera_interfaces/share/panthera_interfaces/cmake/export_panthera_interfaces__rosidl_typesupport_fastrtps_cExport-noconfig.cmake
-- Installing: /home/tk/robot_manipulator/Panthera-HT_ROS2_Jazzy/install/panthera_interfaces/share/panthera_interfaces/cmake/panthera_interfaces__rosidl_typesupport_introspection_cExport.cmake
-- Installing: /home/tk/robot_manipulator/Panthera-HT_ROS2_Jazzy/install/panthera_interfaces/share/panthera_interfaces/cmake/panthera_interfaces__rosidl_typesupport_introspection_cExport-noconfig.cmake
-- Installing: /home/tk/robot_manipulator/Panthera-HT_ROS2_Jazzy/install/panthera_interfaces/share/panthera_interfaces/cmake/panthera_interfaces__rosidl_typesupport_cExport.cmake
-- Installing: /home/tk/robot_manipulator/Panthera-HT_ROS2_Jazzy/install/panthera_interfaces/share/panthera_interfaces/cmake/panthera_interfaces__rosidl_typesupport_cExport-noconfig.cmake
-- Installing: /home/tk/robot_manipulator/Panthera-HT_ROS2_Jazzy/install/panthera_interfaces/share/panthera_interfaces/cmake/export_panthera_interfaces__rosidl_generator_cppExport.cmake
-- Installing: /home/tk/robot_manipulator/Panthera-HT_ROS2_Jazzy/install/panthera_interfaces/share/panthera_interfaces/cmake/export_panthera_interfaces__rosidl_typesupport_fastrtps_cppExport.cmake
-- Installing: /home/tk/robot_manipulator/Panthera-HT_ROS2_Jazzy/install/panthera_interfaces/share/panthera_interfaces/cmake/export_panthera_interfaces__rosidl_typesupport_fastrtps_cppExport-noconfig.cmake
-- Installing: /home/tk/robot_manipulator/Panthera-HT_ROS2_Jazzy/install/panthera_interfaces/share/panthera_interfaces/cmake/panthera_interfaces__rosidl_typesupport_introspection_cppExport.cmake
-- Installing: /home/tk/robot_manipulator/Panthera-HT_ROS2_Jazzy/install/panthera_interfaces/share/panthera_interfaces/cmake/panthera_interfaces__rosidl_typesupport_introspection_cppExport-noconfig.cmake
-- Installing: /home/tk/robot_manipulator/Panthera-HT_ROS2_Jazzy/install/panthera_interfaces/share/panthera_interfaces/cmake/panthera_interfaces__rosidl_typesupport_cppExport.cmake
-- Installing: /home/tk/robot_manipulator/Panthera-HT_ROS2_Jazzy/install/panthera_interfaces/share/panthera_interfaces/cmake/panthera_interfaces__rosidl_typesupport_cppExport-noconfig.cmake
-- Installing: /home/tk/robot_manipulator/Panthera-HT_ROS2_Jazzy/install/panthera_interfaces/share/panthera_interfaces/cmake/export_panthera_interfaces__rosidl_generator_pyExport.cmake
-- Installing: /home/tk/robot_manipulator/Panthera-HT_ROS2_Jazzy/install/panthera_interfaces/share/panthera_interfaces/cmake/export_panthera_interfaces__rosidl_generator_pyExport-noconfig.cmake
-- Installing: /home/tk/robot_manipulator/Panthera-HT_ROS2_Jazzy/install/panthera_interfaces/share/panthera_interfaces/cmake/rosidl_cmake-extras.cmake
-- Installing: /home/tk/robot_manipulator/Panthera-HT_ROS2_Jazzy/install/panthera_interfaces/share/panthera_interfaces/cmake/ament_cmake_export_dependencies-extras.cmake
-- Installing: /home/tk/robot_manipulator/Panthera-HT_ROS2_Jazzy/install/panthera_interfaces/share/panthera_interfaces/cmake/ament_cmake_export_include_directories-extras.cmake
-- Installing: /home/tk/robot_manipulator/Panthera-HT_ROS2_Jazzy/install/panthera_interfaces/share/panthera_interfaces/cmake/ament_cmake_export_libraries-extras.cmake
-- Installing: /home/tk/robot_manipulator/Panthera-HT_ROS2_Jazzy/install/panthera_interfaces/share/panthera_interfaces/cmake/ament_cmake_export_targets-extras.cmake
-- Installing: /home/tk/robot_manipulator/Panthera-HT_ROS2_Jazzy/install/panthera_interfaces/share/panthera_interfaces/cmake/rosidl_cmake_export_typesupport_targets-extras.cmake
-- Installing: /home/tk/robot_manipulator/Panthera-HT_ROS2_Jazzy/install/panthera_interfaces/share/panthera_interfaces/cmake/rosidl_cmake_export_typesupport_libraries-extras.cmake
-- Installing: /home/tk/robot_manipulator/Panthera-HT_ROS2_Jazzy/install/panthera_interfaces/share/panthera_interfaces/cmake/panthera_interfacesConfig.cmake
-- Installing: /home/tk/robot_manipulator/Panthera-HT_ROS2_Jazzy/install/panthera_interfaces/share/panthera_interfaces/cmake/panthera_interfacesConfig-version.cmake
-- Installing: /home/tk/robot_manipulator/Panthera-HT_ROS2_Jazzy/install/panthera_interfaces/share/panthera_interfaces/package.xml
