-- The C compiler identification is GNU 13.3.0
-- The CXX compiler identification is GNU 13.3.0
-- Detecting C compiler ABI info
-- Detecting C compiler ABI info - done
-- Check for working C compiler: /usr/bin/cc - skipped
-- Detecting C compile features
-- Detecting C compile features - done
-- Detecting CXX compiler ABI info
-- Detecting CXX compiler ABI info - done
-- Check for working CXX compiler: /usr/bin/c++ - skipped
-- Detecting CXX compile features
-- Detecting CXX compile features - done
-- Found ament_cmake: 2.5.4 (/opt/ros/jazzy/share/ament_cmake/cmake)
-- Found Python3: /usr/bin/python3 (found version "3.12.3") found components: Interpreter 
-- Found ament_lint_auto: 0.17.3 (/opt/ros/jazzy/share/ament_lint_auto/cmake)
-- Added test 'copyright' to check source files copyright and LICENSE
-- Added test 'flake8' to check Python code syntax and style conventions
-- Configured 'flake8' exclude dirs and/or files: 
-- Added test 'lint_cmake' to check CMake code style
-- Added test 'pep257' to check Python code against some of the docstring style conventions in PEP 257
-- Added test 'xmllint' to check XML markup files
-- Configuring done (0.4s)
-- Generating done (0.0s)
-- Build files have been written to: /home/tk/robot_manipulator/Panthera-HT_ROS2_Jazzy/build/panthera_bringup
-- Install configuration: ""
-- Installing: /home/tk/robot_manipulator/Panthera-HT_ROS2_Jazzy/install/panthera_bringup/share/panthera_bringup/launch
-- Installing: /home/tk/robot_manipulator/Panthera-HT_ROS2_Jazzy/install/panthera_bringup/share/panthera_bringup/launch/robot.launch.xml
-- Installing: /home/tk/robot_manipulator/Panthera-HT_ROS2_Jazzy/install/panthera_bringup/share/panthera_bringup/launch/robot.launch.py
-- Installing: /home/tk/robot_manipulator/Panthera-HT_ROS2_Jazzy/install/panthera_bringup/share/panthera_bringup/config
-- Installing: /home/tk/robot_manipulator/Panthera-HT_ROS2_Jazzy/install/panthera_bringup/share/panthera_bringup/config/ros2_controllers.yaml
-- Installing: /home/tk/robot_manipulator/Panthera-HT_ROS2_Jazzy/install/panthera_bringup/share/ament_index/resource_index/package_run_dependencies/panthera_bringup
-- Installing: /home/tk/robot_manipulator/Panthera-HT_ROS2_Jazzy/install/panthera_bringup/share/ament_index/resource_index/parent_prefix_path/panthera_bringup
-- Installing: /home/tk/robot_manipulator/Panthera-HT_ROS2_Jazzy/install/panthera_bringup/share/panthera_bringup/environment/ament_prefix_path.sh
-- Installing: /home/tk/robot_manipulator/Panthera-HT_ROS2_Jazzy/install/panthera_bringup/share/panthera_bringup/environment/ament_prefix_path.dsv
-- Installing: /home/tk/robot_manipulator/Panthera-HT_ROS2_Jazzy/install/panthera_bringup/share/panthera_bringup/environment/path.sh
-- Installing: /home/tk/robot_manipulator/Panthera-HT_ROS2_Jazzy/install/panthera_bringup/share/panthera_bringup/environment/path.dsv
-- Installing: /home/tk/robot_manipulator/Panthera-HT_ROS2_Jazzy/install/panthera_bringup/share/panthera_bringup/local_setup.bash
-- Installing: /home/tk/robot_manipulator/Panthera-HT_ROS2_Jazzy/install/panthera_bringup/share/panthera_bringup/local_setup.sh
-- Installing: /home/tk/robot_manipulator/Panthera-HT_ROS2_Jazzy/install/panthera_bringup/share/panthera_bringup/local_setup.zsh
-- Installing: /home/tk/robot_manipulator/Panthera-HT_ROS2_Jazzy/install/panthera_bringup/share/panthera_bringup/local_setup.dsv
-- Installing: /home/tk/robot_manipulator/Panthera-HT_ROS2_Jazzy/install/panthera_bringup/share/panthera_bringup/package.dsv
-- Installing: /home/tk/robot_manipulator/Panthera-HT_ROS2_Jazzy/install/panthera_bringup/share/ament_index/resource_index/packages/panthera_bringup
-- Installing: /home/tk/robot_manipulator/Panthera-HT_ROS2_Jazzy/install/panthera_bringup/share/panthera_bringup/cmake/panthera_bringupConfig.cmake
-- Installing: /home/tk/robot_manipulator/Panthera-HT_ROS2_Jazzy/install/panthera_bringup/share/panthera_bringup/cmake/panthera_bringupConfig-version.cmake
-- Installing: /home/tk/robot_manipulator/Panthera-HT_ROS2_Jazzy/install/panthera_bringup/share/panthera_bringup/package.xml
