-- The C compiler identification is GNU 13.3.0
-- The CXX compiler identification is GNU 13.3.0
-- Detecting C compiler ABI info
-- Detecting C compiler ABI info - done
-- Check for working C compiler: /usr/bin/cc - skipped
-- Detecting C compile features
-- Detecting C compile features - done
-- Detecting CXX compiler ABI info
-- Detecting CXX compiler ABI info - done
-- Check for working CXX compiler: /usr/bin/c++ - skipped
-- Detecting CXX compile features
-- Detecting CXX compile features - done
-- Found ament_cmake: 2.5.4 (/opt/ros/jazzy/share/ament_cmake/cmake)
-- Found Python3: /usr/bin/python3 (found version "3.12.3") found components: Interpreter 
-- Configuring done (0.4s)
-- Generating done (0.0s)
-- Build files have been written to: /home/tk/robot_manipulator/Panthera-HT_ROS2_Jazzy/build/panthera_ht_description_with_finger
-- Install configuration: ""
-- Installing: /home/tk/robot_manipulator/Panthera-HT_ROS2_Jazzy/install/panthera_ht_description_with_finger/share/panthera_ht_description_with_finger//config
-- Installing: /home/tk/robot_manipulator/Panthera-HT_ROS2_Jazzy/install/panthera_ht_description_with_finger/share/panthera_ht_description_with_finger//config/joint_names_Panthera-HT_description_with_finger.yaml
-- Installing: /home/tk/robot_manipulator/Panthera-HT_ROS2_Jazzy/install/panthera_ht_description_with_finger/share/panthera_ht_description_with_finger//launch
-- Installing: /home/tk/robot_manipulator/Panthera-HT_ROS2_Jazzy/install/panthera_ht_description_with_finger/share/panthera_ht_description_with_finger//launch/gazebo.launch
-- Installing: /home/tk/robot_manipulator/Panthera-HT_ROS2_Jazzy/install/panthera_ht_description_with_finger/share/panthera_ht_description_with_finger//launch/display.launch
-- Installing: /home/tk/robot_manipulator/Panthera-HT_ROS2_Jazzy/install/panthera_ht_description_with_finger/share/panthera_ht_description_with_finger//meshes
-- Installing: /home/tk/robot_manipulator/Panthera-HT_ROS2_Jazzy/install/panthera_ht_description_with_finger/share/panthera_ht_description_with_finger//meshes/L_finger.STL
-- Installing: /home/tk/robot_manipulator/Panthera-HT_ROS2_Jazzy/install/panthera_ht_description_with_finger/share/panthera_ht_description_with_finger//meshes/link6.STL
-- Installing: /home/tk/robot_manipulator/Panthera-HT_ROS2_Jazzy/install/panthera_ht_description_with_finger/share/panthera_ht_description_with_finger//meshes/link5.STL
-- Installing: /home/tk/robot_manipulator/Panthera-HT_ROS2_Jazzy/install/panthera_ht_description_with_finger/share/panthera_ht_description_with_finger//meshes/link4.STL
-- Installing: /home/tk/robot_manipulator/Panthera-HT_ROS2_Jazzy/install/panthera_ht_description_with_finger/share/panthera_ht_description_with_finger//meshes/base_link.STL
-- Installing: /home/tk/robot_manipulator/Panthera-HT_ROS2_Jazzy/install/panthera_ht_description_with_finger/share/panthera_ht_description_with_finger//meshes/link1.STL
-- Installing: /home/tk/robot_manipulator/Panthera-HT_ROS2_Jazzy/install/panthera_ht_description_with_finger/share/panthera_ht_description_with_finger//meshes/R_finger.STL
-- Installing: /home/tk/robot_manipulator/Panthera-HT_ROS2_Jazzy/install/panthera_ht_description_with_finger/share/panthera_ht_description_with_finger//meshes/link3.STL
-- Installing: /home/tk/robot_manipulator/Panthera-HT_ROS2_Jazzy/install/panthera_ht_description_with_finger/share/panthera_ht_description_with_finger//meshes/link2.STL
-- Installing: /home/tk/robot_manipulator/Panthera-HT_ROS2_Jazzy/install/panthera_ht_description_with_finger/share/panthera_ht_description_with_finger//urdf
-- Installing: /home/tk/robot_manipulator/Panthera-HT_ROS2_Jazzy/install/panthera_ht_description_with_finger/share/panthera_ht_description_with_finger//urdf/Panthera-HT_description_with_finger.csv
-- Installing: /home/tk/robot_manipulator/Panthera-HT_ROS2_Jazzy/install/panthera_ht_description_with_finger/share/panthera_ht_description_with_finger//urdf/Panthera-HT_description_with_finger.urdf.xacro
-- Installing: /home/tk/robot_manipulator/Panthera-HT_ROS2_Jazzy/install/panthera_ht_description_with_finger/share/panthera_ht_description_with_finger//urdf/Panthera-HT_description_with_finger.urdf
-- Installing: /home/tk/robot_manipulator/Panthera-HT_ROS2_Jazzy/install/panthera_ht_description_with_finger/share/panthera_ht_description_with_finger//textures
-- Installing: /home/tk/robot_manipulator/Panthera-HT_ROS2_Jazzy/install/panthera_ht_description_with_finger/share/ament_index/resource_index/package_run_dependencies/panthera_ht_description_with_finger
-- Installing: /home/tk/robot_manipulator/Panthera-HT_ROS2_Jazzy/install/panthera_ht_description_with_finger/share/ament_index/resource_index/parent_prefix_path/panthera_ht_description_with_finger
-- Installing: /home/tk/robot_manipulator/Panthera-HT_ROS2_Jazzy/install/panthera_ht_description_with_finger/share/panthera_ht_description_with_finger/environment/ament_prefix_path.sh
-- Installing: /home/tk/robot_manipulator/Panthera-HT_ROS2_Jazzy/install/panthera_ht_description_with_finger/share/panthera_ht_description_with_finger/environment/ament_prefix_path.dsv
-- Installing: /home/tk/robot_manipulator/Panthera-HT_ROS2_Jazzy/install/panthera_ht_description_with_finger/share/panthera_ht_description_with_finger/environment/path.sh
-- Installing: /home/tk/robot_manipulator/Panthera-HT_ROS2_Jazzy/install/panthera_ht_description_with_finger/share/panthera_ht_description_with_finger/environment/path.dsv
-- Installing: /home/tk/robot_manipulator/Panthera-HT_ROS2_Jazzy/install/panthera_ht_description_with_finger/share/panthera_ht_description_with_finger/local_setup.bash
-- Installing: /home/tk/robot_manipulator/Panthera-HT_ROS2_Jazzy/install/panthera_ht_description_with_finger/share/panthera_ht_description_with_finger/local_setup.sh
-- Installing: /home/tk/robot_manipulator/Panthera-HT_ROS2_Jazzy/install/panthera_ht_description_with_finger/share/panthera_ht_description_with_finger/local_setup.zsh
-- Installing: /home/tk/robot_manipulator/Panthera-HT_ROS2_Jazzy/install/panthera_ht_description_with_finger/share/panthera_ht_description_with_finger/local_setup.dsv
-- Installing: /home/tk/robot_manipulator/Panthera-HT_ROS2_Jazzy/install/panthera_ht_description_with_finger/share/panthera_ht_description_with_finger/package.dsv
-- Installing: /home/tk/robot_manipulator/Panthera-HT_ROS2_Jazzy/install/panthera_ht_description_with_finger/share/ament_index/resource_index/packages/panthera_ht_description_with_finger
-- Installing: /home/tk/robot_manipulator/Panthera-HT_ROS2_Jazzy/install/panthera_ht_description_with_finger/share/panthera_ht_description_with_finger/cmake/panthera_ht_description_with_fingerConfig.cmake
-- Installing: /home/tk/robot_manipulator/Panthera-HT_ROS2_Jazzy/install/panthera_ht_description_with_finger/share/panthera_ht_description_with_finger/cmake/panthera_ht_description_with_fingerConfig-version.cmake
-- Installing: /home/tk/robot_manipulator/Panthera-HT_ROS2_Jazzy/install/panthera_ht_description_with_finger/share/panthera_ht_description_with_finger/package.xml
