[0.005s] Invoking command in '/home/tk/robot_manipulator/Panthera-HT_ROS2_Jazzy/build/panthera_interfaces': CMAKE_PREFIX_PATH=${CMAKE_PREFIX_PATH}:/opt/ros/jazzy DEBUGINFOD_URLS=https://debuginfod.ubuntu.com /usr/bin/cmake /home/tk/robot_manipulator/Panthera-HT_ROS2_Jazzy/src/panthera_interfaces -DCMAKE_INSTALL_PREFIX=/home/tk/robot_manipulator/Panthera-HT_ROS2_Jazzy/install/panthera_interfaces
[0.041s] -- The C compiler identification is GNU 13.3.0
[0.075s] -- The CXX compiler identification is GNU 13.3.0
[0.084s] -- Detecting C compiler ABI info
[0.149s] -- Detecting C compiler ABI info - done
[0.154s] -- Check for working C compiler: /usr/bin/cc - skipped
[0.154s] -- Detecting C compile features
[0.154s] -- Detecting C compile features - done
[0.160s] -- Detecting CXX compiler ABI info
[0.220s] -- Detecting CXX compiler ABI info - done
[0.224s] -- Check for working CXX compiler: /usr/bin/c++ - skipped
[0.224s] -- Detecting CXX compile features
[0.224s] -- Detecting CXX compile features - done
[0.226s] -- Found ament_cmake: 2.5.4 (/opt/ros/jazzy/share/ament_cmake/cmake)
[0.313s] -- Found Python3: /usr/bin/python3 (found version "3.12.3") found components: Interpreter 
[0.377s] -- Found rosidl_default_generators: 1.6.0 (/opt/ros/jazzy/share/rosidl_default_generators/cmake)
[0.382s] -- Using all available rosidl_typesupport_c: rosidl_typesupport_fastrtps_c;rosidl_typesupport_introspection_c
[0.413s] -- Using all available rosidl_typesupport_cpp: rosidl_typesupport_fastrtps_cpp;rosidl_typesupport_introspection_cpp
[0.438s] -- Found rosidl_adapter: 4.6.6 (/opt/ros/jazzy/share/rosidl_adapter/cmake)
[0.440s] -- Found std_msgs: 5.3.6 (/opt/ros/jazzy/share/std_msgs/cmake)
[0.838s] -- Found ament_cmake_ros: 0.12.0 (/opt/ros/jazzy/share/ament_cmake_ros/cmake)
[1.116s] -- Using all available rosidl_typesupport_c: rosidl_typesupport_fastrtps_c;rosidl_typesupport_introspection_c
[1.473s] -- Using all available rosidl_typesupport_cpp: rosidl_typesupport_fastrtps_cpp;rosidl_typesupport_introspection_cpp
[1.476s] -- Found python_cmake_module: 0.11.1 (/opt/ros/jazzy/share/python_cmake_module/cmake)
[1.572s] -- Found PythonExtra: /usr/bin/python3  
[1.817s] -- Found Python3: /usr/bin/python3 (found version "3.12.3") found components: Interpreter Development NumPy Development.Module Development.Embed 
[1.846s] -- Configuring done (1.8s)
[1.871s] -- Generating done (0.0s)
[1.877s] -- Build files have been written to: /home/tk/robot_manipulator/Panthera-HT_ROS2_Jazzy/build/panthera_interfaces
[1.883s] Invoked command in '/home/tk/robot_manipulator/Panthera-HT_ROS2_Jazzy/build/panthera_interfaces' returned '0': CMAKE_PREFIX_PATH=${CMAKE_PREFIX_PATH}:/opt/ros/jazzy DEBUGINFOD_URLS=https://debuginfod.ubuntu.com /usr/bin/cmake /home/tk/robot_manipulator/Panthera-HT_ROS2_Jazzy/src/panthera_interfaces -DCMAKE_INSTALL_PREFIX=/home/tk/robot_manipulator/Panthera-HT_ROS2_Jazzy/install/panthera_interfaces
[1.883s] Invoking command in '/home/tk/robot_manipulator/Panthera-HT_ROS2_Jazzy/build/panthera_interfaces': CMAKE_PREFIX_PATH=${CMAKE_PREFIX_PATH}:/opt/ros/jazzy DEBUGINFOD_URLS=https://debuginfod.ubuntu.com /usr/bin/cmake --build /home/tk/robot_manipulator/Panthera-HT_ROS2_Jazzy/build/panthera_interfaces -- -j28 -l28
[1.918s] [  1%] [34m[1mGenerating type hashes for ROS interfaces[0m
[1.921s] [  1%] Built target ament_cmake_python_copy_panthera_interfaces
[2.015s] running egg_info
[2.015s] creating panthera_interfaces.egg-info
[2.023s] writing panthera_interfaces.egg-info/PKG-INFO
[2.023s] writing dependency_links to panthera_interfaces.egg-info/dependency_links.txt
[2.023s] writing top-level names to panthera_interfaces.egg-info/top_level.txt
[2.023s] writing manifest file 'panthera_interfaces.egg-info/SOURCES.txt'
[2.044s] reading manifest file 'panthera_interfaces.egg-info/SOURCES.txt'
[2.044s] writing manifest file 'panthera_interfaces.egg-info/SOURCES.txt'
[2.061s] [  1%] Built target ament_cmake_python_build_panthera_interfaces_egg
[2.181s] [  1%] Built target panthera_interfaces__rosidl_generator_type_description
[2.189s] [  2%] [34m[1mGenerating C code for ROS interfaces[0m
[2.195s] [  2%] [34m[1mGenerating C++ code for ROS interfaces[0m
[2.823s] [  2%] Built target panthera_interfaces__cpp
[2.952s] [  5%] [32mBuilding C object CMakeFiles/panthera_interfaces__rosidl_generator_c.dir/rosidl_generator_c/panthera_interfaces/msg/detail/arm_pose__type_support.c.o[0m
[2.952s] [  5%] [32mBuilding C object CMakeFiles/panthera_interfaces__rosidl_generator_c.dir/rosidl_generator_c/panthera_interfaces/msg/detail/end_pose_euler__functions.c.o[0m
[2.952s] [  5%] [32mBuilding C object CMakeFiles/panthera_interfaces__rosidl_generator_c.dir/rosidl_generator_c/panthera_interfaces/msg/detail/arm_status__type_support.c.o[0m
[2.952s] [  5%] [32mBuilding C object CMakeFiles/panthera_interfaces__rosidl_generator_c.dir/rosidl_generator_c/panthera_interfaces/msg/detail/arm_pose__functions.c.o[0m
[2.952s] [  5%] [32mBuilding C object CMakeFiles/panthera_interfaces__rosidl_generator_c.dir/rosidl_generator_c/panthera_interfaces/msg/detail/end_pose_euler__type_support.c.o[0m
[2.953s] [  7%] [32mBuilding C object CMakeFiles/panthera_interfaces__rosidl_generator_c.dir/rosidl_generator_c/panthera_interfaces/msg/detail/arm_pose__description.c.o[0m
[2.953s] [  8%] [32mBuilding C object CMakeFiles/panthera_interfaces__rosidl_generator_c.dir/rosidl_generator_c/panthera_interfaces/msg/detail/pos_cmd__type_support.c.o[0m
[2.954s] [  7%] [32mBuilding C object CMakeFiles/panthera_interfaces__rosidl_generator_c.dir/rosidl_generator_c/panthera_interfaces/srv/detail/move_to_joint__description.c.o[0m
[2.954s] [ 10%] [32mBuilding C object CMakeFiles/panthera_interfaces__rosidl_generator_c.dir/rosidl_generator_c/panthera_interfaces/srv/detail/move_to_joint__type_support.c.o[0m
[2.954s] [ 11%] [32mBuilding C object CMakeFiles/panthera_interfaces__rosidl_generator_c.dir/rosidl_generator_c/panthera_interfaces/srv/detail/move_to_joint__functions.c.o[0m
[2.958s] [ 12%] [32mBuilding C object CMakeFiles/panthera_interfaces__rosidl_generator_c.dir/rosidl_generator_c/panthera_interfaces/msg/detail/pos_cmd__functions.c.o[0m
[2.958s] [ 13%] [32mBuilding C object CMakeFiles/panthera_interfaces__rosidl_generator_c.dir/rosidl_generator_c/panthera_interfaces/msg/detail/arm_status__functions.c.o[0m
[2.961s] [ 15%] [32mBuilding C object CMakeFiles/panthera_interfaces__rosidl_generator_c.dir/rosidl_generator_c/panthera_interfaces/srv/detail/gripper_control__description.c.o[0m
[2.961s] [ 15%] [32mBuilding C object CMakeFiles/panthera_interfaces__rosidl_generator_c.dir/rosidl_generator_c/panthera_interfaces/srv/detail/move_to_pose__functions.c.o[0m
[2.961s] [  9%] [32mBuilding C object CMakeFiles/panthera_interfaces__rosidl_generator_c.dir/rosidl_generator_c/panthera_interfaces/msg/detail/end_pose_euler__description.c.o[0m
[2.961s] [ 18%] [32mBuilding C object CMakeFiles/panthera_interfaces__rosidl_generator_c.dir/rosidl_generator_c/panthera_interfaces/msg/detail/pos_cmd__description.c.o[0m
[2.961s] [ 17%] [32mBuilding C object CMakeFiles/panthera_interfaces__rosidl_generator_c.dir/rosidl_generator_c/panthera_interfaces/srv/detail/enable__description.c.o[0m
[2.961s] [ 18%] [32mBuilding C object CMakeFiles/panthera_interfaces__rosidl_generator_c.dir/rosidl_generator_c/panthera_interfaces/msg/detail/arm_status__description.c.o[0m
[2.965s] [ 18%] [32mBuilding C object CMakeFiles/panthera_interfaces__rosidl_generator_c.dir/rosidl_generator_c/panthera_interfaces/srv/detail/gripper_control__type_support.c.o[0m
[2.965s] [ 18%] [32mBuilding C object CMakeFiles/panthera_interfaces__rosidl_generator_c.dir/rosidl_generator_c/panthera_interfaces/srv/detail/move_to_pose__type_support.c.o[0m
[2.965s] [ 19%] [32mBuilding C object CMakeFiles/panthera_interfaces__rosidl_generator_c.dir/rosidl_generator_c/panthera_interfaces/srv/detail/gripper_control__functions.c.o[0m
[2.965s] [ 20%] [32mBuilding C object CMakeFiles/panthera_interfaces__rosidl_generator_c.dir/rosidl_generator_c/panthera_interfaces/srv/detail/move_to_pose__description.c.o[0m
[2.966s] [ 20%] [32mBuilding C object CMakeFiles/panthera_interfaces__rosidl_generator_c.dir/rosidl_generator_c/panthera_interfaces/srv/detail/enable__functions.c.o[0m
[2.985s] [ 21%] [32mBuilding C object CMakeFiles/panthera_interfaces__rosidl_generator_c.dir/rosidl_generator_c/panthera_interfaces/srv/detail/go_zero__functions.c.o[0m
[2.985s] [ 22%] [32mBuilding C object CMakeFiles/panthera_interfaces__rosidl_generator_c.dir/rosidl_generator_c/panthera_interfaces/srv/detail/go_zero__description.c.o[0m
[2.990s] [ 22%] [32mBuilding C object CMakeFiles/panthera_interfaces__rosidl_generator_c.dir/rosidl_generator_c/panthera_interfaces/srv/detail/gripper_srv__functions.c.o[0m
[2.990s] [ 23%] [32mBuilding C object CMakeFiles/panthera_interfaces__rosidl_generator_c.dir/rosidl_generator_c/panthera_interfaces/srv/detail/enable__type_support.c.o[0m
[2.990s] [ 24%] [32mBuilding C object CMakeFiles/panthera_interfaces__rosidl_generator_c.dir/rosidl_generator_c/panthera_interfaces/srv/detail/gripper_srv__description.c.o[0m
[2.991s] [ 25%] [32mBuilding C object CMakeFiles/panthera_interfaces__rosidl_generator_c.dir/rosidl_generator_c/panthera_interfaces/srv/detail/go_zero__type_support.c.o[0m
[2.994s] [ 26%] [32mBuilding C object CMakeFiles/panthera_interfaces__rosidl_generator_c.dir/rosidl_generator_c/panthera_interfaces/srv/detail/gripper_srv__type_support.c.o[0m
[3.046s] [ 27%] [32m[1mLinking C shared library libpanthera_interfaces__rosidl_generator_c.so[0m
[3.072s] [ 27%] Built target panthera_interfaces__rosidl_generator_c
[3.077s] [ 28%] [34m[1mGenerating C type support for eProsima Fast-RTPS[0m
[3.080s] [ 30%] [34m[1mGenerating C++ type support dispatch for ROS interfaces[0m
[3.080s] [ 30%] [34m[1mGenerating C introspection for ROS interfaces[0m
[3.080s] [ 30%] [34m[1mGenerating C type support dispatch for ROS interfaces[0m
[3.080s] [ 31%] [34m[1mGenerating C++ type support for eProsima Fast-RTPS[0m
[3.080s] [ 31%] [34m[1mGenerating C++ introspection for ROS interfaces[0m
[3.431s] [ 38%] [32mBuilding CXX object CMakeFiles/panthera_interfaces__rosidl_typesupport_c.dir/rosidl_typesupport_c/panthera_interfaces/msg/pos_cmd__type_support.cpp.o[0m
[3.431s] [ 38%] [32mBuilding CXX object CMakeFiles/panthera_interfaces__rosidl_typesupport_c.dir/rosidl_typesupport_c/panthera_interfaces/srv/enable__type_support.cpp.o[0m
[3.431s] [ 38%] [32mBuilding CXX object CMakeFiles/panthera_interfaces__rosidl_typesupport_c.dir/rosidl_typesupport_c/panthera_interfaces/msg/arm_status__type_support.cpp.o[0m
[3.431s] [ 38%] [32mBuilding CXX object CMakeFiles/panthera_interfaces__rosidl_typesupport_c.dir/rosidl_typesupport_c/panthera_interfaces/srv/move_to_joint__type_support.cpp.o[0m
[3.431s] [ 38%] [32mBuilding CXX object CMakeFiles/panthera_interfaces__rosidl_typesupport_c.dir/rosidl_typesupport_c/panthera_interfaces/srv/go_zero__type_support.cpp.o[0m
[3.431s] [ 38%] [32mBuilding CXX object CMakeFiles/panthera_interfaces__rosidl_typesupport_c.dir/rosidl_typesupport_c/panthera_interfaces/srv/gripper_srv__type_support.cpp.o[0m
[3.431s] [ 39%] [32mBuilding CXX object CMakeFiles/panthera_interfaces__rosidl_typesupport_c.dir/rosidl_typesupport_c/panthera_interfaces/srv/move_to_pose__type_support.cpp.o[0m
[3.431s] [ 39%] [32mBuilding CXX object CMakeFiles/panthera_interfaces__rosidl_typesupport_c.dir/rosidl_typesupport_c/panthera_interfaces/msg/arm_pose__type_support.cpp.o[0m
[3.431s] [ 39%] [32mBuilding CXX object CMakeFiles/panthera_interfaces__rosidl_typesupport_c.dir/rosidl_typesupport_c/panthera_interfaces/msg/end_pose_euler__type_support.cpp.o[0m
[3.431s] [ 38%] [32mBuilding CXX object CMakeFiles/panthera_interfaces__rosidl_typesupport_c.dir/rosidl_typesupport_c/panthera_interfaces/srv/gripper_control__type_support.cpp.o[0m
[3.468s] [ 40%] [32m[1mLinking CXX shared library libpanthera_interfaces__rosidl_typesupport_c.so[0m
[3.475s] [ 40%] [32mBuilding CXX object CMakeFiles/panthera_interfaces__rosidl_typesupport_cpp.dir/rosidl_typesupport_cpp/panthera_interfaces/srv/go_zero__type_support.cpp.o[0m
[3.475s] [ 40%] [32mBuilding CXX object CMakeFiles/panthera_interfaces__rosidl_typesupport_cpp.dir/rosidl_typesupport_cpp/panthera_interfaces/msg/pos_cmd__type_support.cpp.o[0m
[3.475s] [ 41%] [32mBuilding CXX object CMakeFiles/panthera_interfaces__rosidl_typesupport_cpp.dir/rosidl_typesupport_cpp/panthera_interfaces/srv/move_to_pose__type_support.cpp.o[0m
[3.476s] [ 44%] [32mBuilding CXX object CMakeFiles/panthera_interfaces__rosidl_typesupport_cpp.dir/rosidl_typesupport_cpp/panthera_interfaces/srv/enable__type_support.cpp.o[0m
[3.476s] [ 44%] [32mBuilding CXX object CMakeFiles/panthera_interfaces__rosidl_typesupport_cpp.dir/rosidl_typesupport_cpp/panthera_interfaces/msg/arm_pose__type_support.cpp.o[0m
[3.476s] [ 44%] [32mBuilding CXX object CMakeFiles/panthera_interfaces__rosidl_typesupport_cpp.dir/rosidl_typesupport_cpp/panthera_interfaces/msg/arm_status__type_support.cpp.o[0m
[3.476s] [ 46%] [32mBuilding CXX object CMakeFiles/panthera_interfaces__rosidl_typesupport_cpp.dir/rosidl_typesupport_cpp/panthera_interfaces/msg/end_pose_euler__type_support.cpp.o[0m
[3.477s] [ 47%] [32mBuilding CXX object CMakeFiles/panthera_interfaces__rosidl_typesupport_cpp.dir/rosidl_typesupport_cpp/panthera_interfaces/srv/move_to_joint__type_support.cpp.o[0m
[3.477s] [ 47%] [32mBuilding CXX object CMakeFiles/panthera_interfaces__rosidl_typesupport_cpp.dir/rosidl_typesupport_cpp/panthera_interfaces/srv/gripper_srv__type_support.cpp.o[0m
[3.477s] [ 48%] [32mBuilding CXX object CMakeFiles/panthera_interfaces__rosidl_typesupport_cpp.dir/rosidl_typesupport_cpp/panthera_interfaces/srv/gripper_control__type_support.cpp.o[0m
[3.501s] [ 48%] Built target panthera_interfaces__rosidl_typesupport_c
[3.562s] [ 52%] [32mBuilding C object CMakeFiles/panthera_interfaces__rosidl_typesupport_introspection_c.dir/rosidl_typesupport_introspection_c/panthera_interfaces/srv/detail/move_to_joint__type_support.c.o[0m
[3.562s] [ 52%] [32mBuilding C object CMakeFiles/panthera_interfaces__rosidl_typesupport_introspection_c.dir/rosidl_typesupport_introspection_c/panthera_interfaces/msg/detail/pos_cmd__type_support.c.o[0m
[3.562s] [ 52%] [32mBuilding C object CMakeFiles/panthera_interfaces__rosidl_typesupport_introspection_c.dir/rosidl_typesupport_introspection_c/panthera_interfaces/srv/detail/move_to_pose__type_support.c.o[0m
[3.562s] [ 52%] [32mBuilding C object CMakeFiles/panthera_interfaces__rosidl_typesupport_introspection_c.dir/rosidl_typesupport_introspection_c/panthera_interfaces/msg/detail/arm_status__type_support.c.o[0m
[3.562s] [ 53%] [32mBuilding C object CMakeFiles/panthera_interfaces__rosidl_typesupport_introspection_c.dir/rosidl_typesupport_introspection_c/panthera_interfaces/srv/detail/gripper_control__type_support.c.o[0m
[3.562s] [ 52%] [32mBuilding C object CMakeFiles/panthera_interfaces__rosidl_typesupport_introspection_c.dir/rosidl_typesupport_introspection_c/panthera_interfaces/msg/detail/end_pose_euler__type_support.c.o[0m
[3.562s] [ 54%] [32mBuilding C object CMakeFiles/panthera_interfaces__rosidl_typesupport_introspection_c.dir/rosidl_typesupport_introspection_c/panthera_interfaces/msg/detail/arm_pose__type_support.c.o[0m
[3.565s] [ 55%] [32mBuilding C object CMakeFiles/panthera_interfaces__rosidl_typesupport_introspection_c.dir/rosidl_typesupport_introspection_c/panthera_interfaces/srv/detail/enable__type_support.c.o[0m
[3.567s] [ 55%] [32mBuilding C object CMakeFiles/panthera_interfaces__rosidl_typesupport_introspection_c.dir/rosidl_typesupport_introspection_c/panthera_interfaces/srv/detail/go_zero__type_support.c.o[0m
[3.569s] [ 56%] [32mBuilding C object CMakeFiles/panthera_interfaces__rosidl_typesupport_introspection_c.dir/rosidl_typesupport_introspection_c/panthera_interfaces/srv/detail/gripper_srv__type_support.c.o[0m
[3.596s] [ 58%] [32mBuilding CXX object CMakeFiles/panthera_interfaces__rosidl_typesupport_introspection_cpp.dir/rosidl_typesupport_introspection_cpp/panthera_interfaces/msg/detail/arm_pose__type_support.cpp.o[0m
[3.596s] [ 58%] [32mBuilding CXX object CMakeFiles/panthera_interfaces__rosidl_typesupport_introspection_cpp.dir/rosidl_typesupport_introspection_cpp/panthera_interfaces/srv/detail/move_to_pose__type_support.cpp.o[0m
[3.597s] [ 59%] [32mBuilding CXX object CMakeFiles/panthera_interfaces__rosidl_typesupport_introspection_cpp.dir/rosidl_typesupport_introspection_cpp/panthera_interfaces/srv/detail/move_to_joint__type_support.cpp.o[0m
[3.597s] [ 59%] [32mBuilding CXX object CMakeFiles/panthera_interfaces__rosidl_typesupport_introspection_cpp.dir/rosidl_typesupport_introspection_cpp/panthera_interfaces/msg/detail/arm_status__type_support.cpp.o[0m
[3.598s] [ 60%] [32mBuilding CXX object CMakeFiles/panthera_interfaces__rosidl_typesupport_introspection_cpp.dir/rosidl_typesupport_introspection_cpp/panthera_interfaces/msg/detail/pos_cmd__type_support.cpp.o[0m
[3.602s] [ 61%] [32mBuilding CXX object CMakeFiles/panthera_interfaces__rosidl_typesupport_introspection_cpp.dir/rosidl_typesupport_introspection_cpp/panthera_interfaces/msg/detail/end_pose_euler__type_support.cpp.o[0m
[3.605s] [ 62%] [32mBuilding CXX object CMakeFiles/panthera_interfaces__rosidl_typesupport_introspection_cpp.dir/rosidl_typesupport_introspection_cpp/panthera_interfaces/srv/detail/enable__type_support.cpp.o[0m
[3.611s] [ 62%] [32mBuilding CXX object CMakeFiles/panthera_interfaces__rosidl_typesupport_introspection_cpp.dir/rosidl_typesupport_introspection_cpp/panthera_interfaces/srv/detail/gripper_control__type_support.cpp.o[0m
[3.621s] [ 63%] [32mBuilding CXX object CMakeFiles/panthera_interfaces__rosidl_typesupport_introspection_cpp.dir/rosidl_typesupport_introspection_cpp/panthera_interfaces/srv/detail/go_zero__type_support.cpp.o[0m
[3.623s] [ 64%] [32mBuilding CXX object CMakeFiles/panthera_interfaces__rosidl_typesupport_introspection_cpp.dir/rosidl_typesupport_introspection_cpp/panthera_interfaces/srv/detail/gripper_srv__type_support.cpp.o[0m
[3.652s] [ 65%] [32m[1mLinking C shared library libpanthera_interfaces__rosidl_typesupport_introspection_c.so[0m
[3.699s] [ 65%] Built target panthera_interfaces__rosidl_typesupport_introspection_c
[3.819s] [ 69%] [32mBuilding CXX object CMakeFiles/panthera_interfaces__rosidl_typesupport_fastrtps_cpp.dir/rosidl_typesupport_fastrtps_cpp/panthera_interfaces/msg/detail/dds_fastrtps/pos_cmd__type_support.cpp.o[0m
[3.819s] [ 69%] [32mBuilding CXX object CMakeFiles/panthera_interfaces__rosidl_typesupport_fastrtps_cpp.dir/rosidl_typesupport_fastrtps_cpp/panthera_interfaces/srv/detail/dds_fastrtps/gripper_control__type_support.cpp.o[0m
[3.819s] [ 69%] [32mBuilding CXX object CMakeFiles/panthera_interfaces__rosidl_typesupport_fastrtps_cpp.dir/rosidl_typesupport_fastrtps_cpp/panthera_interfaces/msg/detail/dds_fastrtps/end_pose_euler__type_support.cpp.o[0m
[3.819s] [ 69%] [32mBuilding CXX object CMakeFiles/panthera_interfaces__rosidl_typesupport_fastrtps_cpp.dir/rosidl_typesupport_fastrtps_cpp/panthera_interfaces/srv/detail/dds_fastrtps/go_zero__type_support.cpp.o[0m
[3.819s] [ 70%] [32mBuilding CXX object CMakeFiles/panthera_interfaces__rosidl_typesupport_fastrtps_cpp.dir/rosidl_typesupport_fastrtps_cpp/panthera_interfaces/msg/detail/dds_fastrtps/arm_status__type_support.cpp.o[0m
[3.819s] [ 70%] [32mBuilding CXX object CMakeFiles/panthera_interfaces__rosidl_typesupport_fastrtps_cpp.dir/rosidl_typesupport_fastrtps_cpp/panthera_interfaces/srv/detail/dds_fastrtps/move_to_joint__type_support.cpp.o[0m
[3.821s] [ 71%] [32mBuilding CXX object CMakeFiles/panthera_interfaces__rosidl_typesupport_fastrtps_cpp.dir/rosidl_typesupport_fastrtps_cpp/panthera_interfaces/msg/detail/dds_fastrtps/arm_pose__type_support.cpp.o[0m
[3.821s] [ 72%] [32mBuilding CXX object CMakeFiles/panthera_interfaces__rosidl_typesupport_fastrtps_cpp.dir/rosidl_typesupport_fastrtps_cpp/panthera_interfaces/srv/detail/dds_fastrtps/enable__type_support.cpp.o[0m
[3.822s] [ 74%] [32mBuilding CXX object CMakeFiles/panthera_interfaces__rosidl_typesupport_fastrtps_cpp.dir/rosidl_typesupport_fastrtps_cpp/panthera_interfaces/srv/detail/dds_fastrtps/gripper_srv__type_support.cpp.o[0m
[3.822s] [ 74%] [32mBuilding CXX object CMakeFiles/panthera_interfaces__rosidl_typesupport_fastrtps_cpp.dir/rosidl_typesupport_fastrtps_cpp/panthera_interfaces/srv/detail/dds_fastrtps/move_to_pose__type_support.cpp.o[0m
[3.838s] [ 75%] [32m[1mLinking CXX shared library libpanthera_interfaces__rosidl_typesupport_cpp.so[0m
[3.926s] [ 77%] [32mBuilding CXX object CMakeFiles/panthera_interfaces__rosidl_typesupport_fastrtps_c.dir/rosidl_typesupport_fastrtps_c/panthera_interfaces/msg/detail/arm_pose__type_support_c.cpp.o[0m
[3.929s] [ 77%] [32mBuilding CXX object CMakeFiles/panthera_interfaces__rosidl_typesupport_fastrtps_c.dir/rosidl_typesupport_fastrtps_c/panthera_interfaces/srv/detail/move_to_joint__type_support_c.cpp.o[0m
[3.929s] [ 77%] [32mBuilding CXX object CMakeFiles/panthera_interfaces__rosidl_typesupport_fastrtps_c.dir/rosidl_typesupport_fastrtps_c/panthera_interfaces/msg/detail/arm_status__type_support_c.cpp.o[0m
[3.929s] [ 79%] [32mBuilding CXX object CMakeFiles/panthera_interfaces__rosidl_typesupport_fastrtps_c.dir/rosidl_typesupport_fastrtps_c/panthera_interfaces/msg/detail/end_pose_euler__type_support_c.cpp.o[0m
[3.929s] [ 80%] [32mBuilding CXX object CMakeFiles/panthera_interfaces__rosidl_typesupport_fastrtps_c.dir/rosidl_typesupport_fastrtps_c/panthera_interfaces/srv/detail/move_to_pose__type_support_c.cpp.o[0m
[3.929s] [ 77%] [32mBuilding CXX object CMakeFiles/panthera_interfaces__rosidl_typesupport_fastrtps_c.dir/rosidl_typesupport_fastrtps_c/panthera_interfaces/srv/detail/gripper_control__type_support_c.cpp.o[0m
[3.929s] [ 78%] [32mBuilding CXX object CMakeFiles/panthera_interfaces__rosidl_typesupport_fastrtps_c.dir/rosidl_typesupport_fastrtps_c/panthera_interfaces/msg/detail/pos_cmd__type_support_c.cpp.o[0m
[3.931s] [ 81%] [32mBuilding CXX object CMakeFiles/panthera_interfaces__rosidl_typesupport_fastrtps_c.dir/rosidl_typesupport_fastrtps_c/panthera_interfaces/srv/detail/enable__type_support_c.cpp.o[0m
[3.938s] [ 82%] [32mBuilding CXX object CMakeFiles/panthera_interfaces__rosidl_typesupport_fastrtps_c.dir/rosidl_typesupport_fastrtps_c/panthera_interfaces/srv/detail/go_zero__type_support_c.cpp.o[0m
[3.944s] [ 83%] [32mBuilding CXX object CMakeFiles/panthera_interfaces__rosidl_typesupport_fastrtps_c.dir/rosidl_typesupport_fastrtps_c/panthera_interfaces/srv/detail/gripper_srv__type_support_c.cpp.o[0m
[3.981s] [ 83%] Built target panthera_interfaces__rosidl_typesupport_cpp
[4.045s] [ 84%] [32m[1mLinking CXX shared library libpanthera_interfaces__rosidl_typesupport_introspection_cpp.so[0m
[4.221s] [ 84%] Built target panthera_interfaces__rosidl_typesupport_introspection_cpp
[4.390s] [ 85%] [32m[1mLinking CXX shared library libpanthera_interfaces__rosidl_typesupport_fastrtps_c.so[0m
[4.434s] [ 85%] Built target panthera_interfaces__rosidl_typesupport_fastrtps_c
[4.435s] [ 85%] [32m[1mLinking CXX shared library libpanthera_interfaces__rosidl_typesupport_fastrtps_cpp.so[0m
[4.483s] [ 85%] Built target panthera_interfaces__rosidl_typesupport_fastrtps_cpp
[4.497s] [ 85%] Built target panthera_interfaces
[4.509s] [ 86%] [34m[1mGenerating Python code for ROS interfaces[0m
[5.364s] [ 86%] Built target panthera_interfaces__py
[5.379s] [ 86%] [32mBuilding C object CMakeFiles/panthera_interfaces__rosidl_generator_py.dir/rosidl_generator_py/panthera_interfaces/msg/_end_pose_euler_s.c.o[0m
[5.380s] [ 86%] [32mBuilding C object CMakeFiles/panthera_interfaces__rosidl_generator_py.dir/rosidl_generator_py/panthera_interfaces/srv/_enable_s.c.o[0m
[5.380s] [ 90%] [32mBuilding C object CMakeFiles/panthera_interfaces__rosidl_generator_py.dir/rosidl_generator_py/panthera_interfaces/srv/_gripper_control_s.c.o[0m
[5.380s] [ 90%] [32mBuilding C object CMakeFiles/panthera_interfaces__rosidl_generator_py.dir/rosidl_generator_py/panthera_interfaces/msg/_arm_pose_s.c.o[0m
[5.380s] [ 90%] [32mBuilding C object CMakeFiles/panthera_interfaces__rosidl_generator_py.dir/rosidl_generator_py/panthera_interfaces/msg/_pos_cmd_s.c.o[0m
[5.380s] [ 90%] [32mBuilding C object CMakeFiles/panthera_interfaces__rosidl_generator_py.dir/rosidl_generator_py/panthera_interfaces/msg/_arm_status_s.c.o[0m
[5.380s] [ 93%] [32mBuilding C object CMakeFiles/panthera_interfaces__rosidl_generator_py.dir/rosidl_generator_py/panthera_interfaces/srv/_move_to_joint_s.c.o[0m
[5.380s] [ 93%] [32mBuilding C object CMakeFiles/panthera_interfaces__rosidl_generator_py.dir/rosidl_generator_py/panthera_interfaces/srv/_move_to_pose_s.c.o[0m
[5.380s] [ 93%] [32mBuilding C object CMakeFiles/panthera_interfaces__rosidl_generator_py.dir/rosidl_generator_py/panthera_interfaces/srv/_go_zero_s.c.o[0m
[5.380s] [ 94%] [32mBuilding C object CMakeFiles/panthera_interfaces__rosidl_generator_py.dir/rosidl_generator_py/panthera_interfaces/srv/_gripper_srv_s.c.o[0m
[5.509s] [ 95%] [32m[1mLinking C shared library libpanthera_interfaces__rosidl_generator_py.so[0m
[5.547s] [ 95%] Built target panthera_interfaces__rosidl_generator_py
[5.564s] [ 96%] [32mBuilding C object CMakeFiles/panthera_interfaces_s__rosidl_typesupport_introspection_c.dir/rosidl_generator_py/panthera_interfaces/_panthera_interfaces_s.ep.rosidl_typesupport_introspection_c.c.o[0m
[5.566s] [ 96%] [32mBuilding C object CMakeFiles/panthera_interfaces_s__rosidl_typesupport_c.dir/rosidl_generator_py/panthera_interfaces/_panthera_interfaces_s.ep.rosidl_typesupport_c.c.o[0m
[5.567s] [ 97%] [32mBuilding C object CMakeFiles/panthera_interfaces_s__rosidl_typesupport_fastrtps_c.dir/rosidl_generator_py/panthera_interfaces/_panthera_interfaces_s.ep.rosidl_typesupport_fastrtps_c.c.o[0m
[5.652s] [ 98%] [32m[1mLinking C shared module rosidl_generator_py/panthera_interfaces/panthera_interfaces_s__rosidl_typesupport_introspection_c.so[0m
[5.679s] [ 98%] Built target panthera_interfaces_s__rosidl_typesupport_introspection_c
[5.701s] [ 99%] [32m[1mLinking C shared module rosidl_generator_py/panthera_interfaces/panthera_interfaces_s__rosidl_typesupport_c.so[0m
[5.708s] [100%] [32m[1mLinking C shared module rosidl_generator_py/panthera_interfaces/panthera_interfaces_s__rosidl_typesupport_fastrtps_c.so[0m
[5.729s] [100%] Built target panthera_interfaces_s__rosidl_typesupport_c
[5.738s] [100%] Built target panthera_interfaces_s__rosidl_typesupport_fastrtps_c
[5.752s] Invoked command in '/home/tk/robot_manipulator/Panthera-HT_ROS2_Jazzy/build/panthera_interfaces' returned '0': CMAKE_PREFIX_PATH=${CMAKE_PREFIX_PATH}:/opt/ros/jazzy DEBUGINFOD_URLS=https://debuginfod.ubuntu.com /usr/bin/cmake --build /home/tk/robot_manipulator/Panthera-HT_ROS2_Jazzy/build/panthera_interfaces -- -j28 -l28
[5.753s] Invoking command in '/home/tk/robot_manipulator/Panthera-HT_ROS2_Jazzy/build/panthera_interfaces': CMAKE_PREFIX_PATH=${CMAKE_PREFIX_PATH}:/opt/ros/jazzy DEBUGINFOD_URLS=https://debuginfod.ubuntu.com /usr/bin/cmake --install /home/tk/robot_manipulator/Panthera-HT_ROS2_Jazzy/build/panthera_interfaces
[5.763s] -- Install configuration: ""
[5.764s] -- Installing: /home/tk/robot_manipulator/Panthera-HT_ROS2_Jazzy/install/panthera_interfaces/share/ament_index/resource_index/rosidl_interfaces/panthera_interfaces
[5.764s] -- Installing: /home/tk/robot_manipulator/Panthera-HT_ROS2_Jazzy/install/panthera_interfaces/share/panthera_interfaces/msg/ArmPose.json
[5.764s] -- Installing: /home/tk/robot_manipulator/Panthera-HT_ROS2_Jazzy/install/panthera_interfaces/share/panthera_interfaces/msg/ArmStatus.json
[5.764s] -- Installing: /home/tk/robot_manipulator/Panthera-HT_ROS2_Jazzy/install/panthera_interfaces/share/panthera_interfaces/msg/EndPoseEuler.json
[5.764s] -- Installing: /home/tk/robot_manipulator/Panthera-HT_ROS2_Jazzy/install/panthera_interfaces/share/panthera_interfaces/msg/PosCmd.json
[5.764s] -- Installing: /home/tk/robot_manipulator/Panthera-HT_ROS2_Jazzy/install/panthera_interfaces/share/panthera_interfaces/srv/MoveToJoint.json
[5.764s] -- Installing: /home/tk/robot_manipulator/Panthera-HT_ROS2_Jazzy/install/panthera_interfaces/share/panthera_interfaces/srv/MoveToPose.json
[5.764s] -- Installing: /home/tk/robot_manipulator/Panthera-HT_ROS2_Jazzy/install/panthera_interfaces/share/panthera_interfaces/srv/GripperControl.json
[5.764s] -- Installing: /home/tk/robot_manipulator/Panthera-HT_ROS2_Jazzy/install/panthera_interfaces/share/panthera_interfaces/srv/Enable.json
[5.764s] -- Installing: /home/tk/robot_manipulator/Panthera-HT_ROS2_Jazzy/install/panthera_interfaces/share/panthera_interfaces/srv/GoZero.json
[5.764s] -- Installing: /home/tk/robot_manipulator/Panthera-HT_ROS2_Jazzy/install/panthera_interfaces/share/panthera_interfaces/srv/GripperSrv.json
[5.764s] -- Installing: /home/tk/robot_manipulator/Panthera-HT_ROS2_Jazzy/install/panthera_interfaces/include/panthera_interfaces/panthera_interfaces
[5.765s] -- Installing: /home/tk/robot_manipulator/Panthera-HT_ROS2_Jazzy/install/panthera_interfaces/include/panthera_interfaces/panthera_interfaces/msg
[5.765s] -- Installing: /home/tk/robot_manipulator/Panthera-HT_ROS2_Jazzy/install/panthera_interfaces/include/panthera_interfaces/panthera_interfaces/msg/detail
[5.765s] -- Installing: /home/tk/robot_manipulator/Panthera-HT_ROS2_Jazzy/install/panthera_interfaces/include/panthera_interfaces/panthera_interfaces/msg/detail/end_pose_euler__type_support.c
[5.765s] -- Installing: /home/tk/robot_manipulator/Panthera-HT_ROS2_Jazzy/install/panthera_interfaces/include/panthera_interfaces/panthera_interfaces/msg/detail/end_pose_euler__type_support.h
[5.765s] -- Installing: /home/tk/robot_manipulator/Panthera-HT_ROS2_Jazzy/install/panthera_interfaces/include/panthera_interfaces/panthera_interfaces/msg/detail/pos_cmd__functions.c
[5.765s] -- Installing: /home/tk/robot_manipulator/Panthera-HT_ROS2_Jazzy/install/panthera_interfaces/include/panthera_interfaces/panthera_interfaces/msg/detail/arm_pose__type_support.c
[5.765s] -- Installing: /home/tk/robot_manipulator/Panthera-HT_ROS2_Jazzy/install/panthera_interfaces/include/panthera_interfaces/panthera_interfaces/msg/detail/arm_pose__struct.h
[5.765s] -- Installing: /home/tk/robot_manipulator/Panthera-HT_ROS2_Jazzy/install/panthera_interfaces/include/panthera_interfaces/panthera_interfaces/msg/detail/arm_status__type_support.h
[5.765s] -- Installing: /home/tk/robot_manipulator/Panthera-HT_ROS2_Jazzy/install/panthera_interfaces/include/panthera_interfaces/panthera_interfaces/msg/detail/pos_cmd__type_support.h
[5.765s] -- Installing: /home/tk/robot_manipulator/Panthera-HT_ROS2_Jazzy/install/panthera_interfaces/include/panthera_interfaces/panthera_interfaces/msg/detail/pos_cmd__description.c
[5.765s] -- Installing: /home/tk/robot_manipulator/Panthera-HT_ROS2_Jazzy/install/panthera_interfaces/include/panthera_interfaces/panthera_interfaces/msg/detail/arm_status__struct.h
[5.765s] -- Installing: /home/tk/robot_manipulator/Panthera-HT_ROS2_Jazzy/install/panthera_interfaces/include/panthera_interfaces/panthera_interfaces/msg/detail/arm_pose__functions.c
[5.765s] -- Installing: /home/tk/robot_manipulator/Panthera-HT_ROS2_Jazzy/install/panthera_interfaces/include/panthera_interfaces/panthera_interfaces/msg/detail/arm_status__type_support.c
[5.765s] -- Installing: /home/tk/robot_manipulator/Panthera-HT_ROS2_Jazzy/install/panthera_interfaces/include/panthera_interfaces/panthera_interfaces/msg/detail/end_pose_euler__functions.h
[5.766s] -- Installing: /home/tk/robot_manipulator/Panthera-HT_ROS2_Jazzy/install/panthera_interfaces/include/panthera_interfaces/panthera_interfaces/msg/detail/arm_pose__functions.h
[5.766s] -- Installing: /home/tk/robot_manipulator/Panthera-HT_ROS2_Jazzy/install/panthera_interfaces/include/panthera_interfaces/panthera_interfaces/msg/detail/arm_status__functions.c
[5.766s] -- Installing: /home/tk/robot_manipulator/Panthera-HT_ROS2_Jazzy/install/panthera_interfaces/include/panthera_interfaces/panthera_interfaces/msg/detail/end_pose_euler__functions.c
[5.766s] -- Installing: /home/tk/robot_manipulator/Panthera-HT_ROS2_Jazzy/install/panthera_interfaces/include/panthera_interfaces/panthera_interfaces/msg/detail/arm_pose__type_support.h
[5.766s] -- Installing: /home/tk/robot_manipulator/Panthera-HT_ROS2_Jazzy/install/panthera_interfaces/include/panthera_interfaces/panthera_interfaces/msg/detail/arm_status__description.c
[5.766s] -- Installing: /home/tk/robot_manipulator/Panthera-HT_ROS2_Jazzy/install/panthera_interfaces/include/panthera_interfaces/panthera_interfaces/msg/detail/pos_cmd__functions.h
[5.766s] -- Installing: /home/tk/robot_manipulator/Panthera-HT_ROS2_Jazzy/install/panthera_interfaces/include/panthera_interfaces/panthera_interfaces/msg/detail/arm_pose__description.c
[5.766s] -- Installing: /home/tk/robot_manipulator/Panthera-HT_ROS2_Jazzy/install/panthera_interfaces/include/panthera_interfaces/panthera_interfaces/msg/detail/end_pose_euler__description.c
[5.766s] -- Installing: /home/tk/robot_manipulator/Panthera-HT_ROS2_Jazzy/install/panthera_interfaces/include/panthera_interfaces/panthera_interfaces/msg/detail/end_pose_euler__struct.h
[5.766s] -- Installing: /home/tk/robot_manipulator/Panthera-HT_ROS2_Jazzy/install/panthera_interfaces/include/panthera_interfaces/panthera_interfaces/msg/detail/arm_status__functions.h
[5.767s] -- Installing: /home/tk/robot_manipulator/Panthera-HT_ROS2_Jazzy/install/panthera_interfaces/include/panthera_interfaces/panthera_interfaces/msg/detail/pos_cmd__type_support.c
[5.767s] -- Installing: /home/tk/robot_manipulator/Panthera-HT_ROS2_Jazzy/install/panthera_interfaces/include/panthera_interfaces/panthera_interfaces/msg/detail/pos_cmd__struct.h
[5.767s] -- Installing: /home/tk/robot_manipulator/Panthera-HT_ROS2_Jazzy/install/panthera_interfaces/include/panthera_interfaces/panthera_interfaces/msg/arm_pose.h
[5.767s] -- Installing: /home/tk/robot_manipulator/Panthera-HT_ROS2_Jazzy/install/panthera_interfaces/include/panthera_interfaces/panthera_interfaces/msg/pos_cmd.h
[5.767s] -- Installing: /home/tk/robot_manipulator/Panthera-HT_ROS2_Jazzy/install/panthera_interfaces/include/panthera_interfaces/panthera_interfaces/msg/rosidl_generator_c__visibility_control.h
[5.767s] -- Installing: /home/tk/robot_manipulator/Panthera-HT_ROS2_Jazzy/install/panthera_interfaces/include/panthera_interfaces/panthera_interfaces/msg/end_pose_euler.h
[5.767s] -- Installing: /home/tk/robot_manipulator/Panthera-HT_ROS2_Jazzy/install/panthera_interfaces/include/panthera_interfaces/panthera_interfaces/msg/arm_status.h
[5.767s] -- Installing: /home/tk/robot_manipulator/Panthera-HT_ROS2_Jazzy/install/panthera_interfaces/include/panthera_interfaces/panthera_interfaces/srv
[5.767s] -- Installing: /home/tk/robot_manipulator/Panthera-HT_ROS2_Jazzy/install/panthera_interfaces/include/panthera_interfaces/panthera_interfaces/srv/detail
[5.767s] -- Installing: /home/tk/robot_manipulator/Panthera-HT_ROS2_Jazzy/install/panthera_interfaces/include/panthera_interfaces/panthera_interfaces/srv/detail/gripper_srv__description.c
[5.767s] -- Installing: /home/tk/robot_manipulator/Panthera-HT_ROS2_Jazzy/install/panthera_interfaces/include/panthera_interfaces/panthera_interfaces/srv/detail/move_to_joint__functions.h
[5.767s] -- Installing: /home/tk/robot_manipulator/Panthera-HT_ROS2_Jazzy/install/panthera_interfaces/include/panthera_interfaces/panthera_interfaces/srv/detail/go_zero__description.c
[5.767s] -- Installing: /home/tk/robot_manipulator/Panthera-HT_ROS2_Jazzy/install/panthera_interfaces/include/panthera_interfaces/panthera_interfaces/srv/detail/move_to_pose__description.c
[5.768s] -- Installing: /home/tk/robot_manipulator/Panthera-HT_ROS2_Jazzy/install/panthera_interfaces/include/panthera_interfaces/panthera_interfaces/srv/detail/move_to_pose__type_support.c
[5.768s] -- Installing: /home/tk/robot_manipulator/Panthera-HT_ROS2_Jazzy/install/panthera_interfaces/include/panthera_interfaces/panthera_interfaces/srv/detail/go_zero__functions.h
[5.768s] -- Installing: /home/tk/robot_manipulator/Panthera-HT_ROS2_Jazzy/install/panthera_interfaces/include/panthera_interfaces/panthera_interfaces/srv/detail/move_to_joint__struct.h
[5.768s] -- Installing: /home/tk/robot_manipulator/Panthera-HT_ROS2_Jazzy/install/panthera_interfaces/include/panthera_interfaces/panthera_interfaces/srv/detail/move_to_joint__description.c
[5.768s] -- Installing: /home/tk/robot_manipulator/Panthera-HT_ROS2_Jazzy/install/panthera_interfaces/include/panthera_interfaces/panthera_interfaces/srv/detail/enable__type_support.c
[5.768s] -- Installing: /home/tk/robot_manipulator/Panthera-HT_ROS2_Jazzy/install/panthera_interfaces/include/panthera_interfaces/panthera_interfaces/srv/detail/enable__functions.h
[5.768s] -- Installing: /home/tk/robot_manipulator/Panthera-HT_ROS2_Jazzy/install/panthera_interfaces/include/panthera_interfaces/panthera_interfaces/srv/detail/move_to_joint__type_support.c
[5.768s] -- Installing: /home/tk/robot_manipulator/Panthera-HT_ROS2_Jazzy/install/panthera_interfaces/include/panthera_interfaces/panthera_interfaces/srv/detail/move_to_pose__functions.c
[5.768s] -- Installing: /home/tk/robot_manipulator/Panthera-HT_ROS2_Jazzy/install/panthera_interfaces/include/panthera_interfaces/panthera_interfaces/srv/detail/gripper_srv__struct.h
[5.768s] -- Installing: /home/tk/robot_manipulator/Panthera-HT_ROS2_Jazzy/install/panthera_interfaces/include/panthera_interfaces/panthera_interfaces/srv/detail/enable__struct.h
[5.768s] -- Installing: /home/tk/robot_manipulator/Panthera-HT_ROS2_Jazzy/install/panthera_interfaces/include/panthera_interfaces/panthera_interfaces/srv/detail/enable__functions.c
[5.768s] -- Installing: /home/tk/robot_manipulator/Panthera-HT_ROS2_Jazzy/install/panthera_interfaces/include/panthera_interfaces/panthera_interfaces/srv/detail/enable__description.c
[5.769s] -- Installing: /home/tk/robot_manipulator/Panthera-HT_ROS2_Jazzy/install/panthera_interfaces/include/panthera_interfaces/panthera_interfaces/srv/detail/gripper_control__struct.h
[5.769s] -- Installing: /home/tk/robot_manipulator/Panthera-HT_ROS2_Jazzy/install/panthera_interfaces/include/panthera_interfaces/panthera_interfaces/srv/detail/move_to_joint__type_support.h
[5.769s] -- Installing: /home/tk/robot_manipulator/Panthera-HT_ROS2_Jazzy/install/panthera_interfaces/include/panthera_interfaces/panthera_interfaces/srv/detail/gripper_srv__type_support.c
[5.769s] -- Installing: /home/tk/robot_manipulator/Panthera-HT_ROS2_Jazzy/install/panthera_interfaces/include/panthera_interfaces/panthera_interfaces/srv/detail/go_zero__type_support.h
[5.769s] -- Installing: /home/tk/robot_manipulator/Panthera-HT_ROS2_Jazzy/install/panthera_interfaces/include/panthera_interfaces/panthera_interfaces/srv/detail/gripper_control__functions.c
[5.769s] -- Installing: /home/tk/robot_manipulator/Panthera-HT_ROS2_Jazzy/install/panthera_interfaces/include/panthera_interfaces/panthera_interfaces/srv/detail/gripper_srv__type_support.h
[5.769s] -- Installing: /home/tk/robot_manipulator/Panthera-HT_ROS2_Jazzy/install/panthera_interfaces/include/panthera_interfaces/panthera_interfaces/srv/detail/move_to_pose__type_support.h
[5.769s] -- Installing: /home/tk/robot_manipulator/Panthera-HT_ROS2_Jazzy/install/panthera_interfaces/include/panthera_interfaces/panthera_interfaces/srv/detail/gripper_control__description.c
[5.769s] -- Installing: /home/tk/robot_manipulator/Panthera-HT_ROS2_Jazzy/install/panthera_interfaces/include/panthera_interfaces/panthera_interfaces/srv/detail/move_to_joint__functions.c
[5.769s] -- Installing: /home/tk/robot_manipulator/Panthera-HT_ROS2_Jazzy/install/panthera_interfaces/include/panthera_interfaces/panthera_interfaces/srv/detail/gripper_control__type_support.c
[5.769s] -- Installing: /home/tk/robot_manipulator/Panthera-HT_ROS2_Jazzy/install/panthera_interfaces/include/panthera_interfaces/panthera_interfaces/srv/detail/go_zero__struct.h
[5.769s] -- Installing: /home/tk/robot_manipulator/Panthera-HT_ROS2_Jazzy/install/panthera_interfaces/include/panthera_interfaces/panthera_interfaces/srv/detail/gripper_srv__functions.c
[5.770s] -- Installing: /home/tk/robot_manipulator/Panthera-HT_ROS2_Jazzy/install/panthera_interfaces/include/panthera_interfaces/panthera_interfaces/srv/detail/gripper_control__type_support.h
[5.770s] -- Installing: /home/tk/robot_manipulator/Panthera-HT_ROS2_Jazzy/install/panthera_interfaces/include/panthera_interfaces/panthera_interfaces/srv/detail/gripper_srv__functions.h
[5.770s] -- Installing: /home/tk/robot_manipulator/Panthera-HT_ROS2_Jazzy/install/panthera_interfaces/include/panthera_interfaces/panthera_interfaces/srv/detail/gripper_control__functions.h
[5.770s] -- Installing: /home/tk/robot_manipulator/Panthera-HT_ROS2_Jazzy/install/panthera_interfaces/include/panthera_interfaces/panthera_interfaces/srv/detail/go_zero__functions.c
[5.770s] -- Installing: /home/tk/robot_manipulator/Panthera-HT_ROS2_Jazzy/install/panthera_interfaces/include/panthera_interfaces/panthera_interfaces/srv/detail/move_to_pose__struct.h
[5.770s] -- Installing: /home/tk/robot_manipulator/Panthera-HT_ROS2_Jazzy/install/panthera_interfaces/include/panthera_interfaces/panthera_interfaces/srv/detail/move_to_pose__functions.h
[5.770s] -- Installing: /home/tk/robot_manipulator/Panthera-HT_ROS2_Jazzy/install/panthera_interfaces/include/panthera_interfaces/panthera_interfaces/srv/detail/enable__type_support.h
[5.770s] -- Installing: /home/tk/robot_manipulator/Panthera-HT_ROS2_Jazzy/install/panthera_interfaces/include/panthera_interfaces/panthera_interfaces/srv/detail/go_zero__type_support.c
[5.770s] -- Installing: /home/tk/robot_manipulator/Panthera-HT_ROS2_Jazzy/install/panthera_interfaces/include/panthera_interfaces/panthera_interfaces/srv/gripper_control.h
[5.770s] -- Installing: /home/tk/robot_manipulator/Panthera-HT_ROS2_Jazzy/install/panthera_interfaces/include/panthera_interfaces/panthera_interfaces/srv/gripper_srv.h
[5.770s] -- Installing: /home/tk/robot_manipulator/Panthera-HT_ROS2_Jazzy/install/panthera_interfaces/include/panthera_interfaces/panthera_interfaces/srv/move_to_joint.h
[5.770s] -- Installing: /home/tk/robot_manipulator/Panthera-HT_ROS2_Jazzy/install/panthera_interfaces/include/panthera_interfaces/panthera_interfaces/srv/enable.h
[5.771s] -- Installing: /home/tk/robot_manipulator/Panthera-HT_ROS2_Jazzy/install/panthera_interfaces/include/panthera_interfaces/panthera_interfaces/srv/go_zero.h
[5.771s] -- Installing: /home/tk/robot_manipulator/Panthera-HT_ROS2_Jazzy/install/panthera_interfaces/include/panthera_interfaces/panthera_interfaces/srv/move_to_pose.h
[5.771s] -- Installing: /home/tk/robot_manipulator/Panthera-HT_ROS2_Jazzy/install/panthera_interfaces/share/panthera_interfaces/environment/library_path.sh
[5.771s] -- Installing: /home/tk/robot_manipulator/Panthera-HT_ROS2_Jazzy/install/panthera_interfaces/share/panthera_interfaces/environment/library_path.dsv
[5.771s] -- Installing: /home/tk/robot_manipulator/Panthera-HT_ROS2_Jazzy/install/panthera_interfaces/lib/libpanthera_interfaces__rosidl_generator_c.so
[5.771s] -- Set non-toolchain portion of runtime path of "/home/tk/robot_manipulator/Panthera-HT_ROS2_Jazzy/install/panthera_interfaces/lib/libpanthera_interfaces__rosidl_generator_c.so" to ""
[5.771s] -- Up-to-date: /home/tk/robot_manipulator/Panthera-HT_ROS2_Jazzy/install/panthera_interfaces/include/panthera_interfaces/panthera_interfaces
[5.771s] -- Up-to-date: /home/tk/robot_manipulator/Panthera-HT_ROS2_Jazzy/install/panthera_interfaces/include/panthera_interfaces/panthera_interfaces/msg
[5.771s] -- Up-to-date: /home/tk/robot_manipulator/Panthera-HT_ROS2_Jazzy/install/panthera_interfaces/include/panthera_interfaces/panthera_interfaces/msg/detail
[5.772s] -- Installing: /home/tk/robot_manipulator/Panthera-HT_ROS2_Jazzy/install/panthera_interfaces/include/panthera_interfaces/panthera_interfaces/msg/detail/arm_pose__rosidl_typesupport_fastrtps_c.h
[5.772s] -- Installing: /home/tk/robot_manipulator/Panthera-HT_ROS2_Jazzy/install/panthera_interfaces/include/panthera_interfaces/panthera_interfaces/msg/detail/arm_status__rosidl_typesupport_fastrtps_c.h
[5.772s] -- Installing: /home/tk/robot_manipulator/Panthera-HT_ROS2_Jazzy/install/panthera_interfaces/include/panthera_interfaces/panthera_interfaces/msg/detail/pos_cmd__rosidl_typesupport_fastrtps_c.h
[5.772s] -- Installing: /home/tk/robot_manipulator/Panthera-HT_ROS2_Jazzy/install/panthera_interfaces/include/panthera_interfaces/panthera_interfaces/msg/detail/end_pose_euler__rosidl_typesupport_fastrtps_c.h
[5.772s] -- Installing: /home/tk/robot_manipulator/Panthera-HT_ROS2_Jazzy/install/panthera_interfaces/include/panthera_interfaces/panthera_interfaces/msg/rosidl_typesupport_fastrtps_c__visibility_control.h
[5.772s] -- Up-to-date: /home/tk/robot_manipulator/Panthera-HT_ROS2_Jazzy/install/panthera_interfaces/include/panthera_interfaces/panthera_interfaces/srv
[5.772s] -- Up-to-date: /home/tk/robot_manipulator/Panthera-HT_ROS2_Jazzy/install/panthera_interfaces/include/panthera_interfaces/panthera_interfaces/srv/detail
[5.772s] -- Installing: /home/tk/robot_manipulator/Panthera-HT_ROS2_Jazzy/install/panthera_interfaces/include/panthera_interfaces/panthera_interfaces/srv/detail/gripper_srv__rosidl_typesupport_fastrtps_c.h
[5.772s] -- Installing: /home/tk/robot_manipulator/Panthera-HT_ROS2_Jazzy/install/panthera_interfaces/include/panthera_interfaces/panthera_interfaces/srv/detail/enable__rosidl_typesupport_fastrtps_c.h
[5.772s] -- Installing: /home/tk/robot_manipulator/Panthera-HT_ROS2_Jazzy/install/panthera_interfaces/include/panthera_interfaces/panthera_interfaces/srv/detail/go_zero__rosidl_typesupport_fastrtps_c.h
[5.772s] -- Installing: /home/tk/robot_manipulator/Panthera-HT_ROS2_Jazzy/install/panthera_interfaces/include/panthera_interfaces/panthera_interfaces/srv/detail/gripper_control__rosidl_typesupport_fastrtps_c.h
[5.772s] -- Installing: /home/tk/robot_manipulator/Panthera-HT_ROS2_Jazzy/install/panthera_interfaces/include/panthera_interfaces/panthera_interfaces/srv/detail/move_to_pose__rosidl_typesupport_fastrtps_c.h
[5.772s] -- Installing: /home/tk/robot_manipulator/Panthera-HT_ROS2_Jazzy/install/panthera_interfaces/include/panthera_interfaces/panthera_interfaces/srv/detail/move_to_joint__rosidl_typesupport_fastrtps_c.h
[5.772s] -- Installing: /home/tk/robot_manipulator/Panthera-HT_ROS2_Jazzy/install/panthera_interfaces/lib/libpanthera_interfaces__rosidl_typesupport_fastrtps_c.so
[5.773s] -- Set non-toolchain portion of runtime path of "/home/tk/robot_manipulator/Panthera-HT_ROS2_Jazzy/install/panthera_interfaces/lib/libpanthera_interfaces__rosidl_typesupport_fastrtps_c.so" to ""
[5.773s] -- Up-to-date: /home/tk/robot_manipulator/Panthera-HT_ROS2_Jazzy/install/panthera_interfaces/include/panthera_interfaces/panthera_interfaces
[5.773s] -- Up-to-date: /home/tk/robot_manipulator/Panthera-HT_ROS2_Jazzy/install/panthera_interfaces/include/panthera_interfaces/panthera_interfaces/msg
[5.773s] -- Up-to-date: /home/tk/robot_manipulator/Panthera-HT_ROS2_Jazzy/install/panthera_interfaces/include/panthera_interfaces/panthera_interfaces/msg/detail
[5.773s] -- Up-to-date: /home/tk/robot_manipulator/Panthera-HT_ROS2_Jazzy/install/panthera_interfaces/include/panthera_interfaces/panthera_interfaces/msg/detail/end_pose_euler__type_support.c
[5.773s] -- Up-to-date: /home/tk/robot_manipulator/Panthera-HT_ROS2_Jazzy/install/panthera_interfaces/include/panthera_interfaces/panthera_interfaces/msg/detail/arm_pose__type_support.c
[5.773s] -- Installing: /home/tk/robot_manipulator/Panthera-HT_ROS2_Jazzy/install/panthera_interfaces/include/panthera_interfaces/panthera_interfaces/msg/detail/arm_pose__rosidl_typesupport_introspection_c.h
[5.773s] -- Installing: /home/tk/robot_manipulator/Panthera-HT_ROS2_Jazzy/install/panthera_interfaces/include/panthera_interfaces/panthera_interfaces/msg/detail/end_pose_euler__rosidl_typesupport_introspection_c.h
[5.773s] -- Up-to-date: /home/tk/robot_manipulator/Panthera-HT_ROS2_Jazzy/install/panthera_interfaces/include/panthera_interfaces/panthera_interfaces/msg/detail/arm_status__type_support.c
[5.773s] -- Installing: /home/tk/robot_manipulator/Panthera-HT_ROS2_Jazzy/install/panthera_interfaces/include/panthera_interfaces/panthera_interfaces/msg/detail/arm_status__rosidl_typesupport_introspection_c.h
[5.774s] -- Installing: /home/tk/robot_manipulator/Panthera-HT_ROS2_Jazzy/install/panthera_interfaces/include/panthera_interfaces/panthera_interfaces/msg/detail/pos_cmd__rosidl_typesupport_introspection_c.h
[5.774s] -- Up-to-date: /home/tk/robot_manipulator/Panthera-HT_ROS2_Jazzy/install/panthera_interfaces/include/panthera_interfaces/panthera_interfaces/msg/detail/pos_cmd__type_support.c
[5.774s] -- Installing: /home/tk/robot_manipulator/Panthera-HT_ROS2_Jazzy/install/panthera_interfaces/include/panthera_interfaces/panthera_interfaces/msg/rosidl_typesupport_introspection_c__visibility_control.h
[5.774s] -- Up-to-date: /home/tk/robot_manipulator/Panthera-HT_ROS2_Jazzy/install/panthera_interfaces/include/panthera_interfaces/panthera_interfaces/srv
[5.774s] -- Up-to-date: /home/tk/robot_manipulator/Panthera-HT_ROS2_Jazzy/install/panthera_interfaces/include/panthera_interfaces/panthera_interfaces/srv/detail
[5.774s] -- Installing: /home/tk/robot_manipulator/Panthera-HT_ROS2_Jazzy/install/panthera_interfaces/include/panthera_interfaces/panthera_interfaces/srv/detail/enable__rosidl_typesupport_introspection_c.h
[5.774s] -- Up-to-date: /home/tk/robot_manipulator/Panthera-HT_ROS2_Jazzy/install/panthera_interfaces/include/panthera_interfaces/panthera_interfaces/srv/detail/move_to_pose__type_support.c
[5.774s] -- Installing: /home/tk/robot_manipulator/Panthera-HT_ROS2_Jazzy/install/panthera_interfaces/include/panthera_interfaces/panthera_interfaces/srv/detail/gripper_srv__rosidl_typesupport_introspection_c.h
[5.774s] -- Installing: /home/tk/robot_manipulator/Panthera-HT_ROS2_Jazzy/install/panthera_interfaces/include/panthera_interfaces/panthera_interfaces/srv/detail/gripper_control__rosidl_typesupport_introspection_c.h
[5.774s] -- Installing: /home/tk/robot_manipulator/Panthera-HT_ROS2_Jazzy/install/panthera_interfaces/include/panthera_interfaces/panthera_interfaces/srv/detail/move_to_joint__rosidl_typesupport_introspection_c.h
[5.774s] -- Up-to-date: /home/tk/robot_manipulator/Panthera-HT_ROS2_Jazzy/install/panthera_interfaces/include/panthera_interfaces/panthera_interfaces/srv/detail/enable__type_support.c
[5.774s] -- Up-to-date: /home/tk/robot_manipulator/Panthera-HT_ROS2_Jazzy/install/panthera_interfaces/include/panthera_interfaces/panthera_interfaces/srv/detail/move_to_joint__type_support.c
[5.774s] -- Installing: /home/tk/robot_manipulator/Panthera-HT_ROS2_Jazzy/install/panthera_interfaces/include/panthera_interfaces/panthera_interfaces/srv/detail/move_to_pose__rosidl_typesupport_introspection_c.h
[5.774s] -- Installing: /home/tk/robot_manipulator/Panthera-HT_ROS2_Jazzy/install/panthera_interfaces/include/panthera_interfaces/panthera_interfaces/srv/detail/go_zero__rosidl_typesupport_introspection_c.h
[5.775s] -- Up-to-date: /home/tk/robot_manipulator/Panthera-HT_ROS2_Jazzy/install/panthera_interfaces/include/panthera_interfaces/panthera_interfaces/srv/detail/gripper_srv__type_support.c
[5.775s] -- Up-to-date: /home/tk/robot_manipulator/Panthera-HT_ROS2_Jazzy/install/panthera_interfaces/include/panthera_interfaces/panthera_interfaces/srv/detail/gripper_control__type_support.c
[5.775s] -- Up-to-date: /home/tk/robot_manipulator/Panthera-HT_ROS2_Jazzy/install/panthera_interfaces/include/panthera_interfaces/panthera_interfaces/srv/detail/go_zero__type_support.c
[5.775s] -- Installing: /home/tk/robot_manipulator/Panthera-HT_ROS2_Jazzy/install/panthera_interfaces/lib/libpanthera_interfaces__rosidl_typesupport_introspection_c.so
[5.775s] -- Set non-toolchain portion of runtime path of "/home/tk/robot_manipulator/Panthera-HT_ROS2_Jazzy/install/panthera_interfaces/lib/libpanthera_interfaces__rosidl_typesupport_introspection_c.so" to ""
[5.775s] -- Installing: /home/tk/robot_manipulator/Panthera-HT_ROS2_Jazzy/install/panthera_interfaces/lib/libpanthera_interfaces__rosidl_typesupport_c.so
[5.775s] -- Set non-toolchain portion of runtime path of "/home/tk/robot_manipulator/Panthera-HT_ROS2_Jazzy/install/panthera_interfaces/lib/libpanthera_interfaces__rosidl_typesupport_c.so" to ""
[5.775s] -- Up-to-date: /home/tk/robot_manipulator/Panthera-HT_ROS2_Jazzy/install/panthera_interfaces/include/panthera_interfaces/panthera_interfaces
[5.775s] -- Up-to-date: /home/tk/robot_manipulator/Panthera-HT_ROS2_Jazzy/install/panthera_interfaces/include/panthera_interfaces/panthera_interfaces/msg
[5.775s] -- Up-to-date: /home/tk/robot_manipulator/Panthera-HT_ROS2_Jazzy/install/panthera_interfaces/include/panthera_interfaces/panthera_interfaces/msg/detail
[5.775s] -- Installing: /home/tk/robot_manipulator/Panthera-HT_ROS2_Jazzy/install/panthera_interfaces/include/panthera_interfaces/panthera_interfaces/msg/detail/arm_status__traits.hpp
[5.775s] -- Installing: /home/tk/robot_manipulator/Panthera-HT_ROS2_Jazzy/install/panthera_interfaces/include/panthera_interfaces/panthera_interfaces/msg/detail/pos_cmd__traits.hpp
[5.775s] -- Installing: /home/tk/robot_manipulator/Panthera-HT_ROS2_Jazzy/install/panthera_interfaces/include/panthera_interfaces/panthera_interfaces/msg/detail/arm_status__type_support.hpp
[5.775s] -- Installing: /home/tk/robot_manipulator/Panthera-HT_ROS2_Jazzy/install/panthera_interfaces/include/panthera_interfaces/panthera_interfaces/msg/detail/pos_cmd__builder.hpp
[5.775s] -- Installing: /home/tk/robot_manipulator/Panthera-HT_ROS2_Jazzy/install/panthera_interfaces/include/panthera_interfaces/panthera_interfaces/msg/detail/end_pose_euler__struct.hpp
[5.776s] -- Installing: /home/tk/robot_manipulator/Panthera-HT_ROS2_Jazzy/install/panthera_interfaces/include/panthera_interfaces/panthera_interfaces/msg/detail/arm_pose__builder.hpp
[5.776s] -- Installing: /home/tk/robot_manipulator/Panthera-HT_ROS2_Jazzy/install/panthera_interfaces/include/panthera_interfaces/panthera_interfaces/msg/detail/arm_status__struct.hpp
[5.776s] -- Installing: /home/tk/robot_manipulator/Panthera-HT_ROS2_Jazzy/install/panthera_interfaces/include/panthera_interfaces/panthera_interfaces/msg/detail/end_pose_euler__type_support.hpp
[5.776s] -- Installing: /home/tk/robot_manipulator/Panthera-HT_ROS2_Jazzy/install/panthera_interfaces/include/panthera_interfaces/panthera_interfaces/msg/detail/arm_pose__type_support.hpp
[5.776s] -- Installing: /home/tk/robot_manipulator/Panthera-HT_ROS2_Jazzy/install/panthera_interfaces/include/panthera_interfaces/panthera_interfaces/msg/detail/pos_cmd__type_support.hpp
[5.776s] -- Installing: /home/tk/robot_manipulator/Panthera-HT_ROS2_Jazzy/install/panthera_interfaces/include/panthera_interfaces/panthera_interfaces/msg/detail/end_pose_euler__builder.hpp
[5.776s] -- Installing: /home/tk/robot_manipulator/Panthera-HT_ROS2_Jazzy/install/panthera_interfaces/include/panthera_interfaces/panthera_interfaces/msg/detail/arm_status__builder.hpp
[5.776s] -- Installing: /home/tk/robot_manipulator/Panthera-HT_ROS2_Jazzy/install/panthera_interfaces/include/panthera_interfaces/panthera_interfaces/msg/detail/end_pose_euler__traits.hpp
[5.776s] -- Installing: /home/tk/robot_manipulator/Panthera-HT_ROS2_Jazzy/install/panthera_interfaces/include/panthera_interfaces/panthera_interfaces/msg/detail/arm_pose__traits.hpp
[5.776s] -- Installing: /home/tk/robot_manipulator/Panthera-HT_ROS2_Jazzy/install/panthera_interfaces/include/panthera_interfaces/panthera_interfaces/msg/detail/pos_cmd__struct.hpp
[5.776s] -- Installing: /home/tk/robot_manipulator/Panthera-HT_ROS2_Jazzy/install/panthera_interfaces/include/panthera_interfaces/panthera_interfaces/msg/detail/arm_pose__struct.hpp
[5.776s] -- Installing: /home/tk/robot_manipulator/Panthera-HT_ROS2_Jazzy/install/panthera_interfaces/include/panthera_interfaces/panthera_interfaces/msg/rosidl_generator_cpp__visibility_control.hpp
[5.776s] -- Installing: /home/tk/robot_manipulator/Panthera-HT_ROS2_Jazzy/install/panthera_interfaces/include/panthera_interfaces/panthera_interfaces/msg/end_pose_euler.hpp
[5.776s] -- Installing: /home/tk/robot_manipulator/Panthera-HT_ROS2_Jazzy/install/panthera_interfaces/include/panthera_interfaces/panthera_interfaces/msg/arm_status.hpp
[5.777s] -- Installing: /home/tk/robot_manipulator/Panthera-HT_ROS2_Jazzy/install/panthera_interfaces/include/panthera_interfaces/panthera_interfaces/msg/arm_pose.hpp
[5.777s] -- Installing: /home/tk/robot_manipulator/Panthera-HT_ROS2_Jazzy/install/panthera_interfaces/include/panthera_interfaces/panthera_interfaces/msg/pos_cmd.hpp
[5.777s] -- Up-to-date: /home/tk/robot_manipulator/Panthera-HT_ROS2_Jazzy/install/panthera_interfaces/include/panthera_interfaces/panthera_interfaces/srv
[5.777s] -- Installing: /home/tk/robot_manipulator/Panthera-HT_ROS2_Jazzy/install/panthera_interfaces/include/panthera_interfaces/panthera_interfaces/srv/gripper_control.hpp
[5.777s] -- Up-to-date: /home/tk/robot_manipulator/Panthera-HT_ROS2_Jazzy/install/panthera_interfaces/include/panthera_interfaces/panthera_interfaces/srv/detail
[5.777s] -- Installing: /home/tk/robot_manipulator/Panthera-HT_ROS2_Jazzy/install/panthera_interfaces/include/panthera_interfaces/panthera_interfaces/srv/detail/gripper_srv__struct.hpp
[5.777s] -- Installing: /home/tk/robot_manipulator/Panthera-HT_ROS2_Jazzy/install/panthera_interfaces/include/panthera_interfaces/panthera_interfaces/srv/detail/go_zero__type_support.hpp
[5.777s] -- Installing: /home/tk/robot_manipulator/Panthera-HT_ROS2_Jazzy/install/panthera_interfaces/include/panthera_interfaces/panthera_interfaces/srv/detail/move_to_pose__type_support.hpp
[5.777s] -- Installing: /home/tk/robot_manipulator/Panthera-HT_ROS2_Jazzy/install/panthera_interfaces/include/panthera_interfaces/panthera_interfaces/srv/detail/enable__struct.hpp
[5.777s] -- Installing: /home/tk/robot_manipulator/Panthera-HT_ROS2_Jazzy/install/panthera_interfaces/include/panthera_interfaces/panthera_interfaces/srv/detail/move_to_joint__builder.hpp
[5.777s] -- Installing: /home/tk/robot_manipulator/Panthera-HT_ROS2_Jazzy/install/panthera_interfaces/include/panthera_interfaces/panthera_interfaces/srv/detail/gripper_srv__type_support.hpp
[5.777s] -- Installing: /home/tk/robot_manipulator/Panthera-HT_ROS2_Jazzy/install/panthera_interfaces/include/panthera_interfaces/panthera_interfaces/srv/detail/move_to_pose__struct.hpp
[5.777s] -- Installing: /home/tk/robot_manipulator/Panthera-HT_ROS2_Jazzy/install/panthera_interfaces/include/panthera_interfaces/panthera_interfaces/srv/detail/enable__traits.hpp
[5.777s] -- Installing: /home/tk/robot_manipulator/Panthera-HT_ROS2_Jazzy/install/panthera_interfaces/include/panthera_interfaces/panthera_interfaces/srv/detail/move_to_joint__type_support.hpp
[5.778s] -- Installing: /home/tk/robot_manipulator/Panthera-HT_ROS2_Jazzy/install/panthera_interfaces/include/panthera_interfaces/panthera_interfaces/srv/detail/gripper_control__traits.hpp
[5.778s] -- Installing: /home/tk/robot_manipulator/Panthera-HT_ROS2_Jazzy/install/panthera_interfaces/include/panthera_interfaces/panthera_interfaces/srv/detail/gripper_control__builder.hpp
[5.778s] -- Installing: /home/tk/robot_manipulator/Panthera-HT_ROS2_Jazzy/install/panthera_interfaces/include/panthera_interfaces/panthera_interfaces/srv/detail/move_to_pose__builder.hpp
[5.778s] -- Installing: /home/tk/robot_manipulator/Panthera-HT_ROS2_Jazzy/install/panthera_interfaces/include/panthera_interfaces/panthera_interfaces/srv/detail/go_zero__struct.hpp
[5.778s] -- Installing: /home/tk/robot_manipulator/Panthera-HT_ROS2_Jazzy/install/panthera_interfaces/include/panthera_interfaces/panthera_interfaces/srv/detail/enable__type_support.hpp
[5.778s] -- Installing: /home/tk/robot_manipulator/Panthera-HT_ROS2_Jazzy/install/panthera_interfaces/include/panthera_interfaces/panthera_interfaces/srv/detail/enable__builder.hpp
[5.778s] -- Installing: /home/tk/robot_manipulator/Panthera-HT_ROS2_Jazzy/install/panthera_interfaces/include/panthera_interfaces/panthera_interfaces/srv/detail/go_zero__builder.hpp
[5.778s] -- Installing: /home/tk/robot_manipulator/Panthera-HT_ROS2_Jazzy/install/panthera_interfaces/include/panthera_interfaces/panthera_interfaces/srv/detail/move_to_joint__struct.hpp
[5.778s] -- Installing: /home/tk/robot_manipulator/Panthera-HT_ROS2_Jazzy/install/panthera_interfaces/include/panthera_interfaces/panthera_interfaces/srv/detail/gripper_control__struct.hpp
[5.778s] -- Installing: /home/tk/robot_manipulator/Panthera-HT_ROS2_Jazzy/install/panthera_interfaces/include/panthera_interfaces/panthera_interfaces/srv/detail/move_to_joint__traits.hpp
[5.778s] -- Installing: /home/tk/robot_manipulator/Panthera-HT_ROS2_Jazzy/install/panthera_interfaces/include/panthera_interfaces/panthera_interfaces/srv/detail/move_to_pose__traits.hpp
[5.778s] -- Installing: /home/tk/robot_manipulator/Panthera-HT_ROS2_Jazzy/install/panthera_interfaces/include/panthera_interfaces/panthera_interfaces/srv/detail/gripper_srv__traits.hpp
[5.778s] -- Installing: /home/tk/robot_manipulator/Panthera-HT_ROS2_Jazzy/install/panthera_interfaces/include/panthera_interfaces/panthera_interfaces/srv/detail/gripper_srv__builder.hpp
[5.778s] -- Installing: /home/tk/robot_manipulator/Panthera-HT_ROS2_Jazzy/install/panthera_interfaces/include/panthera_interfaces/panthera_interfaces/srv/detail/gripper_control__type_support.hpp
[5.779s] -- Installing: /home/tk/robot_manipulator/Panthera-HT_ROS2_Jazzy/install/panthera_interfaces/include/panthera_interfaces/panthera_interfaces/srv/detail/go_zero__traits.hpp
[5.779s] -- Installing: /home/tk/robot_manipulator/Panthera-HT_ROS2_Jazzy/install/panthera_interfaces/include/panthera_interfaces/panthera_interfaces/srv/move_to_joint.hpp
[5.779s] -- Installing: /home/tk/robot_manipulator/Panthera-HT_ROS2_Jazzy/install/panthera_interfaces/include/panthera_interfaces/panthera_interfaces/srv/enable.hpp
[5.779s] -- Installing: /home/tk/robot_manipulator/Panthera-HT_ROS2_Jazzy/install/panthera_interfaces/include/panthera_interfaces/panthera_interfaces/srv/go_zero.hpp
[5.779s] -- Installing: /home/tk/robot_manipulator/Panthera-HT_ROS2_Jazzy/install/panthera_interfaces/include/panthera_interfaces/panthera_interfaces/srv/move_to_pose.hpp
[5.779s] -- Installing: /home/tk/robot_manipulator/Panthera-HT_ROS2_Jazzy/install/panthera_interfaces/include/panthera_interfaces/panthera_interfaces/srv/gripper_srv.hpp
[5.779s] -- Up-to-date: /home/tk/robot_manipulator/Panthera-HT_ROS2_Jazzy/install/panthera_interfaces/include/panthera_interfaces/panthera_interfaces
[5.779s] -- Up-to-date: /home/tk/robot_manipulator/Panthera-HT_ROS2_Jazzy/install/panthera_interfaces/include/panthera_interfaces/panthera_interfaces/msg
[5.779s] -- Up-to-date: /home/tk/robot_manipulator/Panthera-HT_ROS2_Jazzy/install/panthera_interfaces/include/panthera_interfaces/panthera_interfaces/msg/detail
[5.779s] -- Installing: /home/tk/robot_manipulator/Panthera-HT_ROS2_Jazzy/install/panthera_interfaces/include/panthera_interfaces/panthera_interfaces/msg/detail/end_pose_euler__rosidl_typesupport_fastrtps_cpp.hpp
[5.779s] -- Installing: /home/tk/robot_manipulator/Panthera-HT_ROS2_Jazzy/install/panthera_interfaces/include/panthera_interfaces/panthera_interfaces/msg/detail/dds_fastrtps
[5.779s] -- Installing: /home/tk/robot_manipulator/Panthera-HT_ROS2_Jazzy/install/panthera_interfaces/include/panthera_interfaces/panthera_interfaces/msg/detail/pos_cmd__rosidl_typesupport_fastrtps_cpp.hpp
[5.779s] -- Installing: /home/tk/robot_manipulator/Panthera-HT_ROS2_Jazzy/install/panthera_interfaces/include/panthera_interfaces/panthera_interfaces/msg/detail/arm_pose__rosidl_typesupport_fastrtps_cpp.hpp
[5.779s] -- Installing: /home/tk/robot_manipulator/Panthera-HT_ROS2_Jazzy/install/panthera_interfaces/include/panthera_interfaces/panthera_interfaces/msg/detail/arm_status__rosidl_typesupport_fastrtps_cpp.hpp
[5.780s] -- Installing: /home/tk/robot_manipulator/Panthera-HT_ROS2_Jazzy/install/panthera_interfaces/include/panthera_interfaces/panthera_interfaces/msg/rosidl_typesupport_fastrtps_cpp__visibility_control.h
[5.780s] -- Up-to-date: /home/tk/robot_manipulator/Panthera-HT_ROS2_Jazzy/install/panthera_interfaces/include/panthera_interfaces/panthera_interfaces/srv
[5.780s] -- Up-to-date: /home/tk/robot_manipulator/Panthera-HT_ROS2_Jazzy/install/panthera_interfaces/include/panthera_interfaces/panthera_interfaces/srv/detail
[5.780s] -- Installing: /home/tk/robot_manipulator/Panthera-HT_ROS2_Jazzy/install/panthera_interfaces/include/panthera_interfaces/panthera_interfaces/srv/detail/move_to_joint__rosidl_typesupport_fastrtps_cpp.hpp
[5.780s] -- Installing: /home/tk/robot_manipulator/Panthera-HT_ROS2_Jazzy/install/panthera_interfaces/include/panthera_interfaces/panthera_interfaces/srv/detail/move_to_pose__rosidl_typesupport_fastrtps_cpp.hpp
[5.780s] -- Installing: /home/tk/robot_manipulator/Panthera-HT_ROS2_Jazzy/install/panthera_interfaces/include/panthera_interfaces/panthera_interfaces/srv/detail/gripper_srv__rosidl_typesupport_fastrtps_cpp.hpp
[5.780s] -- Installing: /home/tk/robot_manipulator/Panthera-HT_ROS2_Jazzy/install/panthera_interfaces/include/panthera_interfaces/panthera_interfaces/srv/detail/gripper_control__rosidl_typesupport_fastrtps_cpp.hpp
[5.780s] -- Installing: /home/tk/robot_manipulator/Panthera-HT_ROS2_Jazzy/install/panthera_interfaces/include/panthera_interfaces/panthera_interfaces/srv/detail/enable__rosidl_typesupport_fastrtps_cpp.hpp
[5.780s] -- Installing: /home/tk/robot_manipulator/Panthera-HT_ROS2_Jazzy/install/panthera_interfaces/include/panthera_interfaces/panthera_interfaces/srv/detail/dds_fastrtps
[5.780s] -- Installing: /home/tk/robot_manipulator/Panthera-HT_ROS2_Jazzy/install/panthera_interfaces/include/panthera_interfaces/panthera_interfaces/srv/detail/go_zero__rosidl_typesupport_fastrtps_cpp.hpp
[5.780s] -- Installing: /home/tk/robot_manipulator/Panthera-HT_ROS2_Jazzy/install/panthera_interfaces/lib/libpanthera_interfaces__rosidl_typesupport_fastrtps_cpp.so
[5.780s] -- Set non-toolchain portion of runtime path of "/home/tk/robot_manipulator/Panthera-HT_ROS2_Jazzy/install/panthera_interfaces/lib/libpanthera_interfaces__rosidl_typesupport_fastrtps_cpp.so" to ""
[5.780s] -- Up-to-date: /home/tk/robot_manipulator/Panthera-HT_ROS2_Jazzy/install/panthera_interfaces/include/panthera_interfaces/panthera_interfaces
[5.780s] -- Up-to-date: /home/tk/robot_manipulator/Panthera-HT_ROS2_Jazzy/install/panthera_interfaces/include/panthera_interfaces/panthera_interfaces/msg
[5.781s] -- Up-to-date: /home/tk/robot_manipulator/Panthera-HT_ROS2_Jazzy/install/panthera_interfaces/include/panthera_interfaces/panthera_interfaces/msg/detail
[5.781s] -- Installing: /home/tk/robot_manipulator/Panthera-HT_ROS2_Jazzy/install/panthera_interfaces/include/panthera_interfaces/panthera_interfaces/msg/detail/pos_cmd__type_support.cpp
[5.781s] -- Installing: /home/tk/robot_manipulator/Panthera-HT_ROS2_Jazzy/install/panthera_interfaces/include/panthera_interfaces/panthera_interfaces/msg/detail/arm_status__type_support.cpp
[5.781s] -- Installing: /home/tk/robot_manipulator/Panthera-HT_ROS2_Jazzy/install/panthera_interfaces/include/panthera_interfaces/panthera_interfaces/msg/detail/end_pose_euler__type_support.cpp
[5.781s] -- Installing: /home/tk/robot_manipulator/Panthera-HT_ROS2_Jazzy/install/panthera_interfaces/include/panthera_interfaces/panthera_interfaces/msg/detail/arm_pose__type_support.cpp
[5.781s] -- Installing: /home/tk/robot_manipulator/Panthera-HT_ROS2_Jazzy/install/panthera_interfaces/include/panthera_interfaces/panthera_interfaces/msg/detail/pos_cmd__rosidl_typesupport_introspection_cpp.hpp
[5.781s] -- Installing: /home/tk/robot_manipulator/Panthera-HT_ROS2_Jazzy/install/panthera_interfaces/include/panthera_interfaces/panthera_interfaces/msg/detail/arm_status__rosidl_typesupport_introspection_cpp.hpp
[5.781s] -- Installing: /home/tk/robot_manipulator/Panthera-HT_ROS2_Jazzy/install/panthera_interfaces/include/panthera_interfaces/panthera_interfaces/msg/detail/arm_pose__rosidl_typesupport_introspection_cpp.hpp
[5.781s] -- Installing: /home/tk/robot_manipulator/Panthera-HT_ROS2_Jazzy/install/panthera_interfaces/include/panthera_interfaces/panthera_interfaces/msg/detail/end_pose_euler__rosidl_typesupport_introspection_cpp.hpp
[5.781s] -- Up-to-date: /home/tk/robot_manipulator/Panthera-HT_ROS2_Jazzy/install/panthera_interfaces/include/panthera_interfaces/panthera_interfaces/srv
[5.781s] -- Up-to-date: /home/tk/robot_manipulator/Panthera-HT_ROS2_Jazzy/install/panthera_interfaces/include/panthera_interfaces/panthera_interfaces/srv/detail
[5.781s] -- Installing: /home/tk/robot_manipulator/Panthera-HT_ROS2_Jazzy/install/panthera_interfaces/include/panthera_interfaces/panthera_interfaces/srv/detail/go_zero__type_support.cpp
[5.781s] -- Installing: /home/tk/robot_manipulator/Panthera-HT_ROS2_Jazzy/install/panthera_interfaces/include/panthera_interfaces/panthera_interfaces/srv/detail/enable__type_support.cpp
[5.781s] -- Installing: /home/tk/robot_manipulator/Panthera-HT_ROS2_Jazzy/install/panthera_interfaces/include/panthera_interfaces/panthera_interfaces/srv/detail/move_to_pose__type_support.cpp
[5.781s] -- Installing: /home/tk/robot_manipulator/Panthera-HT_ROS2_Jazzy/install/panthera_interfaces/include/panthera_interfaces/panthera_interfaces/srv/detail/gripper_control__type_support.cpp
[5.782s] -- Installing: /home/tk/robot_manipulator/Panthera-HT_ROS2_Jazzy/install/panthera_interfaces/include/panthera_interfaces/panthera_interfaces/srv/detail/gripper_control__rosidl_typesupport_introspection_cpp.hpp
[5.782s] -- Installing: /home/tk/robot_manipulator/Panthera-HT_ROS2_Jazzy/install/panthera_interfaces/include/panthera_interfaces/panthera_interfaces/srv/detail/move_to_joint__rosidl_typesupport_introspection_cpp.hpp
[5.782s] -- Installing: /home/tk/robot_manipulator/Panthera-HT_ROS2_Jazzy/install/panthera_interfaces/include/panthera_interfaces/panthera_interfaces/srv/detail/move_to_joint__type_support.cpp
[5.782s] -- Installing: /home/tk/robot_manipulator/Panthera-HT_ROS2_Jazzy/install/panthera_interfaces/include/panthera_interfaces/panthera_interfaces/srv/detail/enable__rosidl_typesupport_introspection_cpp.hpp
[5.782s] -- Installing: /home/tk/robot_manipulator/Panthera-HT_ROS2_Jazzy/install/panthera_interfaces/include/panthera_interfaces/panthera_interfaces/srv/detail/move_to_pose__rosidl_typesupport_introspection_cpp.hpp
[5.782s] -- Installing: /home/tk/robot_manipulator/Panthera-HT_ROS2_Jazzy/install/panthera_interfaces/include/panthera_interfaces/panthera_interfaces/srv/detail/gripper_srv__rosidl_typesupport_introspection_cpp.hpp
[5.782s] -- Installing: /home/tk/robot_manipulator/Panthera-HT_ROS2_Jazzy/install/panthera_interfaces/include/panthera_interfaces/panthera_interfaces/srv/detail/gripper_srv__type_support.cpp
[5.782s] -- Installing: /home/tk/robot_manipulator/Panthera-HT_ROS2_Jazzy/install/panthera_interfaces/include/panthera_interfaces/panthera_interfaces/srv/detail/go_zero__rosidl_typesupport_introspection_cpp.hpp
[5.782s] -- Installing: /home/tk/robot_manipulator/Panthera-HT_ROS2_Jazzy/install/panthera_interfaces/lib/libpanthera_interfaces__rosidl_typesupport_introspection_cpp.so
[5.783s] -- Set non-toolchain portion of runtime path of "/home/tk/robot_manipulator/Panthera-HT_ROS2_Jazzy/install/panthera_interfaces/lib/libpanthera_interfaces__rosidl_typesupport_introspection_cpp.so" to ""
[5.783s] -- Installing: /home/tk/robot_manipulator/Panthera-HT_ROS2_Jazzy/install/panthera_interfaces/lib/libpanthera_interfaces__rosidl_typesupport_cpp.so
[5.783s] -- Set non-toolchain portion of runtime path of "/home/tk/robot_manipulator/Panthera-HT_ROS2_Jazzy/install/panthera_interfaces/lib/libpanthera_interfaces__rosidl_typesupport_cpp.so" to ""
[5.783s] -- Installing: /home/tk/robot_manipulator/Panthera-HT_ROS2_Jazzy/install/panthera_interfaces/share/panthera_interfaces/environment/pythonpath.sh
[5.784s] -- Installing: /home/tk/robot_manipulator/Panthera-HT_ROS2_Jazzy/install/panthera_interfaces/share/panthera_interfaces/environment/pythonpath.dsv
[5.784s] -- Installing: /home/tk/robot_manipulator/Panthera-HT_ROS2_Jazzy/install/panthera_interfaces/lib/python3.12/site-packages/panthera_interfaces-0.0.0-py3.12.egg-info
[5.784s] -- Installing: /home/tk/robot_manipulator/Panthera-HT_ROS2_Jazzy/install/panthera_interfaces/lib/python3.12/site-packages/panthera_interfaces-0.0.0-py3.12.egg-info/PKG-INFO
[5.784s] -- Installing: /home/tk/robot_manipulator/Panthera-HT_ROS2_Jazzy/install/panthera_interfaces/lib/python3.12/site-packages/panthera_interfaces-0.0.0-py3.12.egg-info/SOURCES.txt
[5.784s] -- Installing: /home/tk/robot_manipulator/Panthera-HT_ROS2_Jazzy/install/panthera_interfaces/lib/python3.12/site-packages/panthera_interfaces-0.0.0-py3.12.egg-info/top_level.txt
[5.784s] -- Installing: /home/tk/robot_manipulator/Panthera-HT_ROS2_Jazzy/install/panthera_interfaces/lib/python3.12/site-packages/panthera_interfaces-0.0.0-py3.12.egg-info/dependency_links.txt
[5.784s] -- Installing: /home/tk/robot_manipulator/Panthera-HT_ROS2_Jazzy/install/panthera_interfaces/lib/python3.12/site-packages/panthera_interfaces
[5.784s] -- Installing: /home/tk/robot_manipulator/Panthera-HT_ROS2_Jazzy/install/panthera_interfaces/lib/python3.12/site-packages/panthera_interfaces/panthera_interfaces_s__rosidl_typesupport_c.so
[5.784s] -- Installing: /home/tk/robot_manipulator/Panthera-HT_ROS2_Jazzy/install/panthera_interfaces/lib/python3.12/site-packages/panthera_interfaces/_panthera_interfaces_s.ep.rosidl_typesupport_fastrtps_c.c
[5.784s] -- Installing: /home/tk/robot_manipulator/Panthera-HT_ROS2_Jazzy/install/panthera_interfaces/lib/python3.12/site-packages/panthera_interfaces/__init__.py
[5.784s] -- Installing: /home/tk/robot_manipulator/Panthera-HT_ROS2_Jazzy/install/panthera_interfaces/lib/python3.12/site-packages/panthera_interfaces/msg
[5.784s] -- Installing: /home/tk/robot_manipulator/Panthera-HT_ROS2_Jazzy/install/panthera_interfaces/lib/python3.12/site-packages/panthera_interfaces/msg/_end_pose_euler_s.c
[5.785s] -- Installing: /home/tk/robot_manipulator/Panthera-HT_ROS2_Jazzy/install/panthera_interfaces/lib/python3.12/site-packages/panthera_interfaces/msg/_arm_status_s.c
[5.785s] -- Installing: /home/tk/robot_manipulator/Panthera-HT_ROS2_Jazzy/install/panthera_interfaces/lib/python3.12/site-packages/panthera_interfaces/msg/_arm_pose_s.c
[5.785s] -- Installing: /home/tk/robot_manipulator/Panthera-HT_ROS2_Jazzy/install/panthera_interfaces/lib/python3.12/site-packages/panthera_interfaces/msg/_arm_status.py
[5.785s] -- Installing: /home/tk/robot_manipulator/Panthera-HT_ROS2_Jazzy/install/panthera_interfaces/lib/python3.12/site-packages/panthera_interfaces/msg/_arm_pose.py
[5.785s] -- Installing: /home/tk/robot_manipulator/Panthera-HT_ROS2_Jazzy/install/panthera_interfaces/lib/python3.12/site-packages/panthera_interfaces/msg/_end_pose_euler.py
[5.785s] -- Installing: /home/tk/robot_manipulator/Panthera-HT_ROS2_Jazzy/install/panthera_interfaces/lib/python3.12/site-packages/panthera_interfaces/msg/__init__.py
[5.785s] -- Installing: /home/tk/robot_manipulator/Panthera-HT_ROS2_Jazzy/install/panthera_interfaces/lib/python3.12/site-packages/panthera_interfaces/msg/_pos_cmd_s.c
[5.785s] -- Installing: /home/tk/robot_manipulator/Panthera-HT_ROS2_Jazzy/install/panthera_interfaces/lib/python3.12/site-packages/panthera_interfaces/msg/_pos_cmd.py
[5.785s] -- Installing: /home/tk/robot_manipulator/Panthera-HT_ROS2_Jazzy/install/panthera_interfaces/lib/python3.12/site-packages/panthera_interfaces/panthera_interfaces_s__rosidl_typesupport_fastrtps_c.so
[5.785s] -- Installing: /home/tk/robot_manipulator/Panthera-HT_ROS2_Jazzy/install/panthera_interfaces/lib/python3.12/site-packages/panthera_interfaces/srv
[5.785s] -- Installing: /home/tk/robot_manipulator/Panthera-HT_ROS2_Jazzy/install/panthera_interfaces/lib/python3.12/site-packages/panthera_interfaces/srv/_gripper_control.py
[5.785s] -- Installing: /home/tk/robot_manipulator/Panthera-HT_ROS2_Jazzy/install/panthera_interfaces/lib/python3.12/site-packages/panthera_interfaces/srv/_move_to_joint.py
[5.785s] -- Installing: /home/tk/robot_manipulator/Panthera-HT_ROS2_Jazzy/install/panthera_interfaces/lib/python3.12/site-packages/panthera_interfaces/srv/_gripper_srv.py
[5.786s] -- Installing: /home/tk/robot_manipulator/Panthera-HT_ROS2_Jazzy/install/panthera_interfaces/lib/python3.12/site-packages/panthera_interfaces/srv/_gripper_srv_s.c
[5.786s] -- Installing: /home/tk/robot_manipulator/Panthera-HT_ROS2_Jazzy/install/panthera_interfaces/lib/python3.12/site-packages/panthera_interfaces/srv/_enable.py
[5.786s] -- Installing: /home/tk/robot_manipulator/Panthera-HT_ROS2_Jazzy/install/panthera_interfaces/lib/python3.12/site-packages/panthera_interfaces/srv/_gripper_control_s.c
[5.786s] -- Installing: /home/tk/robot_manipulator/Panthera-HT_ROS2_Jazzy/install/panthera_interfaces/lib/python3.12/site-packages/panthera_interfaces/srv/__init__.py
[5.786s] -- Installing: /home/tk/robot_manipulator/Panthera-HT_ROS2_Jazzy/install/panthera_interfaces/lib/python3.12/site-packages/panthera_interfaces/srv/_go_zero.py
[5.786s] -- Installing: /home/tk/robot_manipulator/Panthera-HT_ROS2_Jazzy/install/panthera_interfaces/lib/python3.12/site-packages/panthera_interfaces/srv/_enable_s.c
[5.786s] -- Installing: /home/tk/robot_manipulator/Panthera-HT_ROS2_Jazzy/install/panthera_interfaces/lib/python3.12/site-packages/panthera_interfaces/srv/_move_to_pose.py
[5.786s] -- Installing: /home/tk/robot_manipulator/Panthera-HT_ROS2_Jazzy/install/panthera_interfaces/lib/python3.12/site-packages/panthera_interfaces/srv/_move_to_joint_s.c
[5.786s] -- Installing: /home/tk/robot_manipulator/Panthera-HT_ROS2_Jazzy/install/panthera_interfaces/lib/python3.12/site-packages/panthera_interfaces/srv/_go_zero_s.c
[5.786s] -- Installing: /home/tk/robot_manipulator/Panthera-HT_ROS2_Jazzy/install/panthera_interfaces/lib/python3.12/site-packages/panthera_interfaces/srv/_move_to_pose_s.c
[5.786s] -- Installing: /home/tk/robot_manipulator/Panthera-HT_ROS2_Jazzy/install/panthera_interfaces/lib/python3.12/site-packages/panthera_interfaces/_panthera_interfaces_s.ep.rosidl_typesupport_introspection_c.c
[5.786s] -- Installing: /home/tk/robot_manipulator/Panthera-HT_ROS2_Jazzy/install/panthera_interfaces/lib/python3.12/site-packages/panthera_interfaces/_panthera_interfaces_s.ep.rosidl_typesupport_c.c
[5.787s] -- Installing: /home/tk/robot_manipulator/Panthera-HT_ROS2_Jazzy/install/panthera_interfaces/lib/python3.12/site-packages/panthera_interfaces/panthera_interfaces_s__rosidl_typesupport_introspection_c.so
[5.840s] Listing '/home/tk/robot_manipulator/Panthera-HT_ROS2_Jazzy/install/panthera_interfaces/lib/python3.12/site-packages/panthera_interfaces'...
[5.840s] Compiling '/home/tk/robot_manipulator/Panthera-HT_ROS2_Jazzy/install/panthera_interfaces/lib/python3.12/site-packages/panthera_interfaces/__init__.py'...
[5.840s] Listing '/home/tk/robot_manipulator/Panthera-HT_ROS2_Jazzy/install/panthera_interfaces/lib/python3.12/site-packages/panthera_interfaces/msg'...
[5.840s] Compiling '/home/tk/robot_manipulator/Panthera-HT_ROS2_Jazzy/install/panthera_interfaces/lib/python3.12/site-packages/panthera_interfaces/msg/__init__.py'...
[5.840s] Compiling '/home/tk/robot_manipulator/Panthera-HT_ROS2_Jazzy/install/panthera_interfaces/lib/python3.12/site-packages/panthera_interfaces/msg/_arm_pose.py'...
[5.840s] Compiling '/home/tk/robot_manipulator/Panthera-HT_ROS2_Jazzy/install/panthera_interfaces/lib/python3.12/site-packages/panthera_interfaces/msg/_arm_status.py'...
[5.840s] Compiling '/home/tk/robot_manipulator/Panthera-HT_ROS2_Jazzy/install/panthera_interfaces/lib/python3.12/site-packages/panthera_interfaces/msg/_end_pose_euler.py'...
[5.840s] Compiling '/home/tk/robot_manipulator/Panthera-HT_ROS2_Jazzy/install/panthera_interfaces/lib/python3.12/site-packages/panthera_interfaces/msg/_pos_cmd.py'...
[5.840s] Listing '/home/tk/robot_manipulator/Panthera-HT_ROS2_Jazzy/install/panthera_interfaces/lib/python3.12/site-packages/panthera_interfaces/srv'...
[5.840s] Compiling '/home/tk/robot_manipulator/Panthera-HT_ROS2_Jazzy/install/panthera_interfaces/lib/python3.12/site-packages/panthera_interfaces/srv/__init__.py'...
[5.840s] Compiling '/home/tk/robot_manipulator/Panthera-HT_ROS2_Jazzy/install/panthera_interfaces/lib/python3.12/site-packages/panthera_interfaces/srv/_enable.py'...
[5.840s] Compiling '/home/tk/robot_manipulator/Panthera-HT_ROS2_Jazzy/install/panthera_interfaces/lib/python3.12/site-packages/panthera_interfaces/srv/_go_zero.py'...
[5.840s] Compiling '/home/tk/robot_manipulator/Panthera-HT_ROS2_Jazzy/install/panthera_interfaces/lib/python3.12/site-packages/panthera_interfaces/srv/_gripper_control.py'...
[5.840s] Compiling '/home/tk/robot_manipulator/Panthera-HT_ROS2_Jazzy/install/panthera_interfaces/lib/python3.12/site-packages/panthera_interfaces/srv/_gripper_srv.py'...
[5.840s] Compiling '/home/tk/robot_manipulator/Panthera-HT_ROS2_Jazzy/install/panthera_interfaces/lib/python3.12/site-packages/panthera_interfaces/srv/_move_to_joint.py'...
[5.840s] Compiling '/home/tk/robot_manipulator/Panthera-HT_ROS2_Jazzy/install/panthera_interfaces/lib/python3.12/site-packages/panthera_interfaces/srv/_move_to_pose.py'...
[5.845s] -- Installing: /home/tk/robot_manipulator/Panthera-HT_ROS2_Jazzy/install/panthera_interfaces/lib/python3.12/site-packages/panthera_interfaces/panthera_interfaces_s__rosidl_typesupport_fastrtps_c.so
[5.846s] -- Set non-toolchain portion of runtime path of "/home/tk/robot_manipulator/Panthera-HT_ROS2_Jazzy/install/panthera_interfaces/lib/python3.12/site-packages/panthera_interfaces/panthera_interfaces_s__rosidl_typesupport_fastrtps_c.so" to ""
[5.846s] -- Installing: /home/tk/robot_manipulator/Panthera-HT_ROS2_Jazzy/install/panthera_interfaces/lib/python3.12/site-packages/panthera_interfaces/panthera_interfaces_s__rosidl_typesupport_introspection_c.so
[5.846s] -- Set non-toolchain portion of runtime path of "/home/tk/robot_manipulator/Panthera-HT_ROS2_Jazzy/install/panthera_interfaces/lib/python3.12/site-packages/panthera_interfaces/panthera_interfaces_s__rosidl_typesupport_introspection_c.so" to ""
[5.846s] -- Installing: /home/tk/robot_manipulator/Panthera-HT_ROS2_Jazzy/install/panthera_interfaces/lib/python3.12/site-packages/panthera_interfaces/panthera_interfaces_s__rosidl_typesupport_c.so
[5.846s] -- Set non-toolchain portion of runtime path of "/home/tk/robot_manipulator/Panthera-HT_ROS2_Jazzy/install/panthera_interfaces/lib/python3.12/site-packages/panthera_interfaces/panthera_interfaces_s__rosidl_typesupport_c.so" to ""
[5.846s] -- Installing: /home/tk/robot_manipulator/Panthera-HT_ROS2_Jazzy/install/panthera_interfaces/lib/libpanthera_interfaces__rosidl_generator_py.so
[5.847s] -- Set non-toolchain portion of runtime path of "/home/tk/robot_manipulator/Panthera-HT_ROS2_Jazzy/install/panthera_interfaces/lib/libpanthera_interfaces__rosidl_generator_py.so" to ""
[5.847s] -- Installing: /home/tk/robot_manipulator/Panthera-HT_ROS2_Jazzy/install/panthera_interfaces/share/panthera_interfaces/msg/ArmPose.idl
[5.847s] -- Installing: /home/tk/robot_manipulator/Panthera-HT_ROS2_Jazzy/install/panthera_interfaces/share/panthera_interfaces/msg/ArmStatus.idl
[5.847s] -- Installing: /home/tk/robot_manipulator/Panthera-HT_ROS2_Jazzy/install/panthera_interfaces/share/panthera_interfaces/msg/EndPoseEuler.idl
[5.847s] -- Installing: /home/tk/robot_manipulator/Panthera-HT_ROS2_Jazzy/install/panthera_interfaces/share/panthera_interfaces/msg/PosCmd.idl
[5.847s] -- Installing: /home/tk/robot_manipulator/Panthera-HT_ROS2_Jazzy/install/panthera_interfaces/share/panthera_interfaces/srv/MoveToJoint.idl
[5.848s] -- Installing: /home/tk/robot_manipulator/Panthera-HT_ROS2_Jazzy/install/panthera_interfaces/share/panthera_interfaces/srv/MoveToPose.idl
[5.848s] -- Installing: /home/tk/robot_manipulator/Panthera-HT_ROS2_Jazzy/install/panthera_interfaces/share/panthera_interfaces/srv/GripperControl.idl
[5.848s] -- Installing: /home/tk/robot_manipulator/Panthera-HT_ROS2_Jazzy/install/panthera_interfaces/share/panthera_interfaces/srv/Enable.idl
[5.848s] -- Installing: /home/tk/robot_manipulator/Panthera-HT_ROS2_Jazzy/install/panthera_interfaces/share/panthera_interfaces/srv/GoZero.idl
[5.848s] -- Installing: /home/tk/robot_manipulator/Panthera-HT_ROS2_Jazzy/install/panthera_interfaces/share/panthera_interfaces/srv/GripperSrv.idl
[5.848s] -- Installing: /home/tk/robot_manipulator/Panthera-HT_ROS2_Jazzy/install/panthera_interfaces/share/panthera_interfaces/msg/ArmPose.msg
[5.848s] -- Installing: /home/tk/robot_manipulator/Panthera-HT_ROS2_Jazzy/install/panthera_interfaces/share/panthera_interfaces/msg/ArmStatus.msg
[5.848s] -- Installing: /home/tk/robot_manipulator/Panthera-HT_ROS2_Jazzy/install/panthera_interfaces/share/panthera_interfaces/msg/EndPoseEuler.msg
[5.848s] -- Installing: /home/tk/robot_manipulator/Panthera-HT_ROS2_Jazzy/install/panthera_interfaces/share/panthera_interfaces/msg/PosCmd.msg
[5.849s] -- Installing: /home/tk/robot_manipulator/Panthera-HT_ROS2_Jazzy/install/panthera_interfaces/share/panthera_interfaces/srv/MoveToJoint.srv
[5.849s] -- Installing: /home/tk/robot_manipulator/Panthera-HT_ROS2_Jazzy/install/panthera_interfaces/share/panthera_interfaces/srv/MoveToPose.srv
[5.849s] -- Installing: /home/tk/robot_manipulator/Panthera-HT_ROS2_Jazzy/install/panthera_interfaces/share/panthera_interfaces/srv/GripperControl.srv
[5.849s] -- Installing: /home/tk/robot_manipulator/Panthera-HT_ROS2_Jazzy/install/panthera_interfaces/share/panthera_interfaces/srv/Enable.srv
[5.849s] -- Installing: /home/tk/robot_manipulator/Panthera-HT_ROS2_Jazzy/install/panthera_interfaces/share/panthera_interfaces/srv/GoZero.srv
[5.849s] -- Installing: /home/tk/robot_manipulator/Panthera-HT_ROS2_Jazzy/install/panthera_interfaces/share/panthera_interfaces/srv/GripperSrv.srv
[5.849s] -- Installing: /home/tk/robot_manipulator/Panthera-HT_ROS2_Jazzy/install/panthera_interfaces/share/ament_index/resource_index/package_run_dependencies/panthera_interfaces
[5.850s] -- Installing: /home/tk/robot_manipulator/Panthera-HT_ROS2_Jazzy/install/panthera_interfaces/share/ament_index/resource_index/parent_prefix_path/panthera_interfaces
[5.850s] -- Installing: /home/tk/robot_manipulator/Panthera-HT_ROS2_Jazzy/install/panthera_interfaces/share/panthera_interfaces/environment/ament_prefix_path.sh
[5.850s] -- Installing: /home/tk/robot_manipulator/Panthera-HT_ROS2_Jazzy/install/panthera_interfaces/share/panthera_interfaces/environment/ament_prefix_path.dsv
[5.850s] -- Installing: /home/tk/robot_manipulator/Panthera-HT_ROS2_Jazzy/install/panthera_interfaces/share/panthera_interfaces/environment/path.sh
[5.850s] -- Installing: /home/tk/robot_manipulator/Panthera-HT_ROS2_Jazzy/install/panthera_interfaces/share/panthera_interfaces/environment/path.dsv
[5.850s] -- Installing: /home/tk/robot_manipulator/Panthera-HT_ROS2_Jazzy/install/panthera_interfaces/share/panthera_interfaces/local_setup.bash
[5.850s] -- Installing: /home/tk/robot_manipulator/Panthera-HT_ROS2_Jazzy/install/panthera_interfaces/share/panthera_interfaces/local_setup.sh
[5.850s] -- Installing: /home/tk/robot_manipulator/Panthera-HT_ROS2_Jazzy/install/panthera_interfaces/share/panthera_interfaces/local_setup.zsh
[5.850s] -- Installing: /home/tk/robot_manipulator/Panthera-HT_ROS2_Jazzy/install/panthera_interfaces/share/panthera_interfaces/local_setup.dsv
[5.850s] -- Installing: /home/tk/robot_manipulator/Panthera-HT_ROS2_Jazzy/install/panthera_interfaces/share/panthera_interfaces/package.dsv
[5.850s] -- Installing: /home/tk/robot_manipulator/Panthera-HT_ROS2_Jazzy/install/panthera_interfaces/share/ament_index/resource_index/packages/panthera_interfaces
[5.851s] -- Installing: /home/tk/robot_manipulator/Panthera-HT_ROS2_Jazzy/install/panthera_interfaces/share/panthera_interfaces/cmake/export_panthera_interfaces__rosidl_generator_cExport.cmake
[5.851s] -- Installing: /home/tk/robot_manipulator/Panthera-HT_ROS2_Jazzy/install/panthera_interfaces/share/panthera_interfaces/cmake/export_panthera_interfaces__rosidl_generator_cExport-noconfig.cmake
[5.851s] -- Installing: /home/tk/robot_manipulator/Panthera-HT_ROS2_Jazzy/install/panthera_interfaces/share/panthera_interfaces/cmake/export_panthera_interfaces__rosidl_typesupport_fastrtps_cExport.cmake
[5.851s] -- Installing: /home/tk/robot_manipulator/Panthera-HT_ROS2_Jazzy/install/panthera_interfaces/share/panthera_interfaces/cmake/export_panthera_interfaces__rosidl_typesupport_fastrtps_cExport-noconfig.cmake
[5.851s] -- Installing: /home/tk/robot_manipulator/Panthera-HT_ROS2_Jazzy/install/panthera_interfaces/share/panthera_interfaces/cmake/panthera_interfaces__rosidl_typesupport_introspection_cExport.cmake
[5.851s] -- Installing: /home/tk/robot_manipulator/Panthera-HT_ROS2_Jazzy/install/panthera_interfaces/share/panthera_interfaces/cmake/panthera_interfaces__rosidl_typesupport_introspection_cExport-noconfig.cmake
[5.851s] -- Installing: /home/tk/robot_manipulator/Panthera-HT_ROS2_Jazzy/install/panthera_interfaces/share/panthera_interfaces/cmake/panthera_interfaces__rosidl_typesupport_cExport.cmake
[5.851s] -- Installing: /home/tk/robot_manipulator/Panthera-HT_ROS2_Jazzy/install/panthera_interfaces/share/panthera_interfaces/cmake/panthera_interfaces__rosidl_typesupport_cExport-noconfig.cmake
[5.851s] -- Installing: /home/tk/robot_manipulator/Panthera-HT_ROS2_Jazzy/install/panthera_interfaces/share/panthera_interfaces/cmake/export_panthera_interfaces__rosidl_generator_cppExport.cmake
[5.852s] -- Installing: /home/tk/robot_manipulator/Panthera-HT_ROS2_Jazzy/install/panthera_interfaces/share/panthera_interfaces/cmake/export_panthera_interfaces__rosidl_typesupport_fastrtps_cppExport.cmake
[5.852s] -- Installing: /home/tk/robot_manipulator/Panthera-HT_ROS2_Jazzy/install/panthera_interfaces/share/panthera_interfaces/cmake/export_panthera_interfaces__rosidl_typesupport_fastrtps_cppExport-noconfig.cmake
[5.852s] -- Installing: /home/tk/robot_manipulator/Panthera-HT_ROS2_Jazzy/install/panthera_interfaces/share/panthera_interfaces/cmake/panthera_interfaces__rosidl_typesupport_introspection_cppExport.cmake
[5.852s] -- Installing: /home/tk/robot_manipulator/Panthera-HT_ROS2_Jazzy/install/panthera_interfaces/share/panthera_interfaces/cmake/panthera_interfaces__rosidl_typesupport_introspection_cppExport-noconfig.cmake
[5.852s] -- Installing: /home/tk/robot_manipulator/Panthera-HT_ROS2_Jazzy/install/panthera_interfaces/share/panthera_interfaces/cmake/panthera_interfaces__rosidl_typesupport_cppExport.cmake
[5.852s] -- Installing: /home/tk/robot_manipulator/Panthera-HT_ROS2_Jazzy/install/panthera_interfaces/share/panthera_interfaces/cmake/panthera_interfaces__rosidl_typesupport_cppExport-noconfig.cmake
[5.852s] -- Installing: /home/tk/robot_manipulator/Panthera-HT_ROS2_Jazzy/install/panthera_interfaces/share/panthera_interfaces/cmake/export_panthera_interfaces__rosidl_generator_pyExport.cmake
[5.852s] -- Installing: /home/tk/robot_manipulator/Panthera-HT_ROS2_Jazzy/install/panthera_interfaces/share/panthera_interfaces/cmake/export_panthera_interfaces__rosidl_generator_pyExport-noconfig.cmake
[5.853s] -- Installing: /home/tk/robot_manipulator/Panthera-HT_ROS2_Jazzy/install/panthera_interfaces/share/panthera_interfaces/cmake/rosidl_cmake-extras.cmake
[5.853s] -- Installing: /home/tk/robot_manipulator/Panthera-HT_ROS2_Jazzy/install/panthera_interfaces/share/panthera_interfaces/cmake/ament_cmake_export_dependencies-extras.cmake
[5.853s] -- Installing: /home/tk/robot_manipulator/Panthera-HT_ROS2_Jazzy/install/panthera_interfaces/share/panthera_interfaces/cmake/ament_cmake_export_include_directories-extras.cmake
[5.853s] -- Installing: /home/tk/robot_manipulator/Panthera-HT_ROS2_Jazzy/install/panthera_interfaces/share/panthera_interfaces/cmake/ament_cmake_export_libraries-extras.cmake
[5.853s] -- Installing: /home/tk/robot_manipulator/Panthera-HT_ROS2_Jazzy/install/panthera_interfaces/share/panthera_interfaces/cmake/ament_cmake_export_targets-extras.cmake
[5.853s] -- Installing: /home/tk/robot_manipulator/Panthera-HT_ROS2_Jazzy/install/panthera_interfaces/share/panthera_interfaces/cmake/rosidl_cmake_export_typesupport_targets-extras.cmake
[5.853s] -- Installing: /home/tk/robot_manipulator/Panthera-HT_ROS2_Jazzy/install/panthera_interfaces/share/panthera_interfaces/cmake/rosidl_cmake_export_typesupport_libraries-extras.cmake
[5.853s] -- Installing: /home/tk/robot_manipulator/Panthera-HT_ROS2_Jazzy/install/panthera_interfaces/share/panthera_interfaces/cmake/panthera_interfacesConfig.cmake
[5.853s] -- Installing: /home/tk/robot_manipulator/Panthera-HT_ROS2_Jazzy/install/panthera_interfaces/share/panthera_interfaces/cmake/panthera_interfacesConfig-version.cmake
[5.853s] -- Installing: /home/tk/robot_manipulator/Panthera-HT_ROS2_Jazzy/install/panthera_interfaces/share/panthera_interfaces/package.xml
[5.856s] Invoked command in '/home/tk/robot_manipulator/Panthera-HT_ROS2_Jazzy/build/panthera_interfaces' returned '0': CMAKE_PREFIX_PATH=${CMAKE_PREFIX_PATH}:/opt/ros/jazzy DEBUGINFOD_URLS=https://debuginfod.ubuntu.com /usr/bin/cmake --install /home/tk/robot_manipulator/Panthera-HT_ROS2_Jazzy/build/panthera_interfaces
