-- The C compiler identification is GNU 13.3.0
-- The CXX compiler identification is GNU 13.3.0
-- Detecting C compiler ABI info
-- Detecting C compiler ABI info - done
-- Check for working C compiler: /usr/bin/cc - skipped
-- Detecting C compile features
-- Detecting C compile features - done
-- Detecting CXX compiler ABI info
-- Detecting CXX compiler ABI info - done
-- Check for working CXX compiler: /usr/bin/c++ - skipped
-- Detecting CXX compile features
-- Detecting CXX compile features - done
-- Found ament_cmake: 2.5.4 (/opt/ros/jazzy/share/ament_cmake/cmake)
-- Found Python3: /usr/bin/python3 (found version "3.12.3") found components: Interpreter 
-- Found rosidl_default_generators: 1.6.0 (/opt/ros/jazzy/share/rosidl_default_generators/cmake)
-- Using all available rosidl_typesupport_c: rosidl_typesupport_fastrtps_c;rosidl_typesupport_introspection_c
-- Using all available rosidl_typesupport_cpp: rosidl_typesupport_fastrtps_cpp;rosidl_typesupport_introspection_cpp
-- Found rosidl_adapter: 4.6.6 (/opt/ros/jazzy/share/rosidl_adapter/cmake)
-- Found std_msgs: 5.3.6 (/opt/ros/jazzy/share/std_msgs/cmake)
-- Found ament_cmake_ros: 0.12.0 (/opt/ros/jazzy/share/ament_cmake_ros/cmake)
-- Using all available rosidl_typesupport_c: rosidl_typesupport_fastrtps_c;rosidl_typesupport_introspection_c
-- Using all available rosidl_typesupport_cpp: rosidl_typesupport_fastrtps_cpp;rosidl_typesupport_introspection_cpp
-- Found python_cmake_module: 0.11.1 (/opt/ros/jazzy/share/python_cmake_module/cmake)
-- Found PythonExtra: /usr/bin/python3  
-- Found Python3: /usr/bin/python3 (found version "3.12.3") found components: Interpreter Development NumPy Development.Module Development.Embed 
-- Configuring done (1.8s)
-- Generating done (0.0s)
-- Build files have been written to: /home/tk/robot_manipulator/Panthera-HT_ROS2_Jazzy/build/panthera_interfaces
[  1%] [34m[1mGenerating type hashes for ROS interfaces[0m
[  1%] Built target ament_cmake_python_copy_panthera_interfaces
running egg_info
creating panthera_interfaces.egg-info
writing panthera_interfaces.egg-info/PKG-INFO
writing dependency_links to panthera_interfaces.egg-info/dependency_links.txt
writing top-level names to panthera_interfaces.egg-info/top_level.txt
writing manifest file 'panthera_interfaces.egg-info/SOURCES.txt'
reading manifest file 'panthera_interfaces.egg-info/SOURCES.txt'
writing manifest file 'panthera_interfaces.egg-info/SOURCES.txt'
[  1%] Built target ament_cmake_python_build_panthera_interfaces_egg
[  1%] Built target panthera_interfaces__rosidl_generator_type_description
[  2%] [34m[1mGenerating C code for ROS interfaces[0m
[  2%] [34m[1mGenerating C++ code for ROS interfaces[0m
[  2%] Built target panthera_interfaces__cpp
[  6%] [32mBuilding C object CMakeFiles/panthera_interfaces__rosidl_generator_c.dir/rosidl_generator_c/panthera_interfaces/msg/detail/arm_pose__type_support.c.o[0m
[  6%] [32mBuilding C object CMakeFiles/panthera_interfaces__rosidl_generator_c.dir/rosidl_generator_c/panthera_interfaces/msg/detail/arm_pose__functions.c.o[0m
[  6%] [32mBuilding C object CMakeFiles/panthera_interfaces__rosidl_generator_c.dir/rosidl_generator_c/panthera_interfaces/msg/detail/end_pose_euler__functions.c.o[0m
[  6%] [32mBuilding C object CMakeFiles/panthera_interfaces__rosidl_generator_c.dir/rosidl_generator_c/panthera_interfaces/msg/detail/arm_status__description.c.o[0m
[  6%] [32mBuilding C object CMakeFiles/panthera_interfaces__rosidl_generator_c.dir/rosidl_generator_c/panthera_interfaces/msg/detail/arm_status__functions.c.o[0m
[  9%] [32mBuilding C object CMakeFiles/panthera_interfaces__rosidl_generator_c.dir/rosidl_generator_c/panthera_interfaces/msg/detail/arm_status__type_support.c.o[0m
[  6%] [32mBuilding C object CMakeFiles/panthera_interfaces__rosidl_generator_c.dir/rosidl_generator_c/panthera_interfaces/msg/detail/pos_cmd__description.c.o[0m
[ 10%] [32mBuilding C object CMakeFiles/panthera_interfaces__rosidl_generator_c.dir/rosidl_generator_c/panthera_interfaces/msg/detail/end_pose_euler__type_support.c.o[0m
[ 10%] [32mBuilding C object CMakeFiles/panthera_interfaces__rosidl_generator_c.dir/rosidl_generator_c/panthera_interfaces/msg/detail/pos_cmd__functions.c.o[0m
[ 10%] [32mBuilding C object CMakeFiles/panthera_interfaces__rosidl_generator_c.dir/rosidl_generator_c/panthera_interfaces/msg/detail/end_pose_euler__description.c.o[0m
[ 11%] [32mBuilding C object CMakeFiles/panthera_interfaces__rosidl_generator_c.dir/rosidl_generator_c/panthera_interfaces/msg/detail/arm_pose__description.c.o[0m
[ 11%] [32mBuilding C object CMakeFiles/panthera_interfaces__rosidl_generator_c.dir/rosidl_generator_c/panthera_interfaces/srv/detail/move_to_joint__description.c.o[0m
[ 12%] [32mBuilding C object CMakeFiles/panthera_interfaces__rosidl_generator_c.dir/rosidl_generator_c/panthera_interfaces/srv/detail/move_to_joint__functions.c.o[0m
[ 13%] [32mBuilding C object CMakeFiles/panthera_interfaces__rosidl_generator_c.dir/rosidl_generator_c/panthera_interfaces/srv/detail/move_to_pose__description.c.o[0m
[ 14%] [32mBuilding C object CMakeFiles/panthera_interfaces__rosidl_generator_c.dir/rosidl_generator_c/panthera_interfaces/srv/detail/move_to_joint__type_support.c.o[0m
[ 15%] [32mBuilding C object CMakeFiles/panthera_interfaces__rosidl_generator_c.dir/rosidl_generator_c/panthera_interfaces/msg/detail/pos_cmd__type_support.c.o[0m
[ 16%] [32mBuilding C object CMakeFiles/panthera_interfaces__rosidl_generator_c.dir/rosidl_generator_c/panthera_interfaces/srv/detail/move_to_pose__functions.c.o[0m
[ 16%] [32mBuilding C object CMakeFiles/panthera_interfaces__rosidl_generator_c.dir/rosidl_generator_c/panthera_interfaces/srv/detail/move_to_pose__type_support.c.o[0m
[ 17%] [32mBuilding C object CMakeFiles/panthera_interfaces__rosidl_generator_c.dir/rosidl_generator_c/panthera_interfaces/srv/detail/gripper_control__description.c.o[0m
[ 18%] [32mBuilding C object CMakeFiles/panthera_interfaces__rosidl_generator_c.dir/rosidl_generator_c/panthera_interfaces/srv/detail/enable__description.c.o[0m
[ 19%] [32mBuilding C object CMakeFiles/panthera_interfaces__rosidl_generator_c.dir/rosidl_generator_c/panthera_interfaces/srv/detail/gripper_control__functions.c.o[0m
[ 20%] [32mBuilding C object CMakeFiles/panthera_interfaces__rosidl_generator_c.dir/rosidl_generator_c/panthera_interfaces/srv/detail/gripper_control__type_support.c.o[0m
[ 20%] [32mBuilding C object CMakeFiles/panthera_interfaces__rosidl_generator_c.dir/rosidl_generator_c/panthera_interfaces/srv/detail/enable__functions.c.o[0m
[ 21%] [32mBuilding C object CMakeFiles/panthera_interfaces__rosidl_generator_c.dir/rosidl_generator_c/panthera_interfaces/srv/detail/go_zero__description.c.o[0m
[ 22%] [32mBuilding C object CMakeFiles/panthera_interfaces__rosidl_generator_c.dir/rosidl_generator_c/panthera_interfaces/srv/detail/enable__type_support.c.o[0m
[ 23%] [32mBuilding C object CMakeFiles/panthera_interfaces__rosidl_generator_c.dir/rosidl_generator_c/panthera_interfaces/srv/detail/go_zero__functions.c.o[0m
[ 24%] [32mBuilding C object CMakeFiles/panthera_interfaces__rosidl_generator_c.dir/rosidl_generator_c/panthera_interfaces/srv/detail/gripper_srv__description.c.o[0m
[ 25%] [32mBuilding C object CMakeFiles/panthera_interfaces__rosidl_generator_c.dir/rosidl_generator_c/panthera_interfaces/srv/detail/go_zero__type_support.c.o[0m
[ 26%] [32mBuilding C object CMakeFiles/panthera_interfaces__rosidl_generator_c.dir/rosidl_generator_c/panthera_interfaces/srv/detail/gripper_srv__functions.c.o[0m
[ 26%] [32mBuilding C object CMakeFiles/panthera_interfaces__rosidl_generator_c.dir/rosidl_generator_c/panthera_interfaces/srv/detail/gripper_srv__type_support.c.o[0m
[ 27%] [32m[1mLinking C shared library libpanthera_interfaces__rosidl_generator_c.so[0m
[ 27%] Built target panthera_interfaces__rosidl_generator_c
[ 28%] [34m[1mGenerating C++ introspection for ROS interfaces[0m
[ 28%] [34m[1mGenerating C type support dispatch for ROS interfaces[0m
[ 29%] [34m[1mGenerating C++ type support for eProsima Fast-RTPS[0m
[ 29%] [34m[1mGenerating C introspection for ROS interfaces[0m
[ 31%] [34m[1mGenerating C type support for eProsima Fast-RTPS[0m
[ 31%] [34m[1mGenerating C++ type support dispatch for ROS interfaces[0m
[ 33%] [32mBuilding CXX object CMakeFiles/panthera_interfaces__rosidl_typesupport_c.dir/rosidl_typesupport_c/panthera_interfaces/msg/pos_cmd__type_support.cpp.o[0m
[ 33%] [32mBuilding CXX object CMakeFiles/panthera_interfaces__rosidl_typesupport_c.dir/rosidl_typesupport_c/panthera_interfaces/srv/move_to_pose__type_support.cpp.o[0m
[ 33%] [32mBuilding CXX object CMakeFiles/panthera_interfaces__rosidl_typesupport_c.dir/rosidl_typesupport_c/panthera_interfaces/srv/gripper_srv__type_support.cpp.o[0m
[ 34%] [32mBuilding CXX object CMakeFiles/panthera_interfaces__rosidl_typesupport_c.dir/rosidl_typesupport_c/panthera_interfaces/msg/end_pose_euler__type_support.cpp.o[0m
[ 35%] [32mBuilding CXX object CMakeFiles/panthera_interfaces__rosidl_typesupport_c.dir/rosidl_typesupport_c/panthera_interfaces/srv/enable__type_support.cpp.o[0m
[ 36%] [32mBuilding CXX object CMakeFiles/panthera_interfaces__rosidl_typesupport_c.dir/rosidl_typesupport_c/panthera_interfaces/msg/arm_pose__type_support.cpp.o[0m
[ 37%] [32mBuilding CXX object CMakeFiles/panthera_interfaces__rosidl_typesupport_c.dir/rosidl_typesupport_c/panthera_interfaces/srv/gripper_control__type_support.cpp.o[0m
[ 37%] [32mBuilding CXX object CMakeFiles/panthera_interfaces__rosidl_typesupport_c.dir/rosidl_typesupport_c/panthera_interfaces/srv/move_to_joint__type_support.cpp.o[0m
[ 38%] [32mBuilding CXX object CMakeFiles/panthera_interfaces__rosidl_typesupport_c.dir/rosidl_typesupport_c/panthera_interfaces/srv/go_zero__type_support.cpp.o[0m
[ 39%] [32mBuilding CXX object CMakeFiles/panthera_interfaces__rosidl_typesupport_c.dir/rosidl_typesupport_c/panthera_interfaces/msg/arm_status__type_support.cpp.o[0m
[ 40%] [32mBuilding CXX object CMakeFiles/panthera_interfaces__rosidl_typesupport_cpp.dir/rosidl_typesupport_cpp/panthera_interfaces/srv/gripper_srv__type_support.cpp.o[0m
[ 42%] [32mBuilding CXX object CMakeFiles/panthera_interfaces__rosidl_typesupport_cpp.dir/rosidl_typesupport_cpp/panthera_interfaces/msg/arm_status__type_support.cpp.o[0m
[ 42%] [32mBuilding CXX object CMakeFiles/panthera_interfaces__rosidl_typesupport_cpp.dir/rosidl_typesupport_cpp/panthera_interfaces/msg/pos_cmd__type_support.cpp.o[0m
[ 42%] [32mBuilding CXX object CMakeFiles/panthera_interfaces__rosidl_typesupport_cpp.dir/rosidl_typesupport_cpp/panthera_interfaces/msg/arm_pose__type_support.cpp.o[0m
[ 43%] [32mBuilding CXX object CMakeFiles/panthera_interfaces__rosidl_typesupport_cpp.dir/rosidl_typesupport_cpp/panthera_interfaces/srv/go_zero__type_support.cpp.o[0m
[ 43%] [32mBuilding CXX object CMakeFiles/panthera_interfaces__rosidl_typesupport_cpp.dir/rosidl_typesupport_cpp/panthera_interfaces/srv/gripper_control__type_support.cpp.o[0m
[ 44%] [32mBuilding CXX object CMakeFiles/panthera_interfaces__rosidl_typesupport_cpp.dir/rosidl_typesupport_cpp/panthera_interfaces/srv/move_to_joint__type_support.cpp.o[0m
[ 45%] [32mBuilding CXX object CMakeFiles/panthera_interfaces__rosidl_typesupport_cpp.dir/rosidl_typesupport_cpp/panthera_interfaces/msg/end_pose_euler__type_support.cpp.o[0m
[ 47%] [32mBuilding CXX object CMakeFiles/panthera_interfaces__rosidl_typesupport_cpp.dir/rosidl_typesupport_cpp/panthera_interfaces/srv/move_to_pose__type_support.cpp.o[0m
[ 47%] [32mBuilding CXX object CMakeFiles/panthera_interfaces__rosidl_typesupport_cpp.dir/rosidl_typesupport_cpp/panthera_interfaces/srv/enable__type_support.cpp.o[0m
[ 48%] [32m[1mLinking CXX shared library libpanthera_interfaces__rosidl_typesupport_c.so[0m
[ 48%] Built target panthera_interfaces__rosidl_typesupport_c
[ 51%] [32mBuilding CXX object CMakeFiles/panthera_interfaces__rosidl_typesupport_introspection_cpp.dir/rosidl_typesupport_introspection_cpp/panthera_interfaces/msg/detail/arm_status__type_support.cpp.o[0m
[ 51%] [32mBuilding CXX object CMakeFiles/panthera_interfaces__rosidl_typesupport_introspection_cpp.dir/rosidl_typesupport_introspection_cpp/panthera_interfaces/srv/detail/move_to_joint__type_support.cpp.o[0m
[ 51%] [32mBuilding CXX object CMakeFiles/panthera_interfaces__rosidl_typesupport_introspection_cpp.dir/rosidl_typesupport_introspection_cpp/panthera_interfaces/msg/detail/pos_cmd__type_support.cpp.o[0m
[ 51%] [32mBuilding CXX object CMakeFiles/panthera_interfaces__rosidl_typesupport_introspection_cpp.dir/rosidl_typesupport_introspection_cpp/panthera_interfaces/srv/detail/move_to_pose__type_support.cpp.o[0m
[ 52%] [32mBuilding CXX object CMakeFiles/panthera_interfaces__rosidl_typesupport_introspection_cpp.dir/rosidl_typesupport_introspection_cpp/panthera_interfaces/msg/detail/end_pose_euler__type_support.cpp.o[0m
[ 53%] [32mBuilding CXX object CMakeFiles/panthera_interfaces__rosidl_typesupport_introspection_cpp.dir/rosidl_typesupport_introspection_cpp/panthera_interfaces/srv/detail/gripper_srv__type_support.cpp.o[0m
[ 54%] [32mBuilding CXX object CMakeFiles/panthera_interfaces__rosidl_typesupport_introspection_cpp.dir/rosidl_typesupport_introspection_cpp/panthera_interfaces/msg/detail/arm_pose__type_support.cpp.o[0m
[ 55%] [32mBuilding CXX object CMakeFiles/panthera_interfaces__rosidl_typesupport_introspection_cpp.dir/rosidl_typesupport_introspection_cpp/panthera_interfaces/srv/detail/gripper_control__type_support.cpp.o[0m
[ 55%] [32mBuilding CXX object CMakeFiles/panthera_interfaces__rosidl_typesupport_introspection_cpp.dir/rosidl_typesupport_introspection_cpp/panthera_interfaces/srv/detail/enable__type_support.cpp.o[0m
[ 56%] [32mBuilding CXX object CMakeFiles/panthera_interfaces__rosidl_typesupport_introspection_cpp.dir/rosidl_typesupport_introspection_cpp/panthera_interfaces/srv/detail/go_zero__type_support.cpp.o[0m
[ 57%] [32mBuilding C object CMakeFiles/panthera_interfaces__rosidl_typesupport_introspection_c.dir/rosidl_typesupport_introspection_c/panthera_interfaces/msg/detail/arm_status__type_support.c.o[0m
[ 57%] [32mBuilding C object CMakeFiles/panthera_interfaces__rosidl_typesupport_introspection_c.dir/rosidl_typesupport_introspection_c/panthera_interfaces/msg/detail/pos_cmd__type_support.c.o[0m
[ 58%] [32mBuilding C object CMakeFiles/panthera_interfaces__rosidl_typesupport_introspection_c.dir/rosidl_typesupport_introspection_c/panthera_interfaces/msg/detail/end_pose_euler__type_support.c.o[0m
[ 59%] [32mBuilding C object CMakeFiles/panthera_interfaces__rosidl_typesupport_introspection_c.dir/rosidl_typesupport_introspection_c/panthera_interfaces/msg/detail/arm_pose__type_support.c.o[0m
[ 60%] [32mBuilding C object CMakeFiles/panthera_interfaces__rosidl_typesupport_introspection_c.dir/rosidl_typesupport_introspection_c/panthera_interfaces/srv/detail/gripper_control__type_support.c.o[0m
[ 61%] [32mBuilding C object CMakeFiles/panthera_interfaces__rosidl_typesupport_introspection_c.dir/rosidl_typesupport_introspection_c/panthera_interfaces/srv/detail/move_to_joint__type_support.c.o[0m
[ 62%] [32mBuilding C object CMakeFiles/panthera_interfaces__rosidl_typesupport_introspection_c.dir/rosidl_typesupport_introspection_c/panthera_interfaces/srv/detail/enable__type_support.c.o[0m
[ 63%] [32mBuilding C object CMakeFiles/panthera_interfaces__rosidl_typesupport_introspection_c.dir/rosidl_typesupport_introspection_c/panthera_interfaces/srv/detail/move_to_pose__type_support.c.o[0m
[ 64%] [32mBuilding C object CMakeFiles/panthera_interfaces__rosidl_typesupport_introspection_c.dir/rosidl_typesupport_introspection_c/panthera_interfaces/srv/detail/gripper_srv__type_support.c.o[0m
[ 64%] [32mBuilding C object CMakeFiles/panthera_interfaces__rosidl_typesupport_introspection_c.dir/rosidl_typesupport_introspection_c/panthera_interfaces/srv/detail/go_zero__type_support.c.o[0m
[ 65%] [32m[1mLinking C shared library libpanthera_interfaces__rosidl_typesupport_introspection_c.so[0m
[ 66%] [32m[1mLinking CXX shared library libpanthera_interfaces__rosidl_typesupport_cpp.so[0m
[ 71%] [32mBuilding CXX object CMakeFiles/panthera_interfaces__rosidl_typesupport_fastrtps_cpp.dir/rosidl_typesupport_fastrtps_cpp/panthera_interfaces/srv/detail/dds_fastrtps/move_to_pose__type_support.cpp.o[0m
[ 71%] [32mBuilding CXX object CMakeFiles/panthera_interfaces__rosidl_typesupport_fastrtps_cpp.dir/rosidl_typesupport_fastrtps_cpp/panthera_interfaces/srv/detail/dds_fastrtps/gripper_srv__type_support.cpp.o[0m
[ 71%] [32mBuilding CXX object CMakeFiles/panthera_interfaces__rosidl_typesupport_fastrtps_cpp.dir/rosidl_typesupport_fastrtps_cpp/panthera_interfaces/srv/detail/dds_fastrtps/go_zero__type_support.cpp.o[0m
[ 72%] [32mBuilding CXX object CMakeFiles/panthera_interfaces__rosidl_typesupport_fastrtps_cpp.dir/rosidl_typesupport_fastrtps_cpp/panthera_interfaces/msg/detail/dds_fastrtps/arm_status__type_support.cpp.o[0m
[ 72%] [32mBuilding CXX object CMakeFiles/panthera_interfaces__rosidl_typesupport_fastrtps_cpp.dir/rosidl_typesupport_fastrtps_cpp/panthera_interfaces/msg/detail/dds_fastrtps/arm_pose__type_support.cpp.o[0m
[ 72%] [32mBuilding CXX object CMakeFiles/panthera_interfaces__rosidl_typesupport_fastrtps_cpp.dir/rosidl_typesupport_fastrtps_cpp/panthera_interfaces/srv/detail/dds_fastrtps/enable__type_support.cpp.o[0m
[ 75%] [32mBuilding CXX object CMakeFiles/panthera_interfaces__rosidl_typesupport_fastrtps_cpp.dir/rosidl_typesupport_fastrtps_cpp/panthera_interfaces/msg/detail/dds_fastrtps/pos_cmd__type_support.cpp.o[0m
[ 75%] [32mBuilding CXX object CMakeFiles/panthera_interfaces__rosidl_typesupport_fastrtps_cpp.dir/rosidl_typesupport_fastrtps_cpp/panthera_interfaces/srv/detail/dds_fastrtps/gripper_control__type_support.cpp.o[0m
[ 75%] [32mBuilding CXX object CMakeFiles/panthera_interfaces__rosidl_typesupport_fastrtps_cpp.dir/rosidl_typesupport_fastrtps_cpp/panthera_interfaces/msg/detail/dds_fastrtps/end_pose_euler__type_support.cpp.o[0m
[ 75%] [32mBuilding CXX object CMakeFiles/panthera_interfaces__rosidl_typesupport_fastrtps_cpp.dir/rosidl_typesupport_fastrtps_cpp/panthera_interfaces/srv/detail/dds_fastrtps/move_to_joint__type_support.cpp.o[0m
[ 75%] Built target panthera_interfaces__rosidl_typesupport_introspection_c
[ 77%] [32mBuilding CXX object CMakeFiles/panthera_interfaces__rosidl_typesupport_fastrtps_c.dir/rosidl_typesupport_fastrtps_c/panthera_interfaces/msg/detail/end_pose_euler__type_support_c.cpp.o[0m
[ 77%] [32mBuilding CXX object CMakeFiles/panthera_interfaces__rosidl_typesupport_fastrtps_c.dir/rosidl_typesupport_fastrtps_c/panthera_interfaces/msg/detail/arm_status__type_support_c.cpp.o[0m
[ 77%] [32mBuilding CXX object CMakeFiles/panthera_interfaces__rosidl_typesupport_fastrtps_c.dir/rosidl_typesupport_fastrtps_c/panthera_interfaces/msg/detail/arm_pose__type_support_c.cpp.o[0m
[ 78%] [32mBuilding CXX object CMakeFiles/panthera_interfaces__rosidl_typesupport_fastrtps_c.dir/rosidl_typesupport_fastrtps_c/panthera_interfaces/srv/detail/go_zero__type_support_c.cpp.o[0m
[ 79%] [32mBuilding CXX object CMakeFiles/panthera_interfaces__rosidl_typesupport_fastrtps_c.dir/rosidl_typesupport_fastrtps_c/panthera_interfaces/msg/detail/pos_cmd__type_support_c.cpp.o[0m
[ 78%] [32mBuilding CXX object CMakeFiles/panthera_interfaces__rosidl_typesupport_fastrtps_c.dir/rosidl_typesupport_fastrtps_c/panthera_interfaces/srv/detail/gripper_control__type_support_c.cpp.o[0m
[ 80%] [32mBuilding CXX object CMakeFiles/panthera_interfaces__rosidl_typesupport_fastrtps_c.dir/rosidl_typesupport_fastrtps_c/panthera_interfaces/srv/detail/move_to_joint__type_support_c.cpp.o[0m
[ 81%] [32mBuilding CXX object CMakeFiles/panthera_interfaces__rosidl_typesupport_fastrtps_c.dir/rosidl_typesupport_fastrtps_c/panthera_interfaces/srv/detail/move_to_pose__type_support_c.cpp.o[0m
[ 82%] [32mBuilding CXX object CMakeFiles/panthera_interfaces__rosidl_typesupport_fastrtps_c.dir/rosidl_typesupport_fastrtps_c/panthera_interfaces/srv/detail/gripper_srv__type_support_c.cpp.o[0m
[ 83%] [32mBuilding CXX object CMakeFiles/panthera_interfaces__rosidl_typesupport_fastrtps_c.dir/rosidl_typesupport_fastrtps_c/panthera_interfaces/srv/detail/enable__type_support_c.cpp.o[0m
[ 83%] Built target panthera_interfaces__rosidl_typesupport_cpp
[ 84%] [32m[1mLinking CXX shared library libpanthera_interfaces__rosidl_typesupport_introspection_cpp.so[0m
[ 84%] Built target panthera_interfaces__rosidl_typesupport_introspection_cpp
[ 85%] [32m[1mLinking CXX shared library libpanthera_interfaces__rosidl_typesupport_fastrtps_c.so[0m
[ 85%] [32m[1mLinking CXX shared library libpanthera_interfaces__rosidl_typesupport_fastrtps_cpp.so[0m
[ 85%] Built target panthera_interfaces__rosidl_typesupport_fastrtps_c
[ 85%] Built target panthera_interfaces__rosidl_typesupport_fastrtps_cpp
[ 85%] Built target panthera_interfaces
[ 86%] [34m[1mGenerating Python code for ROS interfaces[0m
[ 86%] Built target panthera_interfaces__py
[ 87%] [32mBuilding C object CMakeFiles/panthera_interfaces__rosidl_generator_py.dir/rosidl_generator_py/panthera_interfaces/srv/_move_to_pose_s.c.o[0m
[ 87%] [32mBuilding C object CMakeFiles/panthera_interfaces__rosidl_generator_py.dir/rosidl_generator_py/panthera_interfaces/msg/_end_pose_euler_s.c.o[0m
[ 88%] [32mBuilding C object CMakeFiles/panthera_interfaces__rosidl_generator_py.dir/rosidl_generator_py/panthera_interfaces/srv/_go_zero_s.c.o[0m
[ 89%] [32mBuilding C object CMakeFiles/panthera_interfaces__rosidl_generator_py.dir/rosidl_generator_py/panthera_interfaces/srv/_gripper_control_s.c.o[0m
[ 90%] [32mBuilding C object CMakeFiles/panthera_interfaces__rosidl_generator_py.dir/rosidl_generator_py/panthera_interfaces/srv/_gripper_srv_s.c.o[0m
[ 91%] [32mBuilding C object CMakeFiles/panthera_interfaces__rosidl_generator_py.dir/rosidl_generator_py/panthera_interfaces/msg/_pos_cmd_s.c.o[0m
[ 92%] [32mBuilding C object CMakeFiles/panthera_interfaces__rosidl_generator_py.dir/rosidl_generator_py/panthera_interfaces/msg/_arm_status_s.c.o[0m
[ 93%] [32mBuilding C object CMakeFiles/panthera_interfaces__rosidl_generator_py.dir/rosidl_generator_py/panthera_interfaces/msg/_arm_pose_s.c.o[0m
[ 94%] [32mBuilding C object CMakeFiles/panthera_interfaces__rosidl_generator_py.dir/rosidl_generator_py/panthera_interfaces/srv/_move_to_joint_s.c.o[0m
[ 94%] [32mBuilding C object CMakeFiles/panthera_interfaces__rosidl_generator_py.dir/rosidl_generator_py/panthera_interfaces/srv/_enable_s.c.o[0m
[ 95%] [32m[1mLinking C shared library libpanthera_interfaces__rosidl_generator_py.so[0m
[ 95%] Built target panthera_interfaces__rosidl_generator_py
[ 96%] [32mBuilding C object CMakeFiles/panthera_interfaces_s__rosidl_typesupport_fastrtps_c.dir/rosidl_generator_py/panthera_interfaces/_panthera_interfaces_s.ep.rosidl_typesupport_fastrtps_c.c.o[0m
[ 97%] [32mBuilding C object CMakeFiles/panthera_interfaces_s__rosidl_typesupport_introspection_c.dir/rosidl_generator_py/panthera_interfaces/_panthera_interfaces_s.ep.rosidl_typesupport_introspection_c.c.o[0m
[ 97%] [32mBuilding C object CMakeFiles/panthera_interfaces_s__rosidl_typesupport_c.dir/rosidl_generator_py/panthera_interfaces/_panthera_interfaces_s.ep.rosidl_typesupport_c.c.o[0m
[ 98%] [32m[1mLinking C shared module rosidl_generator_py/panthera_interfaces/panthera_interfaces_s__rosidl_typesupport_introspection_c.so[0m
[ 99%] [32m[1mLinking C shared module rosidl_generator_py/panthera_interfaces/panthera_interfaces_s__rosidl_typesupport_fastrtps_c.so[0m
[ 99%] Built target panthera_interfaces_s__rosidl_typesupport_introspection_c
[100%] [32m[1mLinking C shared module rosidl_generator_py/panthera_interfaces/panthera_interfaces_s__rosidl_typesupport_c.so[0m
[100%] Built target panthera_interfaces_s__rosidl_typesupport_fastrtps_c
[100%] Built target panthera_interfaces_s__rosidl_typesupport_c
-- Install configuration: ""
-- Installing: /home/tk/robot_manipulator/Panthera-HT_ROS2_Jazzy/install/panthera_interfaces/share/ament_index/resource_index/rosidl_interfaces/panthera_interfaces
-- Installing: /home/tk/robot_manipulator/Panthera-HT_ROS2_Jazzy/install/panthera_interfaces/share/panthera_interfaces/msg/ArmPose.json
-- Installing: /home/tk/robot_manipulator/Panthera-HT_ROS2_Jazzy/install/panthera_interfaces/share/panthera_interfaces/msg/ArmStatus.json
-- Installing: /home/tk/robot_manipulator/Panthera-HT_ROS2_Jazzy/install/panthera_interfaces/share/panthera_interfaces/msg/EndPoseEuler.json
-- Installing: /home/tk/robot_manipulator/Panthera-HT_ROS2_Jazzy/install/panthera_interfaces/share/panthera_interfaces/msg/PosCmd.json
-- Installing: /home/tk/robot_manipulator/Panthera-HT_ROS2_Jazzy/install/panthera_interfaces/share/panthera_interfaces/srv/MoveToJoint.json
-- Installing: /home/tk/robot_manipulator/Panthera-HT_ROS2_Jazzy/install/panthera_interfaces/share/panthera_interfaces/srv/MoveToPose.json
-- Installing: /home/tk/robot_manipulator/Panthera-HT_ROS2_Jazzy/install/panthera_interfaces/share/panthera_interfaces/srv/GripperControl.json
-- Installing: /home/tk/robot_manipulator/Panthera-HT_ROS2_Jazzy/install/panthera_interfaces/share/panthera_interfaces/srv/Enable.json
-- Installing: /home/tk/robot_manipulator/Panthera-HT_ROS2_Jazzy/install/panthera_interfaces/share/panthera_interfaces/srv/GoZero.json
-- Installing: /home/tk/robot_manipulator/Panthera-HT_ROS2_Jazzy/install/panthera_interfaces/share/panthera_interfaces/srv/GripperSrv.json
-- Installing: /home/tk/robot_manipulator/Panthera-HT_ROS2_Jazzy/install/panthera_interfaces/include/panthera_interfaces/panthera_interfaces
-- Installing: /home/tk/robot_manipulator/Panthera-HT_ROS2_Jazzy/install/panthera_interfaces/include/panthera_interfaces/panthera_interfaces/msg
-- Installing: /home/tk/robot_manipulator/Panthera-HT_ROS2_Jazzy/install/panthera_interfaces/include/panthera_interfaces/panthera_interfaces/msg/detail
-- Installing: /home/tk/robot_manipulator/Panthera-HT_ROS2_Jazzy/install/panthera_interfaces/include/panthera_interfaces/panthera_interfaces/msg/detail/end_pose_euler__type_support.c
-- Installing: /home/tk/robot_manipulator/Panthera-HT_ROS2_Jazzy/install/panthera_interfaces/include/panthera_interfaces/panthera_interfaces/msg/detail/end_pose_euler__type_support.h
-- Installing: /home/tk/robot_manipulator/Panthera-HT_ROS2_Jazzy/install/panthera_interfaces/include/panthera_interfaces/panthera_interfaces/msg/detail/pos_cmd__functions.c
-- Installing: /home/tk/robot_manipulator/Panthera-HT_ROS2_Jazzy/install/panthera_interfaces/include/panthera_interfaces/panthera_interfaces/msg/detail/arm_pose__type_support.c
-- Installing: /home/tk/robot_manipulator/Panthera-HT_ROS2_Jazzy/install/panthera_interfaces/include/panthera_interfaces/panthera_interfaces/msg/detail/arm_pose__struct.h
-- Installing: /home/tk/robot_manipulator/Panthera-HT_ROS2_Jazzy/install/panthera_interfaces/include/panthera_interfaces/panthera_interfaces/msg/detail/arm_status__type_support.h
-- Installing: /home/tk/robot_manipulator/Panthera-HT_ROS2_Jazzy/install/panthera_interfaces/include/panthera_interfaces/panthera_interfaces/msg/detail/pos_cmd__type_support.h
-- Installing: /home/tk/robot_manipulator/Panthera-HT_ROS2_Jazzy/install/panthera_interfaces/include/panthera_interfaces/panthera_interfaces/msg/detail/pos_cmd__description.c
-- Installing: /home/tk/robot_manipulator/Panthera-HT_ROS2_Jazzy/install/panthera_interfaces/include/panthera_interfaces/panthera_interfaces/msg/detail/arm_status__struct.h
-- Installing: /home/tk/robot_manipulator/Panthera-HT_ROS2_Jazzy/install/panthera_interfaces/include/panthera_interfaces/panthera_interfaces/msg/detail/arm_pose__functions.c
-- Installing: /home/tk/robot_manipulator/Panthera-HT_ROS2_Jazzy/install/panthera_interfaces/include/panthera_interfaces/panthera_interfaces/msg/detail/arm_status__type_support.c
-- Installing: /home/tk/robot_manipulator/Panthera-HT_ROS2_Jazzy/install/panthera_interfaces/include/panthera_interfaces/panthera_interfaces/msg/detail/end_pose_euler__functions.h
-- Installing: /home/tk/robot_manipulator/Panthera-HT_ROS2_Jazzy/install/panthera_interfaces/include/panthera_interfaces/panthera_interfaces/msg/detail/arm_pose__functions.h
-- Installing: /home/tk/robot_manipulator/Panthera-HT_ROS2_Jazzy/install/panthera_interfaces/include/panthera_interfaces/panthera_interfaces/msg/detail/arm_status__functions.c
-- Installing: /home/tk/robot_manipulator/Panthera-HT_ROS2_Jazzy/install/panthera_interfaces/include/panthera_interfaces/panthera_interfaces/msg/detail/end_pose_euler__functions.c
-- Installing: /home/tk/robot_manipulator/Panthera-HT_ROS2_Jazzy/install/panthera_interfaces/include/panthera_interfaces/panthera_interfaces/msg/detail/arm_pose__type_support.h
-- Installing: /home/tk/robot_manipulator/Panthera-HT_ROS2_Jazzy/install/panthera_interfaces/include/panthera_interfaces/panthera_interfaces/msg/detail/arm_status__description.c
-- Installing: /home/tk/robot_manipulator/Panthera-HT_ROS2_Jazzy/install/panthera_interfaces/include/panthera_interfaces/panthera_interfaces/msg/detail/pos_cmd__functions.h
-- Installing: /home/tk/robot_manipulator/Panthera-HT_ROS2_Jazzy/install/panthera_interfaces/include/panthera_interfaces/panthera_interfaces/msg/detail/arm_pose__description.c
-- Installing: /home/tk/robot_manipulator/Panthera-HT_ROS2_Jazzy/install/panthera_interfaces/include/panthera_interfaces/panthera_interfaces/msg/detail/end_pose_euler__description.c
-- Installing: /home/tk/robot_manipulator/Panthera-HT_ROS2_Jazzy/install/panthera_interfaces/include/panthera_interfaces/panthera_interfaces/msg/detail/end_pose_euler__struct.h
-- Installing: /home/tk/robot_manipulator/Panthera-HT_ROS2_Jazzy/install/panthera_interfaces/include/panthera_interfaces/panthera_interfaces/msg/detail/arm_status__functions.h
-- Installing: /home/tk/robot_manipulator/Panthera-HT_ROS2_Jazzy/install/panthera_interfaces/include/panthera_interfaces/panthera_interfaces/msg/detail/pos_cmd__type_support.c
-- Installing: /home/tk/robot_manipulator/Panthera-HT_ROS2_Jazzy/install/panthera_interfaces/include/panthera_interfaces/panthera_interfaces/msg/detail/pos_cmd__struct.h
-- Installing: /home/tk/robot_manipulator/Panthera-HT_ROS2_Jazzy/install/panthera_interfaces/include/panthera_interfaces/panthera_interfaces/msg/arm_pose.h
-- Installing: /home/tk/robot_manipulator/Panthera-HT_ROS2_Jazzy/install/panthera_interfaces/include/panthera_interfaces/panthera_interfaces/msg/pos_cmd.h
-- Installing: /home/tk/robot_manipulator/Panthera-HT_ROS2_Jazzy/install/panthera_interfaces/include/panthera_interfaces/panthera_interfaces/msg/rosidl_generator_c__visibility_control.h
-- Installing: /home/tk/robot_manipulator/Panthera-HT_ROS2_Jazzy/install/panthera_interfaces/include/panthera_interfaces/panthera_interfaces/msg/end_pose_euler.h
-- Installing: /home/tk/robot_manipulator/Panthera-HT_ROS2_Jazzy/install/panthera_interfaces/include/panthera_interfaces/panthera_interfaces/msg/arm_status.h
-- Installing: /home/tk/robot_manipulator/Panthera-HT_ROS2_Jazzy/install/panthera_interfaces/include/panthera_interfaces/panthera_interfaces/srv
-- Installing: /home/tk/robot_manipulator/Panthera-HT_ROS2_Jazzy/install/panthera_interfaces/include/panthera_interfaces/panthera_interfaces/srv/detail
-- Installing: /home/tk/robot_manipulator/Panthera-HT_ROS2_Jazzy/install/panthera_interfaces/include/panthera_interfaces/panthera_interfaces/srv/detail/gripper_srv__description.c
-- Installing: /home/tk/robot_manipulator/Panthera-HT_ROS2_Jazzy/install/panthera_interfaces/include/panthera_interfaces/panthera_interfaces/srv/detail/move_to_joint__functions.h
-- Installing: /home/tk/robot_manipulator/Panthera-HT_ROS2_Jazzy/install/panthera_interfaces/include/panthera_interfaces/panthera_interfaces/srv/detail/go_zero__description.c
-- Installing: /home/tk/robot_manipulator/Panthera-HT_ROS2_Jazzy/install/panthera_interfaces/include/panthera_interfaces/panthera_interfaces/srv/detail/move_to_pose__description.c
-- Installing: /home/tk/robot_manipulator/Panthera-HT_ROS2_Jazzy/install/panthera_interfaces/include/panthera_interfaces/panthera_interfaces/srv/detail/move_to_pose__type_support.c
-- Installing: /home/tk/robot_manipulator/Panthera-HT_ROS2_Jazzy/install/panthera_interfaces/include/panthera_interfaces/panthera_interfaces/srv/detail/go_zero__functions.h
-- Installing: /home/tk/robot_manipulator/Panthera-HT_ROS2_Jazzy/install/panthera_interfaces/include/panthera_interfaces/panthera_interfaces/srv/detail/move_to_joint__struct.h
-- Installing: /home/tk/robot_manipulator/Panthera-HT_ROS2_Jazzy/install/panthera_interfaces/include/panthera_interfaces/panthera_interfaces/srv/detail/move_to_joint__description.c
-- Installing: /home/tk/robot_manipulator/Panthera-HT_ROS2_Jazzy/install/panthera_interfaces/include/panthera_interfaces/panthera_interfaces/srv/detail/enable__type_support.c
-- Installing: /home/tk/robot_manipulator/Panthera-HT_ROS2_Jazzy/install/panthera_interfaces/include/panthera_interfaces/panthera_interfaces/srv/detail/enable__functions.h
-- Installing: /home/tk/robot_manipulator/Panthera-HT_ROS2_Jazzy/install/panthera_interfaces/include/panthera_interfaces/panthera_interfaces/srv/detail/move_to_joint__type_support.c
-- Installing: /home/tk/robot_manipulator/Panthera-HT_ROS2_Jazzy/install/panthera_interfaces/include/panthera_interfaces/panthera_interfaces/srv/detail/move_to_pose__functions.c
-- Installing: /home/tk/robot_manipulator/Panthera-HT_ROS2_Jazzy/install/panthera_interfaces/include/panthera_interfaces/panthera_interfaces/srv/detail/gripper_srv__struct.h
-- Installing: /home/tk/robot_manipulator/Panthera-HT_ROS2_Jazzy/install/panthera_interfaces/include/panthera_interfaces/panthera_interfaces/srv/detail/enable__struct.h
-- Installing: /home/tk/robot_manipulator/Panthera-HT_ROS2_Jazzy/install/panthera_interfaces/include/panthera_interfaces/panthera_interfaces/srv/detail/enable__functions.c
-- Installing: /home/tk/robot_manipulator/Panthera-HT_ROS2_Jazzy/install/panthera_interfaces/include/panthera_interfaces/panthera_interfaces/srv/detail/enable__description.c
-- Installing: /home/tk/robot_manipulator/Panthera-HT_ROS2_Jazzy/install/panthera_interfaces/include/panthera_interfaces/panthera_interfaces/srv/detail/gripper_control__struct.h
-- Installing: /home/tk/robot_manipulator/Panthera-HT_ROS2_Jazzy/install/panthera_interfaces/include/panthera_interfaces/panthera_interfaces/srv/detail/move_to_joint__type_support.h
-- Installing: /home/tk/robot_manipulator/Panthera-HT_ROS2_Jazzy/install/panthera_interfaces/include/panthera_interfaces/panthera_interfaces/srv/detail/gripper_srv__type_support.c
-- Installing: /home/tk/robot_manipulator/Panthera-HT_ROS2_Jazzy/install/panthera_interfaces/include/panthera_interfaces/panthera_interfaces/srv/detail/go_zero__type_support.h
-- Installing: /home/tk/robot_manipulator/Panthera-HT_ROS2_Jazzy/install/panthera_interfaces/include/panthera_interfaces/panthera_interfaces/srv/detail/gripper_control__functions.c
-- Installing: /home/tk/robot_manipulator/Panthera-HT_ROS2_Jazzy/install/panthera_interfaces/include/panthera_interfaces/panthera_interfaces/srv/detail/gripper_srv__type_support.h
-- Installing: /home/tk/robot_manipulator/Panthera-HT_ROS2_Jazzy/install/panthera_interfaces/include/panthera_interfaces/panthera_interfaces/srv/detail/move_to_pose__type_support.h
-- Installing: /home/tk/robot_manipulator/Panthera-HT_ROS2_Jazzy/install/panthera_interfaces/include/panthera_interfaces/panthera_interfaces/srv/detail/gripper_control__description.c
-- Installing: /home/tk/robot_manipulator/Panthera-HT_ROS2_Jazzy/install/panthera_interfaces/include/panthera_interfaces/panthera_interfaces/srv/detail/move_to_joint__functions.c
-- Installing: /home/tk/robot_manipulator/Panthera-HT_ROS2_Jazzy/install/panthera_interfaces/include/panthera_interfaces/panthera_interfaces/srv/detail/gripper_control__type_support.c
-- Installing: /home/tk/robot_manipulator/Panthera-HT_ROS2_Jazzy/install/panthera_interfaces/include/panthera_interfaces/panthera_interfaces/srv/detail/go_zero__struct.h
-- Installing: /home/tk/robot_manipulator/Panthera-HT_ROS2_Jazzy/install/panthera_interfaces/include/panthera_interfaces/panthera_interfaces/srv/detail/gripper_srv__functions.c
-- Installing: /home/tk/robot_manipulator/Panthera-HT_ROS2_Jazzy/install/panthera_interfaces/include/panthera_interfaces/panthera_interfaces/srv/detail/gripper_control__type_support.h
-- Installing: /home/tk/robot_manipulator/Panthera-HT_ROS2_Jazzy/install/panthera_interfaces/include/panthera_interfaces/panthera_interfaces/srv/detail/gripper_srv__functions.h
-- Installing: /home/tk/robot_manipulator/Panthera-HT_ROS2_Jazzy/install/panthera_interfaces/include/panthera_interfaces/panthera_interfaces/srv/detail/gripper_control__functions.h
-- Installing: /home/tk/robot_manipulator/Panthera-HT_ROS2_Jazzy/install/panthera_interfaces/include/panthera_interfaces/panthera_interfaces/srv/detail/go_zero__functions.c
-- Installing: /home/tk/robot_manipulator/Panthera-HT_ROS2_Jazzy/install/panthera_interfaces/include/panthera_interfaces/panthera_interfaces/srv/detail/move_to_pose__struct.h
-- Installing: /home/tk/robot_manipulator/Panthera-HT_ROS2_Jazzy/install/panthera_interfaces/include/panthera_interfaces/panthera_interfaces/srv/detail/move_to_pose__functions.h
-- Installing: /home/tk/robot_manipulator/Panthera-HT_ROS2_Jazzy/install/panthera_interfaces/include/panthera_interfaces/panthera_interfaces/srv/detail/enable__type_support.h
-- Installing: /home/tk/robot_manipulator/Panthera-HT_ROS2_Jazzy/install/panthera_interfaces/include/panthera_interfaces/panthera_interfaces/srv/detail/go_zero__type_support.c
-- Installing: /home/tk/robot_manipulator/Panthera-HT_ROS2_Jazzy/install/panthera_interfaces/include/panthera_interfaces/panthera_interfaces/srv/gripper_control.h
-- Installing: /home/tk/robot_manipulator/Panthera-HT_ROS2_Jazzy/install/panthera_interfaces/include/panthera_interfaces/panthera_interfaces/srv/gripper_srv.h
-- Installing: /home/tk/robot_manipulator/Panthera-HT_ROS2_Jazzy/install/panthera_interfaces/include/panthera_interfaces/panthera_interfaces/srv/move_to_joint.h
-- Installing: /home/tk/robot_manipulator/Panthera-HT_ROS2_Jazzy/install/panthera_interfaces/include/panthera_interfaces/panthera_interfaces/srv/enable.h
-- Installing: /home/tk/robot_manipulator/Panthera-HT_ROS2_Jazzy/install/panthera_interfaces/include/panthera_interfaces/panthera_interfaces/srv/go_zero.h
-- Installing: /home/tk/robot_manipulator/Panthera-HT_ROS2_Jazzy/install/panthera_interfaces/include/panthera_interfaces/panthera_interfaces/srv/move_to_pose.h
-- Installing: /home/tk/robot_manipulator/Panthera-HT_ROS2_Jazzy/install/panthera_interfaces/share/panthera_interfaces/environment/library_path.sh
-- Installing: /home/tk/robot_manipulator/Panthera-HT_ROS2_Jazzy/install/panthera_interfaces/share/panthera_interfaces/environment/library_path.dsv
-- Installing: /home/tk/robot_manipulator/Panthera-HT_ROS2_Jazzy/install/panthera_interfaces/lib/libpanthera_interfaces__rosidl_generator_c.so
-- Set non-toolchain portion of runtime path of "/home/tk/robot_manipulator/Panthera-HT_ROS2_Jazzy/install/panthera_interfaces/lib/libpanthera_interfaces__rosidl_generator_c.so" to ""
-- Up-to-date: /home/tk/robot_manipulator/Panthera-HT_ROS2_Jazzy/install/panthera_interfaces/include/panthera_interfaces/panthera_interfaces
-- Up-to-date: /home/tk/robot_manipulator/Panthera-HT_ROS2_Jazzy/install/panthera_interfaces/include/panthera_interfaces/panthera_interfaces/msg
-- Up-to-date: /home/tk/robot_manipulator/Panthera-HT_ROS2_Jazzy/install/panthera_interfaces/include/panthera_interfaces/panthera_interfaces/msg/detail
-- Installing: /home/tk/robot_manipulator/Panthera-HT_ROS2_Jazzy/install/panthera_interfaces/include/panthera_interfaces/panthera_interfaces/msg/detail/arm_pose__rosidl_typesupport_fastrtps_c.h
-- Installing: /home/tk/robot_manipulator/Panthera-HT_ROS2_Jazzy/install/panthera_interfaces/include/panthera_interfaces/panthera_interfaces/msg/detail/arm_status__rosidl_typesupport_fastrtps_c.h
-- Installing: /home/tk/robot_manipulator/Panthera-HT_ROS2_Jazzy/install/panthera_interfaces/include/panthera_interfaces/panthera_interfaces/msg/detail/pos_cmd__rosidl_typesupport_fastrtps_c.h
-- Installing: /home/tk/robot_manipulator/Panthera-HT_ROS2_Jazzy/install/panthera_interfaces/include/panthera_interfaces/panthera_interfaces/msg/detail/end_pose_euler__rosidl_typesupport_fastrtps_c.h
-- Installing: /home/tk/robot_manipulator/Panthera-HT_ROS2_Jazzy/install/panthera_interfaces/include/panthera_interfaces/panthera_interfaces/msg/rosidl_typesupport_fastrtps_c__visibility_control.h
-- Up-to-date: /home/tk/robot_manipulator/Panthera-HT_ROS2_Jazzy/install/panthera_interfaces/include/panthera_interfaces/panthera_interfaces/srv
-- Up-to-date: /home/tk/robot_manipulator/Panthera-HT_ROS2_Jazzy/install/panthera_interfaces/include/panthera_interfaces/panthera_interfaces/srv/detail
-- Installing: /home/tk/robot_manipulator/Panthera-HT_ROS2_Jazzy/install/panthera_interfaces/include/panthera_interfaces/panthera_interfaces/srv/detail/gripper_srv__rosidl_typesupport_fastrtps_c.h
-- Installing: /home/tk/robot_manipulator/Panthera-HT_ROS2_Jazzy/install/panthera_interfaces/include/panthera_interfaces/panthera_interfaces/srv/detail/enable__rosidl_typesupport_fastrtps_c.h
-- Installing: /home/tk/robot_manipulator/Panthera-HT_ROS2_Jazzy/install/panthera_interfaces/include/panthera_interfaces/panthera_interfaces/srv/detail/go_zero__rosidl_typesupport_fastrtps_c.h
-- Installing: /home/tk/robot_manipulator/Panthera-HT_ROS2_Jazzy/install/panthera_interfaces/include/panthera_interfaces/panthera_interfaces/srv/detail/gripper_control__rosidl_typesupport_fastrtps_c.h
-- Installing: /home/tk/robot_manipulator/Panthera-HT_ROS2_Jazzy/install/panthera_interfaces/include/panthera_interfaces/panthera_interfaces/srv/detail/move_to_pose__rosidl_typesupport_fastrtps_c.h
-- Installing: /home/tk/robot_manipulator/Panthera-HT_ROS2_Jazzy/install/panthera_interfaces/include/panthera_interfaces/panthera_interfaces/srv/detail/move_to_joint__rosidl_typesupport_fastrtps_c.h
-- Installing: /home/tk/robot_manipulator/Panthera-HT_ROS2_Jazzy/install/panthera_interfaces/lib/libpanthera_interfaces__rosidl_typesupport_fastrtps_c.so
-- Set non-toolchain portion of runtime path of "/home/tk/robot_manipulator/Panthera-HT_ROS2_Jazzy/install/panthera_interfaces/lib/libpanthera_interfaces__rosidl_typesupport_fastrtps_c.so" to ""
-- Up-to-date: /home/tk/robot_manipulator/Panthera-HT_ROS2_Jazzy/install/panthera_interfaces/include/panthera_interfaces/panthera_interfaces
-- Up-to-date: /home/tk/robot_manipulator/Panthera-HT_ROS2_Jazzy/install/panthera_interfaces/include/panthera_interfaces/panthera_interfaces/msg
-- Up-to-date: /home/tk/robot_manipulator/Panthera-HT_ROS2_Jazzy/install/panthera_interfaces/include/panthera_interfaces/panthera_interfaces/msg/detail
-- Installing: /home/tk/robot_manipulator/Panthera-HT_ROS2_Jazzy/install/panthera_interfaces/include/panthera_interfaces/panthera_interfaces/msg/detail/end_pose_euler__type_support.c
-- Installing: /home/tk/robot_manipulator/Panthera-HT_ROS2_Jazzy/install/panthera_interfaces/include/panthera_interfaces/panthera_interfaces/msg/detail/arm_pose__type_support.c
-- Installing: /home/tk/robot_manipulator/Panthera-HT_ROS2_Jazzy/install/panthera_interfaces/include/panthera_interfaces/panthera_interfaces/msg/detail/arm_pose__rosidl_typesupport_introspection_c.h
-- Installing: /home/tk/robot_manipulator/Panthera-HT_ROS2_Jazzy/install/panthera_interfaces/include/panthera_interfaces/panthera_interfaces/msg/detail/end_pose_euler__rosidl_typesupport_introspection_c.h
-- Installing: /home/tk/robot_manipulator/Panthera-HT_ROS2_Jazzy/install/panthera_interfaces/include/panthera_interfaces/panthera_interfaces/msg/detail/arm_status__type_support.c
-- Installing: /home/tk/robot_manipulator/Panthera-HT_ROS2_Jazzy/install/panthera_interfaces/include/panthera_interfaces/panthera_interfaces/msg/detail/arm_status__rosidl_typesupport_introspection_c.h
-- Installing: /home/tk/robot_manipulator/Panthera-HT_ROS2_Jazzy/install/panthera_interfaces/include/panthera_interfaces/panthera_interfaces/msg/detail/pos_cmd__rosidl_typesupport_introspection_c.h
-- Installing: /home/tk/robot_manipulator/Panthera-HT_ROS2_Jazzy/install/panthera_interfaces/include/panthera_interfaces/panthera_interfaces/msg/detail/pos_cmd__type_support.c
-- Installing: /home/tk/robot_manipulator/Panthera-HT_ROS2_Jazzy/install/panthera_interfaces/include/panthera_interfaces/panthera_interfaces/msg/rosidl_typesupport_introspection_c__visibility_control.h
-- Up-to-date: /home/tk/robot_manipulator/Panthera-HT_ROS2_Jazzy/install/panthera_interfaces/include/panthera_interfaces/panthera_interfaces/srv
-- Up-to-date: /home/tk/robot_manipulator/Panthera-HT_ROS2_Jazzy/install/panthera_interfaces/include/panthera_interfaces/panthera_interfaces/srv/detail
-- Installing: /home/tk/robot_manipulator/Panthera-HT_ROS2_Jazzy/install/panthera_interfaces/include/panthera_interfaces/panthera_interfaces/srv/detail/enable__rosidl_typesupport_introspection_c.h
-- Installing: /home/tk/robot_manipulator/Panthera-HT_ROS2_Jazzy/install/panthera_interfaces/include/panthera_interfaces/panthera_interfaces/srv/detail/move_to_pose__type_support.c
-- Installing: /home/tk/robot_manipulator/Panthera-HT_ROS2_Jazzy/install/panthera_interfaces/include/panthera_interfaces/panthera_interfaces/srv/detail/gripper_srv__rosidl_typesupport_introspection_c.h
-- Installing: /home/tk/robot_manipulator/Panthera-HT_ROS2_Jazzy/install/panthera_interfaces/include/panthera_interfaces/panthera_interfaces/srv/detail/gripper_control__rosidl_typesupport_introspection_c.h
-- Installing: /home/tk/robot_manipulator/Panthera-HT_ROS2_Jazzy/install/panthera_interfaces/include/panthera_interfaces/panthera_interfaces/srv/detail/move_to_joint__rosidl_typesupport_introspection_c.h
-- Installing: /home/tk/robot_manipulator/Panthera-HT_ROS2_Jazzy/install/panthera_interfaces/include/panthera_interfaces/panthera_interfaces/srv/detail/enable__type_support.c
-- Installing: /home/tk/robot_manipulator/Panthera-HT_ROS2_Jazzy/install/panthera_interfaces/include/panthera_interfaces/panthera_interfaces/srv/detail/move_to_joint__type_support.c
-- Installing: /home/tk/robot_manipulator/Panthera-HT_ROS2_Jazzy/install/panthera_interfaces/include/panthera_interfaces/panthera_interfaces/srv/detail/move_to_pose__rosidl_typesupport_introspection_c.h
-- Installing: /home/tk/robot_manipulator/Panthera-HT_ROS2_Jazzy/install/panthera_interfaces/include/panthera_interfaces/panthera_interfaces/srv/detail/go_zero__rosidl_typesupport_introspection_c.h
-- Installing: /home/tk/robot_manipulator/Panthera-HT_ROS2_Jazzy/install/panthera_interfaces/include/panthera_interfaces/panthera_interfaces/srv/detail/gripper_srv__type_support.c
-- Installing: /home/tk/robot_manipulator/Panthera-HT_ROS2_Jazzy/install/panthera_interfaces/include/panthera_interfaces/panthera_interfaces/srv/detail/gripper_control__type_support.c
-- Installing: /home/tk/robot_manipulator/Panthera-HT_ROS2_Jazzy/install/panthera_interfaces/include/panthera_interfaces/panthera_interfaces/srv/detail/go_zero__type_support.c
-- Installing: /home/tk/robot_manipulator/Panthera-HT_ROS2_Jazzy/install/panthera_interfaces/lib/libpanthera_interfaces__rosidl_typesupport_introspection_c.so
-- Set non-toolchain portion of runtime path of "/home/tk/robot_manipulator/Panthera-HT_ROS2_Jazzy/install/panthera_interfaces/lib/libpanthera_interfaces__rosidl_typesupport_introspection_c.so" to ""
-- Installing: /home/tk/robot_manipulator/Panthera-HT_ROS2_Jazzy/install/panthera_interfaces/lib/libpanthera_interfaces__rosidl_typesupport_c.so
-- Set non-toolchain portion of runtime path of "/home/tk/robot_manipulator/Panthera-HT_ROS2_Jazzy/install/panthera_interfaces/lib/libpanthera_interfaces__rosidl_typesupport_c.so" to ""
-- Up-to-date: /home/tk/robot_manipulator/Panthera-HT_ROS2_Jazzy/install/panthera_interfaces/include/panthera_interfaces/panthera_interfaces
-- Up-to-date: /home/tk/robot_manipulator/Panthera-HT_ROS2_Jazzy/install/panthera_interfaces/include/panthera_interfaces/panthera_interfaces/msg
-- Up-to-date: /home/tk/robot_manipulator/Panthera-HT_ROS2_Jazzy/install/panthera_interfaces/include/panthera_interfaces/panthera_interfaces/msg/detail
-- Installing: /home/tk/robot_manipulator/Panthera-HT_ROS2_Jazzy/install/panthera_interfaces/include/panthera_interfaces/panthera_interfaces/msg/detail/arm_status__traits.hpp
-- Installing: /home/tk/robot_manipulator/Panthera-HT_ROS2_Jazzy/install/panthera_interfaces/include/panthera_interfaces/panthera_interfaces/msg/detail/pos_cmd__traits.hpp
-- Installing: /home/tk/robot_manipulator/Panthera-HT_ROS2_Jazzy/install/panthera_interfaces/include/panthera_interfaces/panthera_interfaces/msg/detail/arm_status__type_support.hpp
-- Installing: /home/tk/robot_manipulator/Panthera-HT_ROS2_Jazzy/install/panthera_interfaces/include/panthera_interfaces/panthera_interfaces/msg/detail/pos_cmd__builder.hpp
-- Installing: /home/tk/robot_manipulator/Panthera-HT_ROS2_Jazzy/install/panthera_interfaces/include/panthera_interfaces/panthera_interfaces/msg/detail/end_pose_euler__struct.hpp
-- Installing: /home/tk/robot_manipulator/Panthera-HT_ROS2_Jazzy/install/panthera_interfaces/include/panthera_interfaces/panthera_interfaces/msg/detail/arm_pose__builder.hpp
-- Installing: /home/tk/robot_manipulator/Panthera-HT_ROS2_Jazzy/install/panthera_interfaces/include/panthera_interfaces/panthera_interfaces/msg/detail/arm_status__struct.hpp
-- Installing: /home/tk/robot_manipulator/Panthera-HT_ROS2_Jazzy/install/panthera_interfaces/include/panthera_interfaces/panthera_interfaces/msg/detail/end_pose_euler__type_support.hpp
-- Installing: /home/tk/robot_manipulator/Panthera-HT_ROS2_Jazzy/install/panthera_interfaces/include/panthera_interfaces/panthera_interfaces/msg/detail/arm_pose__type_support.hpp
-- Installing: /home/tk/robot_manipulator/Panthera-HT_ROS2_Jazzy/install/panthera_interfaces/include/panthera_interfaces/panthera_interfaces/msg/detail/pos_cmd__type_support.hpp
-- Installing: /home/tk/robot_manipulator/Panthera-HT_ROS2_Jazzy/install/panthera_interfaces/include/panthera_interfaces/panthera_interfaces/msg/detail/end_pose_euler__builder.hpp
-- Installing: /home/tk/robot_manipulator/Panthera-HT_ROS2_Jazzy/install/panthera_interfaces/include/panthera_interfaces/panthera_interfaces/msg/detail/arm_status__builder.hpp
-- Installing: /home/tk/robot_manipulator/Panthera-HT_ROS2_Jazzy/install/panthera_interfaces/include/panthera_interfaces/panthera_interfaces/msg/detail/end_pose_euler__traits.hpp
-- Installing: /home/tk/robot_manipulator/Panthera-HT_ROS2_Jazzy/install/panthera_interfaces/include/panthera_interfaces/panthera_interfaces/msg/detail/arm_pose__traits.hpp
-- Installing: /home/tk/robot_manipulator/Panthera-HT_ROS2_Jazzy/install/panthera_interfaces/include/panthera_interfaces/panthera_interfaces/msg/detail/pos_cmd__struct.hpp
-- Installing: /home/tk/robot_manipulator/Panthera-HT_ROS2_Jazzy/install/panthera_interfaces/include/panthera_interfaces/panthera_interfaces/msg/detail/arm_pose__struct.hpp
-- Installing: /home/tk/robot_manipulator/Panthera-HT_ROS2_Jazzy/install/panthera_interfaces/include/panthera_interfaces/panthera_interfaces/msg/rosidl_generator_cpp__visibility_control.hpp
-- Installing: /home/tk/robot_manipulator/Panthera-HT_ROS2_Jazzy/install/panthera_interfaces/include/panthera_interfaces/panthera_interfaces/msg/end_pose_euler.hpp
-- Installing: /home/tk/robot_manipulator/Panthera-HT_ROS2_Jazzy/install/panthera_interfaces/include/panthera_interfaces/panthera_interfaces/msg/arm_status.hpp
-- Installing: /home/tk/robot_manipulator/Panthera-HT_ROS2_Jazzy/install/panthera_interfaces/include/panthera_interfaces/panthera_interfaces/msg/arm_pose.hpp
-- Installing: /home/tk/robot_manipulator/Panthera-HT_ROS2_Jazzy/install/panthera_interfaces/include/panthera_interfaces/panthera_interfaces/msg/pos_cmd.hpp
-- Up-to-date: /home/tk/robot_manipulator/Panthera-HT_ROS2_Jazzy/install/panthera_interfaces/include/panthera_interfaces/panthera_interfaces/srv
-- Installing: /home/tk/robot_manipulator/Panthera-HT_ROS2_Jazzy/install/panthera_interfaces/include/panthera_interfaces/panthera_interfaces/srv/gripper_control.hpp
-- Up-to-date: /home/tk/robot_manipulator/Panthera-HT_ROS2_Jazzy/install/panthera_interfaces/include/panthera_interfaces/panthera_interfaces/srv/detail
-- Installing: /home/tk/robot_manipulator/Panthera-HT_ROS2_Jazzy/install/panthera_interfaces/include/panthera_interfaces/panthera_interfaces/srv/detail/gripper_srv__struct.hpp
-- Installing: /home/tk/robot_manipulator/Panthera-HT_ROS2_Jazzy/install/panthera_interfaces/include/panthera_interfaces/panthera_interfaces/srv/detail/go_zero__type_support.hpp
-- Installing: /home/tk/robot_manipulator/Panthera-HT_ROS2_Jazzy/install/panthera_interfaces/include/panthera_interfaces/panthera_interfaces/srv/detail/move_to_pose__type_support.hpp
-- Installing: /home/tk/robot_manipulator/Panthera-HT_ROS2_Jazzy/install/panthera_interfaces/include/panthera_interfaces/panthera_interfaces/srv/detail/enable__struct.hpp
-- Installing: /home/tk/robot_manipulator/Panthera-HT_ROS2_Jazzy/install/panthera_interfaces/include/panthera_interfaces/panthera_interfaces/srv/detail/move_to_joint__builder.hpp
-- Installing: /home/tk/robot_manipulator/Panthera-HT_ROS2_Jazzy/install/panthera_interfaces/include/panthera_interfaces/panthera_interfaces/srv/detail/gripper_srv__type_support.hpp
-- Installing: /home/tk/robot_manipulator/Panthera-HT_ROS2_Jazzy/install/panthera_interfaces/include/panthera_interfaces/panthera_interfaces/srv/detail/move_to_pose__struct.hpp
-- Installing: /home/tk/robot_manipulator/Panthera-HT_ROS2_Jazzy/install/panthera_interfaces/include/panthera_interfaces/panthera_interfaces/srv/detail/enable__traits.hpp
-- Installing: /home/tk/robot_manipulator/Panthera-HT_ROS2_Jazzy/install/panthera_interfaces/include/panthera_interfaces/panthera_interfaces/srv/detail/move_to_joint__type_support.hpp
-- Installing: /home/tk/robot_manipulator/Panthera-HT_ROS2_Jazzy/install/panthera_interfaces/include/panthera_interfaces/panthera_interfaces/srv/detail/gripper_control__traits.hpp
-- Installing: /home/tk/robot_manipulator/Panthera-HT_ROS2_Jazzy/install/panthera_interfaces/include/panthera_interfaces/panthera_interfaces/srv/detail/gripper_control__builder.hpp
-- Installing: /home/tk/robot_manipulator/Panthera-HT_ROS2_Jazzy/install/panthera_interfaces/include/panthera_interfaces/panthera_interfaces/srv/detail/move_to_pose__builder.hpp
-- Installing: /home/tk/robot_manipulator/Panthera-HT_ROS2_Jazzy/install/panthera_interfaces/include/panthera_interfaces/panthera_interfaces/srv/detail/go_zero__struct.hpp
-- Installing: /home/tk/robot_manipulator/Panthera-HT_ROS2_Jazzy/install/panthera_interfaces/include/panthera_interfaces/panthera_interfaces/srv/detail/enable__type_support.hpp
-- Installing: /home/tk/robot_manipulator/Panthera-HT_ROS2_Jazzy/install/panthera_interfaces/include/panthera_interfaces/panthera_interfaces/srv/detail/enable__builder.hpp
-- Installing: /home/tk/robot_manipulator/Panthera-HT_ROS2_Jazzy/install/panthera_interfaces/include/panthera_interfaces/panthera_interfaces/srv/detail/go_zero__builder.hpp
-- Installing: /home/tk/robot_manipulator/Panthera-HT_ROS2_Jazzy/install/panthera_interfaces/include/panthera_interfaces/panthera_interfaces/srv/detail/move_to_joint__struct.hpp
-- Installing: /home/tk/robot_manipulator/Panthera-HT_ROS2_Jazzy/install/panthera_interfaces/include/panthera_interfaces/panthera_interfaces/srv/detail/gripper_control__struct.hpp
-- Installing: /home/tk/robot_manipulator/Panthera-HT_ROS2_Jazzy/install/panthera_interfaces/include/panthera_interfaces/panthera_interfaces/srv/detail/move_to_joint__traits.hpp
-- Installing: /home/tk/robot_manipulator/Panthera-HT_ROS2_Jazzy/install/panthera_interfaces/include/panthera_interfaces/panthera_interfaces/srv/detail/move_to_pose__traits.hpp
-- Installing: /home/tk/robot_manipulator/Panthera-HT_ROS2_Jazzy/install/panthera_interfaces/include/panthera_interfaces/panthera_interfaces/srv/detail/gripper_srv__traits.hpp
-- Installing: /home/tk/robot_manipulator/Panthera-HT_ROS2_Jazzy/install/panthera_interfaces/include/panthera_interfaces/panthera_interfaces/srv/detail/gripper_srv__builder.hpp
-- Installing: /home/tk/robot_manipulator/Panthera-HT_ROS2_Jazzy/install/panthera_interfaces/include/panthera_interfaces/panthera_interfaces/srv/detail/gripper_control__type_support.hpp
-- Installing: /home/tk/robot_manipulator/Panthera-HT_ROS2_Jazzy/install/panthera_interfaces/include/panthera_interfaces/panthera_interfaces/srv/detail/go_zero__traits.hpp
-- Installing: /home/tk/robot_manipulator/Panthera-HT_ROS2_Jazzy/install/panthera_interfaces/include/panthera_interfaces/panthera_interfaces/srv/move_to_joint.hpp
-- Installing: /home/tk/robot_manipulator/Panthera-HT_ROS2_Jazzy/install/panthera_interfaces/include/panthera_interfaces/panthera_interfaces/srv/enable.hpp
-- Installing: /home/tk/robot_manipulator/Panthera-HT_ROS2_Jazzy/install/panthera_interfaces/include/panthera_interfaces/panthera_interfaces/srv/go_zero.hpp
-- Installing: /home/tk/robot_manipulator/Panthera-HT_ROS2_Jazzy/install/panthera_interfaces/include/panthera_interfaces/panthera_interfaces/srv/move_to_pose.hpp
-- Installing: /home/tk/robot_manipulator/Panthera-HT_ROS2_Jazzy/install/panthera_interfaces/include/panthera_interfaces/panthera_interfaces/srv/gripper_srv.hpp
-- Up-to-date: /home/tk/robot_manipulator/Panthera-HT_ROS2_Jazzy/install/panthera_interfaces/include/panthera_interfaces/panthera_interfaces
-- Up-to-date: /home/tk/robot_manipulator/Panthera-HT_ROS2_Jazzy/install/panthera_interfaces/include/panthera_interfaces/panthera_interfaces/msg
-- Up-to-date: /home/tk/robot_manipulator/Panthera-HT_ROS2_Jazzy/install/panthera_interfaces/include/panthera_interfaces/panthera_interfaces/msg/detail
-- Installing: /home/tk/robot_manipulator/Panthera-HT_ROS2_Jazzy/install/panthera_interfaces/include/panthera_interfaces/panthera_interfaces/msg/detail/end_pose_euler__rosidl_typesupport_fastrtps_cpp.hpp
-- Installing: /home/tk/robot_manipulator/Panthera-HT_ROS2_Jazzy/install/panthera_interfaces/include/panthera_interfaces/panthera_interfaces/msg/detail/dds_fastrtps
-- Installing: /home/tk/robot_manipulator/Panthera-HT_ROS2_Jazzy/install/panthera_interfaces/include/panthera_interfaces/panthera_interfaces/msg/detail/pos_cmd__rosidl_typesupport_fastrtps_cpp.hpp
-- Installing: /home/tk/robot_manipulator/Panthera-HT_ROS2_Jazzy/install/panthera_interfaces/include/panthera_interfaces/panthera_interfaces/msg/detail/arm_pose__rosidl_typesupport_fastrtps_cpp.hpp
-- Installing: /home/tk/robot_manipulator/Panthera-HT_ROS2_Jazzy/install/panthera_interfaces/include/panthera_interfaces/panthera_interfaces/msg/detail/arm_status__rosidl_typesupport_fastrtps_cpp.hpp
-- Installing: /home/tk/robot_manipulator/Panthera-HT_ROS2_Jazzy/install/panthera_interfaces/include/panthera_interfaces/panthera_interfaces/msg/rosidl_typesupport_fastrtps_cpp__visibility_control.h
-- Up-to-date: /home/tk/robot_manipulator/Panthera-HT_ROS2_Jazzy/install/panthera_interfaces/include/panthera_interfaces/panthera_interfaces/srv
-- Up-to-date: /home/tk/robot_manipulator/Panthera-HT_ROS2_Jazzy/install/panthera_interfaces/include/panthera_interfaces/panthera_interfaces/srv/detail
-- Installing: /home/tk/robot_manipulator/Panthera-HT_ROS2_Jazzy/install/panthera_interfaces/include/panthera_interfaces/panthera_interfaces/srv/detail/move_to_joint__rosidl_typesupport_fastrtps_cpp.hpp
-- Installing: /home/tk/robot_manipulator/Panthera-HT_ROS2_Jazzy/install/panthera_interfaces/include/panthera_interfaces/panthera_interfaces/srv/detail/move_to_pose__rosidl_typesupport_fastrtps_cpp.hpp
-- Installing: /home/tk/robot_manipulator/Panthera-HT_ROS2_Jazzy/install/panthera_interfaces/include/panthera_interfaces/panthera_interfaces/srv/detail/gripper_srv__rosidl_typesupport_fastrtps_cpp.hpp
-- Installing: /home/tk/robot_manipulator/Panthera-HT_ROS2_Jazzy/install/panthera_interfaces/include/panthera_interfaces/panthera_interfaces/srv/detail/gripper_control__rosidl_typesupport_fastrtps_cpp.hpp
-- Installing: /home/tk/robot_manipulator/Panthera-HT_ROS2_Jazzy/install/panthera_interfaces/include/panthera_interfaces/panthera_interfaces/srv/detail/enable__rosidl_typesupport_fastrtps_cpp.hpp
-- Installing: /home/tk/robot_manipulator/Panthera-HT_ROS2_Jazzy/install/panthera_interfaces/include/panthera_interfaces/panthera_interfaces/srv/detail/dds_fastrtps
-- Installing: /home/tk/robot_manipulator/Panthera-HT_ROS2_Jazzy/install/panthera_interfaces/include/panthera_interfaces/panthera_interfaces/srv/detail/go_zero__rosidl_typesupport_fastrtps_cpp.hpp
-- Installing: /home/tk/robot_manipulator/Panthera-HT_ROS2_Jazzy/install/panthera_interfaces/lib/libpanthera_interfaces__rosidl_typesupport_fastrtps_cpp.so
-- Set non-toolchain portion of runtime path of "/home/tk/robot_manipulator/Panthera-HT_ROS2_Jazzy/install/panthera_interfaces/lib/libpanthera_interfaces__rosidl_typesupport_fastrtps_cpp.so" to ""
-- Up-to-date: /home/tk/robot_manipulator/Panthera-HT_ROS2_Jazzy/install/panthera_interfaces/include/panthera_interfaces/panthera_interfaces
-- Up-to-date: /home/tk/robot_manipulator/Panthera-HT_ROS2_Jazzy/install/panthera_interfaces/include/panthera_interfaces/panthera_interfaces/msg
-- Up-to-date: /home/tk/robot_manipulator/Panthera-HT_ROS2_Jazzy/install/panthera_interfaces/include/panthera_interfaces/panthera_interfaces/msg/detail
-- Installing: /home/tk/robot_manipulator/Panthera-HT_ROS2_Jazzy/install/panthera_interfaces/include/panthera_interfaces/panthera_interfaces/msg/detail/pos_cmd__type_support.cpp
-- Installing: /home/tk/robot_manipulator/Panthera-HT_ROS2_Jazzy/install/panthera_interfaces/include/panthera_interfaces/panthera_interfaces/msg/detail/arm_status__type_support.cpp
-- Installing: /home/tk/robot_manipulator/Panthera-HT_ROS2_Jazzy/install/panthera_interfaces/include/panthera_interfaces/panthera_interfaces/msg/detail/end_pose_euler__type_support.cpp
-- Installing: /home/tk/robot_manipulator/Panthera-HT_ROS2_Jazzy/install/panthera_interfaces/include/panthera_interfaces/panthera_interfaces/msg/detail/arm_pose__type_support.cpp
-- Installing: /home/tk/robot_manipulator/Panthera-HT_ROS2_Jazzy/install/panthera_interfaces/include/panthera_interfaces/panthera_interfaces/msg/detail/pos_cmd__rosidl_typesupport_introspection_cpp.hpp
-- Installing: /home/tk/robot_manipulator/Panthera-HT_ROS2_Jazzy/install/panthera_interfaces/include/panthera_interfaces/panthera_interfaces/msg/detail/arm_status__rosidl_typesupport_introspection_cpp.hpp
-- Installing: /home/tk/robot_manipulator/Panthera-HT_ROS2_Jazzy/install/panthera_interfaces/include/panthera_interfaces/panthera_interfaces/msg/detail/arm_pose__rosidl_typesupport_introspection_cpp.hpp
-- Installing: /home/tk/robot_manipulator/Panthera-HT_ROS2_Jazzy/install/panthera_interfaces/include/panthera_interfaces/panthera_interfaces/msg/detail/end_pose_euler__rosidl_typesupport_introspection_cpp.hpp
-- Up-to-date: /home/tk/robot_manipulator/Panthera-HT_ROS2_Jazzy/install/panthera_interfaces/include/panthera_interfaces/panthera_interfaces/srv
-- Up-to-date: /home/tk/robot_manipulator/Panthera-HT_ROS2_Jazzy/install/panthera_interfaces/include/panthera_interfaces/panthera_interfaces/srv/detail
-- Installing: /home/tk/robot_manipulator/Panthera-HT_ROS2_Jazzy/install/panthera_interfaces/include/panthera_interfaces/panthera_interfaces/srv/detail/go_zero__type_support.cpp
-- Installing: /home/tk/robot_manipulator/Panthera-HT_ROS2_Jazzy/install/panthera_interfaces/include/panthera_interfaces/panthera_interfaces/srv/detail/enable__type_support.cpp
-- Installing: /home/tk/robot_manipulator/Panthera-HT_ROS2_Jazzy/install/panthera_interfaces/include/panthera_interfaces/panthera_interfaces/srv/detail/move_to_pose__type_support.cpp
-- Installing: /home/tk/robot_manipulator/Panthera-HT_ROS2_Jazzy/install/panthera_interfaces/include/panthera_interfaces/panthera_interfaces/srv/detail/gripper_control__type_support.cpp
-- Installing: /home/tk/robot_manipulator/Panthera-HT_ROS2_Jazzy/install/panthera_interfaces/include/panthera_interfaces/panthera_interfaces/srv/detail/gripper_control__rosidl_typesupport_introspection_cpp.hpp
-- Installing: /home/tk/robot_manipulator/Panthera-HT_ROS2_Jazzy/install/panthera_interfaces/include/panthera_interfaces/panthera_interfaces/srv/detail/move_to_joint__rosidl_typesupport_introspection_cpp.hpp
-- Installing: /home/tk/robot_manipulator/Panthera-HT_ROS2_Jazzy/install/panthera_interfaces/include/panthera_interfaces/panthera_interfaces/srv/detail/move_to_joint__type_support.cpp
-- Installing: /home/tk/robot_manipulator/Panthera-HT_ROS2_Jazzy/install/panthera_interfaces/include/panthera_interfaces/panthera_interfaces/srv/detail/enable__rosidl_typesupport_introspection_cpp.hpp
-- Installing: /home/tk/robot_manipulator/Panthera-HT_ROS2_Jazzy/install/panthera_interfaces/include/panthera_interfaces/panthera_interfaces/srv/detail/move_to_pose__rosidl_typesupport_introspection_cpp.hpp
-- Installing: /home/tk/robot_manipulator/Panthera-HT_ROS2_Jazzy/install/panthera_interfaces/include/panthera_interfaces/panthera_interfaces/srv/detail/gripper_srv__rosidl_typesupport_introspection_cpp.hpp
-- Installing: /home/tk/robot_manipulator/Panthera-HT_ROS2_Jazzy/install/panthera_interfaces/include/panthera_interfaces/panthera_interfaces/srv/detail/gripper_srv__type_support.cpp
-- Installing: /home/tk/robot_manipulator/Panthera-HT_ROS2_Jazzy/install/panthera_interfaces/include/panthera_interfaces/panthera_interfaces/srv/detail/go_zero__rosidl_typesupport_introspection_cpp.hpp
-- Installing: /home/tk/robot_manipulator/Panthera-HT_ROS2_Jazzy/install/panthera_interfaces/lib/libpanthera_interfaces__rosidl_typesupport_introspection_cpp.so
-- Set non-toolchain portion of runtime path of "/home/tk/robot_manipulator/Panthera-HT_ROS2_Jazzy/install/panthera_interfaces/lib/libpanthera_interfaces__rosidl_typesupport_introspection_cpp.so" to ""
-- Installing: /home/tk/robot_manipulator/Panthera-HT_ROS2_Jazzy/install/panthera_interfaces/lib/libpanthera_interfaces__rosidl_typesupport_cpp.so
-- Set non-toolchain portion of runtime path of "/home/tk/robot_manipulator/Panthera-HT_ROS2_Jazzy/install/panthera_interfaces/lib/libpanthera_interfaces__rosidl_typesupport_cpp.so" to ""
-- Installing: /home/tk/robot_manipulator/Panthera-HT_ROS2_Jazzy/install/panthera_interfaces/share/panthera_interfaces/environment/pythonpath.sh
-- Installing: /home/tk/robot_manipulator/Panthera-HT_ROS2_Jazzy/install/panthera_interfaces/share/panthera_interfaces/environment/pythonpath.dsv
-- Installing: /home/tk/robot_manipulator/Panthera-HT_ROS2_Jazzy/install/panthera_interfaces/lib/python3.12/site-packages/panthera_interfaces-0.0.0-py3.12.egg-info
-- Installing: /home/tk/robot_manipulator/Panthera-HT_ROS2_Jazzy/install/panthera_interfaces/lib/python3.12/site-packages/panthera_interfaces-0.0.0-py3.12.egg-info/PKG-INFO
-- Installing: /home/tk/robot_manipulator/Panthera-HT_ROS2_Jazzy/install/panthera_interfaces/lib/python3.12/site-packages/panthera_interfaces-0.0.0-py3.12.egg-info/SOURCES.txt
-- Installing: /home/tk/robot_manipulator/Panthera-HT_ROS2_Jazzy/install/panthera_interfaces/lib/python3.12/site-packages/panthera_interfaces-0.0.0-py3.12.egg-info/top_level.txt
-- Installing: /home/tk/robot_manipulator/Panthera-HT_ROS2_Jazzy/install/panthera_interfaces/lib/python3.12/site-packages/panthera_interfaces-0.0.0-py3.12.egg-info/dependency_links.txt
-- Installing: /home/tk/robot_manipulator/Panthera-HT_ROS2_Jazzy/install/panthera_interfaces/lib/python3.12/site-packages/panthera_interfaces
-- Installing: /home/tk/robot_manipulator/Panthera-HT_ROS2_Jazzy/install/panthera_interfaces/lib/python3.12/site-packages/panthera_interfaces/panthera_interfaces_s__rosidl_typesupport_c.so
-- Installing: /home/tk/robot_manipulator/Panthera-HT_ROS2_Jazzy/install/panthera_interfaces/lib/python3.12/site-packages/panthera_interfaces/_panthera_interfaces_s.ep.rosidl_typesupport_fastrtps_c.c
-- Installing: /home/tk/robot_manipulator/Panthera-HT_ROS2_Jazzy/install/panthera_interfaces/lib/python3.12/site-packages/panthera_interfaces/__init__.py
-- Installing: /home/tk/robot_manipulator/Panthera-HT_ROS2_Jazzy/install/panthera_interfaces/lib/python3.12/site-packages/panthera_interfaces/msg
-- Installing: /home/tk/robot_manipulator/Panthera-HT_ROS2_Jazzy/install/panthera_interfaces/lib/python3.12/site-packages/panthera_interfaces/msg/_end_pose_euler_s.c
-- Installing: /home/tk/robot_manipulator/Panthera-HT_ROS2_Jazzy/install/panthera_interfaces/lib/python3.12/site-packages/panthera_interfaces/msg/_arm_status_s.c
-- Installing: /home/tk/robot_manipulator/Panthera-HT_ROS2_Jazzy/install/panthera_interfaces/lib/python3.12/site-packages/panthera_interfaces/msg/_arm_pose_s.c
-- Installing: /home/tk/robot_manipulator/Panthera-HT_ROS2_Jazzy/install/panthera_interfaces/lib/python3.12/site-packages/panthera_interfaces/msg/_arm_status.py
-- Installing: /home/tk/robot_manipulator/Panthera-HT_ROS2_Jazzy/install/panthera_interfaces/lib/python3.12/site-packages/panthera_interfaces/msg/_arm_pose.py
-- Installing: /home/tk/robot_manipulator/Panthera-HT_ROS2_Jazzy/install/panthera_interfaces/lib/python3.12/site-packages/panthera_interfaces/msg/_end_pose_euler.py
-- Installing: /home/tk/robot_manipulator/Panthera-HT_ROS2_Jazzy/install/panthera_interfaces/lib/python3.12/site-packages/panthera_interfaces/msg/__init__.py
-- Installing: /home/tk/robot_manipulator/Panthera-HT_ROS2_Jazzy/install/panthera_interfaces/lib/python3.12/site-packages/panthera_interfaces/msg/_pos_cmd_s.c
-- Installing: /home/tk/robot_manipulator/Panthera-HT_ROS2_Jazzy/install/panthera_interfaces/lib/python3.12/site-packages/panthera_interfaces/msg/_pos_cmd.py
-- Installing: /home/tk/robot_manipulator/Panthera-HT_ROS2_Jazzy/install/panthera_interfaces/lib/python3.12/site-packages/panthera_interfaces/panthera_interfaces_s__rosidl_typesupport_fastrtps_c.so
-- Installing: /home/tk/robot_manipulator/Panthera-HT_ROS2_Jazzy/install/panthera_interfaces/lib/python3.12/site-packages/panthera_interfaces/srv
-- Installing: /home/tk/robot_manipulator/Panthera-HT_ROS2_Jazzy/install/panthera_interfaces/lib/python3.12/site-packages/panthera_interfaces/srv/_gripper_control.py
-- Installing: /home/tk/robot_manipulator/Panthera-HT_ROS2_Jazzy/install/panthera_interfaces/lib/python3.12/site-packages/panthera_interfaces/srv/_move_to_joint.py
-- Installing: /home/tk/robot_manipulator/Panthera-HT_ROS2_Jazzy/install/panthera_interfaces/lib/python3.12/site-packages/panthera_interfaces/srv/_gripper_srv.py
-- Installing: /home/tk/robot_manipulator/Panthera-HT_ROS2_Jazzy/install/panthera_interfaces/lib/python3.12/site-packages/panthera_interfaces/srv/_gripper_srv_s.c
-- Installing: /home/tk/robot_manipulator/Panthera-HT_ROS2_Jazzy/install/panthera_interfaces/lib/python3.12/site-packages/panthera_interfaces/srv/_enable.py
-- Installing: /home/tk/robot_manipulator/Panthera-HT_ROS2_Jazzy/install/panthera_interfaces/lib/python3.12/site-packages/panthera_interfaces/srv/_gripper_control_s.c
-- Installing: /home/tk/robot_manipulator/Panthera-HT_ROS2_Jazzy/install/panthera_interfaces/lib/python3.12/site-packages/panthera_interfaces/srv/__init__.py
-- Installing: /home/tk/robot_manipulator/Panthera-HT_ROS2_Jazzy/install/panthera_interfaces/lib/python3.12/site-packages/panthera_interfaces/srv/_go_zero.py
-- Installing: /home/tk/robot_manipulator/Panthera-HT_ROS2_Jazzy/install/panthera_interfaces/lib/python3.12/site-packages/panthera_interfaces/srv/_enable_s.c
-- Installing: /home/tk/robot_manipulator/Panthera-HT_ROS2_Jazzy/install/panthera_interfaces/lib/python3.12/site-packages/panthera_interfaces/srv/_move_to_pose.py
-- Installing: /home/tk/robot_manipulator/Panthera-HT_ROS2_Jazzy/install/panthera_interfaces/lib/python3.12/site-packages/panthera_interfaces/srv/_move_to_joint_s.c
-- Installing: /home/tk/robot_manipulator/Panthera-HT_ROS2_Jazzy/install/panthera_interfaces/lib/python3.12/site-packages/panthera_interfaces/srv/_go_zero_s.c
-- Installing: /home/tk/robot_manipulator/Panthera-HT_ROS2_Jazzy/install/panthera_interfaces/lib/python3.12/site-packages/panthera_interfaces/srv/_move_to_pose_s.c
-- Installing: /home/tk/robot_manipulator/Panthera-HT_ROS2_Jazzy/install/panthera_interfaces/lib/python3.12/site-packages/panthera_interfaces/_panthera_interfaces_s.ep.rosidl_typesupport_introspection_c.c
-- Installing: /home/tk/robot_manipulator/Panthera-HT_ROS2_Jazzy/install/panthera_interfaces/lib/python3.12/site-packages/panthera_interfaces/_panthera_interfaces_s.ep.rosidl_typesupport_c.c
-- Installing: /home/tk/robot_manipulator/Panthera-HT_ROS2_Jazzy/install/panthera_interfaces/lib/python3.12/site-packages/panthera_interfaces/panthera_interfaces_s__rosidl_typesupport_introspection_c.so
Listing '/home/tk/robot_manipulator/Panthera-HT_ROS2_Jazzy/install/panthera_interfaces/lib/python3.12/site-packages/panthera_interfaces'...
Compiling '/home/tk/robot_manipulator/Panthera-HT_ROS2_Jazzy/install/panthera_interfaces/lib/python3.12/site-packages/panthera_interfaces/__init__.py'...
Listing '/home/tk/robot_manipulator/Panthera-HT_ROS2_Jazzy/install/panthera_interfaces/lib/python3.12/site-packages/panthera_interfaces/msg'...
Compiling '/home/tk/robot_manipulator/Panthera-HT_ROS2_Jazzy/install/panthera_interfaces/lib/python3.12/site-packages/panthera_interfaces/msg/__init__.py'...
Compiling '/home/tk/robot_manipulator/Panthera-HT_ROS2_Jazzy/install/panthera_interfaces/lib/python3.12/site-packages/panthera_interfaces/msg/_arm_pose.py'...
Compiling '/home/tk/robot_manipulator/Panthera-HT_ROS2_Jazzy/install/panthera_interfaces/lib/python3.12/site-packages/panthera_interfaces/msg/_arm_status.py'...
Compiling '/home/tk/robot_manipulator/Panthera-HT_ROS2_Jazzy/install/panthera_interfaces/lib/python3.12/site-packages/panthera_interfaces/msg/_end_pose_euler.py'...
Compiling '/home/tk/robot_manipulator/Panthera-HT_ROS2_Jazzy/install/panthera_interfaces/lib/python3.12/site-packages/panthera_interfaces/msg/_pos_cmd.py'...
Listing '/home/tk/robot_manipulator/Panthera-HT_ROS2_Jazzy/install/panthera_interfaces/lib/python3.12/site-packages/panthera_interfaces/srv'...
Compiling '/home/tk/robot_manipulator/Panthera-HT_ROS2_Jazzy/install/panthera_interfaces/lib/python3.12/site-packages/panthera_interfaces/srv/__init__.py'...
Compiling '/home/tk/robot_manipulator/Panthera-HT_ROS2_Jazzy/install/panthera_interfaces/lib/python3.12/site-packages/panthera_interfaces/srv/_enable.py'...
Compiling '/home/tk/robot_manipulator/Panthera-HT_ROS2_Jazzy/install/panthera_interfaces/lib/python3.12/site-packages/panthera_interfaces/srv/_go_zero.py'...
Compiling '/home/tk/robot_manipulator/Panthera-HT_ROS2_Jazzy/install/panthera_interfaces/lib/python3.12/site-packages/panthera_interfaces/srv/_gripper_control.py'...
Compiling '/home/tk/robot_manipulator/Panthera-HT_ROS2_Jazzy/install/panthera_interfaces/lib/python3.12/site-packages/panthera_interfaces/srv/_gripper_srv.py'...
Compiling '/home/tk/robot_manipulator/Panthera-HT_ROS2_Jazzy/install/panthera_interfaces/lib/python3.12/site-packages/panthera_interfaces/srv/_move_to_joint.py'...
Compiling '/home/tk/robot_manipulator/Panthera-HT_ROS2_Jazzy/install/panthera_interfaces/lib/python3.12/site-packages/panthera_interfaces/srv/_move_to_pose.py'...
-- Installing: /home/tk/robot_manipulator/Panthera-HT_ROS2_Jazzy/install/panthera_interfaces/lib/python3.12/site-packages/panthera_interfaces/panthera_interfaces_s__rosidl_typesupport_fastrtps_c.so
-- Set non-toolchain portion of runtime path of "/home/tk/robot_manipulator/Panthera-HT_ROS2_Jazzy/install/panthera_interfaces/lib/python3.12/site-packages/panthera_interfaces/panthera_interfaces_s__rosidl_typesupport_fastrtps_c.so" to ""
-- Installing: /home/tk/robot_manipulator/Panthera-HT_ROS2_Jazzy/install/panthera_interfaces/lib/python3.12/site-packages/panthera_interfaces/panthera_interfaces_s__rosidl_typesupport_introspection_c.so
-- Set non-toolchain portion of runtime path of "/home/tk/robot_manipulator/Panthera-HT_ROS2_Jazzy/install/panthera_interfaces/lib/python3.12/site-packages/panthera_interfaces/panthera_interfaces_s__rosidl_typesupport_introspection_c.so" to ""
-- Installing: /home/tk/robot_manipulator/Panthera-HT_ROS2_Jazzy/install/panthera_interfaces/lib/python3.12/site-packages/panthera_interfaces/panthera_interfaces_s__rosidl_typesupport_c.so
-- Set non-toolchain portion of runtime path of "/home/tk/robot_manipulator/Panthera-HT_ROS2_Jazzy/install/panthera_interfaces/lib/python3.12/site-packages/panthera_interfaces/panthera_interfaces_s__rosidl_typesupport_c.so" to ""
-- Installing: /home/tk/robot_manipulator/Panthera-HT_ROS2_Jazzy/install/panthera_interfaces/lib/libpanthera_interfaces__rosidl_generator_py.so
-- Set non-toolchain portion of runtime path of "/home/tk/robot_manipulator/Panthera-HT_ROS2_Jazzy/install/panthera_interfaces/lib/libpanthera_interfaces__rosidl_generator_py.so" to ""
-- Installing: /home/tk/robot_manipulator/Panthera-HT_ROS2_Jazzy/install/panthera_interfaces/share/panthera_interfaces/msg/ArmPose.idl
-- Installing: /home/tk/robot_manipulator/Panthera-HT_ROS2_Jazzy/install/panthera_interfaces/share/panthera_interfaces/msg/ArmStatus.idl
-- Installing: /home/tk/robot_manipulator/Panthera-HT_ROS2_Jazzy/install/panthera_interfaces/share/panthera_interfaces/msg/EndPoseEuler.idl
-- Installing: /home/tk/robot_manipulator/Panthera-HT_ROS2_Jazzy/install/panthera_interfaces/share/panthera_interfaces/msg/PosCmd.idl
-- Installing: /home/tk/robot_manipulator/Panthera-HT_ROS2_Jazzy/install/panthera_interfaces/share/panthera_interfaces/srv/MoveToJoint.idl
-- Installing: /home/tk/robot_manipulator/Panthera-HT_ROS2_Jazzy/install/panthera_interfaces/share/panthera_interfaces/srv/MoveToPose.idl
-- Installing: /home/tk/robot_manipulator/Panthera-HT_ROS2_Jazzy/install/panthera_interfaces/share/panthera_interfaces/srv/GripperControl.idl
-- Installing: /home/tk/robot_manipulator/Panthera-HT_ROS2_Jazzy/install/panthera_interfaces/share/panthera_interfaces/srv/Enable.idl
-- Installing: /home/tk/robot_manipulator/Panthera-HT_ROS2_Jazzy/install/panthera_interfaces/share/panthera_interfaces/srv/GoZero.idl
-- Installing: /home/tk/robot_manipulator/Panthera-HT_ROS2_Jazzy/install/panthera_interfaces/share/panthera_interfaces/srv/GripperSrv.idl
-- Installing: /home/tk/robot_manipulator/Panthera-HT_ROS2_Jazzy/install/panthera_interfaces/share/panthera_interfaces/msg/ArmPose.msg
-- Installing: /home/tk/robot_manipulator/Panthera-HT_ROS2_Jazzy/install/panthera_interfaces/share/panthera_interfaces/msg/ArmStatus.msg
-- Installing: /home/tk/robot_manipulator/Panthera-HT_ROS2_Jazzy/install/panthera_interfaces/share/panthera_interfaces/msg/EndPoseEuler.msg
-- Installing: /home/tk/robot_manipulator/Panthera-HT_ROS2_Jazzy/install/panthera_interfaces/share/panthera_interfaces/msg/PosCmd.msg
-- Installing: /home/tk/robot_manipulator/Panthera-HT_ROS2_Jazzy/install/panthera_interfaces/share/panthera_interfaces/srv/MoveToJoint.srv
-- Installing: /home/tk/robot_manipulator/Panthera-HT_ROS2_Jazzy/install/panthera_interfaces/share/panthera_interfaces/srv/MoveToPose.srv
-- Installing: /home/tk/robot_manipulator/Panthera-HT_ROS2_Jazzy/install/panthera_interfaces/share/panthera_interfaces/srv/GripperControl.srv
-- Installing: /home/tk/robot_manipulator/Panthera-HT_ROS2_Jazzy/install/panthera_interfaces/share/panthera_interfaces/srv/Enable.srv
-- Installing: /home/tk/robot_manipulator/Panthera-HT_ROS2_Jazzy/install/panthera_interfaces/share/panthera_interfaces/srv/GoZero.srv
-- Installing: /home/tk/robot_manipulator/Panthera-HT_ROS2_Jazzy/install/panthera_interfaces/share/panthera_interfaces/srv/GripperSrv.srv
-- Installing: /home/tk/robot_manipulator/Panthera-HT_ROS2_Jazzy/install/panthera_interfaces/share/ament_index/resource_index/package_run_dependencies/panthera_interfaces
-- Installing: /home/tk/robot_manipulator/Panthera-HT_ROS2_Jazzy/install/panthera_interfaces/share/ament_index/resource_index/parent_prefix_path/panthera_interfaces
-- Installing: /home/tk/robot_manipulator/Panthera-HT_ROS2_Jazzy/install/panthera_interfaces/share/panthera_interfaces/environment/ament_prefix_path.sh
-- Installing: /home/tk/robot_manipulator/Panthera-HT_ROS2_Jazzy/install/panthera_interfaces/share/panthera_interfaces/environment/ament_prefix_path.dsv
-- Installing: /home/tk/robot_manipulator/Panthera-HT_ROS2_Jazzy/install/panthera_interfaces/share/panthera_interfaces/environment/path.sh
-- Installing: /home/tk/robot_manipulator/Panthera-HT_ROS2_Jazzy/install/panthera_interfaces/share/panthera_interfaces/environment/path.dsv
-- Installing: /home/tk/robot_manipulator/Panthera-HT_ROS2_Jazzy/install/panthera_interfaces/share/panthera_interfaces/local_setup.bash
-- Installing: /home/tk/robot_manipulator/Panthera-HT_ROS2_Jazzy/install/panthera_interfaces/share/panthera_interfaces/local_setup.sh
-- Installing: /home/tk/robot_manipulator/Panthera-HT_ROS2_Jazzy/install/panthera_interfaces/share/panthera_interfaces/local_setup.zsh
-- Installing: /home/tk/robot_manipulator/Panthera-HT_ROS2_Jazzy/install/panthera_interfaces/share/panthera_interfaces/local_setup.dsv
-- Installing: /home/tk/robot_manipulator/Panthera-HT_ROS2_Jazzy/install/panthera_interfaces/share/panthera_interfaces/package.dsv
-- Installing: /home/tk/robot_manipulator/Panthera-HT_ROS2_Jazzy/install/panthera_interfaces/share/ament_index/resource_index/packages/panthera_interfaces
-- Installing: /home/tk/robot_manipulator/Panthera-HT_ROS2_Jazzy/install/panthera_interfaces/share/panthera_interfaces/cmake/export_panthera_interfaces__rosidl_generator_cExport.cmake
-- Installing: /home/tk/robot_manipulator/Panthera-HT_ROS2_Jazzy/install/panthera_interfaces/share/panthera_interfaces/cmake/export_panthera_interfaces__rosidl_generator_cExport-noconfig.cmake
-- Installing: /home/tk/robot_manipulator/Panthera-HT_ROS2_Jazzy/install/panthera_interfaces/share/panthera_interfaces/cmake/export_panthera_interfaces__rosidl_typesupport_fastrtps_cExport.cmake
-- Installing: /home/tk/robot_manipulator/Panthera-HT_ROS2_Jazzy/install/panthera_interfaces/share/panthera_interfaces/cmake/export_panthera_interfaces__rosidl_typesupport_fastrtps_cExport-noconfig.cmake
-- Installing: /home/tk/robot_manipulator/Panthera-HT_ROS2_Jazzy/install/panthera_interfaces/share/panthera_interfaces/cmake/panthera_interfaces__rosidl_typesupport_introspection_cExport.cmake
-- Installing: /home/tk/robot_manipulator/Panthera-HT_ROS2_Jazzy/install/panthera_interfaces/share/panthera_interfaces/cmake/panthera_interfaces__rosidl_typesupport_introspection_cExport-noconfig.cmake
-- Installing: /home/tk/robot_manipulator/Panthera-HT_ROS2_Jazzy/install/panthera_interfaces/share/panthera_interfaces/cmake/panthera_interfaces__rosidl_typesupport_cExport.cmake
-- Installing: /home/tk/robot_manipulator/Panthera-HT_ROS2_Jazzy/install/panthera_interfaces/share/panthera_interfaces/cmake/panthera_interfaces__rosidl_typesupport_cExport-noconfig.cmake
-- Installing: /home/tk/robot_manipulator/Panthera-HT_ROS2_Jazzy/install/panthera_interfaces/share/panthera_interfaces/cmake/export_panthera_interfaces__rosidl_generator_cppExport.cmake
-- Installing: /home/tk/robot_manipulator/Panthera-HT_ROS2_Jazzy/install/panthera_interfaces/share/panthera_interfaces/cmake/export_panthera_interfaces__rosidl_typesupport_fastrtps_cppExport.cmake
-- Installing: /home/tk/robot_manipulator/Panthera-HT_ROS2_Jazzy/install/panthera_interfaces/share/panthera_interfaces/cmake/export_panthera_interfaces__rosidl_typesupport_fastrtps_cppExport-noconfig.cmake
-- Installing: /home/tk/robot_manipulator/Panthera-HT_ROS2_Jazzy/install/panthera_interfaces/share/panthera_interfaces/cmake/panthera_interfaces__rosidl_typesupport_introspection_cppExport.cmake
-- Installing: /home/tk/robot_manipulator/Panthera-HT_ROS2_Jazzy/install/panthera_interfaces/share/panthera_interfaces/cmake/panthera_interfaces__rosidl_typesupport_introspection_cppExport-noconfig.cmake
-- Installing: /home/tk/robot_manipulator/Panthera-HT_ROS2_Jazzy/install/panthera_interfaces/share/panthera_interfaces/cmake/panthera_interfaces__rosidl_typesupport_cppExport.cmake
-- Installing: /home/tk/robot_manipulator/Panthera-HT_ROS2_Jazzy/install/panthera_interfaces/share/panthera_interfaces/cmake/panthera_interfaces__rosidl_typesupport_cppExport-noconfig.cmake
-- Installing: /home/tk/robot_manipulator/Panthera-HT_ROS2_Jazzy/install/panthera_interfaces/share/panthera_interfaces/cmake/export_panthera_interfaces__rosidl_generator_pyExport.cmake
-- Installing: /home/tk/robot_manipulator/Panthera-HT_ROS2_Jazzy/install/panthera_interfaces/share/panthera_interfaces/cmake/export_panthera_interfaces__rosidl_generator_pyExport-noconfig.cmake
-- Installing: /home/tk/robot_manipulator/Panthera-HT_ROS2_Jazzy/install/panthera_interfaces/share/panthera_interfaces/cmake/rosidl_cmake-extras.cmake
-- Installing: /home/tk/robot_manipulator/Panthera-HT_ROS2_Jazzy/install/panthera_interfaces/share/panthera_interfaces/cmake/ament_cmake_export_dependencies-extras.cmake
-- Installing: /home/tk/robot_manipulator/Panthera-HT_ROS2_Jazzy/install/panthera_interfaces/share/panthera_interfaces/cmake/ament_cmake_export_include_directories-extras.cmake
-- Installing: /home/tk/robot_manipulator/Panthera-HT_ROS2_Jazzy/install/panthera_interfaces/share/panthera_interfaces/cmake/ament_cmake_export_libraries-extras.cmake
-- Installing: /home/tk/robot_manipulator/Panthera-HT_ROS2_Jazzy/install/panthera_interfaces/share/panthera_interfaces/cmake/ament_cmake_export_targets-extras.cmake
-- Installing: /home/tk/robot_manipulator/Panthera-HT_ROS2_Jazzy/install/panthera_interfaces/share/panthera_interfaces/cmake/rosidl_cmake_export_typesupport_targets-extras.cmake
-- Installing: /home/tk/robot_manipulator/Panthera-HT_ROS2_Jazzy/install/panthera_interfaces/share/panthera_interfaces/cmake/rosidl_cmake_export_typesupport_libraries-extras.cmake
-- Installing: /home/tk/robot_manipulator/Panthera-HT_ROS2_Jazzy/install/panthera_interfaces/share/panthera_interfaces/cmake/panthera_interfacesConfig.cmake
-- Installing: /home/tk/robot_manipulator/Panthera-HT_ROS2_Jazzy/install/panthera_interfaces/share/panthera_interfaces/cmake/panthera_interfacesConfig-version.cmake
-- Installing: /home/tk/robot_manipulator/Panthera-HT_ROS2_Jazzy/install/panthera_interfaces/share/panthera_interfaces/package.xml
