[0.005s] Invoking command in '/home/tk/robot_manipulator/Panthera-HT_ROS2_Jazzy/build/panthera_gazebo': CMAKE_PREFIX_PATH=/home/tk/robot_manipulator/Panthera-HT_ROS2_Jazzy/install/with_gripper_config:/home/tk/robot_manipulator/Panthera-HT_ROS2_Jazzy/install/panthera_ht_description_with_finger:/home/tk/robot_manipulator/Panthera-HT_ROS2_Jazzy/install/panthera_gazebo:/home/tk/robot_manipulator/Panthera-HT_ROS2_Jazzy/install/panthera_interfaces:/home/tk/robot_manipulator/Panthera-HT_ROS2_Jazzy/install/panthera_bringup:/opt/ros/jazzy/opt/gz_sim_vendor:/opt/ros/jazzy/opt/gz_sensors_vendor:/opt/ros/jazzy/opt/gz_physics_vendor:/opt/ros/jazzy/opt/sdformat_vendor:/opt/ros/jazzy/opt/gz_gui_vendor:/opt/ros/jazzy/opt/gz_transport_vendor:/opt/ros/jazzy/opt/gz_rendering_vendor:/opt/ros/jazzy/opt/gz_plugin_vendor:/opt/ros/jazzy/opt/gz_fuel_tools_vendor:/opt/ros/jazzy/opt/gz_msgs_vendor:/opt/ros/jazzy/opt/gz_common_vendor:/opt/ros/jazzy/opt/gz_math_vendor:/opt/ros/jazzy/opt/gz_utils_vendor:/opt/ros/jazzy/opt/gz_tools_vendor:/opt/ros/jazzy/opt/gz_ogre_next_vendor:/opt/ros/jazzy/opt/gz_dartsim_vendor:/opt/ros/jazzy/opt/gz_cmake_vendor:/opt/ros/jazzy DEBUGINFOD_URLS=https://debuginfod.ubuntu.com /usr/bin/cmake /home/tk/robot_manipulator/Panthera-HT_ROS2_Jazzy/src/panthera_gazebo -DCMAKE_INSTALL_PREFIX=/home/tk/robot_manipulator/Panthera-HT_ROS2_Jazzy/install/panthera_gazebo
[0.038s] -- The C compiler identification is GNU 13.3.0
[0.066s] -- The CXX compiler identification is GNU 13.3.0
[0.079s] -- Detecting C compiler ABI info
[0.132s] -- Detecting C compiler ABI info - done
[0.137s] -- Check for working C compiler: /usr/bin/cc - skipped
[0.137s] -- Detecting C compile features
[0.137s] -- Detecting C compile features - done
[0.143s] -- Detecting CXX compiler ABI info
[0.199s] -- Detecting CXX compiler ABI info - done
[0.204s] -- Check for working CXX compiler: /usr/bin/c++ - skipped
[0.204s] -- Detecting CXX compile features
[0.204s] -- Detecting CXX compile features - done
[0.206s] -- Found ament_cmake: 2.5.4 (/opt/ros/jazzy/share/ament_cmake/cmake)
[0.298s] -- Found Python3: /usr/bin/python3 (found version "3.12.3") found components: Interpreter 
[0.415s] -- Configuring done (0.4s)
[0.417s] -- Generating done (0.0s)
[0.418s] -- Build files have been written to: /home/tk/robot_manipulator/Panthera-HT_ROS2_Jazzy/build/panthera_gazebo
[0.422s] Invoked command in '/home/tk/robot_manipulator/Panthera-HT_ROS2_Jazzy/build/panthera_gazebo' returned '0': CMAKE_PREFIX_PATH=/home/tk/robot_manipulator/Panthera-HT_ROS2_Jazzy/install/with_gripper_config:/home/tk/robot_manipulator/Panthera-HT_ROS2_Jazzy/install/panthera_ht_description_with_finger:/home/tk/robot_manipulator/Panthera-HT_ROS2_Jazzy/install/panthera_gazebo:/home/tk/robot_manipulator/Panthera-HT_ROS2_Jazzy/install/panthera_interfaces:/home/tk/robot_manipulator/Panthera-HT_ROS2_Jazzy/install/panthera_bringup:/opt/ros/jazzy/opt/gz_sim_vendor:/opt/ros/jazzy/opt/gz_sensors_vendor:/opt/ros/jazzy/opt/gz_physics_vendor:/opt/ros/jazzy/opt/sdformat_vendor:/opt/ros/jazzy/opt/gz_gui_vendor:/opt/ros/jazzy/opt/gz_transport_vendor:/opt/ros/jazzy/opt/gz_rendering_vendor:/opt/ros/jazzy/opt/gz_plugin_vendor:/opt/ros/jazzy/opt/gz_fuel_tools_vendor:/opt/ros/jazzy/opt/gz_msgs_vendor:/opt/ros/jazzy/opt/gz_common_vendor:/opt/ros/jazzy/opt/gz_math_vendor:/opt/ros/jazzy/opt/gz_utils_vendor:/opt/ros/jazzy/opt/gz_tools_vendor:/opt/ros/jazzy/opt/gz_ogre_next_vendor:/opt/ros/jazzy/opt/gz_dartsim_vendor:/opt/ros/jazzy/opt/gz_cmake_vendor:/opt/ros/jazzy DEBUGINFOD_URLS=https://debuginfod.ubuntu.com /usr/bin/cmake /home/tk/robot_manipulator/Panthera-HT_ROS2_Jazzy/src/panthera_gazebo -DCMAKE_INSTALL_PREFIX=/home/tk/robot_manipulator/Panthera-HT_ROS2_Jazzy/install/panthera_gazebo
[0.422s] Invoking command in '/home/tk/robot_manipulator/Panthera-HT_ROS2_Jazzy/build/panthera_gazebo': CMAKE_PREFIX_PATH=/home/tk/robot_manipulator/Panthera-HT_ROS2_Jazzy/install/with_gripper_config:/home/tk/robot_manipulator/Panthera-HT_ROS2_Jazzy/install/panthera_ht_description_with_finger:/home/tk/robot_manipulator/Panthera-HT_ROS2_Jazzy/install/panthera_gazebo:/home/tk/robot_manipulator/Panthera-HT_ROS2_Jazzy/install/panthera_interfaces:/home/tk/robot_manipulator/Panthera-HT_ROS2_Jazzy/install/panthera_bringup:/opt/ros/jazzy/opt/gz_sim_vendor:/opt/ros/jazzy/opt/gz_sensors_vendor:/opt/ros/jazzy/opt/gz_physics_vendor:/opt/ros/jazzy/opt/sdformat_vendor:/opt/ros/jazzy/opt/gz_gui_vendor:/opt/ros/jazzy/opt/gz_transport_vendor:/opt/ros/jazzy/opt/gz_rendering_vendor:/opt/ros/jazzy/opt/gz_plugin_vendor:/opt/ros/jazzy/opt/gz_fuel_tools_vendor:/opt/ros/jazzy/opt/gz_msgs_vendor:/opt/ros/jazzy/opt/gz_common_vendor:/opt/ros/jazzy/opt/gz_math_vendor:/opt/ros/jazzy/opt/gz_utils_vendor:/opt/ros/jazzy/opt/gz_tools_vendor:/opt/ros/jazzy/opt/gz_ogre_next_vendor:/opt/ros/jazzy/opt/gz_dartsim_vendor:/opt/ros/jazzy/opt/gz_cmake_vendor:/opt/ros/jazzy DEBUGINFOD_URLS=https://debuginfod.ubuntu.com /usr/bin/cmake --build /home/tk/robot_manipulator/Panthera-HT_ROS2_Jazzy/build/panthera_gazebo -- -j28 -l28
[0.446s] Invoked command in '/home/tk/robot_manipulator/Panthera-HT_ROS2_Jazzy/build/panthera_gazebo' returned '0': CMAKE_PREFIX_PATH=/home/tk/robot_manipulator/Panthera-HT_ROS2_Jazzy/install/with_gripper_config:/home/tk/robot_manipulator/Panthera-HT_ROS2_Jazzy/install/panthera_ht_description_with_finger:/home/tk/robot_manipulator/Panthera-HT_ROS2_Jazzy/install/panthera_gazebo:/home/tk/robot_manipulator/Panthera-HT_ROS2_Jazzy/install/panthera_interfaces:/home/tk/robot_manipulator/Panthera-HT_ROS2_Jazzy/install/panthera_bringup:/opt/ros/jazzy/opt/gz_sim_vendor:/opt/ros/jazzy/opt/gz_sensors_vendor:/opt/ros/jazzy/opt/gz_physics_vendor:/opt/ros/jazzy/opt/sdformat_vendor:/opt/ros/jazzy/opt/gz_gui_vendor:/opt/ros/jazzy/opt/gz_transport_vendor:/opt/ros/jazzy/opt/gz_rendering_vendor:/opt/ros/jazzy/opt/gz_plugin_vendor:/opt/ros/jazzy/opt/gz_fuel_tools_vendor:/opt/ros/jazzy/opt/gz_msgs_vendor:/opt/ros/jazzy/opt/gz_common_vendor:/opt/ros/jazzy/opt/gz_math_vendor:/opt/ros/jazzy/opt/gz_utils_vendor:/opt/ros/jazzy/opt/gz_tools_vendor:/opt/ros/jazzy/opt/gz_ogre_next_vendor:/opt/ros/jazzy/opt/gz_dartsim_vendor:/opt/ros/jazzy/opt/gz_cmake_vendor:/opt/ros/jazzy DEBUGINFOD_URLS=https://debuginfod.ubuntu.com /usr/bin/cmake --build /home/tk/robot_manipulator/Panthera-HT_ROS2_Jazzy/build/panthera_gazebo -- -j28 -l28
[0.446s] Invoking command in '/home/tk/robot_manipulator/Panthera-HT_ROS2_Jazzy/build/panthera_gazebo': CMAKE_PREFIX_PATH=/home/tk/robot_manipulator/Panthera-HT_ROS2_Jazzy/install/with_gripper_config:/home/tk/robot_manipulator/Panthera-HT_ROS2_Jazzy/install/panthera_ht_description_with_finger:/home/tk/robot_manipulator/Panthera-HT_ROS2_Jazzy/install/panthera_gazebo:/home/tk/robot_manipulator/Panthera-HT_ROS2_Jazzy/install/panthera_interfaces:/home/tk/robot_manipulator/Panthera-HT_ROS2_Jazzy/install/panthera_bringup:/opt/ros/jazzy/opt/gz_sim_vendor:/opt/ros/jazzy/opt/gz_sensors_vendor:/opt/ros/jazzy/opt/gz_physics_vendor:/opt/ros/jazzy/opt/sdformat_vendor:/opt/ros/jazzy/opt/gz_gui_vendor:/opt/ros/jazzy/opt/gz_transport_vendor:/opt/ros/jazzy/opt/gz_rendering_vendor:/opt/ros/jazzy/opt/gz_plugin_vendor:/opt/ros/jazzy/opt/gz_fuel_tools_vendor:/opt/ros/jazzy/opt/gz_msgs_vendor:/opt/ros/jazzy/opt/gz_common_vendor:/opt/ros/jazzy/opt/gz_math_vendor:/opt/ros/jazzy/opt/gz_utils_vendor:/opt/ros/jazzy/opt/gz_tools_vendor:/opt/ros/jazzy/opt/gz_ogre_next_vendor:/opt/ros/jazzy/opt/gz_dartsim_vendor:/opt/ros/jazzy/opt/gz_cmake_vendor:/opt/ros/jazzy DEBUGINFOD_URLS=https://debuginfod.ubuntu.com /usr/bin/cmake --install /home/tk/robot_manipulator/Panthera-HT_ROS2_Jazzy/build/panthera_gazebo
[0.450s] -- Install configuration: ""
[0.450s] -- Installing: /home/tk/robot_manipulator/Panthera-HT_ROS2_Jazzy/install/panthera_gazebo/share/panthera_gazebo/launch
[0.450s] -- Installing: /home/tk/robot_manipulator/Panthera-HT_ROS2_Jazzy/install/panthera_gazebo/share/panthera_gazebo/launch/gazebo_moveit.launch.py
[0.450s] -- Installing: /home/tk/robot_manipulator/Panthera-HT_ROS2_Jazzy/install/panthera_gazebo/share/panthera_gazebo/launch/gazebo_moveit.launch.xml
[0.450s] -- Installing: /home/tk/robot_manipulator/Panthera-HT_ROS2_Jazzy/install/panthera_gazebo/share/panthera_gazebo/launch/gazebo_classic.launch.py
[0.450s] -- Installing: /home/tk/robot_manipulator/Panthera-HT_ROS2_Jazzy/install/panthera_gazebo/share/panthera_gazebo/launch/gazebo.launch.py
[0.450s] -- Installing: /home/tk/robot_manipulator/Panthera-HT_ROS2_Jazzy/install/panthera_gazebo/share/panthera_gazebo/launch/gazebo.launch.xml
[0.450s] -- Installing: /home/tk/robot_manipulator/Panthera-HT_ROS2_Jazzy/install/panthera_gazebo/share/panthera_gazebo/urdf
[0.450s] -- Installing: /home/tk/robot_manipulator/Panthera-HT_ROS2_Jazzy/install/panthera_gazebo/share/panthera_gazebo/urdf/gazebo_classic.xacro
[0.450s] -- Installing: /home/tk/robot_manipulator/Panthera-HT_ROS2_Jazzy/install/panthera_gazebo/share/panthera_gazebo/urdf/gazebo.xacro
[0.450s] -- Installing: /home/tk/robot_manipulator/Panthera-HT_ROS2_Jazzy/install/panthera_gazebo/share/panthera_gazebo/urdf/Panthera-HT_gazebo_classic.urdf.xacro
[0.450s] -- Installing: /home/tk/robot_manipulator/Panthera-HT_ROS2_Jazzy/install/panthera_gazebo/share/panthera_gazebo/urdf/Panthera-HT_gazebo.urdf.xacro
[0.450s] -- Installing: /home/tk/robot_manipulator/Panthera-HT_ROS2_Jazzy/install/panthera_gazebo/share/panthera_gazebo/worlds
[0.450s] -- Installing: /home/tk/robot_manipulator/Panthera-HT_ROS2_Jazzy/install/panthera_gazebo/share/panthera_gazebo/worlds/empty.world
[0.450s] -- Installing: /home/tk/robot_manipulator/Panthera-HT_ROS2_Jazzy/install/panthera_gazebo/share/panthera_gazebo/config
[0.450s] -- Installing: /home/tk/robot_manipulator/Panthera-HT_ROS2_Jazzy/install/panthera_gazebo/share/panthera_gazebo/config/gazebo_ros2_control.xacro
[0.450s] -- Installing: /home/tk/robot_manipulator/Panthera-HT_ROS2_Jazzy/install/panthera_gazebo/share/panthera_gazebo/config/ros2_controllers.yaml
[0.451s] -- Installing: /home/tk/robot_manipulator/Panthera-HT_ROS2_Jazzy/install/panthera_gazebo/share/ament_index/resource_index/package_run_dependencies/panthera_gazebo
[0.451s] -- Installing: /home/tk/robot_manipulator/Panthera-HT_ROS2_Jazzy/install/panthera_gazebo/share/ament_index/resource_index/parent_prefix_path/panthera_gazebo
[0.451s] -- Installing: /home/tk/robot_manipulator/Panthera-HT_ROS2_Jazzy/install/panthera_gazebo/share/panthera_gazebo/environment/ament_prefix_path.sh
[0.451s] -- Installing: /home/tk/robot_manipulator/Panthera-HT_ROS2_Jazzy/install/panthera_gazebo/share/panthera_gazebo/environment/ament_prefix_path.dsv
[0.451s] -- Installing: /home/tk/robot_manipulator/Panthera-HT_ROS2_Jazzy/install/panthera_gazebo/share/panthera_gazebo/environment/path.sh
[0.451s] -- Installing: /home/tk/robot_manipulator/Panthera-HT_ROS2_Jazzy/install/panthera_gazebo/share/panthera_gazebo/environment/path.dsv
[0.451s] -- Installing: /home/tk/robot_manipulator/Panthera-HT_ROS2_Jazzy/install/panthera_gazebo/share/panthera_gazebo/local_setup.bash
[0.451s] -- Installing: /home/tk/robot_manipulator/Panthera-HT_ROS2_Jazzy/install/panthera_gazebo/share/panthera_gazebo/local_setup.sh
[0.451s] -- Installing: /home/tk/robot_manipulator/Panthera-HT_ROS2_Jazzy/install/panthera_gazebo/share/panthera_gazebo/local_setup.zsh
[0.451s] -- Installing: /home/tk/robot_manipulator/Panthera-HT_ROS2_Jazzy/install/panthera_gazebo/share/panthera_gazebo/local_setup.dsv
[0.451s] -- Installing: /home/tk/robot_manipulator/Panthera-HT_ROS2_Jazzy/install/panthera_gazebo/share/panthera_gazebo/package.dsv
[0.451s] -- Installing: /home/tk/robot_manipulator/Panthera-HT_ROS2_Jazzy/install/panthera_gazebo/share/ament_index/resource_index/packages/panthera_gazebo
[0.451s] -- Installing: /home/tk/robot_manipulator/Panthera-HT_ROS2_Jazzy/install/panthera_gazebo/share/panthera_gazebo/cmake/panthera_gazeboConfig.cmake
[0.451s] -- Installing: /home/tk/robot_manipulator/Panthera-HT_ROS2_Jazzy/install/panthera_gazebo/share/panthera_gazebo/cmake/panthera_gazeboConfig-version.cmake
[0.451s] -- Installing: /home/tk/robot_manipulator/Panthera-HT_ROS2_Jazzy/install/panthera_gazebo/share/panthera_gazebo/package.xml
[0.451s] Invoked command in '/home/tk/robot_manipulator/Panthera-HT_ROS2_Jazzy/build/panthera_gazebo' returned '0': CMAKE_PREFIX_PATH=/home/tk/robot_manipulator/Panthera-HT_ROS2_Jazzy/install/with_gripper_config:/home/tk/robot_manipulator/Panthera-HT_ROS2_Jazzy/install/panthera_ht_description_with_finger:/home/tk/robot_manipulator/Panthera-HT_ROS2_Jazzy/install/panthera_gazebo:/home/tk/robot_manipulator/Panthera-HT_ROS2_Jazzy/install/panthera_interfaces:/home/tk/robot_manipulator/Panthera-HT_ROS2_Jazzy/install/panthera_bringup:/opt/ros/jazzy/opt/gz_sim_vendor:/opt/ros/jazzy/opt/gz_sensors_vendor:/opt/ros/jazzy/opt/gz_physics_vendor:/opt/ros/jazzy/opt/sdformat_vendor:/opt/ros/jazzy/opt/gz_gui_vendor:/opt/ros/jazzy/opt/gz_transport_vendor:/opt/ros/jazzy/opt/gz_rendering_vendor:/opt/ros/jazzy/opt/gz_plugin_vendor:/opt/ros/jazzy/opt/gz_fuel_tools_vendor:/opt/ros/jazzy/opt/gz_msgs_vendor:/opt/ros/jazzy/opt/gz_common_vendor:/opt/ros/jazzy/opt/gz_math_vendor:/opt/ros/jazzy/opt/gz_utils_vendor:/opt/ros/jazzy/opt/gz_tools_vendor:/opt/ros/jazzy/opt/gz_ogre_next_vendor:/opt/ros/jazzy/opt/gz_dartsim_vendor:/opt/ros/jazzy/opt/gz_cmake_vendor:/opt/ros/jazzy DEBUGINFOD_URLS=https://debuginfod.ubuntu.com /usr/bin/cmake --install /home/tk/robot_manipulator/Panthera-HT_ROS2_Jazzy/build/panthera_gazebo
