[0.044s] DEBUG:colcon:Command line arguments: ['/usr/bin/colcon', 'build', '--packages-select', 'panthera_interfaces']
[0.044s] DEBUG:colcon:Parsed command line arguments: Namespace(log_base=None, log_level=None, verb_name='build', build_base='build', install_base='install', merge_install=False, symlink_install=False, test_result_base=None, continue_on_error=False, executor='parallel', parallel_workers=28, event_handlers=None, ignore_user_meta=False, metas=['./colcon.meta'], base_paths=['.'], packages_ignore=None, packages_ignore_regex=None, paths=None, packages_up_to=None, packages_up_to_regex=None, packages_above=None, packages_above_and_dependencies=None, packages_above_depth=None, packages_select_by_dep=None, packages_skip_by_dep=None, packages_skip_up_to=None, packages_select_build_failed=False, packages_skip_build_finished=False, packages_select_test_failures=False, packages_skip_test_passed=False, packages_select=['panthera_interfaces'], packages_skip=None, packages_select_regex=None, packages_skip_regex=None, packages_start=None, packages_end=None, cmake_args=None, cmake_target=None, cmake_target_skip_unavailable=False, cmake_clean_cache=False, cmake_clean_first=False, cmake_force_configure=False, ament_cmake_args=None, catkin_cmake_args=None, catkin_skip_building_tests=False, verb_parser=<colcon_defaults.argument_parser.defaults.DefaultArgumentsDecorator object at 0x7766d6ef4dd0>, verb_extension=<colcon_core.verb.build.BuildVerb object at 0x7766d6ef4d70>, main=<bound method BuildVerb.main of <colcon_core.verb.build.BuildVerb object at 0x7766d6ef4d70>>)
[0.061s] Level 1:colcon.colcon_core.package_discovery:discover_packages(colcon_meta) check parameters
[0.061s] Level 1:colcon.colcon_core.package_discovery:discover_packages(recursive) check parameters
[0.061s] Level 1:colcon.colcon_core.package_discovery:discover_packages(ignore) check parameters
[0.062s] Level 1:colcon.colcon_core.package_discovery:discover_packages(path) check parameters
[0.062s] Level 1:colcon.colcon_core.package_discovery:discover_packages(colcon_meta) discover
[0.062s] Level 1:colcon.colcon_core.package_discovery:discover_packages(recursive) discover
[0.062s] INFO:colcon.colcon_core.package_discovery:Crawling recursively for packages in '/home/tk/robot_manipulator/Panthera-HT_ROS2_Jazzy'
[0.062s] Level 1:colcon.colcon_core.package_identification:_identify(.) by extensions ['ignore', 'ignore_ament_install']
[0.062s] Level 1:colcon.colcon_core.package_identification:_identify(.) by extension 'ignore'
[0.062s] Level 1:colcon.colcon_core.package_identification:_identify(.) by extension 'ignore_ament_install'
[0.062s] Level 1:colcon.colcon_core.package_identification:_identify(.) by extensions ['colcon_pkg']
[0.062s] Level 1:colcon.colcon_core.package_identification:_identify(.) by extension 'colcon_pkg'
[0.062s] Level 1:colcon.colcon_core.package_identification:_identify(.) by extensions ['colcon_meta']
[0.062s] Level 1:colcon.colcon_core.package_identification:_identify(.) by extension 'colcon_meta'
[0.062s] Level 1:colcon.colcon_core.package_identification:_identify(.) by extensions ['ros']
[0.062s] Level 1:colcon.colcon_core.package_identification:_identify(.) by extension 'ros'
[0.074s] Level 1:colcon.colcon_core.package_identification:_identify(.) by extensions ['cmake', 'python']
[0.074s] Level 1:colcon.colcon_core.package_identification:_identify(.) by extension 'cmake'
[0.074s] Level 1:colcon.colcon_core.package_identification:_identify(.) by extension 'python'
[0.074s] Level 1:colcon.colcon_core.package_identification:_identify(.) by extensions ['python_setup_py']
[0.074s] Level 1:colcon.colcon_core.package_identification:_identify(.) by extension 'python_setup_py'
[0.074s] Level 1:colcon.colcon_core.package_identification:_identify(build) by extensions ['ignore', 'ignore_ament_install']
[0.074s] Level 1:colcon.colcon_core.package_identification:_identify(build) by extension 'ignore'
[0.074s] Level 1:colcon.colcon_core.package_identification:_identify(build) ignored
[0.074s] Level 1:colcon.colcon_core.package_identification:_identify(install) by extensions ['ignore', 'ignore_ament_install']
[0.074s] Level 1:colcon.colcon_core.package_identification:_identify(install) by extension 'ignore'
[0.074s] Level 1:colcon.colcon_core.package_identification:_identify(install) ignored
[0.074s] Level 1:colcon.colcon_core.package_identification:_identify(log) by extensions ['ignore', 'ignore_ament_install']
[0.074s] Level 1:colcon.colcon_core.package_identification:_identify(log) by extension 'ignore'
[0.074s] Level 1:colcon.colcon_core.package_identification:_identify(log) ignored
[0.075s] Level 1:colcon.colcon_core.package_identification:_identify(src) by extensions ['ignore', 'ignore_ament_install']
[0.075s] Level 1:colcon.colcon_core.package_identification:_identify(src) by extension 'ignore'
[0.075s] Level 1:colcon.colcon_core.package_identification:_identify(src) by extension 'ignore_ament_install'
[0.075s] Level 1:colcon.colcon_core.package_identification:_identify(src) by extensions ['colcon_pkg']
[0.075s] Level 1:colcon.colcon_core.package_identification:_identify(src) by extension 'colcon_pkg'
[0.075s] Level 1:colcon.colcon_core.package_identification:_identify(src) by extensions ['colcon_meta']
[0.075s] Level 1:colcon.colcon_core.package_identification:_identify(src) by extension 'colcon_meta'
[0.075s] Level 1:colcon.colcon_core.package_identification:_identify(src) by extensions ['ros']
[0.075s] Level 1:colcon.colcon_core.package_identification:_identify(src) by extension 'ros'
[0.075s] Level 1:colcon.colcon_core.package_identification:_identify(src) by extensions ['cmake', 'python']
[0.075s] Level 1:colcon.colcon_core.package_identification:_identify(src) by extension 'cmake'
[0.075s] Level 1:colcon.colcon_core.package_identification:_identify(src) by extension 'python'
[0.075s] Level 1:colcon.colcon_core.package_identification:_identify(src) by extensions ['python_setup_py']
[0.075s] Level 1:colcon.colcon_core.package_identification:_identify(src) by extension 'python_setup_py'
[0.075s] Level 1:colcon.colcon_core.package_identification:_identify(src/hightorque_robot) by extensions ['ignore', 'ignore_ament_install']
[0.075s] Level 1:colcon.colcon_core.package_identification:_identify(src/hightorque_robot) by extension 'ignore'
[0.075s] Level 1:colcon.colcon_core.package_identification:_identify(src/hightorque_robot) by extension 'ignore_ament_install'
[0.075s] Level 1:colcon.colcon_core.package_identification:_identify(src/hightorque_robot) by extensions ['colcon_pkg']
[0.075s] Level 1:colcon.colcon_core.package_identification:_identify(src/hightorque_robot) by extension 'colcon_pkg'
[0.075s] Level 1:colcon.colcon_core.package_identification:_identify(src/hightorque_robot) by extensions ['colcon_meta']
[0.075s] Level 1:colcon.colcon_core.package_identification:_identify(src/hightorque_robot) by extension 'colcon_meta'
[0.075s] Level 1:colcon.colcon_core.package_identification:_identify(src/hightorque_robot) by extensions ['ros']
[0.075s] Level 1:colcon.colcon_core.package_identification:_identify(src/hightorque_robot) by extension 'ros'
[0.076s] DEBUG:colcon.colcon_core.package_identification:Package 'src/hightorque_robot' with type 'ros.ament_cmake' and name 'hightorque_robot'
[0.076s] Level 1:colcon.colcon_core.package_identification:_identify(src/panthera_arm_control) by extensions ['ignore', 'ignore_ament_install']
[0.076s] Level 1:colcon.colcon_core.package_identification:_identify(src/panthera_arm_control) by extension 'ignore'
[0.076s] Level 1:colcon.colcon_core.package_identification:_identify(src/panthera_arm_control) by extension 'ignore_ament_install'
[0.076s] Level 1:colcon.colcon_core.package_identification:_identify(src/panthera_arm_control) by extensions ['colcon_pkg']
[0.076s] Level 1:colcon.colcon_core.package_identification:_identify(src/panthera_arm_control) by extension 'colcon_pkg'
[0.076s] Level 1:colcon.colcon_core.package_identification:_identify(src/panthera_arm_control) by extensions ['colcon_meta']
[0.076s] Level 1:colcon.colcon_core.package_identification:_identify(src/panthera_arm_control) by extension 'colcon_meta'
[0.076s] Level 1:colcon.colcon_core.package_identification:_identify(src/panthera_arm_control) by extensions ['ros']
[0.077s] Level 1:colcon.colcon_core.package_identification:_identify(src/panthera_arm_control) by extension 'ros'
[0.077s] DEBUG:colcon.colcon_core.package_identification:Package 'src/panthera_arm_control' with type 'ros.ament_cmake' and name 'panthera_arm_control'
[0.077s] Level 1:colcon.colcon_core.package_identification:_identify(src/panthera_bringup) by extensions ['ignore', 'ignore_ament_install']
[0.077s] Level 1:colcon.colcon_core.package_identification:_identify(src/panthera_bringup) by extension 'ignore'
[0.077s] Level 1:colcon.colcon_core.package_identification:_identify(src/panthera_bringup) by extension 'ignore_ament_install'
[0.077s] Level 1:colcon.colcon_core.package_identification:_identify(src/panthera_bringup) by extensions ['colcon_pkg']
[0.077s] Level 1:colcon.colcon_core.package_identification:_identify(src/panthera_bringup) by extension 'colcon_pkg'
[0.077s] Level 1:colcon.colcon_core.package_identification:_identify(src/panthera_bringup) by extensions ['colcon_meta']
[0.077s] Level 1:colcon.colcon_core.package_identification:_identify(src/panthera_bringup) by extension 'colcon_meta'
[0.077s] Level 1:colcon.colcon_core.package_identification:_identify(src/panthera_bringup) by extensions ['ros']
[0.077s] Level 1:colcon.colcon_core.package_identification:_identify(src/panthera_bringup) by extension 'ros'
[0.077s] DEBUG:colcon.colcon_core.package_identification:Package 'src/panthera_bringup' with type 'ros.ament_cmake' and name 'panthera_bringup'
[0.077s] Level 1:colcon.colcon_core.package_identification:_identify(src/panthera_commander) by extensions ['ignore', 'ignore_ament_install']
[0.078s] Level 1:colcon.colcon_core.package_identification:_identify(src/panthera_commander) by extension 'ignore'
[0.078s] Level 1:colcon.colcon_core.package_identification:_identify(src/panthera_commander) by extension 'ignore_ament_install'
[0.078s] Level 1:colcon.colcon_core.package_identification:_identify(src/panthera_commander) by extensions ['colcon_pkg']
[0.078s] Level 1:colcon.colcon_core.package_identification:_identify(src/panthera_commander) by extension 'colcon_pkg'
[0.078s] Level 1:colcon.colcon_core.package_identification:_identify(src/panthera_commander) by extensions ['colcon_meta']
[0.078s] Level 1:colcon.colcon_core.package_identification:_identify(src/panthera_commander) by extension 'colcon_meta'
[0.078s] Level 1:colcon.colcon_core.package_identification:_identify(src/panthera_commander) by extensions ['ros']
[0.078s] Level 1:colcon.colcon_core.package_identification:_identify(src/panthera_commander) by extension 'ros'
[0.078s] DEBUG:colcon.colcon_core.package_identification:Package 'src/panthera_commander' with type 'ros.ament_cmake' and name 'panthera_commander'
[0.078s] Level 1:colcon.colcon_core.package_identification:_identify(src/panthera_gazebo) by extensions ['ignore', 'ignore_ament_install']
[0.078s] Level 1:colcon.colcon_core.package_identification:_identify(src/panthera_gazebo) by extension 'ignore'
[0.078s] Level 1:colcon.colcon_core.package_identification:_identify(src/panthera_gazebo) by extension 'ignore_ament_install'
[0.078s] Level 1:colcon.colcon_core.package_identification:_identify(src/panthera_gazebo) by extensions ['colcon_pkg']
[0.078s] Level 1:colcon.colcon_core.package_identification:_identify(src/panthera_gazebo) by extension 'colcon_pkg'
[0.078s] Level 1:colcon.colcon_core.package_identification:_identify(src/panthera_gazebo) by extensions ['colcon_meta']
[0.078s] Level 1:colcon.colcon_core.package_identification:_identify(src/panthera_gazebo) by extension 'colcon_meta'
[0.078s] Level 1:colcon.colcon_core.package_identification:_identify(src/panthera_gazebo) by extensions ['ros']
[0.078s] Level 1:colcon.colcon_core.package_identification:_identify(src/panthera_gazebo) by extension 'ros'
[0.079s] DEBUG:colcon.colcon_core.package_identification:Package 'src/panthera_gazebo' with type 'ros.ament_cmake' and name 'panthera_gazebo'
[0.079s] Level 1:colcon.colcon_core.package_identification:_identify(src/panthera_hardware) by extensions ['ignore', 'ignore_ament_install']
[0.079s] Level 1:colcon.colcon_core.package_identification:_identify(src/panthera_hardware) by extension 'ignore'
[0.079s] Level 1:colcon.colcon_core.package_identification:_identify(src/panthera_hardware) by extension 'ignore_ament_install'
[0.079s] Level 1:colcon.colcon_core.package_identification:_identify(src/panthera_hardware) by extensions ['colcon_pkg']
[0.079s] Level 1:colcon.colcon_core.package_identification:_identify(src/panthera_hardware) by extension 'colcon_pkg'
[0.079s] Level 1:colcon.colcon_core.package_identification:_identify(src/panthera_hardware) by extensions ['colcon_meta']
[0.079s] Level 1:colcon.colcon_core.package_identification:_identify(src/panthera_hardware) by extension 'colcon_meta'
[0.079s] Level 1:colcon.colcon_core.package_identification:_identify(src/panthera_hardware) by extensions ['ros']
[0.079s] Level 1:colcon.colcon_core.package_identification:_identify(src/panthera_hardware) by extension 'ros'
[0.079s] DEBUG:colcon.colcon_core.package_identification:Package 'src/panthera_hardware' with type 'ros.ament_cmake' and name 'panthera_hardware'
[0.079s] Level 1:colcon.colcon_core.package_identification:_identify(src/panthera_ht_description_with_finger) by extensions ['ignore', 'ignore_ament_install']
[0.079s] Level 1:colcon.colcon_core.package_identification:_identify(src/panthera_ht_description_with_finger) by extension 'ignore'
[0.079s] Level 1:colcon.colcon_core.package_identification:_identify(src/panthera_ht_description_with_finger) by extension 'ignore_ament_install'
[0.079s] Level 1:colcon.colcon_core.package_identification:_identify(src/panthera_ht_description_with_finger) by extensions ['colcon_pkg']
[0.079s] Level 1:colcon.colcon_core.package_identification:_identify(src/panthera_ht_description_with_finger) by extension 'colcon_pkg'
[0.079s] Level 1:colcon.colcon_core.package_identification:_identify(src/panthera_ht_description_with_finger) by extensions ['colcon_meta']
[0.079s] Level 1:colcon.colcon_core.package_identification:_identify(src/panthera_ht_description_with_finger) by extension 'colcon_meta'
[0.079s] Level 1:colcon.colcon_core.package_identification:_identify(src/panthera_ht_description_with_finger) by extensions ['ros']
[0.079s] Level 1:colcon.colcon_core.package_identification:_identify(src/panthera_ht_description_with_finger) by extension 'ros'
[0.080s] DEBUG:colcon.colcon_core.package_identification:Package 'src/panthera_ht_description_with_finger' with type 'ros.ament_cmake' and name 'panthera_ht_description_with_finger'
[0.080s] Level 1:colcon.colcon_core.package_identification:_identify(src/panthera_interfaces) by extensions ['ignore', 'ignore_ament_install']
[0.080s] Level 1:colcon.colcon_core.package_identification:_identify(src/panthera_interfaces) by extension 'ignore'
[0.080s] Level 1:colcon.colcon_core.package_identification:_identify(src/panthera_interfaces) by extension 'ignore_ament_install'
[0.080s] Level 1:colcon.colcon_core.package_identification:_identify(src/panthera_interfaces) by extensions ['colcon_pkg']
[0.080s] Level 1:colcon.colcon_core.package_identification:_identify(src/panthera_interfaces) by extension 'colcon_pkg'
[0.080s] Level 1:colcon.colcon_core.package_identification:_identify(src/panthera_interfaces) by extensions ['colcon_meta']
[0.080s] Level 1:colcon.colcon_core.package_identification:_identify(src/panthera_interfaces) by extension 'colcon_meta'
[0.080s] Level 1:colcon.colcon_core.package_identification:_identify(src/panthera_interfaces) by extensions ['ros']
[0.080s] Level 1:colcon.colcon_core.package_identification:_identify(src/panthera_interfaces) by extension 'ros'
[0.080s] DEBUG:colcon.colcon_core.package_identification:Package 'src/panthera_interfaces' with type 'ros.ament_cmake' and name 'panthera_interfaces'
[0.080s] Level 1:colcon.colcon_core.package_identification:_identify(src/with_gripper_config) by extensions ['ignore', 'ignore_ament_install']
[0.080s] Level 1:colcon.colcon_core.package_identification:_identify(src/with_gripper_config) by extension 'ignore'
[0.080s] Level 1:colcon.colcon_core.package_identification:_identify(src/with_gripper_config) by extension 'ignore_ament_install'
[0.080s] Level 1:colcon.colcon_core.package_identification:_identify(src/with_gripper_config) by extensions ['colcon_pkg']
[0.080s] Level 1:colcon.colcon_core.package_identification:_identify(src/with_gripper_config) by extension 'colcon_pkg'
[0.080s] Level 1:colcon.colcon_core.package_identification:_identify(src/with_gripper_config) by extensions ['colcon_meta']
[0.080s] Level 1:colcon.colcon_core.package_identification:_identify(src/with_gripper_config) by extension 'colcon_meta'
[0.080s] Level 1:colcon.colcon_core.package_identification:_identify(src/with_gripper_config) by extensions ['ros']
[0.080s] Level 1:colcon.colcon_core.package_identification:_identify(src/with_gripper_config) by extension 'ros'
[0.080s] DEBUG:colcon.colcon_core.package_identification:Package 'src/with_gripper_config' with type 'ros.ament_cmake' and name 'with_gripper_config'
[0.080s] Level 1:colcon.colcon_core.package_discovery:discover_packages(recursive) using defaults
[0.080s] Level 1:colcon.colcon_core.package_discovery:discover_packages(ignore) discover
[0.080s] Level 1:colcon.colcon_core.package_discovery:discover_packages(ignore) using defaults
[0.080s] Level 1:colcon.colcon_core.package_discovery:discover_packages(path) discover
[0.080s] Level 1:colcon.colcon_core.package_discovery:discover_packages(path) using defaults
[0.090s] INFO:colcon.colcon_core.package_selection:Skipping not selected package 'hightorque_robot' in 'src/hightorque_robot'
[0.090s] INFO:colcon.colcon_core.package_selection:Skipping not selected package 'panthera_bringup' in 'src/panthera_bringup'
[0.090s] INFO:colcon.colcon_core.package_selection:Skipping not selected package 'panthera_ht_description_with_finger' in 'src/panthera_ht_description_with_finger'
[0.090s] INFO:colcon.colcon_core.package_selection:Skipping not selected package 'panthera_arm_control' in 'src/panthera_arm_control'
[0.090s] INFO:colcon.colcon_core.package_selection:Skipping not selected package 'panthera_hardware' in 'src/panthera_hardware'
[0.090s] INFO:colcon.colcon_core.package_selection:Skipping not selected package 'with_gripper_config' in 'src/with_gripper_config'
[0.090s] INFO:colcon.colcon_core.package_selection:Skipping not selected package 'panthera_commander' in 'src/panthera_commander'
[0.090s] INFO:colcon.colcon_core.package_selection:Skipping not selected package 'panthera_gazebo' in 'src/panthera_gazebo'
[0.090s] Level 5:colcon.colcon_core.verb:set package 'panthera_interfaces' build argument 'cmake_args' from command line to 'None'
[0.090s] Level 5:colcon.colcon_core.verb:set package 'panthera_interfaces' build argument 'cmake_target' from command line to 'None'
[0.090s] Level 5:colcon.colcon_core.verb:set package 'panthera_interfaces' build argument 'cmake_target_skip_unavailable' from command line to 'False'
[0.090s] Level 5:colcon.colcon_core.verb:set package 'panthera_interfaces' build argument 'cmake_clean_cache' from command line to 'False'
[0.090s] Level 5:colcon.colcon_core.verb:set package 'panthera_interfaces' build argument 'cmake_clean_first' from command line to 'False'
[0.090s] Level 5:colcon.colcon_core.verb:set package 'panthera_interfaces' build argument 'cmake_force_configure' from command line to 'False'
[0.090s] Level 5:colcon.colcon_core.verb:set package 'panthera_interfaces' build argument 'ament_cmake_args' from command line to 'None'
[0.090s] Level 5:colcon.colcon_core.verb:set package 'panthera_interfaces' build argument 'catkin_cmake_args' from command line to 'None'
[0.090s] Level 5:colcon.colcon_core.verb:set package 'panthera_interfaces' build argument 'catkin_skip_building_tests' from command line to 'False'
[0.090s] DEBUG:colcon.colcon_core.verb:Building package 'panthera_interfaces' with the following arguments: {'ament_cmake_args': None, 'build_base': '/home/tk/robot_manipulator/Panthera-HT_ROS2_Jazzy/build/panthera_interfaces', 'catkin_cmake_args': None, 'catkin_skip_building_tests': False, 'cmake_args': None, 'cmake_clean_cache': False, 'cmake_clean_first': False, 'cmake_force_configure': False, 'cmake_target': None, 'cmake_target_skip_unavailable': False, 'install_base': '/home/tk/robot_manipulator/Panthera-HT_ROS2_Jazzy/install/panthera_interfaces', 'merge_install': False, 'path': '/home/tk/robot_manipulator/Panthera-HT_ROS2_Jazzy/src/panthera_interfaces', 'symlink_install': False, 'test_result_base': None}
[0.090s] INFO:colcon.colcon_core.executor:Executing jobs using 'parallel' executor
[0.090s] DEBUG:colcon.colcon_parallel_executor.executor.parallel:run_until_complete
[0.090s] INFO:colcon.colcon_ros.task.ament_cmake.build:Building ROS package in '/home/tk/robot_manipulator/Panthera-HT_ROS2_Jazzy/src/panthera_interfaces' with build type 'ament_cmake'
[0.091s] INFO:colcon.colcon_cmake.task.cmake.build:Building CMake package in '/home/tk/robot_manipulator/Panthera-HT_ROS2_Jazzy/src/panthera_interfaces'
[0.091s] INFO:colcon.colcon_core.plugin_system:Skipping extension 'colcon_core.shell.bat': Not used on non-Windows systems
[0.091s] DEBUG:colcon.colcon_core.shell:Skip shell extension 'dsv' for command environment
[0.097s] DEBUG:colcon.colcon_core.event_handler.log_command:Invoking command in '/home/tk/robot_manipulator/Panthera-HT_ROS2_Jazzy/build/panthera_interfaces': CMAKE_PREFIX_PATH=${CMAKE_PREFIX_PATH}:/opt/ros/jazzy CONDA_PROMPT_MODIFIER=(base) DEBUGINFOD_URLS=https://debuginfod.ubuntu.com /usr/bin/cmake --build /home/tk/robot_manipulator/Panthera-HT_ROS2_Jazzy/build/panthera_interfaces -- -j28 -l28
[4.095s] DEBUG:colcon.colcon_core.event_handler.log_command:Invoked command in '/home/tk/robot_manipulator/Panthera-HT_ROS2_Jazzy/build/panthera_interfaces' returned '0': CMAKE_PREFIX_PATH=${CMAKE_PREFIX_PATH}:/opt/ros/jazzy CONDA_PROMPT_MODIFIER=(base) DEBUGINFOD_URLS=https://debuginfod.ubuntu.com /usr/bin/cmake --build /home/tk/robot_manipulator/Panthera-HT_ROS2_Jazzy/build/panthera_interfaces -- -j28 -l28
[4.111s] DEBUG:colcon.colcon_core.event_handler.log_command:Invoking command in '/home/tk/robot_manipulator/Panthera-HT_ROS2_Jazzy/build/panthera_interfaces': CMAKE_PREFIX_PATH=${CMAKE_PREFIX_PATH}:/opt/ros/jazzy CONDA_PROMPT_MODIFIER=(base) DEBUGINFOD_URLS=https://debuginfod.ubuntu.com /usr/bin/cmake --install /home/tk/robot_manipulator/Panthera-HT_ROS2_Jazzy/build/panthera_interfaces
[4.192s] Level 1:colcon.colcon_core.environment:create_environment_scripts_only(panthera_interfaces)
[4.193s] DEBUG:colcon.colcon_core.event_handler.log_command:Invoked command in '/home/tk/robot_manipulator/Panthera-HT_ROS2_Jazzy/build/panthera_interfaces' returned '0': CMAKE_PREFIX_PATH=${CMAKE_PREFIX_PATH}:/opt/ros/jazzy CONDA_PROMPT_MODIFIER=(base) DEBUGINFOD_URLS=https://debuginfod.ubuntu.com /usr/bin/cmake --install /home/tk/robot_manipulator/Panthera-HT_ROS2_Jazzy/build/panthera_interfaces
[4.193s] Level 1:colcon.colcon_core.environment:checking '/home/tk/robot_manipulator/Panthera-HT_ROS2_Jazzy/install/panthera_interfaces' for CMake module files
[4.194s] Level 1:colcon.colcon_core.environment:checking '/home/tk/robot_manipulator/Panthera-HT_ROS2_Jazzy/install/panthera_interfaces' for CMake config files
[4.194s] Level 1:colcon.colcon_core.shell:create_environment_hook('panthera_interfaces', 'cmake_prefix_path')
[4.194s] INFO:colcon.colcon_core.shell:Creating environment descriptor '/home/tk/robot_manipulator/Panthera-HT_ROS2_Jazzy/install/panthera_interfaces/share/panthera_interfaces/hook/cmake_prefix_path.dsv'
[4.194s] INFO:colcon.colcon_core.shell:Creating environment hook '/home/tk/robot_manipulator/Panthera-HT_ROS2_Jazzy/install/panthera_interfaces/share/panthera_interfaces/hook/cmake_prefix_path.sh'
[4.195s] Level 1:colcon.colcon_core.environment:checking '/home/tk/robot_manipulator/Panthera-HT_ROS2_Jazzy/install/panthera_interfaces/lib'
[4.195s] Level 1:colcon.colcon_core.shell:create_environment_hook('panthera_interfaces', 'ld_library_path_lib')
[4.195s] INFO:colcon.colcon_core.shell:Creating environment descriptor '/home/tk/robot_manipulator/Panthera-HT_ROS2_Jazzy/install/panthera_interfaces/share/panthera_interfaces/hook/ld_library_path_lib.dsv'
[4.195s] INFO:colcon.colcon_core.shell:Creating environment hook '/home/tk/robot_manipulator/Panthera-HT_ROS2_Jazzy/install/panthera_interfaces/share/panthera_interfaces/hook/ld_library_path_lib.sh'
[4.195s] Level 1:colcon.colcon_core.environment:checking '/home/tk/robot_manipulator/Panthera-HT_ROS2_Jazzy/install/panthera_interfaces/bin'
[4.195s] Level 1:colcon.colcon_core.environment:checking '/home/tk/robot_manipulator/Panthera-HT_ROS2_Jazzy/install/panthera_interfaces/lib/pkgconfig/panthera_interfaces.pc'
[4.196s] Level 1:colcon.colcon_core.environment:checking '/home/tk/robot_manipulator/Panthera-HT_ROS2_Jazzy/install/panthera_interfaces/lib/python3.12/site-packages'
[4.196s] Level 1:colcon.colcon_core.environment:checking '/home/tk/robot_manipulator/Panthera-HT_ROS2_Jazzy/install/panthera_interfaces/bin'
[4.196s] INFO:colcon.colcon_core.shell:Creating package descriptor '/home/tk/robot_manipulator/Panthera-HT_ROS2_Jazzy/install/panthera_interfaces/share/panthera_interfaces/package.dsv'
[4.196s] INFO:colcon.colcon_core.shell:Creating package script '/home/tk/robot_manipulator/Panthera-HT_ROS2_Jazzy/install/panthera_interfaces/share/panthera_interfaces/package.sh'
[4.196s] INFO:colcon.colcon_core.shell:Creating package script '/home/tk/robot_manipulator/Panthera-HT_ROS2_Jazzy/install/panthera_interfaces/share/panthera_interfaces/package.bash'
[4.197s] INFO:colcon.colcon_core.shell:Creating package script '/home/tk/robot_manipulator/Panthera-HT_ROS2_Jazzy/install/panthera_interfaces/share/panthera_interfaces/package.zsh'
[4.197s] Level 1:colcon.colcon_core.environment:create_file_with_runtime_dependencies(/home/tk/robot_manipulator/Panthera-HT_ROS2_Jazzy/install/panthera_interfaces/share/colcon-core/packages/panthera_interfaces)
[4.197s] Level 1:colcon.colcon_core.environment:create_environment_scripts_only(panthera_interfaces)
[4.197s] Level 1:colcon.colcon_core.environment:checking '/home/tk/robot_manipulator/Panthera-HT_ROS2_Jazzy/install/panthera_interfaces' for CMake module files
[4.197s] Level 1:colcon.colcon_core.environment:checking '/home/tk/robot_manipulator/Panthera-HT_ROS2_Jazzy/install/panthera_interfaces' for CMake config files
[4.198s] Level 1:colcon.colcon_core.shell:create_environment_hook('panthera_interfaces', 'cmake_prefix_path')
[4.198s] INFO:colcon.colcon_core.shell:Creating environment descriptor '/home/tk/robot_manipulator/Panthera-HT_ROS2_Jazzy/install/panthera_interfaces/share/panthera_interfaces/hook/cmake_prefix_path.dsv'
[4.198s] INFO:colcon.colcon_core.shell:Creating environment hook '/home/tk/robot_manipulator/Panthera-HT_ROS2_Jazzy/install/panthera_interfaces/share/panthera_interfaces/hook/cmake_prefix_path.sh'
[4.198s] Level 1:colcon.colcon_core.environment:checking '/home/tk/robot_manipulator/Panthera-HT_ROS2_Jazzy/install/panthera_interfaces/lib'
[4.198s] Level 1:colcon.colcon_core.shell:create_environment_hook('panthera_interfaces', 'ld_library_path_lib')
[4.198s] INFO:colcon.colcon_core.shell:Creating environment descriptor '/home/tk/robot_manipulator/Panthera-HT_ROS2_Jazzy/install/panthera_interfaces/share/panthera_interfaces/hook/ld_library_path_lib.dsv'
[4.198s] INFO:colcon.colcon_core.shell:Creating environment hook '/home/tk/robot_manipulator/Panthera-HT_ROS2_Jazzy/install/panthera_interfaces/share/panthera_interfaces/hook/ld_library_path_lib.sh'
[4.199s] Level 1:colcon.colcon_core.environment:checking '/home/tk/robot_manipulator/Panthera-HT_ROS2_Jazzy/install/panthera_interfaces/bin'
[4.199s] Level 1:colcon.colcon_core.environment:checking '/home/tk/robot_manipulator/Panthera-HT_ROS2_Jazzy/install/panthera_interfaces/lib/pkgconfig/panthera_interfaces.pc'
[4.199s] Level 1:colcon.colcon_core.environment:checking '/home/tk/robot_manipulator/Panthera-HT_ROS2_Jazzy/install/panthera_interfaces/lib/python3.12/site-packages'
[4.199s] Level 1:colcon.colcon_core.environment:checking '/home/tk/robot_manipulator/Panthera-HT_ROS2_Jazzy/install/panthera_interfaces/bin'
[4.199s] INFO:colcon.colcon_core.shell:Creating package descriptor '/home/tk/robot_manipulator/Panthera-HT_ROS2_Jazzy/install/panthera_interfaces/share/panthera_interfaces/package.dsv'
[4.199s] INFO:colcon.colcon_core.shell:Creating package script '/home/tk/robot_manipulator/Panthera-HT_ROS2_Jazzy/install/panthera_interfaces/share/panthera_interfaces/package.sh'
[4.199s] INFO:colcon.colcon_core.shell:Creating package script '/home/tk/robot_manipulator/Panthera-HT_ROS2_Jazzy/install/panthera_interfaces/share/panthera_interfaces/package.bash'
[4.199s] INFO:colcon.colcon_core.shell:Creating package script '/home/tk/robot_manipulator/Panthera-HT_ROS2_Jazzy/install/panthera_interfaces/share/panthera_interfaces/package.zsh'
[4.200s] Level 1:colcon.colcon_core.environment:create_file_with_runtime_dependencies(/home/tk/robot_manipulator/Panthera-HT_ROS2_Jazzy/install/panthera_interfaces/share/colcon-core/packages/panthera_interfaces)
[4.200s] DEBUG:colcon.colcon_parallel_executor.executor.parallel:closing loop
[4.200s] DEBUG:colcon.colcon_parallel_executor.executor.parallel:loop closed
[4.200s] DEBUG:colcon.colcon_parallel_executor.executor.parallel:run_until_complete finished with '0'
[4.200s] DEBUG:colcon.colcon_core.event_reactor:joining thread
[4.203s] INFO:colcon.colcon_core.plugin_system:Skipping extension 'colcon_notification.desktop_notification.terminal_notifier': Not used on non-Darwin systems
[4.203s] INFO:colcon.colcon_core.plugin_system:Skipping extension 'colcon_notification.desktop_notification.win32': Not used on non-Windows systems
[4.203s] INFO:colcon.colcon_notification.desktop_notification:Sending desktop notification using 'notify2'
[4.210s] DEBUG:colcon.colcon_core.event_reactor:joined thread
[4.210s] INFO:colcon.colcon_core.shell:Creating prefix script '/home/tk/robot_manipulator/Panthera-HT_ROS2_Jazzy/install/local_setup.sh'
[4.210s] INFO:colcon.colcon_core.shell:Creating prefix util module '/home/tk/robot_manipulator/Panthera-HT_ROS2_Jazzy/install/_local_setup_util_sh.py'
[4.210s] INFO:colcon.colcon_core.shell:Creating prefix chain script '/home/tk/robot_manipulator/Panthera-HT_ROS2_Jazzy/install/setup.sh'
[4.211s] INFO:colcon.colcon_core.shell:Creating prefix script '/home/tk/robot_manipulator/Panthera-HT_ROS2_Jazzy/install/local_setup.bash'
[4.211s] INFO:colcon.colcon_core.shell:Creating prefix chain script '/home/tk/robot_manipulator/Panthera-HT_ROS2_Jazzy/install/setup.bash'
[4.211s] INFO:colcon.colcon_core.shell:Creating prefix script '/home/tk/robot_manipulator/Panthera-HT_ROS2_Jazzy/install/local_setup.zsh'
[4.211s] INFO:colcon.colcon_core.shell:Creating prefix chain script '/home/tk/robot_manipulator/Panthera-HT_ROS2_Jazzy/install/setup.zsh'
