-- Found ament_cmake: 2.5.4 (/opt/ros/jazzy/share/ament_cmake/cmake)
-- Found rclcpp: 28.1.13 (/opt/ros/jazzy/share/rclcpp/cmake)
-- Found rosidl_generator_c: 4.6.6 (/opt/ros/jazzy/share/rosidl_generator_c/cmake)
-- Found rosidl_generator_cpp: 4.6.6 (/opt/ros/jazzy/share/rosidl_generator_cpp/cmake)
-- Using all available rosidl_typesupport_c: rosidl_typesupport_fastrtps_c;rosidl_typesupport_introspection_c
-- Using all available rosidl_typesupport_cpp: rosidl_typesupport_fastrtps_cpp;rosidl_typesupport_introspection_cpp
-- Found rmw_implementation_cmake: 7.3.2 (/opt/ros/jazzy/share/rmw_implementation_cmake/cmake)
-- Found rmw_cyclonedds_cpp: 2.2.3 (/opt/ros/jazzy/share/rmw_cyclonedds_cpp/cmake)
-- Using RMW implementation 'rmw_cyclonedds_cpp' as default
-- Found moveit_ros_planning_interface: 2.12.3 (/opt/ros/jazzy/share/moveit_ros_planning_interface/cmake)
-- Found Boost: /usr/lib/x86_64-linux-gnu/cmake/Boost-1.83.0/BoostConfig.cmake (found version "1.83.0") found components: date_time filesystem program_options system thread 
-- Found Boost: /usr/lib/x86_64-linux-gnu/cmake/Boost-1.83.0/BoostConfig.cmake (found version "1.83.0") found components: chrono date_time filesystem iostreams program_options regex serialization system thread 
-- Found parameter_traits: 0.5.0 (/opt/ros/jazzy/share/parameter_traits/cmake)
-- Found rclcpp_lifecycle: 28.1.13 (/opt/ros/jazzy/share/rclcpp_lifecycle/cmake)
-- Found Boost: /usr/lib/x86_64-linux-gnu/cmake/Boost-1.83.0/BoostConfig.cmake (found version "1.83.0") found components: filesystem 
-- Ensuring Eigen3 include directory is part of orocos-kdl CMake target
-- Found TinyXML2 via Config file: /usr/lib/x86_64-linux-gnu/cmake/tinyxml2
-- Found Boost: /usr/lib/x86_64-linux-gnu/cmake/Boost-1.83.0/BoostConfig.cmake (found version "1.83.0") found components: system filesystem date_time program_options thread chrono 
-- Found Boost: /usr/lib/x86_64-linux-gnu/cmake/Boost-1.83.0/BoostConfig.cmake (found version "1.83.0") found components: thread system filesystem regex date_time program_options 
-- Found Boost: /usr/lib/x86_64-linux-gnu/cmake/Boost-1.83.0/BoostConfig.cmake (found version "1.83.0") found components: system filesystem date_time program_options thread 
-- Found example_interfaces: 0.12.0 (/opt/ros/jazzy/share/example_interfaces/cmake)
-- Found panthera_interfaces: 0.0.0 (/home/tk/robot_manipulator/Panthera-HT_ROS2_Jazzy/install/panthera_interfaces/share/panthera_interfaces/cmake)
-- Found ament_lint_auto: 0.17.3 (/opt/ros/jazzy/share/ament_lint_auto/cmake)
-- Added test 'cppcheck' to perform static code analysis on C / C++ code
-- Configured cppcheck include dirs: 
-- Configured cppcheck exclude dirs and/or files: 
-- Added test 'lint_cmake' to check CMake code style
-- Added test 'uncrustify' to check C / C++ code style
-- Configured uncrustify additional arguments: 
-- Added test 'xmllint' to check XML markup files
-- Configuring done (0.7s)
-- Generating done (0.1s)
-- Build files have been written to: /home/tk/robot_manipulator/Panthera-HT_ROS2_Jazzy/build/panthera_commander
[  3%] Building CXX object CMakeFiles/sin_trajectory_control.dir/src/sin_trajectory_control.cpp.o
/home/tk/robot_manipulator/Panthera-HT_ROS2_Jazzy/src/panthera_commander/src/sin_trajectory_control.cpp:8:10: fatal error: panthera/Panthera.hpp: 没有那个文件或目录
    8 | #include "panthera/Panthera.hpp"
      |          ^~~~~~~~~~~~~~~~~~~~~~~
compilation terminated.
gmake[2]: *** [CMakeFiles/sin_trajectory_control.dir/build.make:76：CMakeFiles/sin_trajectory_control.dir/src/sin_trajectory_control.cpp.o] 错误 1
gmake[1]: *** [CMakeFiles/Makefile2:447：CMakeFiles/sin_trajectory_control.dir/all] 错误 2
gmake[1]: *** 正在等待未完成的任务....
[ 19%] Built target draw_three_circles
[ 19%] Built target test_gripper
[ 26%] Built target test_gripper_detailed
[ 38%] Built target test_moveit
[ 42%] Built target test_moveit_by_cartesian
[ 50%] Built target sin_trajectory_moveit
[ 53%] Building CXX object CMakeFiles/commander_template.dir/src/commander_template.cpp.o
[ 61%] Built target draw_horizontal_vertical_circles
[ 69%] Built target test_moveit_by_jointspace
[ 76%] Built target test_cartesian_from_pose1
[ 84%] Built target test_moveit_by_siyuanshu
[ 92%] Built target draw_circle
[ 96%] Linking CXX executable commander_template
[ 96%] Built target commander_template
gmake: *** [Makefile:146：all] 错误 2
