[0.006s] Invoking command in '/home/tk/robot_manipulator/Panthera-HT_ROS2_Jazzy/build/with_gripper_config': AMENT_PREFIX_PATH=/home/tk/robot_manipulator/Panthera-HT_ROS2_Jazzy/install/panthera_ht_description_with_finger:${AMENT_PREFIX_PATH} CMAKE_PREFIX_PATH=/home/tk/robot_manipulator/Panthera-HT_ROS2_Jazzy/install/panthera_ht_description_with_finger:/opt/ros/jazzy/opt/gz_sim_vendor:/opt/ros/jazzy/opt/gz_sensors_vendor:/opt/ros/jazzy/opt/gz_physics_vendor:/opt/ros/jazzy/opt/sdformat_vendor:/opt/ros/jazzy/opt/gz_gui_vendor:/opt/ros/jazzy/opt/gz_transport_vendor:/opt/ros/jazzy/opt/gz_rendering_vendor:/opt/ros/jazzy/opt/gz_plugin_vendor:/opt/ros/jazzy/opt/gz_fuel_tools_vendor:/opt/ros/jazzy/opt/gz_msgs_vendor:/opt/ros/jazzy/opt/gz_common_vendor:/opt/ros/jazzy/opt/gz_math_vendor:/opt/ros/jazzy/opt/gz_utils_vendor:/opt/ros/jazzy/opt/gz_tools_vendor:/opt/ros/jazzy/opt/gz_ogre_next_vendor:/opt/ros/jazzy/opt/gz_dartsim_vendor:/opt/ros/jazzy/opt/gz_cmake_vendor:/opt/ros/jazzy CONDA_PROMPT_MODIFIER=(base) DEBUGINFOD_URLS=https://debuginfod.ubuntu.com /usr/bin/cmake --build /home/tk/robot_manipulator/Panthera-HT_ROS2_Jazzy/build/with_gripper_config -- -j28 -l28
[0.020s] -- Found ament_cmake: 2.5.4 (/opt/ros/jazzy/share/ament_cmake/cmake)
[0.214s] -- Configuring done (0.2s)
[0.215s] -- Generating done (0.0s)
[0.216s] -- Build files have been written to: /home/tk/robot_manipulator/Panthera-HT_ROS2_Jazzy/build/with_gripper_config
[0.230s] Invoked command in '/home/tk/robot_manipulator/Panthera-HT_ROS2_Jazzy/build/with_gripper_config' returned '0': AMENT_PREFIX_PATH=/home/tk/robot_manipulator/Panthera-HT_ROS2_Jazzy/install/panthera_ht_description_with_finger:${AMENT_PREFIX_PATH} CMAKE_PREFIX_PATH=/home/tk/robot_manipulator/Panthera-HT_ROS2_Jazzy/install/panthera_ht_description_with_finger:/opt/ros/jazzy/opt/gz_sim_vendor:/opt/ros/jazzy/opt/gz_sensors_vendor:/opt/ros/jazzy/opt/gz_physics_vendor:/opt/ros/jazzy/opt/sdformat_vendor:/opt/ros/jazzy/opt/gz_gui_vendor:/opt/ros/jazzy/opt/gz_transport_vendor:/opt/ros/jazzy/opt/gz_rendering_vendor:/opt/ros/jazzy/opt/gz_plugin_vendor:/opt/ros/jazzy/opt/gz_fuel_tools_vendor:/opt/ros/jazzy/opt/gz_msgs_vendor:/opt/ros/jazzy/opt/gz_common_vendor:/opt/ros/jazzy/opt/gz_math_vendor:/opt/ros/jazzy/opt/gz_utils_vendor:/opt/ros/jazzy/opt/gz_tools_vendor:/opt/ros/jazzy/opt/gz_ogre_next_vendor:/opt/ros/jazzy/opt/gz_dartsim_vendor:/opt/ros/jazzy/opt/gz_cmake_vendor:/opt/ros/jazzy CONDA_PROMPT_MODIFIER=(base) DEBUGINFOD_URLS=https://debuginfod.ubuntu.com /usr/bin/cmake --build /home/tk/robot_manipulator/Panthera-HT_ROS2_Jazzy/build/with_gripper_config -- -j28 -l28
[0.238s] Invoking command in '/home/tk/robot_manipulator/Panthera-HT_ROS2_Jazzy/build/with_gripper_config': AMENT_PREFIX_PATH=/home/tk/robot_manipulator/Panthera-HT_ROS2_Jazzy/install/panthera_ht_description_with_finger:${AMENT_PREFIX_PATH} CMAKE_PREFIX_PATH=/home/tk/robot_manipulator/Panthera-HT_ROS2_Jazzy/install/panthera_ht_description_with_finger:/opt/ros/jazzy/opt/gz_sim_vendor:/opt/ros/jazzy/opt/gz_sensors_vendor:/opt/ros/jazzy/opt/gz_physics_vendor:/opt/ros/jazzy/opt/sdformat_vendor:/opt/ros/jazzy/opt/gz_gui_vendor:/opt/ros/jazzy/opt/gz_transport_vendor:/opt/ros/jazzy/opt/gz_rendering_vendor:/opt/ros/jazzy/opt/gz_plugin_vendor:/opt/ros/jazzy/opt/gz_fuel_tools_vendor:/opt/ros/jazzy/opt/gz_msgs_vendor:/opt/ros/jazzy/opt/gz_common_vendor:/opt/ros/jazzy/opt/gz_math_vendor:/opt/ros/jazzy/opt/gz_utils_vendor:/opt/ros/jazzy/opt/gz_tools_vendor:/opt/ros/jazzy/opt/gz_ogre_next_vendor:/opt/ros/jazzy/opt/gz_dartsim_vendor:/opt/ros/jazzy/opt/gz_cmake_vendor:/opt/ros/jazzy CONDA_PROMPT_MODIFIER=(base) DEBUGINFOD_URLS=https://debuginfod.ubuntu.com /usr/bin/cmake --install /home/tk/robot_manipulator/Panthera-HT_ROS2_Jazzy/build/with_gripper_config
[0.248s] -- Install configuration: ""
[0.248s] -- Up-to-date: /home/tk/robot_manipulator/Panthera-HT_ROS2_Jazzy/install/with_gripper_config/share/ament_index/resource_index/package_run_dependencies/with_gripper_config
[0.248s] -- Installing: /home/tk/robot_manipulator/Panthera-HT_ROS2_Jazzy/install/with_gripper_config/share/ament_index/resource_index/parent_prefix_path/with_gripper_config
[0.248s] -- Up-to-date: /home/tk/robot_manipulator/Panthera-HT_ROS2_Jazzy/install/with_gripper_config/share/with_gripper_config/environment/ament_prefix_path.sh
[0.248s] -- Up-to-date: /home/tk/robot_manipulator/Panthera-HT_ROS2_Jazzy/install/with_gripper_config/share/with_gripper_config/environment/ament_prefix_path.dsv
[0.248s] -- Up-to-date: /home/tk/robot_manipulator/Panthera-HT_ROS2_Jazzy/install/with_gripper_config/share/with_gripper_config/environment/path.sh
[0.248s] -- Up-to-date: /home/tk/robot_manipulator/Panthera-HT_ROS2_Jazzy/install/with_gripper_config/share/with_gripper_config/environment/path.dsv
[0.248s] -- Up-to-date: /home/tk/robot_manipulator/Panthera-HT_ROS2_Jazzy/install/with_gripper_config/share/with_gripper_config/local_setup.bash
[0.248s] -- Up-to-date: /home/tk/robot_manipulator/Panthera-HT_ROS2_Jazzy/install/with_gripper_config/share/with_gripper_config/local_setup.sh
[0.248s] -- Up-to-date: /home/tk/robot_manipulator/Panthera-HT_ROS2_Jazzy/install/with_gripper_config/share/with_gripper_config/local_setup.zsh
[0.248s] -- Up-to-date: /home/tk/robot_manipulator/Panthera-HT_ROS2_Jazzy/install/with_gripper_config/share/with_gripper_config/local_setup.dsv
[0.248s] -- Installing: /home/tk/robot_manipulator/Panthera-HT_ROS2_Jazzy/install/with_gripper_config/share/with_gripper_config/package.dsv
[0.248s] -- Up-to-date: /home/tk/robot_manipulator/Panthera-HT_ROS2_Jazzy/install/with_gripper_config/share/ament_index/resource_index/packages/with_gripper_config
[0.248s] -- Up-to-date: /home/tk/robot_manipulator/Panthera-HT_ROS2_Jazzy/install/with_gripper_config/share/with_gripper_config/cmake/with_gripper_configConfig.cmake
[0.249s] -- Up-to-date: /home/tk/robot_manipulator/Panthera-HT_ROS2_Jazzy/install/with_gripper_config/share/with_gripper_config/cmake/with_gripper_configConfig-version.cmake
[0.249s] -- Up-to-date: /home/tk/robot_manipulator/Panthera-HT_ROS2_Jazzy/install/with_gripper_config/share/with_gripper_config/package.xml
[0.249s] -- Up-to-date: /home/tk/robot_manipulator/Panthera-HT_ROS2_Jazzy/install/with_gripper_config/share/with_gripper_config/launch
[0.249s] -- Up-to-date: /home/tk/robot_manipulator/Panthera-HT_ROS2_Jazzy/install/with_gripper_config/share/with_gripper_config/launch/spawn_controllers.launch.py
[0.249s] -- Up-to-date: /home/tk/robot_manipulator/Panthera-HT_ROS2_Jazzy/install/with_gripper_config/share/with_gripper_config/launch/warehouse_db.launch.py
[0.249s] -- Up-to-date: /home/tk/robot_manipulator/Panthera-HT_ROS2_Jazzy/install/with_gripper_config/share/with_gripper_config/launch/demo.launch.py
[0.249s] -- Up-to-date: /home/tk/robot_manipulator/Panthera-HT_ROS2_Jazzy/install/with_gripper_config/share/with_gripper_config/launch/move_group.launch.py
[0.249s] -- Up-to-date: /home/tk/robot_manipulator/Panthera-HT_ROS2_Jazzy/install/with_gripper_config/share/with_gripper_config/launch/setup_assistant.launch.py
[0.249s] -- Up-to-date: /home/tk/robot_manipulator/Panthera-HT_ROS2_Jazzy/install/with_gripper_config/share/with_gripper_config/launch/hardware_moveit_rviz.launch.py
[0.249s] -- Up-to-date: /home/tk/robot_manipulator/Panthera-HT_ROS2_Jazzy/install/with_gripper_config/share/with_gripper_config/launch/rsp.launch.py
[0.249s] -- Up-to-date: /home/tk/robot_manipulator/Panthera-HT_ROS2_Jazzy/install/with_gripper_config/share/with_gripper_config/launch/hardware.launch.py
[0.249s] -- Up-to-date: /home/tk/robot_manipulator/Panthera-HT_ROS2_Jazzy/install/with_gripper_config/share/with_gripper_config/launch/moveit_rviz.launch.py
[0.249s] -- Up-to-date: /home/tk/robot_manipulator/Panthera-HT_ROS2_Jazzy/install/with_gripper_config/share/with_gripper_config/launch/hardware_moveit.launch.py
[0.249s] -- Up-to-date: /home/tk/robot_manipulator/Panthera-HT_ROS2_Jazzy/install/with_gripper_config/share/with_gripper_config/launch/static_virtual_joint_tfs.launch.py
[0.249s] -- Up-to-date: /home/tk/robot_manipulator/Panthera-HT_ROS2_Jazzy/install/with_gripper_config/share/with_gripper_config/config
[0.249s] -- Up-to-date: /home/tk/robot_manipulator/Panthera-HT_ROS2_Jazzy/install/with_gripper_config/share/with_gripper_config/config/Panthera-HT_description_hardware.urdf.xacro
[0.249s] -- Up-to-date: /home/tk/robot_manipulator/Panthera-HT_ROS2_Jazzy/install/with_gripper_config/share/with_gripper_config/config/joint_limits.yaml
[0.249s] -- Up-to-date: /home/tk/robot_manipulator/Panthera-HT_ROS2_Jazzy/install/with_gripper_config/share/with_gripper_config/config/kinematics.yaml
[0.249s] -- Up-to-date: /home/tk/robot_manipulator/Panthera-HT_ROS2_Jazzy/install/with_gripper_config/share/with_gripper_config/config/moveit.rviz
[0.249s] -- Up-to-date: /home/tk/robot_manipulator/Panthera-HT_ROS2_Jazzy/install/with_gripper_config/share/with_gripper_config/config/ros2_controllers_hardware.yaml
[0.249s] -- Up-to-date: /home/tk/robot_manipulator/Panthera-HT_ROS2_Jazzy/install/with_gripper_config/share/with_gripper_config/config/pilz_cartesian_limits.yaml
[0.249s] -- Up-to-date: /home/tk/robot_manipulator/Panthera-HT_ROS2_Jazzy/install/with_gripper_config/share/with_gripper_config/config/Panthera-HT_description_hardware.ros2_control.xacro
[0.249s] -- Up-to-date: /home/tk/robot_manipulator/Panthera-HT_ROS2_Jazzy/install/with_gripper_config/share/with_gripper_config/config/ros2_controllers.yaml
[0.249s] -- Up-to-date: /home/tk/robot_manipulator/Panthera-HT_ROS2_Jazzy/install/with_gripper_config/share/with_gripper_config/config/Panthera-HT_description.srdf
[0.249s] -- Up-to-date: /home/tk/robot_manipulator/Panthera-HT_ROS2_Jazzy/install/with_gripper_config/share/with_gripper_config/config/Panthera-HT_description.urdf.xacro
[0.249s] -- Up-to-date: /home/tk/robot_manipulator/Panthera-HT_ROS2_Jazzy/install/with_gripper_config/share/with_gripper_config/config/Panthera-HT_description.ros2_control.xacro
[0.249s] -- Up-to-date: /home/tk/robot_manipulator/Panthera-HT_ROS2_Jazzy/install/with_gripper_config/share/with_gripper_config/config/moveit_controllers.yaml
[0.249s] -- Up-to-date: /home/tk/robot_manipulator/Panthera-HT_ROS2_Jazzy/install/with_gripper_config/share/with_gripper_config/config/initial_positions.yaml
[0.249s] -- Up-to-date: /home/tk/robot_manipulator/Panthera-HT_ROS2_Jazzy/install/with_gripper_config/share/with_gripper_config/robot_param
[0.249s] -- Installing: /home/tk/robot_manipulator/Panthera-HT_ROS2_Jazzy/install/with_gripper_config/share/with_gripper_config/robot_param/motor_param
[0.249s] -- Installing: /home/tk/robot_manipulator/Panthera-HT_ROS2_Jazzy/install/with_gripper_config/share/with_gripper_config/robot_param/Follower_absolute.yaml
[0.249s] -- Up-to-date: /home/tk/robot_manipulator/Panthera-HT_ROS2_Jazzy/install/with_gripper_config/share/with_gripper_config/.setup_assistant
[0.250s] Invoked command in '/home/tk/robot_manipulator/Panthera-HT_ROS2_Jazzy/build/with_gripper_config' returned '0': AMENT_PREFIX_PATH=/home/tk/robot_manipulator/Panthera-HT_ROS2_Jazzy/install/panthera_ht_description_with_finger:${AMENT_PREFIX_PATH} CMAKE_PREFIX_PATH=/home/tk/robot_manipulator/Panthera-HT_ROS2_Jazzy/install/panthera_ht_description_with_finger:/opt/ros/jazzy/opt/gz_sim_vendor:/opt/ros/jazzy/opt/gz_sensors_vendor:/opt/ros/jazzy/opt/gz_physics_vendor:/opt/ros/jazzy/opt/sdformat_vendor:/opt/ros/jazzy/opt/gz_gui_vendor:/opt/ros/jazzy/opt/gz_transport_vendor:/opt/ros/jazzy/opt/gz_rendering_vendor:/opt/ros/jazzy/opt/gz_plugin_vendor:/opt/ros/jazzy/opt/gz_fuel_tools_vendor:/opt/ros/jazzy/opt/gz_msgs_vendor:/opt/ros/jazzy/opt/gz_common_vendor:/opt/ros/jazzy/opt/gz_math_vendor:/opt/ros/jazzy/opt/gz_utils_vendor:/opt/ros/jazzy/opt/gz_tools_vendor:/opt/ros/jazzy/opt/gz_ogre_next_vendor:/opt/ros/jazzy/opt/gz_dartsim_vendor:/opt/ros/jazzy/opt/gz_cmake_vendor:/opt/ros/jazzy CONDA_PROMPT_MODIFIER=(base) DEBUGINFOD_URLS=https://debuginfod.ubuntu.com /usr/bin/cmake --install /home/tk/robot_manipulator/Panthera-HT_ROS2_Jazzy/build/with_gripper_config
