-- The C compiler identification is GNU 13.3.0
-- The CXX compiler identification is GNU 13.3.0
-- Detecting C compiler ABI info
-- Detecting C compiler ABI info - done
-- Check for working C compiler: /usr/bin/cc - skipped
-- Detecting C compile features
-- Detecting C compile features - done
-- Detecting CXX compiler ABI info
-- Detecting CXX compiler ABI info - done
-- Check for working CXX compiler: /usr/bin/c++ - skipped
-- Detecting CXX compile features
-- Detecting CXX compile features - done
-- Found ament_cmake: 2.5.4 (/opt/ros/jazzy/share/ament_cmake/cmake)
-- Found Python3: /usr/bin/python3 (found version "3.12.3") found components: Interpreter 
-- Setting build type to 'Release' as none was specified.
-- Found PkgConfig: /usr/bin/pkg-config (found version "1.8.1") 
-- Checking for module 'glib-2.0'
--   Found glib-2.0, version 2.80.0
-- Performing Test CMAKE_C_COMPILER_SUPPORTS__std_gnu99
-- Performing Test CMAKE_C_COMPILER_SUPPORTS__std_gnu99 - Success
-- Performing Test CMAKE_C_COMPILER_SUPPORTS__Wall
-- Performing Test CMAKE_C_COMPILER_SUPPORTS__Wall - Success
-- Performing Test CMAKE_C_COMPILER_SUPPORTS__Wshadow
-- Performing Test CMAKE_C_COMPILER_SUPPORTS__Wshadow - Success
-- Performing Test CMAKE_C_COMPILER_SUPPORTS__Wuninitialized
-- Performing Test CMAKE_C_COMPILER_SUPPORTS__Wuninitialized - Success
-- Performing Test CMAKE_C_COMPILER_SUPPORTS__Wunused_variable
-- Performing Test CMAKE_C_COMPILER_SUPPORTS__Wunused_variable - Success
-- Performing Test CMAKE_C_COMPILER_SUPPORTS__Werror_return_type
-- Performing Test CMAKE_C_COMPILER_SUPPORTS__Werror_return_type - Success
-- Performing Test CMAKE_C_COMPILER_SUPPORTS__Wno_unused_parameter
-- Performing Test CMAKE_C_COMPILER_SUPPORTS__Wno_unused_parameter - Success
-- Performing Test CMAKE_C_COMPILER_SUPPORTS__Wno_format_zero_length
-- Performing Test CMAKE_C_COMPILER_SUPPORTS__Wno_format_zero_length - Success
-- Performing Test CMAKE_C_COMPILER_SUPPORTS__Wno_stringop_truncation
-- Performing Test CMAKE_C_COMPILER_SUPPORTS__Wno_stringop_truncation - Success
-- Performing Test CMAKE_CXX_COMPILER_SUPPORTS__Wall
-- Performing Test CMAKE_CXX_COMPILER_SUPPORTS__Wall - Success
-- Performing Test CMAKE_CXX_COMPILER_SUPPORTS__Wshadow
-- Performing Test CMAKE_CXX_COMPILER_SUPPORTS__Wshadow - Success
-- Performing Test CMAKE_CXX_COMPILER_SUPPORTS__Wuninitialized
-- Performing Test CMAKE_CXX_COMPILER_SUPPORTS__Wuninitialized - Success
-- Performing Test CMAKE_CXX_COMPILER_SUPPORTS__Wunused_variable
-- Performing Test CMAKE_CXX_COMPILER_SUPPORTS__Wunused_variable - Success
-- Performing Test CMAKE_CXX_COMPILER_SUPPORTS__Werror_return_type
-- Performing Test CMAKE_CXX_COMPILER_SUPPORTS__Werror_return_type - Success
-- Performing Test CMAKE_CXX_COMPILER_SUPPORTS__Wno_unused_parameter
-- Performing Test CMAKE_CXX_COMPILER_SUPPORTS__Wno_unused_parameter - Success
-- Performing Test CMAKE_CXX_COMPILER_SUPPORTS__Wno_format_zero_length
-- Performing Test CMAKE_CXX_COMPILER_SUPPORTS__Wno_format_zero_length - Success
-- Performing Test CMAKE_CXX_COMPILER_SUPPORTS__Wno_stringop_truncation
-- Performing Test CMAKE_CXX_COMPILER_SUPPORTS__Wno_stringop_truncation - Success
-- Building LCM 1.5.1 (ABI v1)
-- Performing Test CMAKE_HAVE_LIBC_PTHREAD
-- Performing Test CMAKE_HAVE_LIBC_PTHREAD - Success
-- Found Threads: TRUE  
-- Performing Test COMPILER_HAS_HIDDEN_VISIBILITY
-- Performing Test COMPILER_HAS_HIDDEN_VISIBILITY - Success
-- Performing Test COMPILER_HAS_HIDDEN_INLINE_VISIBILITY
-- Performing Test COMPILER_HAS_HIDDEN_INLINE_VISIBILITY - Success
-- Performing Test COMPILER_HAS_DEPRECATED_ATTR
-- Performing Test COMPILER_HAS_DEPRECATED_ATTR - Success
-- Doxygen was not found; documentation generation will be incomplete
-- CPack: Packages will be placed under /home/tk/robot_manipulator/Panthera-HT_ROS2_Jazzy/build/hightorque_robot/packages
-- Found ament_index_cpp: 1.8.1 (/opt/ros/jazzy/share/ament_index_cpp/cmake)
-- Found libserialport library: /usr/lib/x86_64-linux-gnu/libserialport.so
-- pinocchio_default FOUND. pinocchio_default at /opt/ros/jazzy/lib/x86_64-linux-gnu/libpinocchio_default.so
-- pinocchio_parsers FOUND. pinocchio_parsers at /opt/ros/jazzy/lib/x86_64-linux-gnu/libpinocchio_parsers.so
-- boost_filesystem FOUND. boost_filesystem at /lib/x86_64-linux-gnu/libboost_filesystem.so
-- eigenpy FOUND. eigenpy at /opt/ros/jazzy/lib/x86_64-linux-gnu/libeigenpy.so
-- Checking for NumPy
--   NUMPY_INCLUDE_DIRS=/usr/lib/python3/dist-packages/numpy/core/include
--   NUMPY_VERSION=1.26.4
-- Found Python3: /usr/bin/python3 (found version "3.12.3") found components: Interpreter Development.Module NumPy 
-- PythonLibraryDirs: 
-- PythonLibVersionString: 3.12.3
-- Python site lib: lib/python3.12/site-packages
-- Python include dirs: /usr/include/python3.12
-- Checking for NumPy
--   NUMPY_INCLUDE_DIRS=/usr/lib/python3/dist-packages/numpy/core/include
--   NUMPY_VERSION=1.26.4
-- NumPy include dir: /usr/lib/python3/dist-packages/numpy/core/include
-- Found Boost: /usr/include (found version "1.83.0") found components: python312 
-- Default C++ standard: 201703
-- Minimal C++ standard upgraded to 11
-- C++ standard sufficient: Minimal required 11, currently defined: 17
-- CMAKE_CXX_STANDARD was not set: automatically set to currently defined standard 17
-- hpp-fcl FOUND. hpp-fcl at /opt/ros/jazzy/lib/x86_64-linux-gnu/libhpp-fcl.so
-- Minimal C++ standard upgraded to 14
-- C++ standard sufficient: Minimal required 14, currently defined: 17
-- C++ standard sufficient: Minimal required 14, currently defined: 17
-- Found pinocchio, building 2_joint_impedance_control example
-- Building 3_cartesian_impedance_control example
-- Building pure_cartesian_impedance_control example
-- Building cartesian_impedance_ab_motion example
-- Configuring done (2.3s)
-- Generating done (0.0s)
-- Build files have been written to: /home/tk/robot_manipulator/Panthera-HT_ROS2_Jazzy/build/hightorque_robot
[  3%] [32mBuilding CXX object third_part/serial_cmake/CMakeFiles/serial_cmake.dir/src/serial.cc.o[0m
[  5%] [32mBuilding C object third_part/lcm/lcm/CMakeFiles/lcm-static.dir/lcm_file.c.o[0m
[  3%] [32mBuilding C object third_part/lcm/lcm/CMakeFiles/lcm-static.dir/lcm_memq.c.o[0m
[  5%] [34m[1mGenerating lcmUtilities.cmake[0m
[  5%] [32mBuilding C object third_part/lcm/lcm/CMakeFiles/lcm-static.dir/ringbuffer.c.o[0m
[  7%] [32mBuilding C object third_part/lcm/lcm/CMakeFiles/lcm.dir/eventlog.c.o[0m
[  7%] [32mBuilding CXX object third_part/serial_cmake/CMakeFiles/serial_cmake.dir/src/impl/list_ports/list_ports_linux.cc.o[0m
[  8%] [32mBuilding C object third_part/lcm/lcm/CMakeFiles/lcm-static.dir/lcmtypes/channel_port_map_update_t.c.o[0m
[ 10%] [32mBuilding C object third_part/lcm/lcm/CMakeFiles/lcm.dir/lcm.c.o[0m
[ 10%] [32mBuilding C object third_part/lcm/lcm/CMakeFiles/lcm-static.dir/lcm.c.o[0m
[ 11%] [32mBuilding C object third_part/lcm/lcm/CMakeFiles/lcm-static.dir/lcm_mpudpm.c.o[0m
[ 12%] [32mBuilding C object third_part/lcm/lcm/CMakeFiles/lcm.dir/lcm_file.c.o[0m
[ 13%] [32mBuilding CXX object third_part/serial_cmake/CMakeFiles/serial_cmake.dir/src/impl/unix.cc.o[0m
[ 14%] [32mBuilding C object third_part/lcm/lcm/CMakeFiles/lcm-static.dir/lcm_tcpq.c.o[0m
[ 15%] [32mBuilding C object third_part/lcm/lcm/CMakeFiles/lcm.dir/lcm_udpm.c.o[0m
[ 17%] [32mBuilding C object third_part/lcm/lcm/CMakeFiles/lcm-static.dir/udpm_util.c.o[0m
[ 17%] [32mBuilding C object third_part/lcm/lcmgen/CMakeFiles/lcm-gen.dir/emit_go.c.o[0m
[ 18%] [32mBuilding C object third_part/lcm/lcm/CMakeFiles/lcm.dir/ringbuffer.c.o[0m
[ 21%] [32mBuilding C object third_part/lcm/lcm/CMakeFiles/lcm-static.dir/lcmtypes/channel_to_port_t.c.o[0m
[ 21%] [32mBuilding C object third_part/lcm/lcm/CMakeFiles/lcm.dir/lcm_memq.c.o[0m
[ 21%] [32mBuilding C object third_part/lcm/lcm/CMakeFiles/lcm.dir/lcm_mpudpm.c.o[0m
[ 22%] [32mBuilding C object third_part/lcm/lcmgen/CMakeFiles/lcm-gen.dir/emit_c.c.o[0m
[ 23%] [32mBuilding C object third_part/lcm/lcmgen/CMakeFiles/lcm-gen.dir/emit_csharp.c.o[0m
[ 24%] [32mBuilding C object third_part/lcm/lcm/CMakeFiles/lcm-static.dir/eventlog.c.o[0m
[ 25%] [32mBuilding C object third_part/lcm/lcmgen/CMakeFiles/lcm-gen.dir/emit_cpp.c.o[0m
[ 26%] [32mBuilding C object third_part/lcm/lcm/CMakeFiles/lcm-static.dir/lcm_udpm.c.o[0m
[ 27%] [32mBuilding C object third_part/lcm/lcm/CMakeFiles/lcm.dir/udpm_util.c.o[0m
[ 28%] [32mBuilding C object third_part/lcm/lcm/CMakeFiles/lcm.dir/lcm_tcpq.c.o[0m
[ 28%] Built target lcm_use_file
[ 29%] [32mBuilding C object third_part/lcm/lcm/CMakeFiles/lcm.dir/lcmtypes/channel_port_map_update_t.c.o[0m
[ 31%] [32mBuilding C object third_part/lcm/lcm/CMakeFiles/lcm.dir/lcmtypes/channel_to_port_t.c.o[0m
[ 31%] [32mBuilding C object third_part/lcm/lcmgen/CMakeFiles/lcm-gen.dir/emit_java.c.o[0m
[ 32%] [32mBuilding C object third_part/lcm/lcmgen/CMakeFiles/lcm-gen.dir/emit_lua.c.o[0m
[ 33%] [32mBuilding C object third_part/lcm/lcmgen/CMakeFiles/lcm-gen.dir/emit_python.c.o[0m
[ 34%] [32mBuilding C object third_part/lcm/lcmgen/CMakeFiles/lcm-gen.dir/getopt.c.o[0m
[ 35%] [32mBuilding C object third_part/lcm/lcmgen/CMakeFiles/lcm-gen.dir/main.c.o[0m
[ 36%] [32mBuilding C object third_part/lcm/lcmgen/CMakeFiles/lcm-gen.dir/lcmgen.c.o[0m
[ 37%] [32mBuilding C object third_part/lcm/lcmgen/CMakeFiles/lcm-gen.dir/tokenize.c.o[0m
[ 38%] [32m[1mLinking C static library liblcm.a[0m
[ 38%] Built target lcm-static
[ 39%] [32mBuilding C object third_part/lcm/liblcm-test/CMakeFiles/lcm-tester.dir/lcm-tester.c.o[0m
[ 40%] [32mBuilding C object third_part/lcm/lcm-logger/CMakeFiles/lcm-logplayer.dir/lcm_logplayer.c.o[0m
[ 41%] [32mBuilding C object third_part/lcm/liblcm-test/CMakeFiles/lcm-example.dir/lcm-example.c.o[0m
[ 42%] [32mBuilding C object third_part/lcm/liblcm-test/CMakeFiles/lcm-source.dir/lcm-source.c.o[0m
[ 43%] [32mBuilding C object third_part/lcm/liblcm-test/CMakeFiles/lcm-sink.dir/lcm-sink.c.o[0m
[ 44%] [32mBuilding C object third_part/lcm/liblcm-test/CMakeFiles/lcm-buftest-receiver.dir/buftest-receiver.c.o[0m
[ 45%] [32mBuilding C object third_part/lcm/lcm-logger/CMakeFiles/lcm-logger.dir/glib_util.c.o[0m
[ 46%] [32mBuilding C object third_part/lcm/liblcm-test/CMakeFiles/lcm-buftest-sender.dir/buftest-sender.c.o[0m
[ 47%] [32mBuilding C object third_part/lcm/lcm-logger/CMakeFiles/lcm-logger.dir/lcm_logger.c.o[0m
[ 48%] [32mBuilding C object third_part/lcm/liblcm-test/CMakeFiles/lcm-logfilter.dir/lcm-logfilter.c.o[0m
[ 49%] [32m[1mLinking C executable lcm-sink[0m
[ 50%] [32m[1mLinking C executable lcm-logplayer[0m
[ 51%] [32m[1mLinking C executable lcm-example[0m
[ 52%] [32m[1mLinking C executable lcm-buftest-sender[0m
[ 53%] [32m[1mLinking C executable lcm-source[0m
[ 54%] [32m[1mLinking C executable lcm-buftest-receiver[0m
[ 55%] [32m[1mLinking C shared library liblcm.so[0m
[ 55%] Built target lcm-sink
[ 57%] [32m[1mLinking C executable lcm-tester[0m
[ 57%] [32m[1mLinking C executable lcm-logfilter[0m
[ 57%] Built target lcm-buftest-sender
[ 57%] Built target lcm-logplayer
[ 57%] Built target lcm-example
[ 57%] Built target lcm-source
[ 57%] Built target lcm-buftest-receiver
[ 57%] Built target lcm
[ 57%] Built target lcm-logfilter
[ 57%] Built target lcm-tester
[ 58%] [32m[1mLinking C executable lcm-logger[0m
[ 58%] Built target lcm-logger
[ 59%] [32m[1mLinking C executable lcm-gen[0m
[ 59%] Built target lcm-gen
[ 60%] [32m[1mLinking CXX shared library libserial_cmake.so[0m
[ 60%] Built target serial_cmake
[ 61%] [32mBuilding CXX object CMakeFiles/hightorque_robot.dir/src/hardware/canboard.cpp.o[0m
[ 62%] [32mBuilding CXX object CMakeFiles/hightorque_robot.dir/src/hardware/robot.cpp.o[0m
[ 63%] [32mBuilding CXX object CMakeFiles/hightorque_robot.dir/src/serial_driver.cpp.o[0m
[ 64%] [32mBuilding CXX object CMakeFiles/hightorque_robot.dir/src/parse_robot_params.cpp.o[0m
[ 65%] [32mBuilding CXX object CMakeFiles/hightorque_robot.dir/src/hardware/motor.cpp.o[0m
[ 66%] [32mBuilding CXX object CMakeFiles/hightorque_robot.dir/src/hardware/canport.cpp.o[0m
[ 67%] [32mBuilding CXX object CMakeFiles/hightorque_robot.dir/src/crc/crc16.cpp.o[0m
[ 68%] [32mBuilding CXX object CMakeFiles/hightorque_robot.dir/src/crc/crc8.cpp.o[0m
[ 69%] [32mBuilding CXX object CMakeFiles/hightorque_robot.dir/src/panthera/Panthera.cpp.o[0m
[ 70%] [32m[1mLinking CXX shared library libhightorque_robot.so[0m
[ 70%] Built target hightorque_robot
[ 71%] [32mBuilding CXX object CMakeFiles/motor_move_zero.dir/example/motor_move_zero.cpp.o[0m
[ 72%] [32mBuilding CXX object CMakeFiles/motor_run.dir/example/motor_run.cpp.o[0m
[ 73%] [32mBuilding CXX object CMakeFiles/parse_demo.dir/example/parse_demo.cpp.o[0m
[ 74%] [32mBuilding CXX object CMakeFiles/canboard_update.dir/example/canboard_update.cpp.o[0m
[ 75%] [32mBuilding CXX object CMakeFiles/motor_feedack.dir/example/motor_feedack.cpp.o[0m
[ 76%] [32mBuilding CXX object CMakeFiles/pure_cartesian_impedance_control.dir/examples/pure_cartesian_impedance_control.cpp.o[0m
[ 77%] [32mBuilding CXX object CMakeFiles/motor_msg_subscriber.dir/example/motor_msg_subscriber.cpp.o[0m
[ 78%] [32mBuilding CXX object CMakeFiles/3_cartesian_impedance_control.dir/examples/3_cartesian_impedance_control.cpp.o[0m
[ 79%] [32mBuilding CXX object CMakeFiles/0_robot_set_zero.dir/examples/0_robot_set_zero.cpp.o[0m
[ 80%] [32mBuilding CXX object CMakeFiles/1_PosVel_control.dir/examples/1_PosVel_control.cpp.o[0m
[ 81%] [32mBuilding CXX object CMakeFiles/2_joint_impedance_control.dir/examples/2_joint_impedance_control.cpp.o[0m
[ 82%] [32mBuilding CXX object CMakeFiles/1_PD_control.dir/examples/1_PD_control.cpp.o[0m
[ 83%] [32mBuilding CXX object CMakeFiles/cartesian_impedance_ab_motion.dir/examples/cartesian_impedance_ab_motion.cpp.o[0m
[ 84%] [32mBuilding CXX object CMakeFiles/motor_set_zero.dir/example/motor_set_zero.cpp.o[0m
[ 85%] [32mBuilding CXX object CMakeFiles/0_robot_get_state.dir/examples/0_robot_get_state.cpp.o[0m
[ 86%] [32m[1mLinking CXX executable motor_msg_subscriber[0m
[ 86%] Built target motor_msg_subscriber
[ 87%] [32m[1mLinking CXX executable 1_PosVel_control[0m
[ 89%] [32m[1mLinking CXX executable 0_robot_get_state[0m
[ 89%] [32m[1mLinking CXX executable 0_robot_set_zero[0m
[ 90%] [32m[1mLinking CXX executable 1_PD_control[0m
[ 90%] Built target 1_PosVel_control
[ 90%] Built target 0_robot_get_state
[ 90%] Built target 0_robot_set_zero
[ 91%] [32m[1mLinking CXX executable parse_demo[0m
[ 91%] Built target 1_PD_control
[ 92%] [32m[1mLinking CXX executable canboard_update[0m
[ 92%] Built target parse_demo
[ 92%] Built target canboard_update
[ 93%] [32m[1mLinking CXX executable motor_move_zero[0m
[ 94%] [32m[1mLinking CXX executable motor_set_zero[0m
[ 94%] Built target motor_move_zero
[ 95%] [32m[1mLinking CXX executable motor_feedack[0m
[ 95%] Built target motor_set_zero
[ 95%] Built target motor_feedack
[ 96%] [32m[1mLinking CXX executable motor_run[0m
[ 96%] Built target motor_run
[ 97%] [32m[1mLinking CXX executable 2_joint_impedance_control[0m
[ 97%] Built target 2_joint_impedance_control
[ 98%] [32m[1mLinking CXX executable 3_cartesian_impedance_control[0m
[ 99%] [32m[1mLinking CXX executable cartesian_impedance_ab_motion[0m
[ 99%] Built target 3_cartesian_impedance_control
[ 99%] Built target cartesian_impedance_ab_motion
[100%] [32m[1mLinking CXX executable pure_cartesian_impedance_control[0m
[100%] Built target pure_cartesian_impedance_control
