-- Found ament_cmake: 2.5.4 (/opt/ros/jazzy/share/ament_cmake/cmake)
-- Found rosidl_default_generators: 1.6.0 (/opt/ros/jazzy/share/rosidl_default_generators/cmake)
-- Using all available rosidl_typesupport_c: rosidl_typesupport_fastrtps_c;rosidl_typesupport_introspection_c
-- Using all available rosidl_typesupport_cpp: rosidl_typesupport_fastrtps_cpp;rosidl_typesupport_introspection_cpp
-- Found rosidl_adapter: 4.6.6 (/opt/ros/jazzy/share/rosidl_adapter/cmake)
-- Found std_msgs: 5.3.6 (/opt/ros/jazzy/share/std_msgs/cmake)
-- Found ament_cmake_ros: 0.12.0 (/opt/ros/jazzy/share/ament_cmake_ros/cmake)
-- Using all available rosidl_typesupport_c: rosidl_typesupport_fastrtps_c;rosidl_typesupport_introspection_c
-- Using all available rosidl_typesupport_cpp: rosidl_typesupport_fastrtps_cpp;rosidl_typesupport_introspection_cpp
-- Found python_cmake_module: 0.11.1 (/opt/ros/jazzy/share/python_cmake_module/cmake)
-- Found PythonExtra: /home/tk/anaconda3/bin/python3  
-- Found Python3: /home/tk/anaconda3/bin/python3 (found version "3.13.5") found components: Interpreter Development NumPy Development.Module Development.Embed 
-- Configuring done (2.0s)
-- Generating done (0.0s)
-- Build files have been written to: /home/tk/robot_manipulator/Panthera-HT_ROS2_Jazzy/build/panthera_interfaces
[  1%] Generating type hashes for ROS interfaces
[  1%] Built target ament_cmake_python_copy_panthera_interfaces
running egg_info
creating panthera_interfaces.egg-info
writing panthera_interfaces.egg-info/PKG-INFO
writing dependency_links to panthera_interfaces.egg-info/dependency_links.txt
writing top-level names to panthera_interfaces.egg-info/top_level.txt
writing manifest file 'panthera_interfaces.egg-info/SOURCES.txt'
reading manifest file 'panthera_interfaces.egg-info/SOURCES.txt'
writing manifest file 'panthera_interfaces.egg-info/SOURCES.txt'
[  1%] Built target ament_cmake_python_build_panthera_interfaces_egg
