/home/tk/robot_manipulator/Panthera-HT_ROS2_Jazzy/src/panthera_commander/src/sin_trajectory_control.cpp:8:10: fatal error: panthera/Panthera.hpp: 没有那个文件或目录
    8 | #include "panthera/Panthera.hpp"
      |          ^~~~~~~~~~~~~~~~~~~~~~~
compilation terminated.
gmake[2]: *** [CMakeFiles/sin_trajectory_control.dir/build.make:76：CMakeFiles/sin_trajectory_control.dir/src/sin_trajectory_control.cpp.o] 错误 1
gmake[1]: *** [CMakeFiles/Makefile2:447：CMakeFiles/sin_trajectory_control.dir/all] 错误 2
gmake[1]: *** 正在等待未完成的任务....
In file included from /opt/ros/jazzy/include/rclcpp/rclcpp/logging.hpp:24,
                 from /opt/ros/jazzy/include/rclcpp/rclcpp/copy_all_parameter_values.hpp:27,
                 from /opt/ros/jazzy/include/rclcpp/rclcpp/rclcpp.hpp:171,
                 from /home/tk/robot_manipulator/Panthera-HT_ROS2_Jazzy/src/panthera_commander/src/draw_three_circles.cpp:1:
/home/tk/robot_manipulator/Panthera-HT_ROS2_Jazzy/src/panthera_commander/src/draw_three_circles.cpp: In function ‘int main(int, char**)’:
/home/tk/robot_manipulator/Panthera-HT_ROS2_Jazzy/src/panthera_commander/src/draw_three_circles.cpp:97:37: warning: zero-length gnu_printf format string [-Wformat-zero-length]
   97 |     RCLCPP_INFO(node->get_logger(), "");
      |                                     ^~
/home/tk/robot_manipulator/Panthera-HT_ROS2_Jazzy/src/panthera_commander/src/draw_three_circles.cpp:101:37: warning: zero-length gnu_printf format string [-Wformat-zero-length]
  101 |     RCLCPP_INFO(node->get_logger(), "");
      |                                     ^~
/home/tk/robot_manipulator/Panthera-HT_ROS2_Jazzy/src/panthera_commander/src/draw_three_circles.cpp:156:37: warning: zero-length gnu_printf format string [-Wformat-zero-length]
  156 |     RCLCPP_INFO(node->get_logger(), "");
      |                                     ^~
/home/tk/robot_manipulator/Panthera-HT_ROS2_Jazzy/src/panthera_commander/src/draw_three_circles.cpp:210:37: warning: zero-length gnu_printf format string [-Wformat-zero-length]
  210 |     RCLCPP_INFO(node->get_logger(), "");
      |                                     ^~
/home/tk/robot_manipulator/Panthera-HT_ROS2_Jazzy/src/panthera_commander/src/draw_three_circles.cpp:261:37: warning: zero-length gnu_printf format string [-Wformat-zero-length]
  261 |     RCLCPP_INFO(node->get_logger(), "");
      |                                     ^~
In file included from /opt/ros/jazzy/include/rclcpp/rclcpp/logging.hpp:24,
                 from /opt/ros/jazzy/include/rclcpp/rclcpp/copy_all_parameter_values.hpp:27,
                 from /opt/ros/jazzy/include/rclcpp/rclcpp/rclcpp.hpp:171,
                 from /home/tk/robot_manipulator/Panthera-HT_ROS2_Jazzy/src/panthera_commander/src/draw_horizontal_vertical_circles.cpp:1:
/home/tk/robot_manipulator/Panthera-HT_ROS2_Jazzy/src/panthera_commander/src/draw_horizontal_vertical_circles.cpp: In function ‘int main(int, char**)’:
/home/tk/robot_manipulator/Panthera-HT_ROS2_Jazzy/src/panthera_commander/src/draw_horizontal_vertical_circles.cpp:97:37: warning: zero-length gnu_printf format string [-Wformat-zero-length]
   97 |     RCLCPP_INFO(node->get_logger(), "");
      |                                     ^~
/home/tk/robot_manipulator/Panthera-HT_ROS2_Jazzy/src/panthera_commander/src/draw_horizontal_vertical_circles.cpp:101:37: warning: zero-length gnu_printf format string [-Wformat-zero-length]
  101 |     RCLCPP_INFO(node->get_logger(), "");
      |                                     ^~
/home/tk/robot_manipulator/Panthera-HT_ROS2_Jazzy/src/panthera_commander/src/draw_horizontal_vertical_circles.cpp:173:37: warning: zero-length gnu_printf format string [-Wformat-zero-length]
  173 |     RCLCPP_INFO(node->get_logger(), "");
      |                                     ^~
/home/tk/robot_manipulator/Panthera-HT_ROS2_Jazzy/src/panthera_commander/src/draw_horizontal_vertical_circles.cpp:240:37: warning: zero-length gnu_printf format string [-Wformat-zero-length]
  240 |     RCLCPP_INFO(node->get_logger(), "");
      |                                     ^~
In file included from /opt/ros/jazzy/include/rclcpp/rclcpp/logging.hpp:24,
                 from /opt/ros/jazzy/include/rclcpp/rclcpp/copy_all_parameter_values.hpp:27,
                 from /opt/ros/jazzy/include/rclcpp/rclcpp/rclcpp.hpp:171,
                 from /home/tk/robot_manipulator/Panthera-HT_ROS2_Jazzy/src/panthera_commander/src/test_moveit_by_siyuanshu.cpp:1:
/home/tk/robot_manipulator/Panthera-HT_ROS2_Jazzy/src/panthera_commander/src/test_moveit_by_siyuanshu.cpp: In function ‘int main(int, char**)’:
/home/tk/robot_manipulator/Panthera-HT_ROS2_Jazzy/src/panthera_commander/src/test_moveit_by_siyuanshu.cpp:108:42: warning: zero-length gnu_printf format string [-Wformat-zero-length]
  108 |         RCLCPP_ERROR(node->get_logger(), "");
      |                                          ^~
In file included from /opt/ros/jazzy/include/rclcpp/rclcpp/logging.hpp:24,
                 from /opt/ros/jazzy/include/rclcpp/rclcpp/copy_all_parameter_values.hpp:27,
                 from /opt/ros/jazzy/include/rclcpp/rclcpp/rclcpp.hpp:171,
                 from /home/tk/robot_manipulator/Panthera-HT_ROS2_Jazzy/src/panthera_commander/src/draw_circle.cpp:1:
/home/tk/robot_manipulator/Panthera-HT_ROS2_Jazzy/src/panthera_commander/src/draw_circle.cpp: In function ‘int main(int, char**)’:
/home/tk/robot_manipulator/Panthera-HT_ROS2_Jazzy/src/panthera_commander/src/draw_circle.cpp:97:37: warning: zero-length gnu_printf format string [-Wformat-zero-length]
   97 |     RCLCPP_INFO(node->get_logger(), "");
      |                                     ^~
gmake: *** [Makefile:146：all] 错误 2
