[0.004s] Invoking command in '/home/tk/robot_manipulator/Panthera-HT_ROS2_Jazzy/build/with_gripper_config': AMENT_PREFIX_PATH=/home/tk/robot_manipulator/Panthera-HT_ROS2_Jazzy/install/panthera_ht_description_with_finger:${AMENT_PREFIX_PATH} CMAKE_PREFIX_PATH=/home/tk/robot_manipulator/Panthera-HT_ROS2_Jazzy/install/panthera_ht_description_with_finger:/opt/ros/jazzy/opt/gz_sim_vendor:/opt/ros/jazzy/opt/gz_sensors_vendor:/opt/ros/jazzy/opt/gz_physics_vendor:/opt/ros/jazzy/opt/sdformat_vendor:/opt/ros/jazzy/opt/gz_gui_vendor:/opt/ros/jazzy/opt/gz_transport_vendor:/opt/ros/jazzy/opt/gz_rendering_vendor:/opt/ros/jazzy/opt/gz_plugin_vendor:/opt/ros/jazzy/opt/gz_fuel_tools_vendor:/opt/ros/jazzy/opt/gz_msgs_vendor:/opt/ros/jazzy/opt/gz_common_vendor:/opt/ros/jazzy/opt/gz_math_vendor:/opt/ros/jazzy/opt/gz_utils_vendor:/opt/ros/jazzy/opt/gz_tools_vendor:/opt/ros/jazzy/opt/gz_ogre_next_vendor:/opt/ros/jazzy/opt/gz_dartsim_vendor:/opt/ros/jazzy/opt/gz_cmake_vendor:/opt/ros/jazzy DEBUGINFOD_URLS=https://debuginfod.ubuntu.com /usr/bin/cmake /home/tk/robot_manipulator/Panthera-HT_ROS2_Jazzy/src/with_gripper_config -DCMAKE_INSTALL_PREFIX=/home/tk/robot_manipulator/Panthera-HT_ROS2_Jazzy/install/with_gripper_config
[0.043s] -- The C compiler identification is GNU 13.3.0
[0.083s] -- The CXX compiler identification is GNU 13.3.0
[0.092s] -- Detecting C compiler ABI info
[0.138s] -- Detecting C compiler ABI info - done
[0.142s] -- Check for working C compiler: /usr/bin/cc - skipped
[0.142s] -- Detecting C compile features
[0.143s] -- Detecting C compile features - done
[0.149s] -- Detecting CXX compiler ABI info
[0.207s] -- Detecting CXX compiler ABI info - done
[0.212s] -- Check for working CXX compiler: /usr/bin/c++ - skipped
[0.212s] -- Detecting CXX compile features
[0.213s] -- Detecting CXX compile features - done
[0.214s] -- Found ament_cmake: 2.5.4 (/opt/ros/jazzy/share/ament_cmake/cmake)
[0.299s] -- Found Python3: /usr/bin/python3 (found version "3.12.3") found components: Interpreter 
[0.408s] -- Configuring done (0.4s)
[0.409s] -- Generating done (0.0s)
[0.410s] -- Build files have been written to: /home/tk/robot_manipulator/Panthera-HT_ROS2_Jazzy/build/with_gripper_config
[0.413s] Invoked command in '/home/tk/robot_manipulator/Panthera-HT_ROS2_Jazzy/build/with_gripper_config' returned '0': AMENT_PREFIX_PATH=/home/tk/robot_manipulator/Panthera-HT_ROS2_Jazzy/install/panthera_ht_description_with_finger:${AMENT_PREFIX_PATH} CMAKE_PREFIX_PATH=/home/tk/robot_manipulator/Panthera-HT_ROS2_Jazzy/install/panthera_ht_description_with_finger:/opt/ros/jazzy/opt/gz_sim_vendor:/opt/ros/jazzy/opt/gz_sensors_vendor:/opt/ros/jazzy/opt/gz_physics_vendor:/opt/ros/jazzy/opt/sdformat_vendor:/opt/ros/jazzy/opt/gz_gui_vendor:/opt/ros/jazzy/opt/gz_transport_vendor:/opt/ros/jazzy/opt/gz_rendering_vendor:/opt/ros/jazzy/opt/gz_plugin_vendor:/opt/ros/jazzy/opt/gz_fuel_tools_vendor:/opt/ros/jazzy/opt/gz_msgs_vendor:/opt/ros/jazzy/opt/gz_common_vendor:/opt/ros/jazzy/opt/gz_math_vendor:/opt/ros/jazzy/opt/gz_utils_vendor:/opt/ros/jazzy/opt/gz_tools_vendor:/opt/ros/jazzy/opt/gz_ogre_next_vendor:/opt/ros/jazzy/opt/gz_dartsim_vendor:/opt/ros/jazzy/opt/gz_cmake_vendor:/opt/ros/jazzy DEBUGINFOD_URLS=https://debuginfod.ubuntu.com /usr/bin/cmake /home/tk/robot_manipulator/Panthera-HT_ROS2_Jazzy/src/with_gripper_config -DCMAKE_INSTALL_PREFIX=/home/tk/robot_manipulator/Panthera-HT_ROS2_Jazzy/install/with_gripper_config
[0.414s] Invoking command in '/home/tk/robot_manipulator/Panthera-HT_ROS2_Jazzy/build/with_gripper_config': AMENT_PREFIX_PATH=/home/tk/robot_manipulator/Panthera-HT_ROS2_Jazzy/install/panthera_ht_description_with_finger:${AMENT_PREFIX_PATH} CMAKE_PREFIX_PATH=/home/tk/robot_manipulator/Panthera-HT_ROS2_Jazzy/install/panthera_ht_description_with_finger:/opt/ros/jazzy/opt/gz_sim_vendor:/opt/ros/jazzy/opt/gz_sensors_vendor:/opt/ros/jazzy/opt/gz_physics_vendor:/opt/ros/jazzy/opt/sdformat_vendor:/opt/ros/jazzy/opt/gz_gui_vendor:/opt/ros/jazzy/opt/gz_transport_vendor:/opt/ros/jazzy/opt/gz_rendering_vendor:/opt/ros/jazzy/opt/gz_plugin_vendor:/opt/ros/jazzy/opt/gz_fuel_tools_vendor:/opt/ros/jazzy/opt/gz_msgs_vendor:/opt/ros/jazzy/opt/gz_common_vendor:/opt/ros/jazzy/opt/gz_math_vendor:/opt/ros/jazzy/opt/gz_utils_vendor:/opt/ros/jazzy/opt/gz_tools_vendor:/opt/ros/jazzy/opt/gz_ogre_next_vendor:/opt/ros/jazzy/opt/gz_dartsim_vendor:/opt/ros/jazzy/opt/gz_cmake_vendor:/opt/ros/jazzy DEBUGINFOD_URLS=https://debuginfod.ubuntu.com /usr/bin/cmake --build /home/tk/robot_manipulator/Panthera-HT_ROS2_Jazzy/build/with_gripper_config -- -j28 -l28
[0.436s] Invoked command in '/home/tk/robot_manipulator/Panthera-HT_ROS2_Jazzy/build/with_gripper_config' returned '0': AMENT_PREFIX_PATH=/home/tk/robot_manipulator/Panthera-HT_ROS2_Jazzy/install/panthera_ht_description_with_finger:${AMENT_PREFIX_PATH} CMAKE_PREFIX_PATH=/home/tk/robot_manipulator/Panthera-HT_ROS2_Jazzy/install/panthera_ht_description_with_finger:/opt/ros/jazzy/opt/gz_sim_vendor:/opt/ros/jazzy/opt/gz_sensors_vendor:/opt/ros/jazzy/opt/gz_physics_vendor:/opt/ros/jazzy/opt/sdformat_vendor:/opt/ros/jazzy/opt/gz_gui_vendor:/opt/ros/jazzy/opt/gz_transport_vendor:/opt/ros/jazzy/opt/gz_rendering_vendor:/opt/ros/jazzy/opt/gz_plugin_vendor:/opt/ros/jazzy/opt/gz_fuel_tools_vendor:/opt/ros/jazzy/opt/gz_msgs_vendor:/opt/ros/jazzy/opt/gz_common_vendor:/opt/ros/jazzy/opt/gz_math_vendor:/opt/ros/jazzy/opt/gz_utils_vendor:/opt/ros/jazzy/opt/gz_tools_vendor:/opt/ros/jazzy/opt/gz_ogre_next_vendor:/opt/ros/jazzy/opt/gz_dartsim_vendor:/opt/ros/jazzy/opt/gz_cmake_vendor:/opt/ros/jazzy DEBUGINFOD_URLS=https://debuginfod.ubuntu.com /usr/bin/cmake --build /home/tk/robot_manipulator/Panthera-HT_ROS2_Jazzy/build/with_gripper_config -- -j28 -l28
[0.436s] Invoking command in '/home/tk/robot_manipulator/Panthera-HT_ROS2_Jazzy/build/with_gripper_config': AMENT_PREFIX_PATH=/home/tk/robot_manipulator/Panthera-HT_ROS2_Jazzy/install/panthera_ht_description_with_finger:${AMENT_PREFIX_PATH} CMAKE_PREFIX_PATH=/home/tk/robot_manipulator/Panthera-HT_ROS2_Jazzy/install/panthera_ht_description_with_finger:/opt/ros/jazzy/opt/gz_sim_vendor:/opt/ros/jazzy/opt/gz_sensors_vendor:/opt/ros/jazzy/opt/gz_physics_vendor:/opt/ros/jazzy/opt/sdformat_vendor:/opt/ros/jazzy/opt/gz_gui_vendor:/opt/ros/jazzy/opt/gz_transport_vendor:/opt/ros/jazzy/opt/gz_rendering_vendor:/opt/ros/jazzy/opt/gz_plugin_vendor:/opt/ros/jazzy/opt/gz_fuel_tools_vendor:/opt/ros/jazzy/opt/gz_msgs_vendor:/opt/ros/jazzy/opt/gz_common_vendor:/opt/ros/jazzy/opt/gz_math_vendor:/opt/ros/jazzy/opt/gz_utils_vendor:/opt/ros/jazzy/opt/gz_tools_vendor:/opt/ros/jazzy/opt/gz_ogre_next_vendor:/opt/ros/jazzy/opt/gz_dartsim_vendor:/opt/ros/jazzy/opt/gz_cmake_vendor:/opt/ros/jazzy DEBUGINFOD_URLS=https://debuginfod.ubuntu.com /usr/bin/cmake --install /home/tk/robot_manipulator/Panthera-HT_ROS2_Jazzy/build/with_gripper_config
[0.442s] -- Install configuration: ""
[0.442s] -- Installing: /home/tk/robot_manipulator/Panthera-HT_ROS2_Jazzy/install/with_gripper_config/share/ament_index/resource_index/package_run_dependencies/with_gripper_config
[0.442s] -- Installing: /home/tk/robot_manipulator/Panthera-HT_ROS2_Jazzy/install/with_gripper_config/share/ament_index/resource_index/parent_prefix_path/with_gripper_config
[0.442s] -- Installing: /home/tk/robot_manipulator/Panthera-HT_ROS2_Jazzy/install/with_gripper_config/share/with_gripper_config/environment/ament_prefix_path.sh
[0.442s] -- Installing: /home/tk/robot_manipulator/Panthera-HT_ROS2_Jazzy/install/with_gripper_config/share/with_gripper_config/environment/ament_prefix_path.dsv
[0.443s] -- Installing: /home/tk/robot_manipulator/Panthera-HT_ROS2_Jazzy/install/with_gripper_config/share/with_gripper_config/environment/path.sh
[0.443s] -- Installing: /home/tk/robot_manipulator/Panthera-HT_ROS2_Jazzy/install/with_gripper_config/share/with_gripper_config/environment/path.dsv
[0.443s] -- Installing: /home/tk/robot_manipulator/Panthera-HT_ROS2_Jazzy/install/with_gripper_config/share/with_gripper_config/local_setup.bash
[0.443s] -- Installing: /home/tk/robot_manipulator/Panthera-HT_ROS2_Jazzy/install/with_gripper_config/share/with_gripper_config/local_setup.sh
[0.443s] -- Installing: /home/tk/robot_manipulator/Panthera-HT_ROS2_Jazzy/install/with_gripper_config/share/with_gripper_config/local_setup.zsh
[0.443s] -- Installing: /home/tk/robot_manipulator/Panthera-HT_ROS2_Jazzy/install/with_gripper_config/share/with_gripper_config/local_setup.dsv
[0.443s] -- Installing: /home/tk/robot_manipulator/Panthera-HT_ROS2_Jazzy/install/with_gripper_config/share/with_gripper_config/package.dsv
[0.443s] -- Installing: /home/tk/robot_manipulator/Panthera-HT_ROS2_Jazzy/install/with_gripper_config/share/ament_index/resource_index/packages/with_gripper_config
[0.443s] -- Installing: /home/tk/robot_manipulator/Panthera-HT_ROS2_Jazzy/install/with_gripper_config/share/with_gripper_config/cmake/with_gripper_configConfig.cmake
[0.443s] -- Installing: /home/tk/robot_manipulator/Panthera-HT_ROS2_Jazzy/install/with_gripper_config/share/with_gripper_config/cmake/with_gripper_configConfig-version.cmake
[0.443s] -- Installing: /home/tk/robot_manipulator/Panthera-HT_ROS2_Jazzy/install/with_gripper_config/share/with_gripper_config/package.xml
[0.443s] -- Installing: /home/tk/robot_manipulator/Panthera-HT_ROS2_Jazzy/install/with_gripper_config/share/with_gripper_config/launch
[0.443s] -- Installing: /home/tk/robot_manipulator/Panthera-HT_ROS2_Jazzy/install/with_gripper_config/share/with_gripper_config/launch/spawn_controllers.launch.py
[0.443s] -- Installing: /home/tk/robot_manipulator/Panthera-HT_ROS2_Jazzy/install/with_gripper_config/share/with_gripper_config/launch/warehouse_db.launch.py
[0.443s] -- Installing: /home/tk/robot_manipulator/Panthera-HT_ROS2_Jazzy/install/with_gripper_config/share/with_gripper_config/launch/demo.launch.py
[0.443s] -- Installing: /home/tk/robot_manipulator/Panthera-HT_ROS2_Jazzy/install/with_gripper_config/share/with_gripper_config/launch/move_group.launch.py
[0.444s] -- Installing: /home/tk/robot_manipulator/Panthera-HT_ROS2_Jazzy/install/with_gripper_config/share/with_gripper_config/launch/setup_assistant.launch.py
[0.444s] -- Installing: /home/tk/robot_manipulator/Panthera-HT_ROS2_Jazzy/install/with_gripper_config/share/with_gripper_config/launch/hardware_moveit_rviz.launch.py
[0.444s] -- Installing: /home/tk/robot_manipulator/Panthera-HT_ROS2_Jazzy/install/with_gripper_config/share/with_gripper_config/launch/rsp.launch.py
[0.444s] -- Installing: /home/tk/robot_manipulator/Panthera-HT_ROS2_Jazzy/install/with_gripper_config/share/with_gripper_config/launch/hardware.launch.py
[0.444s] -- Installing: /home/tk/robot_manipulator/Panthera-HT_ROS2_Jazzy/install/with_gripper_config/share/with_gripper_config/launch/moveit_rviz.launch.py
[0.444s] -- Installing: /home/tk/robot_manipulator/Panthera-HT_ROS2_Jazzy/install/with_gripper_config/share/with_gripper_config/launch/hardware_moveit.launch.py
[0.444s] -- Installing: /home/tk/robot_manipulator/Panthera-HT_ROS2_Jazzy/install/with_gripper_config/share/with_gripper_config/launch/static_virtual_joint_tfs.launch.py
[0.444s] -- Installing: /home/tk/robot_manipulator/Panthera-HT_ROS2_Jazzy/install/with_gripper_config/share/with_gripper_config/config
[0.444s] -- Installing: /home/tk/robot_manipulator/Panthera-HT_ROS2_Jazzy/install/with_gripper_config/share/with_gripper_config/config/Panthera-HT_description_hardware.urdf.xacro
[0.444s] -- Installing: /home/tk/robot_manipulator/Panthera-HT_ROS2_Jazzy/install/with_gripper_config/share/with_gripper_config/config/joint_limits.yaml
[0.444s] -- Installing: /home/tk/robot_manipulator/Panthera-HT_ROS2_Jazzy/install/with_gripper_config/share/with_gripper_config/config/kinematics.yaml
[0.444s] -- Installing: /home/tk/robot_manipulator/Panthera-HT_ROS2_Jazzy/install/with_gripper_config/share/with_gripper_config/config/moveit.rviz
[0.444s] -- Installing: /home/tk/robot_manipulator/Panthera-HT_ROS2_Jazzy/install/with_gripper_config/share/with_gripper_config/config/ros2_controllers_hardware.yaml
[0.444s] -- Installing: /home/tk/robot_manipulator/Panthera-HT_ROS2_Jazzy/install/with_gripper_config/share/with_gripper_config/config/pilz_cartesian_limits.yaml
[0.444s] -- Installing: /home/tk/robot_manipulator/Panthera-HT_ROS2_Jazzy/install/with_gripper_config/share/with_gripper_config/config/Panthera-HT_description_hardware.ros2_control.xacro
[0.444s] -- Installing: /home/tk/robot_manipulator/Panthera-HT_ROS2_Jazzy/install/with_gripper_config/share/with_gripper_config/config/ros2_controllers.yaml
[0.444s] -- Installing: /home/tk/robot_manipulator/Panthera-HT_ROS2_Jazzy/install/with_gripper_config/share/with_gripper_config/config/Panthera-HT_description.srdf
[0.444s] -- Installing: /home/tk/robot_manipulator/Panthera-HT_ROS2_Jazzy/install/with_gripper_config/share/with_gripper_config/config/Panthera-HT_description.urdf.xacro
[0.444s] -- Installing: /home/tk/robot_manipulator/Panthera-HT_ROS2_Jazzy/install/with_gripper_config/share/with_gripper_config/config/Panthera-HT_description.ros2_control.xacro
[0.444s] -- Installing: /home/tk/robot_manipulator/Panthera-HT_ROS2_Jazzy/install/with_gripper_config/share/with_gripper_config/config/moveit_controllers.yaml
[0.444s] -- Installing: /home/tk/robot_manipulator/Panthera-HT_ROS2_Jazzy/install/with_gripper_config/share/with_gripper_config/config/initial_positions.yaml
[0.444s] -- Installing: /home/tk/robot_manipulator/Panthera-HT_ROS2_Jazzy/install/with_gripper_config/share/with_gripper_config/robot_param
[0.444s] -- Installing: /home/tk/robot_manipulator/Panthera-HT_ROS2_Jazzy/install/with_gripper_config/share/with_gripper_config/robot_param/motor_param
[0.444s] -- Installing: /home/tk/robot_manipulator/Panthera-HT_ROS2_Jazzy/install/with_gripper_config/share/with_gripper_config/robot_param/motor_param/robot_config.yaml
[0.444s] -- Installing: /home/tk/robot_manipulator/Panthera-HT_ROS2_Jazzy/install/with_gripper_config/share/with_gripper_config/robot_param/motor_param/motor_6.yaml
[0.444s] -- Installing: /home/tk/robot_manipulator/Panthera-HT_ROS2_Jazzy/install/with_gripper_config/share/with_gripper_config/robot_param/motor_param/6dof_Panthera_params_leader.yaml.bak
[0.444s] -- Installing: /home/tk/robot_manipulator/Panthera-HT_ROS2_Jazzy/install/with_gripper_config/share/with_gripper_config/robot_param/motor_param/6dof_Panthera_params_leader.yaml
[0.444s] -- Installing: /home/tk/robot_manipulator/Panthera-HT_ROS2_Jazzy/install/with_gripper_config/share/with_gripper_config/robot_param/motor_param/motor_1.yaml
[0.444s] -- Installing: /home/tk/robot_manipulator/Panthera-HT_ROS2_Jazzy/install/with_gripper_config/share/with_gripper_config/robot_param/motor_param/6dof_Panthera_params_follower.yaml
[0.444s] -- Installing: /home/tk/robot_manipulator/Panthera-HT_ROS2_Jazzy/install/with_gripper_config/share/with_gripper_config/robot_param/Follower_absolute.yaml
[0.444s] -- Installing: /home/tk/robot_manipulator/Panthera-HT_ROS2_Jazzy/install/with_gripper_config/share/with_gripper_config/.setup_assistant
[0.445s] Invoked command in '/home/tk/robot_manipulator/Panthera-HT_ROS2_Jazzy/build/with_gripper_config' returned '0': AMENT_PREFIX_PATH=/home/tk/robot_manipulator/Panthera-HT_ROS2_Jazzy/install/panthera_ht_description_with_finger:${AMENT_PREFIX_PATH} CMAKE_PREFIX_PATH=/home/tk/robot_manipulator/Panthera-HT_ROS2_Jazzy/install/panthera_ht_description_with_finger:/opt/ros/jazzy/opt/gz_sim_vendor:/opt/ros/jazzy/opt/gz_sensors_vendor:/opt/ros/jazzy/opt/gz_physics_vendor:/opt/ros/jazzy/opt/sdformat_vendor:/opt/ros/jazzy/opt/gz_gui_vendor:/opt/ros/jazzy/opt/gz_transport_vendor:/opt/ros/jazzy/opt/gz_rendering_vendor:/opt/ros/jazzy/opt/gz_plugin_vendor:/opt/ros/jazzy/opt/gz_fuel_tools_vendor:/opt/ros/jazzy/opt/gz_msgs_vendor:/opt/ros/jazzy/opt/gz_common_vendor:/opt/ros/jazzy/opt/gz_math_vendor:/opt/ros/jazzy/opt/gz_utils_vendor:/opt/ros/jazzy/opt/gz_tools_vendor:/opt/ros/jazzy/opt/gz_ogre_next_vendor:/opt/ros/jazzy/opt/gz_dartsim_vendor:/opt/ros/jazzy/opt/gz_cmake_vendor:/opt/ros/jazzy DEBUGINFOD_URLS=https://debuginfod.ubuntu.com /usr/bin/cmake --install /home/tk/robot_manipulator/Panthera-HT_ROS2_Jazzy/build/with_gripper_config
