-- Found ament_cmake: 2.5.4 (/opt/ros/jazzy/share/ament_cmake/cmake)
-- Found rclcpp: 28.1.13 (/opt/ros/jazzy/share/rclcpp/cmake)
-- Found rosidl_generator_c: 4.6.6 (/opt/ros/jazzy/share/rosidl_generator_c/cmake)
-- Found rosidl_generator_cpp: 4.6.6 (/opt/ros/jazzy/share/rosidl_generator_cpp/cmake)
-- Using all available rosidl_typesupport_c: rosidl_typesupport_fastrtps_c;rosidl_typesupport_introspection_c
-- Using all available rosidl_typesupport_cpp: rosidl_typesupport_fastrtps_cpp;rosidl_typesupport_introspection_cpp
-- Found rmw_implementation_cmake: 7.3.2 (/opt/ros/jazzy/share/rmw_implementation_cmake/cmake)
-- Found rmw_cyclonedds_cpp: 2.2.3 (/opt/ros/jazzy/share/rmw_cyclonedds_cpp/cmake)
-- Using RMW implementation 'rmw_cyclonedds_cpp' as default
-- Found example_interfaces: 0.12.0 (/opt/ros/jazzy/share/example_interfaces/cmake)
-- Found panthera_interfaces: 0.0.0 (/home/tk/robot_manipulator/Panthera-HT_ROS2_Jazzy/install/panthera_interfaces/share/panthera_interfaces/cmake)
-- Found sensor_msgs: 5.3.6 (/opt/ros/jazzy/share/sensor_msgs/cmake)
-- Found std_srvs: 5.3.6 (/opt/ros/jazzy/share/std_srvs/cmake)
-- Found kdl_parser: 2.11.0 (/opt/ros/jazzy/share/kdl_parser/cmake)
-- Found eigen3_cmake_module: 0.3.0 (/opt/ros/jazzy/share/eigen3_cmake_module/cmake)
-- Ensuring Eigen3 include directory is part of orocos-kdl CMake target
-- Found tf2: 0.36.16 (/opt/ros/jazzy/share/tf2/cmake)
-- Found tf2_kdl: 0.36.16 (/opt/ros/jazzy/share/tf2_kdl/cmake)
-- Found ament_lint_auto: 0.17.3 (/opt/ros/jazzy/share/ament_lint_auto/cmake)
-- Added test 'cppcheck' to perform static code analysis on C / C++ code
-- Configured cppcheck include dirs: 
-- Configured cppcheck exclude dirs and/or files: 
-- Added test 'flake8' to check Python code syntax and style conventions
-- Configured 'flake8' exclude dirs and/or files: 
-- Added test 'lint_cmake' to check CMake code style
-- Added test 'pep257' to check Python code against some of the docstring style conventions in PEP 257
-- Added test 'uncrustify' to check C / C++ code style
-- Configured uncrustify additional arguments: 
-- Added test 'xmllint' to check XML markup files
-- Configuring done (0.4s)
-- Generating done (0.0s)
-- Build files have been written to: /home/tk/robot_manipulator/Panthera-HT_ROS2_Jazzy/build/panthera_arm_control
[ 50%] Building CXX object CMakeFiles/arm_control_node.dir/src/arm_control_node.cpp.o
[100%] Linking CXX executable arm_control_node
[100%] Built target arm_control_node
-- Install configuration: ""
-- Installing: /home/tk/robot_manipulator/Panthera-HT_ROS2_Jazzy/install/panthera_arm_control/lib/panthera_arm_control/arm_control_node
-- Set non-toolchain portion of runtime path of "/home/tk/robot_manipulator/Panthera-HT_ROS2_Jazzy/install/panthera_arm_control/lib/panthera_arm_control/arm_control_node" to ""
-- Installing: /home/tk/robot_manipulator/Panthera-HT_ROS2_Jazzy/install/panthera_arm_control/share/panthera_arm_control/launch
-- Installing: /home/tk/robot_manipulator/Panthera-HT_ROS2_Jazzy/install/panthera_arm_control/share/panthera_arm_control/launch/arm_control.launch.py
-- Installing: /home/tk/robot_manipulator/Panthera-HT_ROS2_Jazzy/install/panthera_arm_control/share/ament_index/resource_index/package_run_dependencies/panthera_arm_control
-- Installing: /home/tk/robot_manipulator/Panthera-HT_ROS2_Jazzy/install/panthera_arm_control/share/ament_index/resource_index/parent_prefix_path/panthera_arm_control
-- Installing: /home/tk/robot_manipulator/Panthera-HT_ROS2_Jazzy/install/panthera_arm_control/share/panthera_arm_control/environment/ament_prefix_path.sh
-- Installing: /home/tk/robot_manipulator/Panthera-HT_ROS2_Jazzy/install/panthera_arm_control/share/panthera_arm_control/environment/ament_prefix_path.dsv
-- Installing: /home/tk/robot_manipulator/Panthera-HT_ROS2_Jazzy/install/panthera_arm_control/share/panthera_arm_control/environment/path.sh
-- Installing: /home/tk/robot_manipulator/Panthera-HT_ROS2_Jazzy/install/panthera_arm_control/share/panthera_arm_control/environment/path.dsv
-- Installing: /home/tk/robot_manipulator/Panthera-HT_ROS2_Jazzy/install/panthera_arm_control/share/panthera_arm_control/local_setup.bash
-- Installing: /home/tk/robot_manipulator/Panthera-HT_ROS2_Jazzy/install/panthera_arm_control/share/panthera_arm_control/local_setup.sh
-- Installing: /home/tk/robot_manipulator/Panthera-HT_ROS2_Jazzy/install/panthera_arm_control/share/panthera_arm_control/local_setup.zsh
-- Installing: /home/tk/robot_manipulator/Panthera-HT_ROS2_Jazzy/install/panthera_arm_control/share/panthera_arm_control/local_setup.dsv
-- Installing: /home/tk/robot_manipulator/Panthera-HT_ROS2_Jazzy/install/panthera_arm_control/share/panthera_arm_control/package.dsv
-- Installing: /home/tk/robot_manipulator/Panthera-HT_ROS2_Jazzy/install/panthera_arm_control/share/ament_index/resource_index/packages/panthera_arm_control
-- Installing: /home/tk/robot_manipulator/Panthera-HT_ROS2_Jazzy/install/panthera_arm_control/share/panthera_arm_control/cmake/panthera_arm_controlConfig.cmake
-- Installing: /home/tk/robot_manipulator/Panthera-HT_ROS2_Jazzy/install/panthera_arm_control/share/panthera_arm_control/cmake/panthera_arm_controlConfig-version.cmake
-- Installing: /home/tk/robot_manipulator/Panthera-HT_ROS2_Jazzy/install/panthera_arm_control/share/panthera_arm_control/package.xml
