/home/tk/robot_manipulator/Panthera-HT_ROS2_Jazzy/src/panthera_arm_control/src/arm_control_node.cpp: In member function ‘void ArmControlNode::gripperControlService(panthera_interfaces::srv::GripperControl_Request_<std::allocator<void> >::SharedPtr, panthera_interfaces::srv::GripperControl_Response_<std::allocator<void> >::SharedPtr)’:
/home/tk/robot_manipulator/Panthera-HT_ROS2_Jazzy/src/panthera_arm_control/src/arm_control_node.cpp:580:23: error: ‘using std::__shared_ptr_access<panthera_interfaces::srv::GripperControl_Response_<std::allocator<void> >, __gnu_cxx::_S_atomic, false, false>::element_type = struct panthera_interfaces::srv::GripperControl_Response_<std::allocator<void> >’ {aka ‘struct panthera_interfaces::srv::GripperControl_Response_<std::allocator<void> >’} has no member named ‘success’
  580 |             response->success = false;
      |                       ^~~~~~~
/home/tk/robot_manipulator/Panthera-HT_ROS2_Jazzy/src/panthera_arm_control/src/arm_control_node.cpp:581:23: error: ‘using std::__shared_ptr_access<panthera_interfaces::srv::GripperControl_Response_<std::allocator<void> >, __gnu_cxx::_S_atomic, false, false>::element_type = struct panthera_interfaces::srv::GripperControl_Response_<std::allocator<void> >’ {aka ‘struct panthera_interfaces::srv::GripperControl_Response_<std::allocator<void> >’} has no member named ‘message’
  581 |             response->message = "Arm is disabled";
      |                       ^~~~~~~
In file included from /opt/ros/jazzy/include/rclcpp/rclcpp/logging.hpp:24,
                 from /opt/ros/jazzy/include/rclcpp/rclcpp/copy_all_parameter_values.hpp:27,
                 from /opt/ros/jazzy/include/rclcpp/rclcpp/rclcpp.hpp:171,
                 from /home/tk/robot_manipulator/Panthera-HT_ROS2_Jazzy/src/panthera_arm_control/src/arm_control_node.cpp:10:
/home/tk/robot_manipulator/Panthera-HT_ROS2_Jazzy/src/panthera_arm_control/src/arm_control_node.cpp:585:73: error: ‘using std::__shared_ptr_access<panthera_interfaces::srv::GripperControl_Request_<std::allocator<void> >, __gnu_cxx::_S_atomic, false, false>::element_type = struct panthera_interfaces::srv::GripperControl_Request_<std::allocator<void> >’ {aka ‘struct panthera_interfaces::srv::GripperControl_Request_<std::allocator<void> >’} has no member named ‘action’
  585 |         RCLCPP_INFO(this->get_logger(), "gripper_control: %s", request->action.c_str());
      |                                                                         ^~~~~~
/home/tk/robot_manipulator/Panthera-HT_ROS2_Jazzy/src/panthera_arm_control/src/arm_control_node.cpp:588:22: error: ‘using std::__shared_ptr_access<panthera_interfaces::srv::GripperControl_Request_<std::allocator<void> >, __gnu_cxx::_S_atomic, false, false>::element_type = struct panthera_interfaces::srv::GripperControl_Request_<std::allocator<void> >’ {aka ‘struct panthera_interfaces::srv::GripperControl_Request_<std::allocator<void> >’} has no member named ‘action’
  588 |         if (request->action == "open") {
      |                      ^~~~~~
/home/tk/robot_manipulator/Panthera-HT_ROS2_Jazzy/src/panthera_arm_control/src/arm_control_node.cpp:590:29: error: ‘using std::__shared_ptr_access<panthera_interfaces::srv::GripperControl_Request_<std::allocator<void> >, __gnu_cxx::_S_atomic, false, false>::element_type = struct panthera_interfaces::srv::GripperControl_Request_<std::allocator<void> >’ {aka ‘struct panthera_interfaces::srv::GripperControl_Request_<std::allocator<void> >’} has no member named ‘action’
  590 |         } else if (request->action == "close") {
      |                             ^~~~~~
/home/tk/robot_manipulator/Panthera-HT_ROS2_Jazzy/src/panthera_arm_control/src/arm_control_node.cpp:592:29: error: ‘using std::__shared_ptr_access<panthera_interfaces::srv::GripperControl_Request_<std::allocator<void> >, __gnu_cxx::_S_atomic, false, false>::element_type = struct panthera_interfaces::srv::GripperControl_Request_<std::allocator<void> >’ {aka ‘struct panthera_interfaces::srv::GripperControl_Request_<std::allocator<void> >’} has no member named ‘action’
  592 |         } else if (request->action == "half_open") {
      |                             ^~~~~~
/home/tk/robot_manipulator/Panthera-HT_ROS2_Jazzy/src/panthera_arm_control/src/arm_control_node.cpp:595:23: error: ‘using std::__shared_ptr_access<panthera_interfaces::srv::GripperControl_Response_<std::allocator<void> >, __gnu_cxx::_S_atomic, false, false>::element_type = struct panthera_interfaces::srv::GripperControl_Response_<std::allocator<void> >’ {aka ‘struct panthera_interfaces::srv::GripperControl_Response_<std::allocator<void> >’} has no member named ‘success’
  595 |             response->success = false;
      |                       ^~~~~~~
/home/tk/robot_manipulator/Panthera-HT_ROS2_Jazzy/src/panthera_arm_control/src/arm_control_node.cpp:596:23: error: ‘using std::__shared_ptr_access<panthera_interfaces::srv::GripperControl_Response_<std::allocator<void> >, __gnu_cxx::_S_atomic, false, false>::element_type = struct panthera_interfaces::srv::GripperControl_Response_<std::allocator<void> >’ {aka ‘struct panthera_interfaces::srv::GripperControl_Response_<std::allocator<void> >’} has no member named ‘message’
  596 |             response->message = "Unknown action: " + request->action + ". Use open/close/half_open";
      |                       ^~~~~~~
/home/tk/robot_manipulator/Panthera-HT_ROS2_Jazzy/src/panthera_arm_control/src/arm_control_node.cpp:596:63: error: ‘using std::__shared_ptr_access<panthera_interfaces::srv::GripperControl_Request_<std::allocator<void> >, __gnu_cxx::_S_atomic, false, false>::element_type = struct panthera_interfaces::srv::GripperControl_Request_<std::allocator<void> >’ {aka ‘struct panthera_interfaces::srv::GripperControl_Request_<std::allocator<void> >’} has no member named ‘action’
  596 |             response->message = "Unknown action: " + request->action + ". Use open/close/half_open";
      |                                                               ^~~~~~
/home/tk/robot_manipulator/Panthera-HT_ROS2_Jazzy/src/panthera_arm_control/src/arm_control_node.cpp:600:19: error: ‘using std::__shared_ptr_access<panthera_interfaces::srv::GripperControl_Response_<std::allocator<void> >, __gnu_cxx::_S_atomic, false, false>::element_type = struct panthera_interfaces::srv::GripperControl_Response_<std::allocator<void> >’ {aka ‘struct panthera_interfaces::srv::GripperControl_Response_<std::allocator<void> >’} has no member named ‘success’
  600 |         response->success = true;
      |                   ^~~~~~~
/home/tk/robot_manipulator/Panthera-HT_ROS2_Jazzy/src/panthera_arm_control/src/arm_control_node.cpp:601:19: error: ‘using std::__shared_ptr_access<panthera_interfaces::srv::GripperControl_Response_<std::allocator<void> >, __gnu_cxx::_S_atomic, false, false>::element_type = struct panthera_interfaces::srv::GripperControl_Response_<std::allocator<void> >’ {aka ‘struct panthera_interfaces::srv::GripperControl_Response_<std::allocator<void> >’} has no member named ‘message’
  601 |         response->message = "Gripper " + request->action + " done";
      |                   ^~~~~~~
/home/tk/robot_manipulator/Panthera-HT_ROS2_Jazzy/src/panthera_arm_control/src/arm_control_node.cpp:601:51: error: ‘using std::__shared_ptr_access<panthera_interfaces::srv::GripperControl_Request_<std::allocator<void> >, __gnu_cxx::_S_atomic, false, false>::element_type = struct panthera_interfaces::srv::GripperControl_Request_<std::allocator<void> >’ {aka ‘struct panthera_interfaces::srv::GripperControl_Request_<std::allocator<void> >’} has no member named ‘action’
  601 |         response->message = "Gripper " + request->action + " done";
      |                                                   ^~~~~~
/home/tk/robot_manipulator/Panthera-HT_ROS2_Jazzy/src/panthera_arm_control/src/arm_control_node.cpp: In member function ‘void ArmControlNode::gripperDetailService(panthera_interfaces::srv::GripperSrv_Request_<std::allocator<void> >::SharedPtr, panthera_interfaces::srv::GripperSrv_Response_<std::allocator<void> >::SharedPtr)’:
/home/tk/robot_manipulator/Panthera-HT_ROS2_Jazzy/src/panthera_arm_control/src/arm_control_node.cpp:676:23: error: ‘using std::__shared_ptr_access<panthera_interfaces::srv::GripperSrv_Response_<std::allocator<void> >, __gnu_cxx::_S_atomic, false, false>::element_type = struct panthera_interfaces::srv::GripperSrv_Response_<std::allocator<void> >’ {aka ‘struct panthera_interfaces::srv::GripperSrv_Response_<std::allocator<void> >’} has no member named ‘code’
  676 |             response->code = -1;
      |                       ^~~~
/home/tk/robot_manipulator/Panthera-HT_ROS2_Jazzy/src/panthera_arm_control/src/arm_control_node.cpp:677:23: error: ‘using std::__shared_ptr_access<panthera_interfaces::srv::GripperSrv_Response_<std::allocator<void> >, __gnu_cxx::_S_atomic, false, false>::element_type = struct panthera_interfaces::srv::GripperSrv_Response_<std::allocator<void> >’ {aka ‘struct panthera_interfaces::srv::GripperSrv_Response_<std::allocator<void> >’} has no member named ‘status’
  677 |             response->status = false;
      |                       ^~~~~~
/home/tk/robot_manipulator/Panthera-HT_ROS2_Jazzy/src/panthera_arm_control/src/arm_control_node.cpp:682:30: error: ‘using std::__shared_ptr_access<panthera_interfaces::srv::GripperSrv_Request_<std::allocator<void> >, __gnu_cxx::_S_atomic, false, false>::element_type = struct panthera_interfaces::srv::GripperSrv_Request_<std::allocator<void> >’ {aka ‘struct panthera_interfaces::srv::GripperSrv_Request_<std::allocator<void> >’} has no member named ‘gripper_angle’
  682 |                     request->gripper_angle, request->gripper_effort);
      |                              ^~~~~~~~~~~~~
/home/tk/robot_manipulator/Panthera-HT_ROS2_Jazzy/src/panthera_arm_control/src/arm_control_node.cpp:682:54: error: ‘using std::__shared_ptr_access<panthera_interfaces::srv::GripperSrv_Request_<std::allocator<void> >, __gnu_cxx::_S_atomic, false, false>::element_type = struct panthera_interfaces::srv::GripperSrv_Request_<std::allocator<void> >’ {aka ‘struct panthera_interfaces::srv::GripperSrv_Request_<std::allocator<void> >’} has no member named ‘gripper_effort’
  682 |                     request->gripper_angle, request->gripper_effort);
      |                                                      ^~~~~~~~~~~~~~
/home/tk/robot_manipulator/Panthera-HT_ROS2_Jazzy/src/panthera_arm_control/src/arm_control_node.cpp:684:22: error: ‘using std::__shared_ptr_access<panthera_interfaces::srv::GripperSrv_Request_<std::allocator<void> >, __gnu_cxx::_S_atomic, false, false>::element_type = struct panthera_interfaces::srv::GripperSrv_Request_<std::allocator<void> >’ {aka ‘struct panthera_interfaces::srv::GripperSrv_Request_<std::allocator<void> >’} has no member named ‘set_zero’
  684 |         if (request->set_zero) {
      |                      ^~~~~~~~
/home/tk/robot_manipulator/Panthera-HT_ROS2_Jazzy/src/panthera_arm_control/src/arm_control_node.cpp:688:23: error: ‘using std::__shared_ptr_access<panthera_interfaces::srv::GripperSrv_Response_<std::allocator<void> >, __gnu_cxx::_S_atomic, false, false>::element_type = struct panthera_interfaces::srv::GripperSrv_Response_<std::allocator<void> >’ {aka ‘struct panthera_interfaces::srv::GripperSrv_Response_<std::allocator<void> >’} has no member named ‘code’
  688 |             response->code = 0;
      |                       ^~~~
/home/tk/robot_manipulator/Panthera-HT_ROS2_Jazzy/src/panthera_arm_control/src/arm_control_node.cpp:689:23: error: ‘using std::__shared_ptr_access<panthera_interfaces::srv::GripperSrv_Response_<std::allocator<void> >, __gnu_cxx::_S_atomic, false, false>::element_type = struct panthera_interfaces::srv::GripperSrv_Response_<std::allocator<void> >’ {aka ‘struct panthera_interfaces::srv::GripperSrv_Response_<std::allocator<void> >’} has no member named ‘status’
  689 |             response->status = true;
      |                       ^~~~~~
/home/tk/robot_manipulator/Panthera-HT_ROS2_Jazzy/src/panthera_arm_control/src/arm_control_node.cpp:693:45: error: ‘using std::__shared_ptr_access<panthera_interfaces::srv::GripperSrv_Request_<std::allocator<void> >, __gnu_cxx::_S_atomic, false, false>::element_type = struct panthera_interfaces::srv::GripperSrv_Request_<std::allocator<void> >’ {aka ‘struct panthera_interfaces::srv::GripperSrv_Request_<std::allocator<void> >’} has no member named ‘gripper_effort’
  693 |         double effort = std::clamp(request->gripper_effort, 0.1, 2.0);
      |                                             ^~~~~~~~~~~~~~
/home/tk/robot_manipulator/Panthera-HT_ROS2_Jazzy/src/panthera_arm_control/src/arm_control_node.cpp:696:56: error: ‘using std::__shared_ptr_access<panthera_interfaces::srv::GripperSrv_Request_<std::allocator<void> >, __gnu_cxx::_S_atomic, false, false>::element_type = struct panthera_interfaces::srv::GripperSrv_Request_<std::allocator<void> >’ {aka ‘struct panthera_interfaces::srv::GripperSrv_Request_<std::allocator<void> >’} has no member named ‘gripper_angle’
  696 |         bool success = robot_->gripperControl(request->gripper_angle, 0.5, effort);
      |                                                        ^~~~~~~~~~~~~
/home/tk/robot_manipulator/Panthera-HT_ROS2_Jazzy/src/panthera_arm_control/src/arm_control_node.cpp:699:19: error: ‘using std::__shared_ptr_access<panthera_interfaces::srv::GripperSrv_Response_<std::allocator<void> >, __gnu_cxx::_S_atomic, false, false>::element_type = struct panthera_interfaces::srv::GripperSrv_Response_<std::allocator<void> >’ {aka ‘struct panthera_interfaces::srv::GripperSrv_Response_<std::allocator<void> >’} has no member named ‘status’
  699 |         response->status = success;
      |                   ^~~~~~
/home/tk/robot_manipulator/Panthera-HT_ROS2_Jazzy/src/panthera_arm_control/src/arm_control_node.cpp:700:19: error: ‘using std::__shared_ptr_access<panthera_interfaces::srv::GripperSrv_Response_<std::allocator<void> >, __gnu_cxx::_S_atomic, false, false>::element_type = struct panthera_interfaces::srv::GripperSrv_Response_<std::allocator<void> >’ {aka ‘struct panthera_interfaces::srv::GripperSrv_Response_<std::allocator<void> >’} has no member named ‘code’
  700 |         response->code = success ? 0 : -2;
      |                   ^~~~
gmake[2]: *** [CMakeFiles/arm_control_node.dir/build.make:76：CMakeFiles/arm_control_node.dir/src/arm_control_node.cpp.o] 错误 1
gmake[1]: *** [CMakeFiles/Makefile2:137：CMakeFiles/arm_control_node.dir/all] 错误 2
gmake: *** [Makefile:146：all] 错误 2
