-- The C compiler identification is GNU 13.3.0
-- The CXX compiler identification is GNU 13.3.0
-- Detecting C compiler ABI info
-- Detecting C compiler ABI info - done
-- Check for working C compiler: /usr/bin/cc - skipped
-- Detecting C compile features
-- Detecting C compile features - done
-- Detecting CXX compiler ABI info
-- Detecting CXX compiler ABI info - done
-- Check for working CXX compiler: /usr/bin/c++ - skipped
-- Detecting CXX compile features
-- Detecting CXX compile features - done
-- Found ament_cmake: 2.5.4 (/opt/ros/jazzy/share/ament_cmake/cmake)
-- Found Python3: /home/tk/anaconda3/bin/python3 (found version "3.13.5") found components: Interpreter 
-- Found rclcpp: 28.1.13 (/opt/ros/jazzy/share/rclcpp/cmake)
-- Found rosidl_generator_c: 4.6.6 (/opt/ros/jazzy/share/rosidl_generator_c/cmake)
-- Found rosidl_generator_cpp: 4.6.6 (/opt/ros/jazzy/share/rosidl_generator_cpp/cmake)
-- Using all available rosidl_typesupport_c: rosidl_typesupport_fastrtps_c;rosidl_typesupport_introspection_c
-- Using all available rosidl_typesupport_cpp: rosidl_typesupport_fastrtps_cpp;rosidl_typesupport_introspection_cpp
-- Found rmw_implementation_cmake: 7.3.2 (/opt/ros/jazzy/share/rmw_implementation_cmake/cmake)
-- Found rmw_cyclonedds_cpp: 2.2.3 (/opt/ros/jazzy/share/rmw_cyclonedds_cpp/cmake)
-- Using RMW implementation 'rmw_cyclonedds_cpp' as default
-- Found example_interfaces: 0.12.0 (/opt/ros/jazzy/share/example_interfaces/cmake)
-- Found panthera_interfaces: 0.0.0 (/home/tk/robot_manipulator/Panthera-HT_ROS2_Jazzy/install/panthera_interfaces/share/panthera_interfaces/cmake)
-- Found sensor_msgs: 5.3.6 (/opt/ros/jazzy/share/sensor_msgs/cmake)
-- Found std_srvs: 5.3.6 (/opt/ros/jazzy/share/std_srvs/cmake)
-- Found kdl_parser: 2.11.0 (/opt/ros/jazzy/share/kdl_parser/cmake)
-- Found eigen3_cmake_module: 0.3.0 (/opt/ros/jazzy/share/eigen3_cmake_module/cmake)
-- Found Eigen3: TRUE (found version "3.4.0") 
-- Ensuring Eigen3 include directory is part of orocos-kdl CMake target
-- Found tf2: 0.36.16 (/opt/ros/jazzy/share/tf2/cmake)
-- Found tf2_kdl: 0.36.16 (/opt/ros/jazzy/share/tf2_kdl/cmake)
-- Found ament_lint_auto: 0.17.3 (/opt/ros/jazzy/share/ament_lint_auto/cmake)
-- Added test 'cppcheck' to perform static code analysis on C / C++ code
-- Configured cppcheck include dirs: 
-- Configured cppcheck exclude dirs and/or files: 
-- Added test 'flake8' to check Python code syntax and style conventions
-- Configured 'flake8' exclude dirs and/or files: 
-- Added test 'lint_cmake' to check CMake code style
-- Added test 'pep257' to check Python code against some of the docstring style conventions in PEP 257
-- Added test 'uncrustify' to check C / C++ code style
-- Configured uncrustify additional arguments: 
-- Added test 'xmllint' to check XML markup files
-- Configuring done (0.9s)
-- Generating done (0.0s)
-- Build files have been written to: /home/tk/robot_manipulator/Panthera-HT_ROS2_Jazzy/build/panthera_arm_control
[ 50%] Building CXX object CMakeFiles/arm_control_node.dir/src/arm_control_node.cpp.o
/home/tk/robot_manipulator/Panthera-HT_ROS2_Jazzy/src/panthera_arm_control/src/arm_control_node.cpp: In member function ‘void ArmControlNode::gripperControlService(panthera_interfaces::srv::GripperControl_Request_<std::allocator<void> >::SharedPtr, panthera_interfaces::srv::GripperControl_Response_<std::allocator<void> >::SharedPtr)’:
/home/tk/robot_manipulator/Panthera-HT_ROS2_Jazzy/src/panthera_arm_control/src/arm_control_node.cpp:580:23: error: ‘using std::__shared_ptr_access<panthera_interfaces::srv::GripperControl_Response_<std::allocator<void> >, __gnu_cxx::_S_atomic, false, false>::element_type = struct panthera_interfaces::srv::GripperControl_Response_<std::allocator<void> >’ {aka ‘struct panthera_interfaces::srv::GripperControl_Response_<std::allocator<void> >’} has no member named ‘success’
  580 |             response->success = false;
      |                       ^~~~~~~
/home/tk/robot_manipulator/Panthera-HT_ROS2_Jazzy/src/panthera_arm_control/src/arm_control_node.cpp:581:23: error: ‘using std::__shared_ptr_access<panthera_interfaces::srv::GripperControl_Response_<std::allocator<void> >, __gnu_cxx::_S_atomic, false, false>::element_type = struct panthera_interfaces::srv::GripperControl_Response_<std::allocator<void> >’ {aka ‘struct panthera_interfaces::srv::GripperControl_Response_<std::allocator<void> >’} has no member named ‘message’
  581 |             response->message = "Arm is disabled";
      |                       ^~~~~~~
In file included from /opt/ros/jazzy/include/rclcpp/rclcpp/logging.hpp:24,
                 from /opt/ros/jazzy/include/rclcpp/rclcpp/copy_all_parameter_values.hpp:27,
                 from /opt/ros/jazzy/include/rclcpp/rclcpp/rclcpp.hpp:171,
                 from /home/tk/robot_manipulator/Panthera-HT_ROS2_Jazzy/src/panthera_arm_control/src/arm_control_node.cpp:10:
/home/tk/robot_manipulator/Panthera-HT_ROS2_Jazzy/src/panthera_arm_control/src/arm_control_node.cpp:585:73: error: ‘using std::__shared_ptr_access<panthera_interfaces::srv::GripperControl_Request_<std::allocator<void> >, __gnu_cxx::_S_atomic, false, false>::element_type = struct panthera_interfaces::srv::GripperControl_Request_<std::allocator<void> >’ {aka ‘struct panthera_interfaces::srv::GripperControl_Request_<std::allocator<void> >’} has no member named ‘action’
  585 |         RCLCPP_INFO(this->get_logger(), "gripper_control: %s", request->action.c_str());
      |                                                                         ^~~~~~
/home/tk/robot_manipulator/Panthera-HT_ROS2_Jazzy/src/panthera_arm_control/src/arm_control_node.cpp:588:22: error: ‘using std::__shared_ptr_access<panthera_interfaces::srv::GripperControl_Request_<std::allocator<void> >, __gnu_cxx::_S_atomic, false, false>::element_type = struct panthera_interfaces::srv::GripperControl_Request_<std::allocator<void> >’ {aka ‘struct panthera_interfaces::srv::GripperControl_Request_<std::allocator<void> >’} has no member named ‘action’
  588 |         if (request->action == "open") {
      |                      ^~~~~~
/home/tk/robot_manipulator/Panthera-HT_ROS2_Jazzy/src/panthera_arm_control/src/arm_control_node.cpp:590:29: error: ‘using std::__shared_ptr_access<panthera_interfaces::srv::GripperControl_Request_<std::allocator<void> >, __gnu_cxx::_S_atomic, false, false>::element_type = struct panthera_interfaces::srv::GripperControl_Request_<std::allocator<void> >’ {aka ‘struct panthera_interfaces::srv::GripperControl_Request_<std::allocator<void> >’} has no member named ‘action’
  590 |         } else if (request->action == "close") {
      |                             ^~~~~~
/home/tk/robot_manipulator/Panthera-HT_ROS2_Jazzy/src/panthera_arm_control/src/arm_control_node.cpp:592:29: error: ‘using std::__shared_ptr_access<panthera_interfaces::srv::GripperControl_Request_<std::allocator<void> >, __gnu_cxx::_S_atomic, false, false>::element_type = struct panthera_interfaces::srv::GripperControl_Request_<std::allocator<void> >’ {aka ‘struct panthera_interfaces::srv::GripperControl_Request_<std::allocator<void> >’} has no member named ‘action’
  592 |         } else if (request->action == "half_open") {
      |                             ^~~~~~
/home/tk/robot_manipulator/Panthera-HT_ROS2_Jazzy/src/panthera_arm_control/src/arm_control_node.cpp:595:23: error: ‘using std::__shared_ptr_access<panthera_interfaces::srv::GripperControl_Response_<std::allocator<void> >, __gnu_cxx::_S_atomic, false, false>::element_type = struct panthera_interfaces::srv::GripperControl_Response_<std::allocator<void> >’ {aka ‘struct panthera_interfaces::srv::GripperControl_Response_<std::allocator<void> >’} has no member named ‘success’
  595 |             response->success = false;
      |                       ^~~~~~~
/home/tk/robot_manipulator/Panthera-HT_ROS2_Jazzy/src/panthera_arm_control/src/arm_control_node.cpp:596:23: error: ‘using std::__shared_ptr_access<panthera_interfaces::srv::GripperControl_Response_<std::allocator<void> >, __gnu_cxx::_S_atomic, false, false>::element_type = struct panthera_interfaces::srv::GripperControl_Response_<std::allocator<void> >’ {aka ‘struct panthera_interfaces::srv::GripperControl_Response_<std::allocator<void> >’} has no member named ‘message’
  596 |             response->message = "Unknown action: " + request->action + ". Use open/close/half_open";
      |                       ^~~~~~~
/home/tk/robot_manipulator/Panthera-HT_ROS2_Jazzy/src/panthera_arm_control/src/arm_control_node.cpp:596:63: error: ‘using std::__shared_ptr_access<panthera_interfaces::srv::GripperControl_Request_<std::allocator<void> >, __gnu_cxx::_S_atomic, false, false>::element_type = struct panthera_interfaces::srv::GripperControl_Request_<std::allocator<void> >’ {aka ‘struct panthera_interfaces::srv::GripperControl_Request_<std::allocator<void> >’} has no member named ‘action’
  596 |             response->message = "Unknown action: " + request->action + ". Use open/close/half_open";
      |                                                               ^~~~~~
/home/tk/robot_manipulator/Panthera-HT_ROS2_Jazzy/src/panthera_arm_control/src/arm_control_node.cpp:600:19: error: ‘using std::__shared_ptr_access<panthera_interfaces::srv::GripperControl_Response_<std::allocator<void> >, __gnu_cxx::_S_atomic, false, false>::element_type = struct panthera_interfaces::srv::GripperControl_Response_<std::allocator<void> >’ {aka ‘struct panthera_interfaces::srv::GripperControl_Response_<std::allocator<void> >’} has no member named ‘success’
  600 |         response->success = true;
      |                   ^~~~~~~
/home/tk/robot_manipulator/Panthera-HT_ROS2_Jazzy/src/panthera_arm_control/src/arm_control_node.cpp:601:19: error: ‘using std::__shared_ptr_access<panthera_interfaces::srv::GripperControl_Response_<std::allocator<void> >, __gnu_cxx::_S_atomic, false, false>::element_type = struct panthera_interfaces::srv::GripperControl_Response_<std::allocator<void> >’ {aka ‘struct panthera_interfaces::srv::GripperControl_Response_<std::allocator<void> >’} has no member named ‘message’
  601 |         response->message = "Gripper " + request->action + " done";
      |                   ^~~~~~~
/home/tk/robot_manipulator/Panthera-HT_ROS2_Jazzy/src/panthera_arm_control/src/arm_control_node.cpp:601:51: error: ‘using std::__shared_ptr_access<panthera_interfaces::srv::GripperControl_Request_<std::allocator<void> >, __gnu_cxx::_S_atomic, false, false>::element_type = struct panthera_interfaces::srv::GripperControl_Request_<std::allocator<void> >’ {aka ‘struct panthera_interfaces::srv::GripperControl_Request_<std::allocator<void> >’} has no member named ‘action’
  601 |         response->message = "Gripper " + request->action + " done";
      |                                                   ^~~~~~
/home/tk/robot_manipulator/Panthera-HT_ROS2_Jazzy/src/panthera_arm_control/src/arm_control_node.cpp: In member function ‘void ArmControlNode::gripperDetailService(panthera_interfaces::srv::GripperSrv_Request_<std::allocator<void> >::SharedPtr, panthera_interfaces::srv::GripperSrv_Response_<std::allocator<void> >::SharedPtr)’:
/home/tk/robot_manipulator/Panthera-HT_ROS2_Jazzy/src/panthera_arm_control/src/arm_control_node.cpp:676:23: error: ‘using std::__shared_ptr_access<panthera_interfaces::srv::GripperSrv_Response_<std::allocator<void> >, __gnu_cxx::_S_atomic, false, false>::element_type = struct panthera_interfaces::srv::GripperSrv_Response_<std::allocator<void> >’ {aka ‘struct panthera_interfaces::srv::GripperSrv_Response_<std::allocator<void> >’} has no member named ‘code’
  676 |             response->code = -1;
      |                       ^~~~
/home/tk/robot_manipulator/Panthera-HT_ROS2_Jazzy/src/panthera_arm_control/src/arm_control_node.cpp:677:23: error: ‘using std::__shared_ptr_access<panthera_interfaces::srv::GripperSrv_Response_<std::allocator<void> >, __gnu_cxx::_S_atomic, false, false>::element_type = struct panthera_interfaces::srv::GripperSrv_Response_<std::allocator<void> >’ {aka ‘struct panthera_interfaces::srv::GripperSrv_Response_<std::allocator<void> >’} has no member named ‘status’
  677 |             response->status = false;
      |                       ^~~~~~
/home/tk/robot_manipulator/Panthera-HT_ROS2_Jazzy/src/panthera_arm_control/src/arm_control_node.cpp:682:30: error: ‘using std::__shared_ptr_access<panthera_interfaces::srv::GripperSrv_Request_<std::allocator<void> >, __gnu_cxx::_S_atomic, false, false>::element_type = struct panthera_interfaces::srv::GripperSrv_Request_<std::allocator<void> >’ {aka ‘struct panthera_interfaces::srv::GripperSrv_Request_<std::allocator<void> >’} has no member named ‘gripper_angle’
  682 |                     request->gripper_angle, request->gripper_effort);
      |                              ^~~~~~~~~~~~~
/home/tk/robot_manipulator/Panthera-HT_ROS2_Jazzy/src/panthera_arm_control/src/arm_control_node.cpp:682:54: error: ‘using std::__shared_ptr_access<panthera_interfaces::srv::GripperSrv_Request_<std::allocator<void> >, __gnu_cxx::_S_atomic, false, false>::element_type = struct panthera_interfaces::srv::GripperSrv_Request_<std::allocator<void> >’ {aka ‘struct panthera_interfaces::srv::GripperSrv_Request_<std::allocator<void> >’} has no member named ‘gripper_effort’
  682 |                     request->gripper_angle, request->gripper_effort);
      |                                                      ^~~~~~~~~~~~~~
/home/tk/robot_manipulator/Panthera-HT_ROS2_Jazzy/src/panthera_arm_control/src/arm_control_node.cpp:684:22: error: ‘using std::__shared_ptr_access<panthera_interfaces::srv::GripperSrv_Request_<std::allocator<void> >, __gnu_cxx::_S_atomic, false, false>::element_type = struct panthera_interfaces::srv::GripperSrv_Request_<std::allocator<void> >’ {aka ‘struct panthera_interfaces::srv::GripperSrv_Request_<std::allocator<void> >’} has no member named ‘set_zero’
  684 |         if (request->set_zero) {
      |                      ^~~~~~~~
/home/tk/robot_manipulator/Panthera-HT_ROS2_Jazzy/src/panthera_arm_control/src/arm_control_node.cpp:688:23: error: ‘using std::__shared_ptr_access<panthera_interfaces::srv::GripperSrv_Response_<std::allocator<void> >, __gnu_cxx::_S_atomic, false, false>::element_type = struct panthera_interfaces::srv::GripperSrv_Response_<std::allocator<void> >’ {aka ‘struct panthera_interfaces::srv::GripperSrv_Response_<std::allocator<void> >’} has no member named ‘code’
  688 |             response->code = 0;
      |                       ^~~~
/home/tk/robot_manipulator/Panthera-HT_ROS2_Jazzy/src/panthera_arm_control/src/arm_control_node.cpp:689:23: error: ‘using std::__shared_ptr_access<panthera_interfaces::srv::GripperSrv_Response_<std::allocator<void> >, __gnu_cxx::_S_atomic, false, false>::element_type = struct panthera_interfaces::srv::GripperSrv_Response_<std::allocator<void> >’ {aka ‘struct panthera_interfaces::srv::GripperSrv_Response_<std::allocator<void> >’} has no member named ‘status’
  689 |             response->status = true;
      |                       ^~~~~~
/home/tk/robot_manipulator/Panthera-HT_ROS2_Jazzy/src/panthera_arm_control/src/arm_control_node.cpp:693:45: error: ‘using std::__shared_ptr_access<panthera_interfaces::srv::GripperSrv_Request_<std::allocator<void> >, __gnu_cxx::_S_atomic, false, false>::element_type = struct panthera_interfaces::srv::GripperSrv_Request_<std::allocator<void> >’ {aka ‘struct panthera_interfaces::srv::GripperSrv_Request_<std::allocator<void> >’} has no member named ‘gripper_effort’
  693 |         double effort = std::clamp(request->gripper_effort, 0.1, 2.0);
      |                                             ^~~~~~~~~~~~~~
/home/tk/robot_manipulator/Panthera-HT_ROS2_Jazzy/src/panthera_arm_control/src/arm_control_node.cpp:696:56: error: ‘using std::__shared_ptr_access<panthera_interfaces::srv::GripperSrv_Request_<std::allocator<void> >, __gnu_cxx::_S_atomic, false, false>::element_type = struct panthera_interfaces::srv::GripperSrv_Request_<std::allocator<void> >’ {aka ‘struct panthera_interfaces::srv::GripperSrv_Request_<std::allocator<void> >’} has no member named ‘gripper_angle’
  696 |         bool success = robot_->gripperControl(request->gripper_angle, 0.5, effort);
      |                                                        ^~~~~~~~~~~~~
/home/tk/robot_manipulator/Panthera-HT_ROS2_Jazzy/src/panthera_arm_control/src/arm_control_node.cpp:699:19: error: ‘using std::__shared_ptr_access<panthera_interfaces::srv::GripperSrv_Response_<std::allocator<void> >, __gnu_cxx::_S_atomic, false, false>::element_type = struct panthera_interfaces::srv::GripperSrv_Response_<std::allocator<void> >’ {aka ‘struct panthera_interfaces::srv::GripperSrv_Response_<std::allocator<void> >’} has no member named ‘status’
  699 |         response->status = success;
      |                   ^~~~~~
/home/tk/robot_manipulator/Panthera-HT_ROS2_Jazzy/src/panthera_arm_control/src/arm_control_node.cpp:700:19: error: ‘using std::__shared_ptr_access<panthera_interfaces::srv::GripperSrv_Response_<std::allocator<void> >, __gnu_cxx::_S_atomic, false, false>::element_type = struct panthera_interfaces::srv::GripperSrv_Response_<std::allocator<void> >’ {aka ‘struct panthera_interfaces::srv::GripperSrv_Response_<std::allocator<void> >’} has no member named ‘code’
  700 |         response->code = success ? 0 : -2;
      |                   ^~~~
gmake[2]: *** [CMakeFiles/arm_control_node.dir/build.make:76：CMakeFiles/arm_control_node.dir/src/arm_control_node.cpp.o] 错误 1
gmake[1]: *** [CMakeFiles/Makefile2:137：CMakeFiles/arm_control_node.dir/all] 错误 2
gmake: *** [Makefile:146：all] 错误 2
