[0.006s] Invoking command in '/home/tk/robot_manipulator/Panthera-HT_ROS2_Jazzy/build/panthera_arm_control': AMENT_PREFIX_PATH=/home/tk/robot_manipulator/Panthera-HT_ROS2_Jazzy/install/panthera_interfaces:/home/tk/robot_manipulator/Panthera-HT_ROS2_Jazzy/install/panthera_ht_description_with_finger:/home/tk/robot_manipulator/Panthera-HT_ROS2_Jazzy/install/hightorque_robot:${AMENT_PREFIX_PATH} CMAKE_PREFIX_PATH=/home/tk/robot_manipulator/Panthera-HT_ROS2_Jazzy/install/panthera_interfaces:/home/tk/robot_manipulator/Panthera-HT_ROS2_Jazzy/install/panthera_ht_description_with_finger:/home/tk/robot_manipulator/Panthera-HT_ROS2_Jazzy/install/hightorque_robot:/opt/ros/jazzy/opt/gz_sim_vendor:/opt/ros/jazzy/opt/gz_sensors_vendor:/opt/ros/jazzy/opt/gz_physics_vendor:/opt/ros/jazzy/opt/sdformat_vendor:/opt/ros/jazzy/opt/gz_gui_vendor:/opt/ros/jazzy/opt/gz_transport_vendor:/opt/ros/jazzy/opt/gz_rendering_vendor:/opt/ros/jazzy/opt/gz_plugin_vendor:/opt/ros/jazzy/opt/gz_fuel_tools_vendor:/opt/ros/jazzy/opt/gz_msgs_vendor:/opt/ros/jazzy/opt/gz_common_vendor:/opt/ros/jazzy/opt/gz_math_vendor:/opt/ros/jazzy/opt/gz_utils_vendor:/opt/ros/jazzy/opt/gz_tools_vendor:/opt/ros/jazzy/opt/gz_ogre_next_vendor:/opt/ros/jazzy/opt/gz_dartsim_vendor:/opt/ros/jazzy/opt/gz_cmake_vendor:/opt/ros/jazzy CONDA_PROMPT_MODIFIER=(base) DEBUGINFOD_URLS=https://debuginfod.ubuntu.com LD_LIBRARY_PATH=/home/tk/robot_manipulator/Panthera-HT_ROS2_Jazzy/install/panthera_interfaces/lib:/home/tk/robot_manipulator/Panthera-HT_ROS2_Jazzy/install/hightorque_robot/lib:${LD_LIBRARY_PATH} PATH=/home/tk/robot_manipulator/Panthera-HT_ROS2_Jazzy/install/hightorque_robot/bin:${PATH} PYTHONPATH=/home/tk/robot_manipulator/Panthera-HT_ROS2_Jazzy/install/panthera_interfaces/lib/python3.12/site-packages:${PYTHONPATH} /usr/bin/cmake /home/tk/robot_manipulator/Panthera-HT_ROS2_Jazzy/src/panthera_arm_control -DCMAKE_INSTALL_PREFIX=/home/tk/robot_manipulator/Panthera-HT_ROS2_Jazzy/install/panthera_arm_control
[0.066s] -- The C compiler identification is GNU 13.3.0
[0.101s] -- The CXX compiler identification is GNU 13.3.0
[0.114s] -- Detecting C compiler ABI info
[0.210s] -- Detecting C compiler ABI info - done
[0.219s] -- Check for working C compiler: /usr/bin/cc - skipped
[0.219s] -- Detecting C compile features
[0.219s] -- Detecting C compile features - done
[0.236s] -- Detecting CXX compiler ABI info
[0.363s] -- Detecting CXX compiler ABI info - done
[0.375s] -- Check for working CXX compiler: /usr/bin/c++ - skipped
[0.375s] -- Detecting CXX compile features
[0.376s] -- Detecting CXX compile features - done
[0.379s] -- Found ament_cmake: 2.5.4 (/opt/ros/jazzy/share/ament_cmake/cmake)
[0.469s] -- Found Python3: /home/tk/anaconda3/bin/python3 (found version "3.13.5") found components: Interpreter 
[0.534s] -- Found rclcpp: 28.1.13 (/opt/ros/jazzy/share/rclcpp/cmake)
[0.560s] -- Found rosidl_generator_c: 4.6.6 (/opt/ros/jazzy/share/rosidl_generator_c/cmake)
[0.568s] -- Found rosidl_generator_cpp: 4.6.6 (/opt/ros/jazzy/share/rosidl_generator_cpp/cmake)
[0.577s] -- Using all available rosidl_typesupport_c: rosidl_typesupport_fastrtps_c;rosidl_typesupport_introspection_c
[0.588s] -- Using all available rosidl_typesupport_cpp: rosidl_typesupport_fastrtps_cpp;rosidl_typesupport_introspection_cpp
[0.632s] -- Found rmw_implementation_cmake: 7.3.2 (/opt/ros/jazzy/share/rmw_implementation_cmake/cmake)
[0.634s] -- Found rmw_cyclonedds_cpp: 2.2.3 (/opt/ros/jazzy/share/rmw_cyclonedds_cpp/cmake)
[0.651s] -- Using RMW implementation 'rmw_cyclonedds_cpp' as default
[0.692s] -- Found example_interfaces: 0.12.0 (/opt/ros/jazzy/share/example_interfaces/cmake)
[0.722s] -- Found panthera_interfaces: 0.0.0 (/home/tk/robot_manipulator/Panthera-HT_ROS2_Jazzy/install/panthera_interfaces/share/panthera_interfaces/cmake)
[0.744s] -- Found sensor_msgs: 5.3.6 (/opt/ros/jazzy/share/sensor_msgs/cmake)
[0.766s] -- Found std_srvs: 5.3.6 (/opt/ros/jazzy/share/std_srvs/cmake)
[0.775s] -- Found kdl_parser: 2.11.0 (/opt/ros/jazzy/share/kdl_parser/cmake)
[0.785s] -- Found eigen3_cmake_module: 0.3.0 (/opt/ros/jazzy/share/eigen3_cmake_module/cmake)
[0.786s] -- Found Eigen3: TRUE (found version "3.4.0") 
[0.786s] -- Ensuring Eigen3 include directory is part of orocos-kdl CMake target
[0.789s] -- Found tf2: 0.36.16 (/opt/ros/jazzy/share/tf2/cmake)
[0.792s] -- Found tf2_kdl: 0.36.16 (/opt/ros/jazzy/share/tf2_kdl/cmake)
[0.853s] -- Found ament_lint_auto: 0.17.3 (/opt/ros/jazzy/share/ament_lint_auto/cmake)
[0.909s] -- Added test 'cppcheck' to perform static code analysis on C / C++ code
[0.909s] -- Configured cppcheck include dirs: 
[0.909s] -- Configured cppcheck exclude dirs and/or files: 
[0.910s] -- Added test 'flake8' to check Python code syntax and style conventions
[0.910s] -- Configured 'flake8' exclude dirs and/or files: 
[0.910s] -- Added test 'lint_cmake' to check CMake code style
[0.910s] -- Added test 'pep257' to check Python code against some of the docstring style conventions in PEP 257
[0.911s] -- Added test 'uncrustify' to check C / C++ code style
[0.911s] -- Configured uncrustify additional arguments: 
[0.911s] -- Added test 'xmllint' to check XML markup files
[0.912s] -- Configuring done (0.9s)
[0.920s] -- Generating done (0.0s)
[0.922s] -- Build files have been written to: /home/tk/robot_manipulator/Panthera-HT_ROS2_Jazzy/build/panthera_arm_control
[0.927s] Invoked command in '/home/tk/robot_manipulator/Panthera-HT_ROS2_Jazzy/build/panthera_arm_control' returned '0': AMENT_PREFIX_PATH=/home/tk/robot_manipulator/Panthera-HT_ROS2_Jazzy/install/panthera_interfaces:/home/tk/robot_manipulator/Panthera-HT_ROS2_Jazzy/install/panthera_ht_description_with_finger:/home/tk/robot_manipulator/Panthera-HT_ROS2_Jazzy/install/hightorque_robot:${AMENT_PREFIX_PATH} CMAKE_PREFIX_PATH=/home/tk/robot_manipulator/Panthera-HT_ROS2_Jazzy/install/panthera_interfaces:/home/tk/robot_manipulator/Panthera-HT_ROS2_Jazzy/install/panthera_ht_description_with_finger:/home/tk/robot_manipulator/Panthera-HT_ROS2_Jazzy/install/hightorque_robot:/opt/ros/jazzy/opt/gz_sim_vendor:/opt/ros/jazzy/opt/gz_sensors_vendor:/opt/ros/jazzy/opt/gz_physics_vendor:/opt/ros/jazzy/opt/sdformat_vendor:/opt/ros/jazzy/opt/gz_gui_vendor:/opt/ros/jazzy/opt/gz_transport_vendor:/opt/ros/jazzy/opt/gz_rendering_vendor:/opt/ros/jazzy/opt/gz_plugin_vendor:/opt/ros/jazzy/opt/gz_fuel_tools_vendor:/opt/ros/jazzy/opt/gz_msgs_vendor:/opt/ros/jazzy/opt/gz_common_vendor:/opt/ros/jazzy/opt/gz_math_vendor:/opt/ros/jazzy/opt/gz_utils_vendor:/opt/ros/jazzy/opt/gz_tools_vendor:/opt/ros/jazzy/opt/gz_ogre_next_vendor:/opt/ros/jazzy/opt/gz_dartsim_vendor:/opt/ros/jazzy/opt/gz_cmake_vendor:/opt/ros/jazzy CONDA_PROMPT_MODIFIER=(base) DEBUGINFOD_URLS=https://debuginfod.ubuntu.com LD_LIBRARY_PATH=/home/tk/robot_manipulator/Panthera-HT_ROS2_Jazzy/install/panthera_interfaces/lib:/home/tk/robot_manipulator/Panthera-HT_ROS2_Jazzy/install/hightorque_robot/lib:${LD_LIBRARY_PATH} PATH=/home/tk/robot_manipulator/Panthera-HT_ROS2_Jazzy/install/hightorque_robot/bin:${PATH} PYTHONPATH=/home/tk/robot_manipulator/Panthera-HT_ROS2_Jazzy/install/panthera_interfaces/lib/python3.12/site-packages:${PYTHONPATH} /usr/bin/cmake /home/tk/robot_manipulator/Panthera-HT_ROS2_Jazzy/src/panthera_arm_control -DCMAKE_INSTALL_PREFIX=/home/tk/robot_manipulator/Panthera-HT_ROS2_Jazzy/install/panthera_arm_control
[0.928s] Invoking command in '/home/tk/robot_manipulator/Panthera-HT_ROS2_Jazzy/build/panthera_arm_control': AMENT_PREFIX_PATH=/home/tk/robot_manipulator/Panthera-HT_ROS2_Jazzy/install/panthera_interfaces:/home/tk/robot_manipulator/Panthera-HT_ROS2_Jazzy/install/panthera_ht_description_with_finger:/home/tk/robot_manipulator/Panthera-HT_ROS2_Jazzy/install/hightorque_robot:${AMENT_PREFIX_PATH} CMAKE_PREFIX_PATH=/home/tk/robot_manipulator/Panthera-HT_ROS2_Jazzy/install/panthera_interfaces:/home/tk/robot_manipulator/Panthera-HT_ROS2_Jazzy/install/panthera_ht_description_with_finger:/home/tk/robot_manipulator/Panthera-HT_ROS2_Jazzy/install/hightorque_robot:/opt/ros/jazzy/opt/gz_sim_vendor:/opt/ros/jazzy/opt/gz_sensors_vendor:/opt/ros/jazzy/opt/gz_physics_vendor:/opt/ros/jazzy/opt/sdformat_vendor:/opt/ros/jazzy/opt/gz_gui_vendor:/opt/ros/jazzy/opt/gz_transport_vendor:/opt/ros/jazzy/opt/gz_rendering_vendor:/opt/ros/jazzy/opt/gz_plugin_vendor:/opt/ros/jazzy/opt/gz_fuel_tools_vendor:/opt/ros/jazzy/opt/gz_msgs_vendor:/opt/ros/jazzy/opt/gz_common_vendor:/opt/ros/jazzy/opt/gz_math_vendor:/opt/ros/jazzy/opt/gz_utils_vendor:/opt/ros/jazzy/opt/gz_tools_vendor:/opt/ros/jazzy/opt/gz_ogre_next_vendor:/opt/ros/jazzy/opt/gz_dartsim_vendor:/opt/ros/jazzy/opt/gz_cmake_vendor:/opt/ros/jazzy CONDA_PROMPT_MODIFIER=(base) DEBUGINFOD_URLS=https://debuginfod.ubuntu.com LD_LIBRARY_PATH=/home/tk/robot_manipulator/Panthera-HT_ROS2_Jazzy/install/panthera_interfaces/lib:/home/tk/robot_manipulator/Panthera-HT_ROS2_Jazzy/install/hightorque_robot/lib:${LD_LIBRARY_PATH} PATH=/home/tk/robot_manipulator/Panthera-HT_ROS2_Jazzy/install/hightorque_robot/bin:${PATH} PYTHONPATH=/home/tk/robot_manipulator/Panthera-HT_ROS2_Jazzy/install/panthera_interfaces/lib/python3.12/site-packages:${PYTHONPATH} /usr/bin/cmake --build /home/tk/robot_manipulator/Panthera-HT_ROS2_Jazzy/build/panthera_arm_control -- -j28 -l28
[0.963s] [ 50%] Building CXX object CMakeFiles/arm_control_node.dir/src/arm_control_node.cpp.o
[2.747s] /home/tk/robot_manipulator/Panthera-HT_ROS2_Jazzy/src/panthera_arm_control/src/arm_control_node.cpp: In member function ‘void ArmControlNode::gripperControlService(panthera_interfaces::srv::GripperControl_Request_<std::allocator<void> >::SharedPtr, panthera_interfaces::srv::GripperControl_Response_<std::allocator<void> >::SharedPtr)’:
[2.747s] /home/tk/robot_manipulator/Panthera-HT_ROS2_Jazzy/src/panthera_arm_control/src/arm_control_node.cpp:580:23: error: ‘using std::__shared_ptr_access<panthera_interfaces::srv::GripperControl_Response_<std::allocator<void> >, __gnu_cxx::_S_atomic, false, false>::element_type = struct panthera_interfaces::srv::GripperControl_Response_<std::allocator<void> >’ {aka ‘struct panthera_interfaces::srv::GripperControl_Response_<std::allocator<void> >’} has no member named ‘success’
[2.747s]   580 |             response->success = false;
[2.747s]       |                       ^~~~~~~
[2.748s] /home/tk/robot_manipulator/Panthera-HT_ROS2_Jazzy/src/panthera_arm_control/src/arm_control_node.cpp:581:23: error: ‘using std::__shared_ptr_access<panthera_interfaces::srv::GripperControl_Response_<std::allocator<void> >, __gnu_cxx::_S_atomic, false, false>::element_type = struct panthera_interfaces::srv::GripperControl_Response_<std::allocator<void> >’ {aka ‘struct panthera_interfaces::srv::GripperControl_Response_<std::allocator<void> >’} has no member named ‘message’
[2.748s]   581 |             response->message = "Arm is disabled";
[2.748s]       |                       ^~~~~~~
[2.748s] In file included from /opt/ros/jazzy/include/rclcpp/rclcpp/logging.hpp:24,
[2.748s]                  from /opt/ros/jazzy/include/rclcpp/rclcpp/copy_all_parameter_values.hpp:27,
[2.748s]                  from /opt/ros/jazzy/include/rclcpp/rclcpp/rclcpp.hpp:171,
[2.748s]                  from /home/tk/robot_manipulator/Panthera-HT_ROS2_Jazzy/src/panthera_arm_control/src/arm_control_node.cpp:10:
[2.748s] /home/tk/robot_manipulator/Panthera-HT_ROS2_Jazzy/src/panthera_arm_control/src/arm_control_node.cpp:585:73: error: ‘using std::__shared_ptr_access<panthera_interfaces::srv::GripperControl_Request_<std::allocator<void> >, __gnu_cxx::_S_atomic, false, false>::element_type = struct panthera_interfaces::srv::GripperControl_Request_<std::allocator<void> >’ {aka ‘struct panthera_interfaces::srv::GripperControl_Request_<std::allocator<void> >’} has no member named ‘action’
[2.748s]   585 |         RCLCPP_INFO(this->get_logger(), "gripper_control: %s", request->action.c_str());
[2.748s]       |                                                                         ^~~~~~
[2.748s] /home/tk/robot_manipulator/Panthera-HT_ROS2_Jazzy/src/panthera_arm_control/src/arm_control_node.cpp:588:22: error: ‘using std::__shared_ptr_access<panthera_interfaces::srv::GripperControl_Request_<std::allocator<void> >, __gnu_cxx::_S_atomic, false, false>::element_type = struct panthera_interfaces::srv::GripperControl_Request_<std::allocator<void> >’ {aka ‘struct panthera_interfaces::srv::GripperControl_Request_<std::allocator<void> >’} has no member named ‘action’
[2.748s]   588 |         if (request->action == "open") {
[2.748s]       |                      ^~~~~~
[2.748s] /home/tk/robot_manipulator/Panthera-HT_ROS2_Jazzy/src/panthera_arm_control/src/arm_control_node.cpp:590:29: error: ‘using std::__shared_ptr_access<panthera_interfaces::srv::GripperControl_Request_<std::allocator<void> >, __gnu_cxx::_S_atomic, false, false>::element_type = struct panthera_interfaces::srv::GripperControl_Request_<std::allocator<void> >’ {aka ‘struct panthera_interfaces::srv::GripperControl_Request_<std::allocator<void> >’} has no member named ‘action’
[2.748s]   590 |         } else if (request->action == "close") {
[2.748s]       |                             ^~~~~~
[2.748s] /home/tk/robot_manipulator/Panthera-HT_ROS2_Jazzy/src/panthera_arm_control/src/arm_control_node.cpp:592:29: error: ‘using std::__shared_ptr_access<panthera_interfaces::srv::GripperControl_Request_<std::allocator<void> >, __gnu_cxx::_S_atomic, false, false>::element_type = struct panthera_interfaces::srv::GripperControl_Request_<std::allocator<void> >’ {aka ‘struct panthera_interfaces::srv::GripperControl_Request_<std::allocator<void> >’} has no member named ‘action’
[2.748s]   592 |         } else if (request->action == "half_open") {
[2.748s]       |                             ^~~~~~
[2.748s] /home/tk/robot_manipulator/Panthera-HT_ROS2_Jazzy/src/panthera_arm_control/src/arm_control_node.cpp:595:23: error: ‘using std::__shared_ptr_access<panthera_interfaces::srv::GripperControl_Response_<std::allocator<void> >, __gnu_cxx::_S_atomic, false, false>::element_type = struct panthera_interfaces::srv::GripperControl_Response_<std::allocator<void> >’ {aka ‘struct panthera_interfaces::srv::GripperControl_Response_<std::allocator<void> >’} has no member named ‘success’
[2.748s]   595 |             response->success = false;
[2.748s]       |                       ^~~~~~~
[2.748s] /home/tk/robot_manipulator/Panthera-HT_ROS2_Jazzy/src/panthera_arm_control/src/arm_control_node.cpp:596:23: error: ‘using std::__shared_ptr_access<panthera_interfaces::srv::GripperControl_Response_<std::allocator<void> >, __gnu_cxx::_S_atomic, false, false>::element_type = struct panthera_interfaces::srv::GripperControl_Response_<std::allocator<void> >’ {aka ‘struct panthera_interfaces::srv::GripperControl_Response_<std::allocator<void> >’} has no member named ‘message’
[2.748s]   596 |             response->message = "Unknown action: " + request->action + ". Use open/close/half_open";
[2.748s]       |                       ^~~~~~~
[2.748s] /home/tk/robot_manipulator/Panthera-HT_ROS2_Jazzy/src/panthera_arm_control/src/arm_control_node.cpp:596:63: error: ‘using std::__shared_ptr_access<panthera_interfaces::srv::GripperControl_Request_<std::allocator<void> >, __gnu_cxx::_S_atomic, false, false>::element_type = struct panthera_interfaces::srv::GripperControl_Request_<std::allocator<void> >’ {aka ‘struct panthera_interfaces::srv::GripperControl_Request_<std::allocator<void> >’} has no member named ‘action’
[2.748s]   596 |             response->message = "Unknown action: " + request->action + ". Use open/close/half_open";
[2.748s]       |                                                               ^~~~~~
[2.748s] /home/tk/robot_manipulator/Panthera-HT_ROS2_Jazzy/src/panthera_arm_control/src/arm_control_node.cpp:600:19: error: ‘using std::__shared_ptr_access<panthera_interfaces::srv::GripperControl_Response_<std::allocator<void> >, __gnu_cxx::_S_atomic, false, false>::element_type = struct panthera_interfaces::srv::GripperControl_Response_<std::allocator<void> >’ {aka ‘struct panthera_interfaces::srv::GripperControl_Response_<std::allocator<void> >’} has no member named ‘success’
[2.748s]   600 |         response->success = true;
[2.748s]       |                   ^~~~~~~
[2.748s] /home/tk/robot_manipulator/Panthera-HT_ROS2_Jazzy/src/panthera_arm_control/src/arm_control_node.cpp:601:19: error: ‘using std::__shared_ptr_access<panthera_interfaces::srv::GripperControl_Response_<std::allocator<void> >, __gnu_cxx::_S_atomic, false, false>::element_type = struct panthera_interfaces::srv::GripperControl_Response_<std::allocator<void> >’ {aka ‘struct panthera_interfaces::srv::GripperControl_Response_<std::allocator<void> >’} has no member named ‘message’
[2.748s]   601 |         response->message = "Gripper " + request->action + " done";
[2.748s]       |                   ^~~~~~~
[2.748s] /home/tk/robot_manipulator/Panthera-HT_ROS2_Jazzy/src/panthera_arm_control/src/arm_control_node.cpp:601:51: error: ‘using std::__shared_ptr_access<panthera_interfaces::srv::GripperControl_Request_<std::allocator<void> >, __gnu_cxx::_S_atomic, false, false>::element_type = struct panthera_interfaces::srv::GripperControl_Request_<std::allocator<void> >’ {aka ‘struct panthera_interfaces::srv::GripperControl_Request_<std::allocator<void> >’} has no member named ‘action’
[2.748s]   601 |         response->message = "Gripper " + request->action + " done";
[2.748s]       |                                                   ^~~~~~
[2.753s] /home/tk/robot_manipulator/Panthera-HT_ROS2_Jazzy/src/panthera_arm_control/src/arm_control_node.cpp: In member function ‘void ArmControlNode::gripperDetailService(panthera_interfaces::srv::GripperSrv_Request_<std::allocator<void> >::SharedPtr, panthera_interfaces::srv::GripperSrv_Response_<std::allocator<void> >::SharedPtr)’:
[2.753s] /home/tk/robot_manipulator/Panthera-HT_ROS2_Jazzy/src/panthera_arm_control/src/arm_control_node.cpp:676:23: error: ‘using std::__shared_ptr_access<panthera_interfaces::srv::GripperSrv_Response_<std::allocator<void> >, __gnu_cxx::_S_atomic, false, false>::element_type = struct panthera_interfaces::srv::GripperSrv_Response_<std::allocator<void> >’ {aka ‘struct panthera_interfaces::srv::GripperSrv_Response_<std::allocator<void> >’} has no member named ‘code’
[2.753s]   676 |             response->code = -1;
[2.754s]       |                       ^~~~
[2.754s] /home/tk/robot_manipulator/Panthera-HT_ROS2_Jazzy/src/panthera_arm_control/src/arm_control_node.cpp:677:23: error: ‘using std::__shared_ptr_access<panthera_interfaces::srv::GripperSrv_Response_<std::allocator<void> >, __gnu_cxx::_S_atomic, false, false>::element_type = struct panthera_interfaces::srv::GripperSrv_Response_<std::allocator<void> >’ {aka ‘struct panthera_interfaces::srv::GripperSrv_Response_<std::allocator<void> >’} has no member named ‘status’
[2.754s]   677 |             response->status = false;
[2.754s]       |                       ^~~~~~
[2.754s] /home/tk/robot_manipulator/Panthera-HT_ROS2_Jazzy/src/panthera_arm_control/src/arm_control_node.cpp:682:30: error: ‘using std::__shared_ptr_access<panthera_interfaces::srv::GripperSrv_Request_<std::allocator<void> >, __gnu_cxx::_S_atomic, false, false>::element_type = struct panthera_interfaces::srv::GripperSrv_Request_<std::allocator<void> >’ {aka ‘struct panthera_interfaces::srv::GripperSrv_Request_<std::allocator<void> >’} has no member named ‘gripper_angle’
[2.754s]   682 |                     request->gripper_angle, request->gripper_effort);
[2.754s]       |                              ^~~~~~~~~~~~~
[2.754s] /home/tk/robot_manipulator/Panthera-HT_ROS2_Jazzy/src/panthera_arm_control/src/arm_control_node.cpp:682:54: error: ‘using std::__shared_ptr_access<panthera_interfaces::srv::GripperSrv_Request_<std::allocator<void> >, __gnu_cxx::_S_atomic, false, false>::element_type = struct panthera_interfaces::srv::GripperSrv_Request_<std::allocator<void> >’ {aka ‘struct panthera_interfaces::srv::GripperSrv_Request_<std::allocator<void> >’} has no member named ‘gripper_effort’
[2.754s]   682 |                     request->gripper_angle, request->gripper_effort);
[2.754s]       |                                                      ^~~~~~~~~~~~~~
[2.754s] /home/tk/robot_manipulator/Panthera-HT_ROS2_Jazzy/src/panthera_arm_control/src/arm_control_node.cpp:684:22: error: ‘using std::__shared_ptr_access<panthera_interfaces::srv::GripperSrv_Request_<std::allocator<void> >, __gnu_cxx::_S_atomic, false, false>::element_type = struct panthera_interfaces::srv::GripperSrv_Request_<std::allocator<void> >’ {aka ‘struct panthera_interfaces::srv::GripperSrv_Request_<std::allocator<void> >’} has no member named ‘set_zero’
[2.754s]   684 |         if (request->set_zero) {
[2.754s]       |                      ^~~~~~~~
[2.754s] /home/tk/robot_manipulator/Panthera-HT_ROS2_Jazzy/src/panthera_arm_control/src/arm_control_node.cpp:688:23: error: ‘using std::__shared_ptr_access<panthera_interfaces::srv::GripperSrv_Response_<std::allocator<void> >, __gnu_cxx::_S_atomic, false, false>::element_type = struct panthera_interfaces::srv::GripperSrv_Response_<std::allocator<void> >’ {aka ‘struct panthera_interfaces::srv::GripperSrv_Response_<std::allocator<void> >’} has no member named ‘code’
[2.754s]   688 |             response->code = 0;
[2.754s]       |                       ^~~~
[2.755s] /home/tk/robot_manipulator/Panthera-HT_ROS2_Jazzy/src/panthera_arm_control/src/arm_control_node.cpp:689:23: error: ‘using std::__shared_ptr_access<panthera_interfaces::srv::GripperSrv_Response_<std::allocator<void> >, __gnu_cxx::_S_atomic, false, false>::element_type = struct panthera_interfaces::srv::GripperSrv_Response_<std::allocator<void> >’ {aka ‘struct panthera_interfaces::srv::GripperSrv_Response_<std::allocator<void> >’} has no member named ‘status’
[2.755s]   689 |             response->status = true;
[2.755s]       |                       ^~~~~~
[2.755s] /home/tk/robot_manipulator/Panthera-HT_ROS2_Jazzy/src/panthera_arm_control/src/arm_control_node.cpp:693:45: error: ‘using std::__shared_ptr_access<panthera_interfaces::srv::GripperSrv_Request_<std::allocator<void> >, __gnu_cxx::_S_atomic, false, false>::element_type = struct panthera_interfaces::srv::GripperSrv_Request_<std::allocator<void> >’ {aka ‘struct panthera_interfaces::srv::GripperSrv_Request_<std::allocator<void> >’} has no member named ‘gripper_effort’
[2.755s]   693 |         double effort = std::clamp(request->gripper_effort, 0.1, 2.0);
[2.755s]       |                                             ^~~~~~~~~~~~~~
[2.755s] /home/tk/robot_manipulator/Panthera-HT_ROS2_Jazzy/src/panthera_arm_control/src/arm_control_node.cpp:696:56: error: ‘using std::__shared_ptr_access<panthera_interfaces::srv::GripperSrv_Request_<std::allocator<void> >, __gnu_cxx::_S_atomic, false, false>::element_type = struct panthera_interfaces::srv::GripperSrv_Request_<std::allocator<void> >’ {aka ‘struct panthera_interfaces::srv::GripperSrv_Request_<std::allocator<void> >’} has no member named ‘gripper_angle’
[2.755s]   696 |         bool success = robot_->gripperControl(request->gripper_angle, 0.5, effort);
[2.755s]       |                                                        ^~~~~~~~~~~~~
[2.755s] /home/tk/robot_manipulator/Panthera-HT_ROS2_Jazzy/src/panthera_arm_control/src/arm_control_node.cpp:699:19: error: ‘using std::__shared_ptr_access<panthera_interfaces::srv::GripperSrv_Response_<std::allocator<void> >, __gnu_cxx::_S_atomic, false, false>::element_type = struct panthera_interfaces::srv::GripperSrv_Response_<std::allocator<void> >’ {aka ‘struct panthera_interfaces::srv::GripperSrv_Response_<std::allocator<void> >’} has no member named ‘status’
[2.755s]   699 |         response->status = success;
[2.755s]       |                   ^~~~~~
[2.755s] /home/tk/robot_manipulator/Panthera-HT_ROS2_Jazzy/src/panthera_arm_control/src/arm_control_node.cpp:700:19: error: ‘using std::__shared_ptr_access<panthera_interfaces::srv::GripperSrv_Response_<std::allocator<void> >, __gnu_cxx::_S_atomic, false, false>::element_type = struct panthera_interfaces::srv::GripperSrv_Response_<std::allocator<void> >’ {aka ‘struct panthera_interfaces::srv::GripperSrv_Response_<std::allocator<void> >’} has no member named ‘code’
[2.755s]   700 |         response->code = success ? 0 : -2;
[2.755s]       |                   ^~~~
[5.321s] gmake[2]: *** [CMakeFiles/arm_control_node.dir/build.make:76：CMakeFiles/arm_control_node.dir/src/arm_control_node.cpp.o] 错误 1
[5.322s] gmake[1]: *** [CMakeFiles/Makefile2:137：CMakeFiles/arm_control_node.dir/all] 错误 2
[5.322s] gmake: *** [Makefile:146：all] 错误 2
[5.324s] Invoked command in '/home/tk/robot_manipulator/Panthera-HT_ROS2_Jazzy/build/panthera_arm_control' returned '2': AMENT_PREFIX_PATH=/home/tk/robot_manipulator/Panthera-HT_ROS2_Jazzy/install/panthera_interfaces:/home/tk/robot_manipulator/Panthera-HT_ROS2_Jazzy/install/panthera_ht_description_with_finger:/home/tk/robot_manipulator/Panthera-HT_ROS2_Jazzy/install/hightorque_robot:${AMENT_PREFIX_PATH} CMAKE_PREFIX_PATH=/home/tk/robot_manipulator/Panthera-HT_ROS2_Jazzy/install/panthera_interfaces:/home/tk/robot_manipulator/Panthera-HT_ROS2_Jazzy/install/panthera_ht_description_with_finger:/home/tk/robot_manipulator/Panthera-HT_ROS2_Jazzy/install/hightorque_robot:/opt/ros/jazzy/opt/gz_sim_vendor:/opt/ros/jazzy/opt/gz_sensors_vendor:/opt/ros/jazzy/opt/gz_physics_vendor:/opt/ros/jazzy/opt/sdformat_vendor:/opt/ros/jazzy/opt/gz_gui_vendor:/opt/ros/jazzy/opt/gz_transport_vendor:/opt/ros/jazzy/opt/gz_rendering_vendor:/opt/ros/jazzy/opt/gz_plugin_vendor:/opt/ros/jazzy/opt/gz_fuel_tools_vendor:/opt/ros/jazzy/opt/gz_msgs_vendor:/opt/ros/jazzy/opt/gz_common_vendor:/opt/ros/jazzy/opt/gz_math_vendor:/opt/ros/jazzy/opt/gz_utils_vendor:/opt/ros/jazzy/opt/gz_tools_vendor:/opt/ros/jazzy/opt/gz_ogre_next_vendor:/opt/ros/jazzy/opt/gz_dartsim_vendor:/opt/ros/jazzy/opt/gz_cmake_vendor:/opt/ros/jazzy CONDA_PROMPT_MODIFIER=(base) DEBUGINFOD_URLS=https://debuginfod.ubuntu.com LD_LIBRARY_PATH=/home/tk/robot_manipulator/Panthera-HT_ROS2_Jazzy/install/panthera_interfaces/lib:/home/tk/robot_manipulator/Panthera-HT_ROS2_Jazzy/install/hightorque_robot/lib:${LD_LIBRARY_PATH} PATH=/home/tk/robot_manipulator/Panthera-HT_ROS2_Jazzy/install/hightorque_robot/bin:${PATH} PYTHONPATH=/home/tk/robot_manipulator/Panthera-HT_ROS2_Jazzy/install/panthera_interfaces/lib/python3.12/site-packages:${PYTHONPATH} /usr/bin/cmake --build /home/tk/robot_manipulator/Panthera-HT_ROS2_Jazzy/build/panthera_arm_control -- -j28 -l28
