[0.045s] DEBUG:colcon:Command line arguments: ['/usr/bin/colcon', 'build', '--packages-select', 'panthera_commander']
[0.045s] DEBUG:colcon:Parsed command line arguments: Namespace(log_base=None, log_level=None, verb_name='build', build_base='build', install_base='install', merge_install=False, symlink_install=False, test_result_base=None, continue_on_error=False, executor='parallel', parallel_workers=28, event_handlers=None, ignore_user_meta=False, metas=['./colcon.meta'], base_paths=['.'], packages_ignore=None, packages_ignore_regex=None, paths=None, packages_up_to=None, packages_up_to_regex=None, packages_above=None, packages_above_and_dependencies=None, packages_above_depth=None, packages_select_by_dep=None, packages_skip_by_dep=None, packages_skip_up_to=None, packages_select_build_failed=False, packages_skip_build_finished=False, packages_select_test_failures=False, packages_skip_test_passed=False, packages_select=['panthera_commander'], packages_skip=None, packages_select_regex=None, packages_skip_regex=None, packages_start=None, packages_end=None, cmake_args=None, cmake_target=None, cmake_target_skip_unavailable=False, cmake_clean_cache=False, cmake_clean_first=False, cmake_force_configure=False, ament_cmake_args=None, catkin_cmake_args=None, catkin_skip_building_tests=False, verb_parser=<colcon_defaults.argument_parser.defaults.DefaultArgumentsDecorator object at 0x7566aba00cb0>, verb_extension=<colcon_core.verb.build.BuildVerb object at 0x7566aba00b90>, main=<bound method BuildVerb.main of <colcon_core.verb.build.BuildVerb object at 0x7566aba00b90>>)
[0.063s] Level 1:colcon.colcon_core.package_discovery:discover_packages(colcon_meta) check parameters
[0.063s] Level 1:colcon.colcon_core.package_discovery:discover_packages(recursive) check parameters
[0.063s] Level 1:colcon.colcon_core.package_discovery:discover_packages(ignore) check parameters
[0.063s] Level 1:colcon.colcon_core.package_discovery:discover_packages(path) check parameters
[0.063s] Level 1:colcon.colcon_core.package_discovery:discover_packages(colcon_meta) discover
[0.063s] Level 1:colcon.colcon_core.package_discovery:discover_packages(recursive) discover
[0.063s] INFO:colcon.colcon_core.package_discovery:Crawling recursively for packages in '/home/tk/robot_manipulator/Panthera-HT_ROS2_Jazzy'
[0.063s] Level 1:colcon.colcon_core.package_identification:_identify(.) by extensions ['ignore', 'ignore_ament_install']
[0.063s] Level 1:colcon.colcon_core.package_identification:_identify(.) by extension 'ignore'
[0.063s] Level 1:colcon.colcon_core.package_identification:_identify(.) by extension 'ignore_ament_install'
[0.063s] Level 1:colcon.colcon_core.package_identification:_identify(.) by extensions ['colcon_pkg']
[0.063s] Level 1:colcon.colcon_core.package_identification:_identify(.) by extension 'colcon_pkg'
[0.063s] Level 1:colcon.colcon_core.package_identification:_identify(.) by extensions ['colcon_meta']
[0.063s] Level 1:colcon.colcon_core.package_identification:_identify(.) by extension 'colcon_meta'
[0.063s] Level 1:colcon.colcon_core.package_identification:_identify(.) by extensions ['ros']
[0.063s] Level 1:colcon.colcon_core.package_identification:_identify(.) by extension 'ros'
[0.075s] Level 1:colcon.colcon_core.package_identification:_identify(.) by extensions ['cmake', 'python']
[0.075s] Level 1:colcon.colcon_core.package_identification:_identify(.) by extension 'cmake'
[0.075s] Level 1:colcon.colcon_core.package_identification:_identify(.) by extension 'python'
[0.075s] Level 1:colcon.colcon_core.package_identification:_identify(.) by extensions ['python_setup_py']
[0.075s] Level 1:colcon.colcon_core.package_identification:_identify(.) by extension 'python_setup_py'
[0.075s] Level 1:colcon.colcon_core.package_identification:_identify(build) by extensions ['ignore', 'ignore_ament_install']
[0.075s] Level 1:colcon.colcon_core.package_identification:_identify(build) by extension 'ignore'
[0.075s] Level 1:colcon.colcon_core.package_identification:_identify(build) ignored
[0.075s] Level 1:colcon.colcon_core.package_identification:_identify(install) by extensions ['ignore', 'ignore_ament_install']
[0.076s] Level 1:colcon.colcon_core.package_identification:_identify(install) by extension 'ignore'
[0.076s] Level 1:colcon.colcon_core.package_identification:_identify(install) ignored
[0.076s] Level 1:colcon.colcon_core.package_identification:_identify(log) by extensions ['ignore', 'ignore_ament_install']
[0.076s] Level 1:colcon.colcon_core.package_identification:_identify(log) by extension 'ignore'
[0.076s] Level 1:colcon.colcon_core.package_identification:_identify(log) ignored
[0.076s] Level 1:colcon.colcon_core.package_identification:_identify(src) by extensions ['ignore', 'ignore_ament_install']
[0.076s] Level 1:colcon.colcon_core.package_identification:_identify(src) by extension 'ignore'
[0.076s] Level 1:colcon.colcon_core.package_identification:_identify(src) by extension 'ignore_ament_install'
[0.076s] Level 1:colcon.colcon_core.package_identification:_identify(src) by extensions ['colcon_pkg']
[0.076s] Level 1:colcon.colcon_core.package_identification:_identify(src) by extension 'colcon_pkg'
[0.076s] Level 1:colcon.colcon_core.package_identification:_identify(src) by extensions ['colcon_meta']
[0.076s] Level 1:colcon.colcon_core.package_identification:_identify(src) by extension 'colcon_meta'
[0.076s] Level 1:colcon.colcon_core.package_identification:_identify(src) by extensions ['ros']
[0.076s] Level 1:colcon.colcon_core.package_identification:_identify(src) by extension 'ros'
[0.076s] Level 1:colcon.colcon_core.package_identification:_identify(src) by extensions ['cmake', 'python']
[0.076s] Level 1:colcon.colcon_core.package_identification:_identify(src) by extension 'cmake'
[0.076s] Level 1:colcon.colcon_core.package_identification:_identify(src) by extension 'python'
[0.076s] Level 1:colcon.colcon_core.package_identification:_identify(src) by extensions ['python_setup_py']
[0.076s] Level 1:colcon.colcon_core.package_identification:_identify(src) by extension 'python_setup_py'
[0.076s] Level 1:colcon.colcon_core.package_identification:_identify(src/hightorque_robot) by extensions ['ignore', 'ignore_ament_install']
[0.076s] Level 1:colcon.colcon_core.package_identification:_identify(src/hightorque_robot) by extension 'ignore'
[0.076s] Level 1:colcon.colcon_core.package_identification:_identify(src/hightorque_robot) by extension 'ignore_ament_install'
[0.076s] Level 1:colcon.colcon_core.package_identification:_identify(src/hightorque_robot) by extensions ['colcon_pkg']
[0.076s] Level 1:colcon.colcon_core.package_identification:_identify(src/hightorque_robot) by extension 'colcon_pkg'
[0.076s] Level 1:colcon.colcon_core.package_identification:_identify(src/hightorque_robot) by extensions ['colcon_meta']
[0.076s] Level 1:colcon.colcon_core.package_identification:_identify(src/hightorque_robot) by extension 'colcon_meta'
[0.076s] Level 1:colcon.colcon_core.package_identification:_identify(src/hightorque_robot) by extensions ['ros']
[0.076s] Level 1:colcon.colcon_core.package_identification:_identify(src/hightorque_robot) by extension 'ros'
[0.077s] DEBUG:colcon.colcon_core.package_identification:Package 'src/hightorque_robot' with type 'ros.ament_cmake' and name 'hightorque_robot'
[0.077s] Level 1:colcon.colcon_core.package_identification:_identify(src/panthera_arm_control) by extensions ['ignore', 'ignore_ament_install']
[0.077s] Level 1:colcon.colcon_core.package_identification:_identify(src/panthera_arm_control) by extension 'ignore'
[0.077s] Level 1:colcon.colcon_core.package_identification:_identify(src/panthera_arm_control) by extension 'ignore_ament_install'
[0.078s] Level 1:colcon.colcon_core.package_identification:_identify(src/panthera_arm_control) by extensions ['colcon_pkg']
[0.078s] Level 1:colcon.colcon_core.package_identification:_identify(src/panthera_arm_control) by extension 'colcon_pkg'
[0.078s] Level 1:colcon.colcon_core.package_identification:_identify(src/panthera_arm_control) by extensions ['colcon_meta']
[0.078s] Level 1:colcon.colcon_core.package_identification:_identify(src/panthera_arm_control) by extension 'colcon_meta'
[0.078s] Level 1:colcon.colcon_core.package_identification:_identify(src/panthera_arm_control) by extensions ['ros']
[0.078s] Level 1:colcon.colcon_core.package_identification:_identify(src/panthera_arm_control) by extension 'ros'
[0.078s] DEBUG:colcon.colcon_core.package_identification:Package 'src/panthera_arm_control' with type 'ros.ament_cmake' and name 'panthera_arm_control'
[0.079s] Level 1:colcon.colcon_core.package_identification:_identify(src/panthera_bringup) by extensions ['ignore', 'ignore_ament_install']
[0.079s] Level 1:colcon.colcon_core.package_identification:_identify(src/panthera_bringup) by extension 'ignore'
[0.079s] Level 1:colcon.colcon_core.package_identification:_identify(src/panthera_bringup) by extension 'ignore_ament_install'
[0.079s] Level 1:colcon.colcon_core.package_identification:_identify(src/panthera_bringup) by extensions ['colcon_pkg']
[0.079s] Level 1:colcon.colcon_core.package_identification:_identify(src/panthera_bringup) by extension 'colcon_pkg'
[0.079s] Level 1:colcon.colcon_core.package_identification:_identify(src/panthera_bringup) by extensions ['colcon_meta']
[0.079s] Level 1:colcon.colcon_core.package_identification:_identify(src/panthera_bringup) by extension 'colcon_meta'
[0.079s] Level 1:colcon.colcon_core.package_identification:_identify(src/panthera_bringup) by extensions ['ros']
[0.079s] Level 1:colcon.colcon_core.package_identification:_identify(src/panthera_bringup) by extension 'ros'
[0.079s] DEBUG:colcon.colcon_core.package_identification:Package 'src/panthera_bringup' with type 'ros.ament_cmake' and name 'panthera_bringup'
[0.079s] Level 1:colcon.colcon_core.package_identification:_identify(src/panthera_commander) by extensions ['ignore', 'ignore_ament_install']
[0.080s] Level 1:colcon.colcon_core.package_identification:_identify(src/panthera_commander) by extension 'ignore'
[0.080s] Level 1:colcon.colcon_core.package_identification:_identify(src/panthera_commander) by extension 'ignore_ament_install'
[0.080s] Level 1:colcon.colcon_core.package_identification:_identify(src/panthera_commander) by extensions ['colcon_pkg']
[0.080s] Level 1:colcon.colcon_core.package_identification:_identify(src/panthera_commander) by extension 'colcon_pkg'
[0.080s] Level 1:colcon.colcon_core.package_identification:_identify(src/panthera_commander) by extensions ['colcon_meta']
[0.080s] Level 1:colcon.colcon_core.package_identification:_identify(src/panthera_commander) by extension 'colcon_meta'
[0.080s] Level 1:colcon.colcon_core.package_identification:_identify(src/panthera_commander) by extensions ['ros']
[0.080s] Level 1:colcon.colcon_core.package_identification:_identify(src/panthera_commander) by extension 'ros'
[0.080s] DEBUG:colcon.colcon_core.package_identification:Package 'src/panthera_commander' with type 'ros.ament_cmake' and name 'panthera_commander'
[0.080s] Level 1:colcon.colcon_core.package_identification:_identify(src/panthera_gazebo) by extensions ['ignore', 'ignore_ament_install']
[0.080s] Level 1:colcon.colcon_core.package_identification:_identify(src/panthera_gazebo) by extension 'ignore'
[0.080s] Level 1:colcon.colcon_core.package_identification:_identify(src/panthera_gazebo) by extension 'ignore_ament_install'
[0.080s] Level 1:colcon.colcon_core.package_identification:_identify(src/panthera_gazebo) by extensions ['colcon_pkg']
[0.080s] Level 1:colcon.colcon_core.package_identification:_identify(src/panthera_gazebo) by extension 'colcon_pkg'
[0.080s] Level 1:colcon.colcon_core.package_identification:_identify(src/panthera_gazebo) by extensions ['colcon_meta']
[0.080s] Level 1:colcon.colcon_core.package_identification:_identify(src/panthera_gazebo) by extension 'colcon_meta'
[0.080s] Level 1:colcon.colcon_core.package_identification:_identify(src/panthera_gazebo) by extensions ['ros']
[0.080s] Level 1:colcon.colcon_core.package_identification:_identify(src/panthera_gazebo) by extension 'ros'
[0.081s] DEBUG:colcon.colcon_core.package_identification:Package 'src/panthera_gazebo' with type 'ros.ament_cmake' and name 'panthera_gazebo'
[0.081s] Level 1:colcon.colcon_core.package_identification:_identify(src/panthera_hardware) by extensions ['ignore', 'ignore_ament_install']
[0.081s] Level 1:colcon.colcon_core.package_identification:_identify(src/panthera_hardware) by extension 'ignore'
[0.081s] Level 1:colcon.colcon_core.package_identification:_identify(src/panthera_hardware) by extension 'ignore_ament_install'
[0.081s] Level 1:colcon.colcon_core.package_identification:_identify(src/panthera_hardware) by extensions ['colcon_pkg']
[0.081s] Level 1:colcon.colcon_core.package_identification:_identify(src/panthera_hardware) by extension 'colcon_pkg'
[0.081s] Level 1:colcon.colcon_core.package_identification:_identify(src/panthera_hardware) by extensions ['colcon_meta']
[0.081s] Level 1:colcon.colcon_core.package_identification:_identify(src/panthera_hardware) by extension 'colcon_meta'
[0.081s] Level 1:colcon.colcon_core.package_identification:_identify(src/panthera_hardware) by extensions ['ros']
[0.081s] Level 1:colcon.colcon_core.package_identification:_identify(src/panthera_hardware) by extension 'ros'
[0.081s] DEBUG:colcon.colcon_core.package_identification:Package 'src/panthera_hardware' with type 'ros.ament_cmake' and name 'panthera_hardware'
[0.081s] Level 1:colcon.colcon_core.package_identification:_identify(src/panthera_ht_description_with_finger) by extensions ['ignore', 'ignore_ament_install']
[0.081s] Level 1:colcon.colcon_core.package_identification:_identify(src/panthera_ht_description_with_finger) by extension 'ignore'
[0.081s] Level 1:colcon.colcon_core.package_identification:_identify(src/panthera_ht_description_with_finger) by extension 'ignore_ament_install'
[0.081s] Level 1:colcon.colcon_core.package_identification:_identify(src/panthera_ht_description_with_finger) by extensions ['colcon_pkg']
[0.081s] Level 1:colcon.colcon_core.package_identification:_identify(src/panthera_ht_description_with_finger) by extension 'colcon_pkg'
[0.081s] Level 1:colcon.colcon_core.package_identification:_identify(src/panthera_ht_description_with_finger) by extensions ['colcon_meta']
[0.081s] Level 1:colcon.colcon_core.package_identification:_identify(src/panthera_ht_description_with_finger) by extension 'colcon_meta'
[0.081s] Level 1:colcon.colcon_core.package_identification:_identify(src/panthera_ht_description_with_finger) by extensions ['ros']
[0.081s] Level 1:colcon.colcon_core.package_identification:_identify(src/panthera_ht_description_with_finger) by extension 'ros'
[0.081s] DEBUG:colcon.colcon_core.package_identification:Package 'src/panthera_ht_description_with_finger' with type 'ros.ament_cmake' and name 'panthera_ht_description_with_finger'
[0.082s] Level 1:colcon.colcon_core.package_identification:_identify(src/panthera_interfaces) by extensions ['ignore', 'ignore_ament_install']
[0.082s] Level 1:colcon.colcon_core.package_identification:_identify(src/panthera_interfaces) by extension 'ignore'
[0.082s] Level 1:colcon.colcon_core.package_identification:_identify(src/panthera_interfaces) by extension 'ignore_ament_install'
[0.082s] Level 1:colcon.colcon_core.package_identification:_identify(src/panthera_interfaces) by extensions ['colcon_pkg']
[0.082s] Level 1:colcon.colcon_core.package_identification:_identify(src/panthera_interfaces) by extension 'colcon_pkg'
[0.082s] Level 1:colcon.colcon_core.package_identification:_identify(src/panthera_interfaces) by extensions ['colcon_meta']
[0.082s] Level 1:colcon.colcon_core.package_identification:_identify(src/panthera_interfaces) by extension 'colcon_meta'
[0.082s] Level 1:colcon.colcon_core.package_identification:_identify(src/panthera_interfaces) by extensions ['ros']
[0.082s] Level 1:colcon.colcon_core.package_identification:_identify(src/panthera_interfaces) by extension 'ros'
[0.082s] DEBUG:colcon.colcon_core.package_identification:Package 'src/panthera_interfaces' with type 'ros.ament_cmake' and name 'panthera_interfaces'
[0.082s] Level 1:colcon.colcon_core.package_identification:_identify(src/with_gripper_config) by extensions ['ignore', 'ignore_ament_install']
[0.082s] Level 1:colcon.colcon_core.package_identification:_identify(src/with_gripper_config) by extension 'ignore'
[0.082s] Level 1:colcon.colcon_core.package_identification:_identify(src/with_gripper_config) by extension 'ignore_ament_install'
[0.082s] Level 1:colcon.colcon_core.package_identification:_identify(src/with_gripper_config) by extensions ['colcon_pkg']
[0.082s] Level 1:colcon.colcon_core.package_identification:_identify(src/with_gripper_config) by extension 'colcon_pkg'
[0.082s] Level 1:colcon.colcon_core.package_identification:_identify(src/with_gripper_config) by extensions ['colcon_meta']
[0.082s] Level 1:colcon.colcon_core.package_identification:_identify(src/with_gripper_config) by extension 'colcon_meta'
[0.082s] Level 1:colcon.colcon_core.package_identification:_identify(src/with_gripper_config) by extensions ['ros']
[0.082s] Level 1:colcon.colcon_core.package_identification:_identify(src/with_gripper_config) by extension 'ros'
[0.082s] DEBUG:colcon.colcon_core.package_identification:Package 'src/with_gripper_config' with type 'ros.ament_cmake' and name 'with_gripper_config'
[0.082s] Level 1:colcon.colcon_core.package_discovery:discover_packages(recursive) using defaults
[0.082s] Level 1:colcon.colcon_core.package_discovery:discover_packages(ignore) discover
[0.082s] Level 1:colcon.colcon_core.package_discovery:discover_packages(ignore) using defaults
[0.082s] Level 1:colcon.colcon_core.package_discovery:discover_packages(path) discover
[0.082s] Level 1:colcon.colcon_core.package_discovery:discover_packages(path) using defaults
[0.091s] INFO:colcon.colcon_core.package_selection:Skipping not selected package 'hightorque_robot' in 'src/hightorque_robot'
[0.091s] INFO:colcon.colcon_core.package_selection:Skipping not selected package 'panthera_bringup' in 'src/panthera_bringup'
[0.091s] INFO:colcon.colcon_core.package_selection:Skipping not selected package 'panthera_ht_description_with_finger' in 'src/panthera_ht_description_with_finger'
[0.091s] INFO:colcon.colcon_core.package_selection:Skipping not selected package 'panthera_interfaces' in 'src/panthera_interfaces'
[0.091s] INFO:colcon.colcon_core.package_selection:Skipping not selected package 'panthera_arm_control' in 'src/panthera_arm_control'
[0.091s] INFO:colcon.colcon_core.package_selection:Skipping not selected package 'panthera_hardware' in 'src/panthera_hardware'
[0.091s] INFO:colcon.colcon_core.package_selection:Skipping not selected package 'with_gripper_config' in 'src/with_gripper_config'
[0.091s] INFO:colcon.colcon_core.package_selection:Skipping not selected package 'panthera_gazebo' in 'src/panthera_gazebo'
[0.091s] Level 5:colcon.colcon_core.verb:set package 'panthera_commander' build argument 'cmake_args' from command line to 'None'
[0.092s] Level 5:colcon.colcon_core.verb:set package 'panthera_commander' build argument 'cmake_target' from command line to 'None'
[0.092s] Level 5:colcon.colcon_core.verb:set package 'panthera_commander' build argument 'cmake_target_skip_unavailable' from command line to 'False'
[0.092s] Level 5:colcon.colcon_core.verb:set package 'panthera_commander' build argument 'cmake_clean_cache' from command line to 'False'
[0.092s] Level 5:colcon.colcon_core.verb:set package 'panthera_commander' build argument 'cmake_clean_first' from command line to 'False'
[0.092s] Level 5:colcon.colcon_core.verb:set package 'panthera_commander' build argument 'cmake_force_configure' from command line to 'False'
[0.092s] Level 5:colcon.colcon_core.verb:set package 'panthera_commander' build argument 'ament_cmake_args' from command line to 'None'
[0.092s] Level 5:colcon.colcon_core.verb:set package 'panthera_commander' build argument 'catkin_cmake_args' from command line to 'None'
[0.092s] Level 5:colcon.colcon_core.verb:set package 'panthera_commander' build argument 'catkin_skip_building_tests' from command line to 'False'
[0.092s] DEBUG:colcon.colcon_core.verb:Building package 'panthera_commander' with the following arguments: {'ament_cmake_args': None, 'build_base': '/home/tk/robot_manipulator/Panthera-HT_ROS2_Jazzy/build/panthera_commander', 'catkin_cmake_args': None, 'catkin_skip_building_tests': False, 'cmake_args': None, 'cmake_clean_cache': False, 'cmake_clean_first': False, 'cmake_force_configure': False, 'cmake_target': None, 'cmake_target_skip_unavailable': False, 'install_base': '/home/tk/robot_manipulator/Panthera-HT_ROS2_Jazzy/install/panthera_commander', 'merge_install': False, 'path': '/home/tk/robot_manipulator/Panthera-HT_ROS2_Jazzy/src/panthera_commander', 'symlink_install': False, 'test_result_base': None}
[0.092s] INFO:colcon.colcon_core.executor:Executing jobs using 'parallel' executor
[0.092s] DEBUG:colcon.colcon_parallel_executor.executor.parallel:run_until_complete
[0.092s] INFO:colcon.colcon_ros.task.ament_cmake.build:Building ROS package in '/home/tk/robot_manipulator/Panthera-HT_ROS2_Jazzy/src/panthera_commander' with build type 'ament_cmake'
[0.092s] INFO:colcon.colcon_cmake.task.cmake.build:Building CMake package in '/home/tk/robot_manipulator/Panthera-HT_ROS2_Jazzy/src/panthera_commander'
[0.093s] INFO:colcon.colcon_core.plugin_system:Skipping extension 'colcon_core.shell.bat': Not used on non-Windows systems
[0.093s] DEBUG:colcon.colcon_core.shell:Skip shell extension 'dsv' for command environment
[0.101s] DEBUG:colcon.colcon_core.event_handler.log_command:Invoking command in '/home/tk/robot_manipulator/Panthera-HT_ROS2_Jazzy/build/panthera_commander': AMENT_PREFIX_PATH=/home/tk/robot_manipulator/Panthera-HT_ROS2_Jazzy/install/with_gripper_config:/home/tk/robot_manipulator/Panthera-HT_ROS2_Jazzy/install/panthera_interfaces:/home/tk/robot_manipulator/Panthera-HT_ROS2_Jazzy/install/panthera_ht_description_with_finger:${AMENT_PREFIX_PATH} CMAKE_PREFIX_PATH=/home/tk/robot_manipulator/Panthera-HT_ROS2_Jazzy/install/with_gripper_config:/home/tk/robot_manipulator/Panthera-HT_ROS2_Jazzy/install/panthera_interfaces:/home/tk/robot_manipulator/Panthera-HT_ROS2_Jazzy/install/panthera_ht_description_with_finger:/opt/ros/jazzy/opt/gz_sim_vendor:/opt/ros/jazzy/opt/gz_sensors_vendor:/opt/ros/jazzy/opt/gz_physics_vendor:/opt/ros/jazzy/opt/sdformat_vendor:/opt/ros/jazzy/opt/gz_gui_vendor:/opt/ros/jazzy/opt/gz_transport_vendor:/opt/ros/jazzy/opt/gz_rendering_vendor:/opt/ros/jazzy/opt/gz_plugin_vendor:/opt/ros/jazzy/opt/gz_fuel_tools_vendor:/opt/ros/jazzy/opt/gz_msgs_vendor:/opt/ros/jazzy/opt/gz_common_vendor:/opt/ros/jazzy/opt/gz_math_vendor:/opt/ros/jazzy/opt/gz_utils_vendor:/opt/ros/jazzy/opt/gz_tools_vendor:/opt/ros/jazzy/opt/gz_ogre_next_vendor:/opt/ros/jazzy/opt/gz_dartsim_vendor:/opt/ros/jazzy/opt/gz_cmake_vendor:/opt/ros/jazzy CONDA_PROMPT_MODIFIER=(base) DEBUGINFOD_URLS=https://debuginfod.ubuntu.com LD_LIBRARY_PATH=/home/tk/robot_manipulator/Panthera-HT_ROS2_Jazzy/install/panthera_interfaces/lib:${LD_LIBRARY_PATH} PYTHONPATH=/home/tk/robot_manipulator/Panthera-HT_ROS2_Jazzy/install/panthera_interfaces/lib/python3.12/site-packages:${PYTHONPATH} /usr/bin/cmake --build /home/tk/robot_manipulator/Panthera-HT_ROS2_Jazzy/build/panthera_commander -- -j28 -l28
[0.151s] DEBUG:colcon.colcon_core.event_handler.log_command:Invoked command in '/home/tk/robot_manipulator/Panthera-HT_ROS2_Jazzy/build/panthera_commander' returned '2': AMENT_PREFIX_PATH=/home/tk/robot_manipulator/Panthera-HT_ROS2_Jazzy/install/with_gripper_config:/home/tk/robot_manipulator/Panthera-HT_ROS2_Jazzy/install/panthera_interfaces:/home/tk/robot_manipulator/Panthera-HT_ROS2_Jazzy/install/panthera_ht_description_with_finger:${AMENT_PREFIX_PATH} CMAKE_PREFIX_PATH=/home/tk/robot_manipulator/Panthera-HT_ROS2_Jazzy/install/with_gripper_config:/home/tk/robot_manipulator/Panthera-HT_ROS2_Jazzy/install/panthera_interfaces:/home/tk/robot_manipulator/Panthera-HT_ROS2_Jazzy/install/panthera_ht_description_with_finger:/opt/ros/jazzy/opt/gz_sim_vendor:/opt/ros/jazzy/opt/gz_sensors_vendor:/opt/ros/jazzy/opt/gz_physics_vendor:/opt/ros/jazzy/opt/sdformat_vendor:/opt/ros/jazzy/opt/gz_gui_vendor:/opt/ros/jazzy/opt/gz_transport_vendor:/opt/ros/jazzy/opt/gz_rendering_vendor:/opt/ros/jazzy/opt/gz_plugin_vendor:/opt/ros/jazzy/opt/gz_fuel_tools_vendor:/opt/ros/jazzy/opt/gz_msgs_vendor:/opt/ros/jazzy/opt/gz_common_vendor:/opt/ros/jazzy/opt/gz_math_vendor:/opt/ros/jazzy/opt/gz_utils_vendor:/opt/ros/jazzy/opt/gz_tools_vendor:/opt/ros/jazzy/opt/gz_ogre_next_vendor:/opt/ros/jazzy/opt/gz_dartsim_vendor:/opt/ros/jazzy/opt/gz_cmake_vendor:/opt/ros/jazzy CONDA_PROMPT_MODIFIER=(base) DEBUGINFOD_URLS=https://debuginfod.ubuntu.com LD_LIBRARY_PATH=/home/tk/robot_manipulator/Panthera-HT_ROS2_Jazzy/install/panthera_interfaces/lib:${LD_LIBRARY_PATH} PYTHONPATH=/home/tk/robot_manipulator/Panthera-HT_ROS2_Jazzy/install/panthera_interfaces/lib/python3.12/site-packages:${PYTHONPATH} /usr/bin/cmake --build /home/tk/robot_manipulator/Panthera-HT_ROS2_Jazzy/build/panthera_commander -- -j28 -l28
[0.152s] Level 1:colcon.colcon_core.environment:create_environment_scripts_only(panthera_commander)
[0.153s] Level 1:colcon.colcon_core.environment:checking '/home/tk/robot_manipulator/Panthera-HT_ROS2_Jazzy/install/panthera_commander' for CMake module files
[0.153s] Level 1:colcon.colcon_core.environment:checking '/home/tk/robot_manipulator/Panthera-HT_ROS2_Jazzy/install/panthera_commander' for CMake config files
[0.154s] Level 1:colcon.colcon_core.environment:checking '/home/tk/robot_manipulator/Panthera-HT_ROS2_Jazzy/install/panthera_commander/bin'
[0.154s] Level 1:colcon.colcon_core.environment:checking '/home/tk/robot_manipulator/Panthera-HT_ROS2_Jazzy/install/panthera_commander/lib/pkgconfig/panthera_commander.pc'
[0.154s] Level 1:colcon.colcon_core.environment:checking '/home/tk/robot_manipulator/Panthera-HT_ROS2_Jazzy/install/panthera_commander/lib/python3.12/site-packages'
[0.155s] Level 1:colcon.colcon_core.environment:checking '/home/tk/robot_manipulator/Panthera-HT_ROS2_Jazzy/install/panthera_commander/bin'
[0.155s] INFO:colcon.colcon_core.shell:Creating package descriptor '/home/tk/robot_manipulator/Panthera-HT_ROS2_Jazzy/install/panthera_commander/share/panthera_commander/package.dsv'
[0.155s] INFO:colcon.colcon_core.shell:Creating package script '/home/tk/robot_manipulator/Panthera-HT_ROS2_Jazzy/install/panthera_commander/share/panthera_commander/package.sh'
[0.156s] INFO:colcon.colcon_core.shell:Creating package script '/home/tk/robot_manipulator/Panthera-HT_ROS2_Jazzy/install/panthera_commander/share/panthera_commander/package.bash'
[0.156s] INFO:colcon.colcon_core.shell:Creating package script '/home/tk/robot_manipulator/Panthera-HT_ROS2_Jazzy/install/panthera_commander/share/panthera_commander/package.zsh'
[0.156s] Level 1:colcon.colcon_core.environment:create_file_with_runtime_dependencies(/home/tk/robot_manipulator/Panthera-HT_ROS2_Jazzy/install/panthera_commander/share/colcon-core/packages/panthera_commander)
[0.166s] DEBUG:colcon.colcon_parallel_executor.executor.parallel:closing loop
[0.166s] DEBUG:colcon.colcon_parallel_executor.executor.parallel:loop closed
[0.166s] DEBUG:colcon.colcon_parallel_executor.executor.parallel:run_until_complete finished with '2'
[0.166s] DEBUG:colcon.colcon_core.event_reactor:joining thread
[0.169s] INFO:colcon.colcon_core.plugin_system:Skipping extension 'colcon_notification.desktop_notification.terminal_notifier': Not used on non-Darwin systems
[0.169s] INFO:colcon.colcon_core.plugin_system:Skipping extension 'colcon_notification.desktop_notification.win32': Not used on non-Windows systems
[0.169s] INFO:colcon.colcon_notification.desktop_notification:Sending desktop notification using 'notify2'
[0.175s] DEBUG:colcon.colcon_core.event_reactor:joined thread
[0.175s] INFO:colcon.colcon_core.shell:Creating prefix script '/home/tk/robot_manipulator/Panthera-HT_ROS2_Jazzy/install/local_setup.sh'
[0.175s] INFO:colcon.colcon_core.shell:Creating prefix util module '/home/tk/robot_manipulator/Panthera-HT_ROS2_Jazzy/install/_local_setup_util_sh.py'
[0.176s] INFO:colcon.colcon_core.shell:Creating prefix chain script '/home/tk/robot_manipulator/Panthera-HT_ROS2_Jazzy/install/setup.sh'
[0.176s] INFO:colcon.colcon_core.shell:Creating prefix script '/home/tk/robot_manipulator/Panthera-HT_ROS2_Jazzy/install/local_setup.bash'
[0.176s] INFO:colcon.colcon_core.shell:Creating prefix chain script '/home/tk/robot_manipulator/Panthera-HT_ROS2_Jazzy/install/setup.bash'
[0.177s] INFO:colcon.colcon_core.shell:Creating prefix script '/home/tk/robot_manipulator/Panthera-HT_ROS2_Jazzy/install/local_setup.zsh'
[0.177s] INFO:colcon.colcon_core.shell:Creating prefix chain script '/home/tk/robot_manipulator/Panthera-HT_ROS2_Jazzy/install/setup.zsh'
