CMake Warning at CMakeLists.txt:17 (add_executable):
  Cannot generate a safe runtime search path for target test_moveit because
  files in some directories may conflict with libraries in implicit
  directories:

    runtime library [libcrypto.so.3] in /usr/lib/x86_64-linux-gnu may be hidden by files in:
      /home/tk/anaconda3/lib

  Some of these libraries may not be found correctly.


CMake Warning at CMakeLists.txt:20 (add_executable):
  Cannot generate a safe runtime search path for target
  test_moveit_by_cartesian because files in some directories may conflict
  with libraries in implicit directories:

    runtime library [libcrypto.so.3] in /usr/lib/x86_64-linux-gnu may be hidden by files in:
      /home/tk/anaconda3/lib

  Some of these libraries may not be found correctly.


CMake Warning at CMakeLists.txt:23 (add_executable):
  Cannot generate a safe runtime search path for target
  test_moveit_by_jointspace because files in some directories may conflict
  with libraries in implicit directories:

    runtime library [libcrypto.so.3] in /usr/lib/x86_64-linux-gnu may be hidden by files in:
      /home/tk/anaconda3/lib

  Some of these libraries may not be found correctly.


CMake Warning at CMakeLists.txt:26 (add_executable):
  Cannot generate a safe runtime search path for target
  test_moveit_by_siyuanshu because files in some directories may conflict
  with libraries in implicit directories:

    runtime library [libcrypto.so.3] in /usr/lib/x86_64-linux-gnu may be hidden by files in:
      /home/tk/anaconda3/lib

  Some of these libraries may not be found correctly.


CMake Warning at CMakeLists.txt:29 (add_executable):
  Cannot generate a safe runtime search path for target test_gripper because
  files in some directories may conflict with libraries in implicit
  directories:

    runtime library [libcrypto.so.3] in /usr/lib/x86_64-linux-gnu may be hidden by files in:
      /home/tk/anaconda3/lib

  Some of these libraries may not be found correctly.


CMake Warning at CMakeLists.txt:32 (add_executable):
  Cannot generate a safe runtime search path for target test_gripper_detailed
  because files in some directories may conflict with libraries in implicit
  directories:

    runtime library [libcrypto.so.3] in /usr/lib/x86_64-linux-gnu may be hidden by files in:
      /home/tk/anaconda3/lib

  Some of these libraries may not be found correctly.


CMake Warning at CMakeLists.txt:35 (add_executable):
  Cannot generate a safe runtime search path for target
  test_cartesian_from_pose1 because files in some directories may conflict
  with libraries in implicit directories:

    runtime library [libcrypto.so.3] in /usr/lib/x86_64-linux-gnu may be hidden by files in:
      /home/tk/anaconda3/lib

  Some of these libraries may not be found correctly.


CMake Warning at CMakeLists.txt:38 (add_executable):
  Cannot generate a safe runtime search path for target commander_template
  because files in some directories may conflict with libraries in implicit
  directories:

    runtime library [libcrypto.so.3] in /usr/lib/x86_64-linux-gnu may be hidden by files in:
      /home/tk/anaconda3/lib

  Some of these libraries may not be found correctly.


CMake Warning at CMakeLists.txt:41 (add_executable):
  Cannot generate a safe runtime search path for target draw_circle because
  files in some directories may conflict with libraries in implicit
  directories:

    runtime library [libcrypto.so.3] in /usr/lib/x86_64-linux-gnu may be hidden by files in:
      /home/tk/anaconda3/lib

  Some of these libraries may not be found correctly.


CMake Warning at CMakeLists.txt:44 (add_executable):
  Cannot generate a safe runtime search path for target
  draw_horizontal_vertical_circles because files in some directories may
  conflict with libraries in implicit directories:

    runtime library [libcrypto.so.3] in /usr/lib/x86_64-linux-gnu may be hidden by files in:
      /home/tk/anaconda3/lib

  Some of these libraries may not be found correctly.


CMake Warning at CMakeLists.txt:47 (add_executable):
  Cannot generate a safe runtime search path for target draw_three_circles
  because files in some directories may conflict with libraries in implicit
  directories:

    runtime library [libcrypto.so.3] in /usr/lib/x86_64-linux-gnu may be hidden by files in:
      /home/tk/anaconda3/lib

  Some of these libraries may not be found correctly.


CMake Warning at CMakeLists.txt:54 (add_executable):
  Cannot generate a safe runtime search path for target sin_trajectory_moveit
  because files in some directories may conflict with libraries in implicit
  directories:

    runtime library [libcrypto.so.3] in /usr/lib/x86_64-linux-gnu may be hidden by files in:
      /home/tk/anaconda3/lib

  Some of these libraries may not be found correctly.


/home/tk/robot_manipulator/Panthera-HT_ROS2_Jazzy/src/panthera_commander/src/sin_trajectory_control.cpp:8:10: fatal error: panthera/Panthera.hpp: 没有那个文件或目录
    8 | #include "panthera/Panthera.hpp"
      |          ^~~~~~~~~~~~~~~~~~~~~~~
compilation terminated.
gmake[2]: *** [CMakeFiles/sin_trajectory_control.dir/build.make:76：CMakeFiles/sin_trajectory_control.dir/src/sin_trajectory_control.cpp.o] 错误 1
gmake[1]: *** [CMakeFiles/Makefile2:447：CMakeFiles/sin_trajectory_control.dir/all] 错误 2
gmake[1]: *** 正在等待未完成的任务....
In file included from /opt/ros/jazzy/include/rclcpp/rclcpp/logging.hpp:24,
                 from /opt/ros/jazzy/include/rclcpp/rclcpp/copy_all_parameter_values.hpp:27,
                 from /opt/ros/jazzy/include/rclcpp/rclcpp/rclcpp.hpp:171,
                 from /home/tk/robot_manipulator/Panthera-HT_ROS2_Jazzy/src/panthera_commander/src/draw_horizontal_vertical_circles.cpp:1:
/home/tk/robot_manipulator/Panthera-HT_ROS2_Jazzy/src/panthera_commander/src/draw_horizontal_vertical_circles.cpp: In function ‘int main(int, char**)’:
/home/tk/robot_manipulator/Panthera-HT_ROS2_Jazzy/src/panthera_commander/src/draw_horizontal_vertical_circles.cpp:97:37: warning: zero-length gnu_printf format string [-Wformat-zero-length]
   97 |     RCLCPP_INFO(node->get_logger(), "");
      |                                     ^~
/home/tk/robot_manipulator/Panthera-HT_ROS2_Jazzy/src/panthera_commander/src/draw_horizontal_vertical_circles.cpp:101:37: warning: zero-length gnu_printf format string [-Wformat-zero-length]
  101 |     RCLCPP_INFO(node->get_logger(), "");
      |                                     ^~
In file included from /opt/ros/jazzy/include/rclcpp/rclcpp/logging.hpp:24,
                 from /opt/ros/jazzy/include/rclcpp/rclcpp/copy_all_parameter_values.hpp:27,
                 from /opt/ros/jazzy/include/rclcpp/rclcpp/rclcpp.hpp:171,
                 from /home/tk/robot_manipulator/Panthera-HT_ROS2_Jazzy/src/panthera_commander/src/draw_three_circles.cpp:1:
/home/tk/robot_manipulator/Panthera-HT_ROS2_Jazzy/src/panthera_commander/src/draw_three_circles.cpp: In function ‘int main(int, char**)’:
/home/tk/robot_manipulator/Panthera-HT_ROS2_Jazzy/src/panthera_commander/src/draw_three_circles.cpp:97:37: warning: zero-length gnu_printf format string [-Wformat-zero-length]
   97 |     RCLCPP_INFO(node->get_logger(), "");
      |                                     ^~
/home/tk/robot_manipulator/Panthera-HT_ROS2_Jazzy/src/panthera_commander/src/draw_three_circles.cpp:101:37: warning: zero-length gnu_printf format string [-Wformat-zero-length]
  101 |     RCLCPP_INFO(node->get_logger(), "");
      |                                     ^~
/home/tk/robot_manipulator/Panthera-HT_ROS2_Jazzy/src/panthera_commander/src/draw_horizontal_vertical_circles.cpp:173:37: warning: zero-length gnu_printf format string [-Wformat-zero-length]
  173 |     RCLCPP_INFO(node->get_logger(), "");
      |                                     ^~
/home/tk/robot_manipulator/Panthera-HT_ROS2_Jazzy/src/panthera_commander/src/draw_three_circles.cpp:156:37: warning: zero-length gnu_printf format string [-Wformat-zero-length]
  156 |     RCLCPP_INFO(node->get_logger(), "");
      |                                     ^~
/home/tk/robot_manipulator/Panthera-HT_ROS2_Jazzy/src/panthera_commander/src/draw_three_circles.cpp:210:37: warning: zero-length gnu_printf format string [-Wformat-zero-length]
  210 |     RCLCPP_INFO(node->get_logger(), "");
      |                                     ^~
/home/tk/robot_manipulator/Panthera-HT_ROS2_Jazzy/src/panthera_commander/src/draw_horizontal_vertical_circles.cpp:240:37: warning: zero-length gnu_printf format string [-Wformat-zero-length]
  240 |     RCLCPP_INFO(node->get_logger(), "");
      |                                     ^~
/home/tk/robot_manipulator/Panthera-HT_ROS2_Jazzy/src/panthera_commander/src/draw_three_circles.cpp:261:37: warning: zero-length gnu_printf format string [-Wformat-zero-length]
  261 |     RCLCPP_INFO(node->get_logger(), "");
      |                                     ^~
In file included from /opt/ros/jazzy/include/rclcpp/rclcpp/logging.hpp:24,
                 from /opt/ros/jazzy/include/rclcpp/rclcpp/copy_all_parameter_values.hpp:27,
                 from /opt/ros/jazzy/include/rclcpp/rclcpp/rclcpp.hpp:171,
                 from /home/tk/robot_manipulator/Panthera-HT_ROS2_Jazzy/src/panthera_commander/src/draw_circle.cpp:1:
/home/tk/robot_manipulator/Panthera-HT_ROS2_Jazzy/src/panthera_commander/src/draw_circle.cpp: In function ‘int main(int, char**)’:
/home/tk/robot_manipulator/Panthera-HT_ROS2_Jazzy/src/panthera_commander/src/draw_circle.cpp:97:37: warning: zero-length gnu_printf format string [-Wformat-zero-length]
   97 |     RCLCPP_INFO(node->get_logger(), "");
      |                                     ^~
/usr/bin/ld: /opt/ros/jazzy/lib/libresource_retriever.so: undefined reference to `curl_global_init@CURL_OPENSSL_4'
/usr/bin/ld: /opt/ros/jazzy/lib/libresource_retriever.so: undefined reference to `curl_easy_perform@CURL_OPENSSL_4'
/usr/bin/ld: /opt/ros/jazzy/lib/libresource_retriever.so: undefined reference to `curl_easy_setopt@CURL_OPENSSL_4'
/usr/bin/ld: /opt/ros/jazzy/lib/libresource_retriever.so: undefined reference to `curl_easy_init@CURL_OPENSSL_4'
/usr/bin/ld: /opt/ros/jazzy/lib/libresource_retriever.so: undefined reference to `curl_easy_cleanup@CURL_OPENSSL_4'
/usr/bin/ld: /opt/ros/jazzy/lib/libresource_retriever.so: undefined reference to `curl_global_cleanup@CURL_OPENSSL_4'
collect2: error: ld returned 1 exit status
gmake[2]: *** [CMakeFiles/test_moveit_by_jointspace.dir/build.make:375：test_moveit_by_jointspace] 错误 1
gmake[1]: *** [CMakeFiles/Makefile2:213：CMakeFiles/test_moveit_by_jointspace.dir/all] 错误 2
/usr/bin/ld: /opt/ros/jazzy/lib/libresource_retriever.so: undefined reference to `curl_global_init@CURL_OPENSSL_4'
/usr/bin/ld: /opt/ros/jazzy/lib/libresource_retriever.so: undefined reference to `curl_easy_perform@CURL_OPENSSL_4'
/usr/bin/ld: /opt/ros/jazzy/lib/libresource_retriever.so: undefined reference to `curl_easy_setopt@CURL_OPENSSL_4'
/usr/bin/ld: /opt/ros/jazzy/lib/libresource_retriever.so: undefined reference to `curl_easy_init@CURL_OPENSSL_4'
/usr/bin/ld: /opt/ros/jazzy/lib/libresource_retriever.so: undefined reference to `curl_easy_cleanup@CURL_OPENSSL_4'
/usr/bin/ld: /opt/ros/jazzy/lib/libresource_retriever.so: undefined reference to `curl_global_cleanup@CURL_OPENSSL_4'
collect2: error: ld returned 1 exit status
gmake[2]: *** [CMakeFiles/test_gripper.dir/build.make:375：test_gripper] 错误 1
gmake[1]: *** [CMakeFiles/Makefile2:265：CMakeFiles/test_gripper.dir/all] 错误 2
/usr/bin/ld: /opt/ros/jazzy/lib/libresource_retriever.so: undefined reference to `curl_global_init@CURL_OPENSSL_4'
/usr/bin/ld: /opt/ros/jazzy/lib/libresource_retriever.so: undefined reference to `curl_easy_perform@CURL_OPENSSL_4'
In file included from /opt/ros/jazzy/include/rclcpp/rclcpp/logging.hpp:24,
                 from /opt/ros/jazzy/include/rclcpp/rclcpp/copy_all_parameter_values.hpp:27,
                 from /opt/ros/jazzy/include/rclcpp/rclcpp/rclcpp.hpp:171,
                 from /home/tk/robot_manipulator/Panthera-HT_ROS2_Jazzy/src/panthera_commander/src/test_moveit_by_siyuanshu.cpp:1:
/home/tk/robot_manipulator/Panthera-HT_ROS2_Jazzy/src/panthera_commander/src/test_moveit_by_siyuanshu.cpp: In function ‘int main(int, char**)’:
/home/tk/robot_manipulator/Panthera-HT_ROS2_Jazzy/src/panthera_commander/src/test_moveit_by_siyuanshu.cpp:108:42: warning: zero-length gnu_printf format string [-Wformat-zero-length]
  108 |         RCLCPP_ERROR(node->get_logger(), "");
      |                                          ^~
/usr/bin/ld: /opt/ros/jazzy/lib/libresource_retriever.so: undefined reference to `curl_easy_setopt@CURL_OPENSSL_4'
/usr/bin/ld: /opt/ros/jazzy/lib/libresource_retriever.so: undefined reference to `curl_easy_init@CURL_OPENSSL_4'
/usr/bin/ld: /opt/ros/jazzy/lib/libresource_retriever.so: undefined reference to `curl_easy_cleanup@CURL_OPENSSL_4'
/usr/bin/ld: /opt/ros/jazzy/lib/libresource_retriever.so: undefined reference to `curl_global_cleanup@CURL_OPENSSL_4'
collect2: error: ld returned 1 exit status
gmake[2]: *** [CMakeFiles/draw_horizontal_vertical_circles.dir/build.make:375：draw_horizontal_vertical_circles] 错误 1
gmake[1]: *** [CMakeFiles/Makefile2:395：CMakeFiles/draw_horizontal_vertical_circles.dir/all] 错误 2
/usr/bin/ld: /opt/ros/jazzy/lib/libresource_retriever.so: undefined reference to `curl_global_init@CURL_OPENSSL_4'
/usr/bin/ld: /opt/ros/jazzy/lib/libresource_retriever.so: undefined reference to `curl_easy_perform@CURL_OPENSSL_4'
/usr/bin/ld: /opt/ros/jazzy/lib/libresource_retriever.so: undefined reference to `curl_easy_setopt@CURL_OPENSSL_4'
/usr/bin/ld: /opt/ros/jazzy/lib/libresource_retriever.so: undefined reference to `curl_easy_init@CURL_OPENSSL_4'
/usr/bin/ld: /opt/ros/jazzy/lib/libresource_retriever.so: undefined reference to `curl_easy_cleanup@CURL_OPENSSL_4'
/usr/bin/ld: /opt/ros/jazzy/lib/libresource_retriever.so: undefined reference to `curl_global_cleanup@CURL_OPENSSL_4'
/usr/bin/ld: /opt/ros/jazzy/lib/libresource_retriever.so: undefined reference to `curl_global_init@CURL_OPENSSL_4'
/usr/bin/ld: /opt/ros/jazzy/lib/libresource_retriever.so: undefined reference to `curl_easy_perform@CURL_OPENSSL_4'
collect2: error: ld returned 1 exit status
/usr/bin/ld: /opt/ros/jazzy/lib/libresource_retriever.so: undefined reference to `curl_easy_setopt@CURL_OPENSSL_4'
/usr/bin/ld: /opt/ros/jazzy/lib/libresource_retriever.so: undefined reference to `curl_easy_init@CURL_OPENSSL_4'
gmake[2]: *** [CMakeFiles/test_cartesian_from_pose1.dir/build.make:375：test_cartesian_from_pose1] 错误 1
gmake[1]: *** [CMakeFiles/Makefile2:317：CMakeFiles/test_cartesian_from_pose1.dir/all] 错误 2
/usr/bin/ld: /opt/ros/jazzy/lib/libresource_retriever.so: undefined reference to `curl_global_init@CURL_OPENSSL_4'
/usr/bin/ld: /opt/ros/jazzy/lib/libresource_retriever.so: undefined reference to `curl_easy_cleanup@CURL_OPENSSL_4'
/usr/bin/ld: /opt/ros/jazzy/lib/libresource_retriever.so: undefined reference to `curl_easy_perform@CURL_OPENSSL_4'
/usr/bin/ld: /opt/ros/jazzy/lib/libresource_retriever.so: undefined reference to `curl_easy_setopt@CURL_OPENSSL_4'
/usr/bin/ld: /opt/ros/jazzy/lib/libresource_retriever.so: undefined reference to `curl_easy_init@CURL_OPENSSL_4'
/usr/bin/ld: /opt/ros/jazzy/lib/libresource_retriever.so: undefined reference to `curl_global_cleanup@CURL_OPENSSL_4'
/usr/bin/ld: /opt/ros/jazzy/lib/libresource_retriever.so: undefined reference to `curl_easy_cleanup@CURL_OPENSSL_4'
/usr/bin/ld: /opt/ros/jazzy/lib/libresource_retriever.so: undefined reference to `curl_global_init@CURL_OPENSSL_4'
/usr/bin/ld: /opt/ros/jazzy/lib/libresource_retriever.so: undefined reference to `curl_global_cleanup@CURL_OPENSSL_4'
/usr/bin/ld: /opt/ros/jazzy/lib/libresource_retriever.so: undefined reference to `curl_easy_perform@CURL_OPENSSL_4'
/usr/bin/ld: /opt/ros/jazzy/lib/libresource_retriever.so: undefined reference to `curl_easy_setopt@CURL_OPENSSL_4'
/usr/bin/ld: /opt/ros/jazzy/lib/libresource_retriever.so: undefined reference to `curl_easy_init@CURL_OPENSSL_4'
collect2: error: ld returned 1 exit status
/usr/bin/ld: /opt/ros/jazzy/lib/libresource_retriever.so: undefined reference to `curl_easy_cleanup@CURL_OPENSSL_4'
/usr/bin/ld: /opt/ros/jazzy/lib/libresource_retriever.so: undefined reference to `curl_global_cleanup@CURL_OPENSSL_4'
gmake[2]: *** [CMakeFiles/draw_three_circles.dir/build.make:375：draw_three_circles] 错误 1
gmake[1]: *** [CMakeFiles/Makefile2:421：CMakeFiles/draw_three_circles.dir/all] 错误 2
collect2: error: ld returned 1 exit status
gmake[2]: *** [CMakeFiles/draw_circle.dir/build.make:375：draw_circle] 错误 1
gmake[1]: *** [CMakeFiles/Makefile2:369：CMakeFiles/draw_circle.dir/all] 错误 2
collect2: error: ld returned 1 exit status
gmake[2]: *** [CMakeFiles/sin_trajectory_moveit.dir/build.make:367：sin_trajectory_moveit] 错误 1
gmake[1]: *** [CMakeFiles/Makefile2:473：CMakeFiles/sin_trajectory_moveit.dir/all] 错误 2
/usr/bin/ld: /opt/ros/jazzy/lib/libresource_retriever.so: undefined reference to `curl_global_init@CURL_OPENSSL_4'
/usr/bin/ld: /opt/ros/jazzy/lib/libresource_retriever.so: undefined reference to `curl_easy_perform@CURL_OPENSSL_4'
/usr/bin/ld: /opt/ros/jazzy/lib/libresource_retriever.so: undefined reference to `curl_easy_setopt@CURL_OPENSSL_4'
/usr/bin/ld: /opt/ros/jazzy/lib/libresource_retriever.so: undefined reference to `curl_easy_init@CURL_OPENSSL_4'
/usr/bin/ld: /opt/ros/jazzy/lib/libresource_retriever.so: undefined reference to `curl_easy_cleanup@CURL_OPENSSL_4'
/usr/bin/ld: /opt/ros/jazzy/lib/libresource_retriever.so: undefined reference to `curl_global_cleanup@CURL_OPENSSL_4'
collect2: error: ld returned 1 exit status
gmake[2]: *** [CMakeFiles/test_moveit_by_cartesian.dir/build.make:375：test_moveit_by_cartesian] 错误 1
gmake[1]: *** [CMakeFiles/Makefile2:187：CMakeFiles/test_moveit_by_cartesian.dir/all] 错误 2
/usr/bin/ld: /opt/ros/jazzy/lib/libresource_retriever.so: undefined reference to `curl_global_init@CURL_OPENSSL_4'
/usr/bin/ld: /opt/ros/jazzy/lib/libresource_retriever.so: undefined reference to `curl_easy_perform@CURL_OPENSSL_4'
/usr/bin/ld: /opt/ros/jazzy/lib/libresource_retriever.so: undefined reference to `curl_easy_setopt@CURL_OPENSSL_4'
/usr/bin/ld: /opt/ros/jazzy/lib/libresource_retriever.so: undefined reference to `curl_easy_init@CURL_OPENSSL_4'
/usr/bin/ld: /opt/ros/jazzy/lib/libresource_retriever.so: undefined reference to `curl_easy_cleanup@CURL_OPENSSL_4'
/usr/bin/ld: /opt/ros/jazzy/lib/libresource_retriever.so: undefined reference to `curl_global_cleanup@CURL_OPENSSL_4'
collect2: error: ld returned 1 exit status
gmake[2]: *** [CMakeFiles/test_gripper_detailed.dir/build.make:375：test_gripper_detailed] 错误 1
gmake[1]: *** [CMakeFiles/Makefile2:291：CMakeFiles/test_gripper_detailed.dir/all] 错误 2
/usr/bin/ld: /opt/ros/jazzy/lib/libresource_retriever.so: undefined reference to `curl_global_init@CURL_OPENSSL_4'
/usr/bin/ld: /opt/ros/jazzy/lib/libresource_retriever.so: undefined reference to `curl_easy_perform@CURL_OPENSSL_4'
/usr/bin/ld: /opt/ros/jazzy/lib/libresource_retriever.so: undefined reference to `curl_easy_setopt@CURL_OPENSSL_4'
/usr/bin/ld: /opt/ros/jazzy/lib/libresource_retriever.so: undefined reference to `curl_easy_init@CURL_OPENSSL_4'
/usr/bin/ld: /opt/ros/jazzy/lib/libresource_retriever.so: undefined reference to `curl_easy_cleanup@CURL_OPENSSL_4'
/usr/bin/ld: /opt/ros/jazzy/lib/libresource_retriever.so: undefined reference to `curl_global_cleanup@CURL_OPENSSL_4'
/usr/bin/ld: /opt/ros/jazzy/lib/libresource_retriever.so: undefined reference to `curl_global_init@CURL_OPENSSL_4'
/usr/bin/ld: /opt/ros/jazzy/lib/libresource_retriever.so: undefined reference to `curl_easy_perform@CURL_OPENSSL_4'
/usr/bin/ld: /opt/ros/jazzy/lib/libresource_retriever.so: undefined reference to `curl_easy_setopt@CURL_OPENSSL_4'
collect2: error: ld returned 1 exit status
/usr/bin/ld: /opt/ros/jazzy/lib/libresource_retriever.so: undefined reference to `curl_easy_init@CURL_OPENSSL_4'
/usr/bin/ld: /opt/ros/jazzy/lib/libresource_retriever.so: undefined reference to `curl_easy_cleanup@CURL_OPENSSL_4'
gmake[2]: *** [CMakeFiles/test_moveit.dir/build.make:375：test_moveit] 错误 1
gmake[1]: *** [CMakeFiles/Makefile2:161：CMakeFiles/test_moveit.dir/all] 错误 2
/usr/bin/ld: /opt/ros/jazzy/lib/libresource_retriever.so: undefined reference to `curl_global_cleanup@CURL_OPENSSL_4'
collect2: error: ld returned 1 exit status
gmake[2]: *** [CMakeFiles/test_moveit_by_siyuanshu.dir/build.make:375：test_moveit_by_siyuanshu] 错误 1
gmake[1]: *** [CMakeFiles/Makefile2:239：CMakeFiles/test_moveit_by_siyuanshu.dir/all] 错误 2
/usr/bin/ld: /opt/ros/jazzy/lib/libresource_retriever.so: undefined reference to `curl_global_init@CURL_OPENSSL_4'
/usr/bin/ld: /opt/ros/jazzy/lib/libresource_retriever.so: undefined reference to `curl_easy_perform@CURL_OPENSSL_4'
/usr/bin/ld: /opt/ros/jazzy/lib/libresource_retriever.so: undefined reference to `curl_easy_setopt@CURL_OPENSSL_4'
/usr/bin/ld: /opt/ros/jazzy/lib/libresource_retriever.so: undefined reference to `curl_easy_init@CURL_OPENSSL_4'
/usr/bin/ld: /opt/ros/jazzy/lib/libresource_retriever.so: undefined reference to `curl_easy_cleanup@CURL_OPENSSL_4'
/usr/bin/ld: /opt/ros/jazzy/lib/libresource_retriever.so: undefined reference to `curl_global_cleanup@CURL_OPENSSL_4'
collect2: error: ld returned 1 exit status
gmake[2]: *** [CMakeFiles/commander_template.dir/build.make:383：commander_template] 错误 1
gmake[1]: *** [CMakeFiles/Makefile2:343：CMakeFiles/commander_template.dir/all] 错误 2
gmake: *** [Makefile:146：all] 错误 2
