-- The C compiler identification is GNU 13.3.0
-- The CXX compiler identification is GNU 13.3.0
-- Detecting C compiler ABI info
-- Detecting C compiler ABI info - done
-- Check for working C compiler: /usr/bin/cc - skipped
-- Detecting C compile features
-- Detecting C compile features - done
-- Detecting CXX compiler ABI info
-- Detecting CXX compiler ABI info - done
-- Check for working CXX compiler: /usr/bin/c++ - skipped
-- Detecting CXX compile features
-- Detecting CXX compile features - done
-- Found ament_cmake: 2.5.4 (/opt/ros/jazzy/share/ament_cmake/cmake)
-- Found Python3: /home/tk/anaconda3/bin/python3 (found version "3.13.5") found components: Interpreter 
-- Found rclcpp: 28.1.13 (/opt/ros/jazzy/share/rclcpp/cmake)
-- Found rosidl_generator_c: 4.6.6 (/opt/ros/jazzy/share/rosidl_generator_c/cmake)
-- Found rosidl_generator_cpp: 4.6.6 (/opt/ros/jazzy/share/rosidl_generator_cpp/cmake)
-- Using all available rosidl_typesupport_c: rosidl_typesupport_fastrtps_c;rosidl_typesupport_introspection_c
-- Using all available rosidl_typesupport_cpp: rosidl_typesupport_fastrtps_cpp;rosidl_typesupport_introspection_cpp
-- Found rmw_implementation_cmake: 7.3.2 (/opt/ros/jazzy/share/rmw_implementation_cmake/cmake)
-- Found rmw_cyclonedds_cpp: 2.2.3 (/opt/ros/jazzy/share/rmw_cyclonedds_cpp/cmake)
-- Using RMW implementation 'rmw_cyclonedds_cpp' as default
-- Found moveit_ros_planning_interface: 2.12.3 (/opt/ros/jazzy/share/moveit_ros_planning_interface/cmake)
-- Found Boost: /home/tk/anaconda3/lib/cmake/Boost-1.82.0/BoostConfig.cmake (found version "1.82.0") found components: date_time filesystem program_options system thread 
-- Found Boost: /home/tk/anaconda3/lib/cmake/Boost-1.82.0/BoostConfig.cmake (found version "1.82.0") found components: chrono date_time filesystem iostreams program_options regex serialization system thread 
-- Found parameter_traits: 0.5.0 (/opt/ros/jazzy/share/parameter_traits/cmake)
-- Found rclcpp_lifecycle: 28.1.13 (/opt/ros/jazzy/share/rclcpp_lifecycle/cmake)
-- Found Boost: /home/tk/anaconda3/lib/cmake/Boost-1.82.0/BoostConfig.cmake (found version "1.82.0") found components: filesystem 
-- Found Eigen3: TRUE (found version "3.4.0") 
-- Ensuring Eigen3 include directory is part of orocos-kdl CMake target
-- Found TinyXML2 via Config file: /usr/lib/x86_64-linux-gnu/cmake/tinyxml2
-- Found Boost: /home/tk/anaconda3/lib/cmake/Boost-1.82.0/BoostConfig.cmake (found version "1.82.0") found components: system filesystem date_time program_options thread chrono 
-- Found Boost: /home/tk/anaconda3/lib/cmake/Boost-1.82.0/BoostConfig.cmake (found version "1.82.0") found components: thread system filesystem regex date_time program_options 
-- Found Boost: /home/tk/anaconda3/lib/cmake/Boost-1.82.0/BoostConfig.cmake (found version "1.82.0") found components: system filesystem date_time program_options thread 
-- Found example_interfaces: 0.12.0 (/opt/ros/jazzy/share/example_interfaces/cmake)
-- Found panthera_interfaces: 0.0.0 (/home/tk/robot_manipulator/Panthera-HT_ROS2_Jazzy/install/panthera_interfaces/share/panthera_interfaces/cmake)
-- Found ament_lint_auto: 0.17.3 (/opt/ros/jazzy/share/ament_lint_auto/cmake)
-- Added test 'cppcheck' to perform static code analysis on C / C++ code
-- Configured cppcheck include dirs: 
-- Configured cppcheck exclude dirs and/or files: 
-- Added test 'lint_cmake' to check CMake code style
-- Added test 'uncrustify' to check C / C++ code style
-- Configured uncrustify additional arguments: 
-- Added test 'xmllint' to check XML markup files
-- Configuring done (1.6s)
CMake Warning at CMakeLists.txt:17 (add_executable):
  Cannot generate a safe runtime search path for target test_moveit because
  files in some directories may conflict with libraries in implicit
  directories:

    runtime library [libcrypto.so.3] in /usr/lib/x86_64-linux-gnu may be hidden by files in:
      /home/tk/anaconda3/lib

  Some of these libraries may not be found correctly.


CMake Warning at CMakeLists.txt:20 (add_executable):
  Cannot generate a safe runtime search path for target
  test_moveit_by_cartesian because files in some directories may conflict
  with libraries in implicit directories:

    runtime library [libcrypto.so.3] in /usr/lib/x86_64-linux-gnu may be hidden by files in:
      /home/tk/anaconda3/lib

  Some of these libraries may not be found correctly.


CMake Warning at CMakeLists.txt:23 (add_executable):
  Cannot generate a safe runtime search path for target
  test_moveit_by_jointspace because files in some directories may conflict
  with libraries in implicit directories:

    runtime library [libcrypto.so.3] in /usr/lib/x86_64-linux-gnu may be hidden by files in:
      /home/tk/anaconda3/lib

  Some of these libraries may not be found correctly.


CMake Warning at CMakeLists.txt:26 (add_executable):
  Cannot generate a safe runtime search path for target
  test_moveit_by_siyuanshu because files in some directories may conflict
  with libraries in implicit directories:

    runtime library [libcrypto.so.3] in /usr/lib/x86_64-linux-gnu may be hidden by files in:
      /home/tk/anaconda3/lib

  Some of these libraries may not be found correctly.


CMake Warning at CMakeLists.txt:29 (add_executable):
  Cannot generate a safe runtime search path for target test_gripper because
  files in some directories may conflict with libraries in implicit
  directories:

    runtime library [libcrypto.so.3] in /usr/lib/x86_64-linux-gnu may be hidden by files in:
      /home/tk/anaconda3/lib

  Some of these libraries may not be found correctly.


CMake Warning at CMakeLists.txt:32 (add_executable):
  Cannot generate a safe runtime search path for target test_gripper_detailed
  because files in some directories may conflict with libraries in implicit
  directories:

    runtime library [libcrypto.so.3] in /usr/lib/x86_64-linux-gnu may be hidden by files in:
      /home/tk/anaconda3/lib

  Some of these libraries may not be found correctly.


CMake Warning at CMakeLists.txt:35 (add_executable):
  Cannot generate a safe runtime search path for target
  test_cartesian_from_pose1 because files in some directories may conflict
  with libraries in implicit directories:

    runtime library [libcrypto.so.3] in /usr/lib/x86_64-linux-gnu may be hidden by files in:
      /home/tk/anaconda3/lib

  Some of these libraries may not be found correctly.


CMake Warning at CMakeLists.txt:38 (add_executable):
  Cannot generate a safe runtime search path for target commander_template
  because files in some directories may conflict with libraries in implicit
  directories:

    runtime library [libcrypto.so.3] in /usr/lib/x86_64-linux-gnu may be hidden by files in:
      /home/tk/anaconda3/lib

  Some of these libraries may not be found correctly.


CMake Warning at CMakeLists.txt:41 (add_executable):
  Cannot generate a safe runtime search path for target draw_circle because
  files in some directories may conflict with libraries in implicit
  directories:

    runtime library [libcrypto.so.3] in /usr/lib/x86_64-linux-gnu may be hidden by files in:
      /home/tk/anaconda3/lib

  Some of these libraries may not be found correctly.


CMake Warning at CMakeLists.txt:44 (add_executable):
  Cannot generate a safe runtime search path for target
  draw_horizontal_vertical_circles because files in some directories may
  conflict with libraries in implicit directories:

    runtime library [libcrypto.so.3] in /usr/lib/x86_64-linux-gnu may be hidden by files in:
      /home/tk/anaconda3/lib

  Some of these libraries may not be found correctly.


CMake Warning at CMakeLists.txt:47 (add_executable):
  Cannot generate a safe runtime search path for target draw_three_circles
  because files in some directories may conflict with libraries in implicit
  directories:

    runtime library [libcrypto.so.3] in /usr/lib/x86_64-linux-gnu may be hidden by files in:
      /home/tk/anaconda3/lib

  Some of these libraries may not be found correctly.


CMake Warning at CMakeLists.txt:54 (add_executable):
  Cannot generate a safe runtime search path for target sin_trajectory_moveit
  because files in some directories may conflict with libraries in implicit
  directories:

    runtime library [libcrypto.so.3] in /usr/lib/x86_64-linux-gnu may be hidden by files in:
      /home/tk/anaconda3/lib

  Some of these libraries may not be found correctly.


-- Generating done (0.1s)
-- Build files have been written to: /home/tk/robot_manipulator/Panthera-HT_ROS2_Jazzy/build/panthera_commander
[ 11%] Building CXX object CMakeFiles/draw_horizontal_vertical_circles.dir/src/draw_horizontal_vertical_circles.cpp.o
[ 11%] Building CXX object CMakeFiles/sin_trajectory_control.dir/src/sin_trajectory_control.cpp.o
[ 11%] Building CXX object CMakeFiles/test_gripper.dir/src/test_gripper.cpp.o
[ 15%] Building CXX object CMakeFiles/draw_circle.dir/src/draw_circle.cpp.o
[ 19%] Building CXX object CMakeFiles/sin_trajectory_moveit.dir/src/sin_trajectory_moveit.cpp.o
[ 23%] Building CXX object CMakeFiles/test_moveit_by_cartesian.dir/src/test_moveit_by_cartesian.cpp.o
[ 26%] Building CXX object CMakeFiles/test_moveit_by_jointspace.dir/src/test_moveit_by_jointspace.cpp.o
[ 30%] Building CXX object CMakeFiles/test_gripper_detailed.dir/src/test_gripper_detailed.cpp.o
[ 34%] Building CXX object CMakeFiles/commander_template.dir/src/commander_template.cpp.o
[ 38%] Building CXX object CMakeFiles/draw_three_circles.dir/src/draw_three_circles.cpp.o
[ 42%] Building CXX object CMakeFiles/test_cartesian_from_pose1.dir/src/test_cartesian_from_pose1.cpp.o
[ 46%] Building CXX object CMakeFiles/test_moveit.dir/src/test_moveit.cpp.o
[ 50%] Building CXX object CMakeFiles/test_moveit_by_siyuanshu.dir/src/test_moveit_by_siyuanshu.cpp.o
/home/tk/robot_manipulator/Panthera-HT_ROS2_Jazzy/src/panthera_commander/src/sin_trajectory_control.cpp:8:10: fatal error: panthera/Panthera.hpp: 没有那个文件或目录
    8 | #include "panthera/Panthera.hpp"
      |          ^~~~~~~~~~~~~~~~~~~~~~~
compilation terminated.
gmake[2]: *** [CMakeFiles/sin_trajectory_control.dir/build.make:76：CMakeFiles/sin_trajectory_control.dir/src/sin_trajectory_control.cpp.o] 错误 1
gmake[1]: *** [CMakeFiles/Makefile2:447：CMakeFiles/sin_trajectory_control.dir/all] 错误 2
gmake[1]: *** 正在等待未完成的任务....
In file included from /opt/ros/jazzy/include/rclcpp/rclcpp/logging.hpp:24,
                 from /opt/ros/jazzy/include/rclcpp/rclcpp/copy_all_parameter_values.hpp:27,
                 from /opt/ros/jazzy/include/rclcpp/rclcpp/rclcpp.hpp:171,
                 from /home/tk/robot_manipulator/Panthera-HT_ROS2_Jazzy/src/panthera_commander/src/draw_horizontal_vertical_circles.cpp:1:
/home/tk/robot_manipulator/Panthera-HT_ROS2_Jazzy/src/panthera_commander/src/draw_horizontal_vertical_circles.cpp: In function ‘int main(int, char**)’:
/home/tk/robot_manipulator/Panthera-HT_ROS2_Jazzy/src/panthera_commander/src/draw_horizontal_vertical_circles.cpp:97:37: warning: zero-length gnu_printf format string [-Wformat-zero-length]
   97 |     RCLCPP_INFO(node->get_logger(), "");
      |                                     ^~
/home/tk/robot_manipulator/Panthera-HT_ROS2_Jazzy/src/panthera_commander/src/draw_horizontal_vertical_circles.cpp:101:37: warning: zero-length gnu_printf format string [-Wformat-zero-length]
  101 |     RCLCPP_INFO(node->get_logger(), "");
      |                                     ^~
In file included from /opt/ros/jazzy/include/rclcpp/rclcpp/logging.hpp:24,
                 from /opt/ros/jazzy/include/rclcpp/rclcpp/copy_all_parameter_values.hpp:27,
                 from /opt/ros/jazzy/include/rclcpp/rclcpp/rclcpp.hpp:171,
                 from /home/tk/robot_manipulator/Panthera-HT_ROS2_Jazzy/src/panthera_commander/src/draw_three_circles.cpp:1:
/home/tk/robot_manipulator/Panthera-HT_ROS2_Jazzy/src/panthera_commander/src/draw_three_circles.cpp: In function ‘int main(int, char**)’:
/home/tk/robot_manipulator/Panthera-HT_ROS2_Jazzy/src/panthera_commander/src/draw_three_circles.cpp:97:37: warning: zero-length gnu_printf format string [-Wformat-zero-length]
   97 |     RCLCPP_INFO(node->get_logger(), "");
      |                                     ^~
/home/tk/robot_manipulator/Panthera-HT_ROS2_Jazzy/src/panthera_commander/src/draw_three_circles.cpp:101:37: warning: zero-length gnu_printf format string [-Wformat-zero-length]
  101 |     RCLCPP_INFO(node->get_logger(), "");
      |                                     ^~
/home/tk/robot_manipulator/Panthera-HT_ROS2_Jazzy/src/panthera_commander/src/draw_horizontal_vertical_circles.cpp:173:37: warning: zero-length gnu_printf format string [-Wformat-zero-length]
  173 |     RCLCPP_INFO(node->get_logger(), "");
      |                                     ^~
/home/tk/robot_manipulator/Panthera-HT_ROS2_Jazzy/src/panthera_commander/src/draw_three_circles.cpp:156:37: warning: zero-length gnu_printf format string [-Wformat-zero-length]
  156 |     RCLCPP_INFO(node->get_logger(), "");
      |                                     ^~
/home/tk/robot_manipulator/Panthera-HT_ROS2_Jazzy/src/panthera_commander/src/draw_three_circles.cpp:210:37: warning: zero-length gnu_printf format string [-Wformat-zero-length]
  210 |     RCLCPP_INFO(node->get_logger(), "");
      |                                     ^~
/home/tk/robot_manipulator/Panthera-HT_ROS2_Jazzy/src/panthera_commander/src/draw_horizontal_vertical_circles.cpp:240:37: warning: zero-length gnu_printf format string [-Wformat-zero-length]
  240 |     RCLCPP_INFO(node->get_logger(), "");
      |                                     ^~
/home/tk/robot_manipulator/Panthera-HT_ROS2_Jazzy/src/panthera_commander/src/draw_three_circles.cpp:261:37: warning: zero-length gnu_printf format string [-Wformat-zero-length]
  261 |     RCLCPP_INFO(node->get_logger(), "");
      |                                     ^~
In file included from /opt/ros/jazzy/include/rclcpp/rclcpp/logging.hpp:24,
                 from /opt/ros/jazzy/include/rclcpp/rclcpp/copy_all_parameter_values.hpp:27,
                 from /opt/ros/jazzy/include/rclcpp/rclcpp/rclcpp.hpp:171,
                 from /home/tk/robot_manipulator/Panthera-HT_ROS2_Jazzy/src/panthera_commander/src/draw_circle.cpp:1:
/home/tk/robot_manipulator/Panthera-HT_ROS2_Jazzy/src/panthera_commander/src/draw_circle.cpp: In function ‘int main(int, char**)’:
/home/tk/robot_manipulator/Panthera-HT_ROS2_Jazzy/src/panthera_commander/src/draw_circle.cpp:97:37: warning: zero-length gnu_printf format string [-Wformat-zero-length]
   97 |     RCLCPP_INFO(node->get_logger(), "");
      |                                     ^~
[ 53%] Linking CXX executable test_moveit_by_jointspace
[ 57%] Linking CXX executable test_gripper
/usr/bin/ld: /opt/ros/jazzy/lib/libresource_retriever.so: undefined reference to `curl_global_init@CURL_OPENSSL_4'
/usr/bin/ld: /opt/ros/jazzy/lib/libresource_retriever.so: undefined reference to `curl_easy_perform@CURL_OPENSSL_4'
/usr/bin/ld: /opt/ros/jazzy/lib/libresource_retriever.so: undefined reference to `curl_easy_setopt@CURL_OPENSSL_4'
/usr/bin/ld: /opt/ros/jazzy/lib/libresource_retriever.so: undefined reference to `curl_easy_init@CURL_OPENSSL_4'
/usr/bin/ld: /opt/ros/jazzy/lib/libresource_retriever.so: undefined reference to `curl_easy_cleanup@CURL_OPENSSL_4'
/usr/bin/ld: /opt/ros/jazzy/lib/libresource_retriever.so: undefined reference to `curl_global_cleanup@CURL_OPENSSL_4'
collect2: error: ld returned 1 exit status
gmake[2]: *** [CMakeFiles/test_moveit_by_jointspace.dir/build.make:375：test_moveit_by_jointspace] 错误 1
gmake[1]: *** [CMakeFiles/Makefile2:213：CMakeFiles/test_moveit_by_jointspace.dir/all] 错误 2
[ 61%] Linking CXX executable draw_horizontal_vertical_circles
[ 65%] Linking CXX executable draw_circle
/usr/bin/ld: /opt/ros/jazzy/lib/libresource_retriever.so: undefined reference to `curl_global_init@CURL_OPENSSL_4'
/usr/bin/ld: /opt/ros/jazzy/lib/libresource_retriever.so: undefined reference to `curl_easy_perform@CURL_OPENSSL_4'
/usr/bin/ld: /opt/ros/jazzy/lib/libresource_retriever.so: undefined reference to `curl_easy_setopt@CURL_OPENSSL_4'
/usr/bin/ld: /opt/ros/jazzy/lib/libresource_retriever.so: undefined reference to `curl_easy_init@CURL_OPENSSL_4'
/usr/bin/ld: /opt/ros/jazzy/lib/libresource_retriever.so: undefined reference to `curl_easy_cleanup@CURL_OPENSSL_4'
/usr/bin/ld: /opt/ros/jazzy/lib/libresource_retriever.so: undefined reference to `curl_global_cleanup@CURL_OPENSSL_4'
[ 69%] Linking CXX executable test_cartesian_from_pose1
collect2: error: ld returned 1 exit status
gmake[2]: *** [CMakeFiles/test_gripper.dir/build.make:375：test_gripper] 错误 1
gmake[1]: *** [CMakeFiles/Makefile2:265：CMakeFiles/test_gripper.dir/all] 错误 2
[ 73%] Linking CXX executable draw_three_circles
[ 76%] Linking CXX executable sin_trajectory_moveit
/usr/bin/ld: /opt/ros/jazzy/lib/libresource_retriever.so: undefined reference to `curl_global_init@CURL_OPENSSL_4'
/usr/bin/ld: /opt/ros/jazzy/lib/libresource_retriever.so: undefined reference to `curl_easy_perform@CURL_OPENSSL_4'
In file included from /opt/ros/jazzy/include/rclcpp/rclcpp/logging.hpp:24,
                 from /opt/ros/jazzy/include/rclcpp/rclcpp/copy_all_parameter_values.hpp:27,
                 from /opt/ros/jazzy/include/rclcpp/rclcpp/rclcpp.hpp:171,
                 from /home/tk/robot_manipulator/Panthera-HT_ROS2_Jazzy/src/panthera_commander/src/test_moveit_by_siyuanshu.cpp:1:
/home/tk/robot_manipulator/Panthera-HT_ROS2_Jazzy/src/panthera_commander/src/test_moveit_by_siyuanshu.cpp: In function ‘int main(int, char**)’:
/home/tk/robot_manipulator/Panthera-HT_ROS2_Jazzy/src/panthera_commander/src/test_moveit_by_siyuanshu.cpp:108:42: warning: zero-length gnu_printf format string [-Wformat-zero-length]
  108 |         RCLCPP_ERROR(node->get_logger(), "");
      |                                          ^~
/usr/bin/ld: /opt/ros/jazzy/lib/libresource_retriever.so: undefined reference to `curl_easy_setopt@CURL_OPENSSL_4'
/usr/bin/ld: /opt/ros/jazzy/lib/libresource_retriever.so: undefined reference to `curl_easy_init@CURL_OPENSSL_4'
/usr/bin/ld: /opt/ros/jazzy/lib/libresource_retriever.so: undefined reference to `curl_easy_cleanup@CURL_OPENSSL_4'
/usr/bin/ld: /opt/ros/jazzy/lib/libresource_retriever.so: undefined reference to `curl_global_cleanup@CURL_OPENSSL_4'
collect2: error: ld returned 1 exit status
gmake[2]: *** [CMakeFiles/draw_horizontal_vertical_circles.dir/build.make:375：draw_horizontal_vertical_circles] 错误 1
gmake[1]: *** [CMakeFiles/Makefile2:395：CMakeFiles/draw_horizontal_vertical_circles.dir/all] 错误 2
/usr/bin/ld: /opt/ros/jazzy/lib/libresource_retriever.so: undefined reference to `curl_global_init@CURL_OPENSSL_4'
/usr/bin/ld: /opt/ros/jazzy/lib/libresource_retriever.so: undefined reference to `curl_easy_perform@CURL_OPENSSL_4'
/usr/bin/ld: /opt/ros/jazzy/lib/libresource_retriever.so: undefined reference to `curl_easy_setopt@CURL_OPENSSL_4'
/usr/bin/ld: /opt/ros/jazzy/lib/libresource_retriever.so: undefined reference to `curl_easy_init@CURL_OPENSSL_4'
/usr/bin/ld: /opt/ros/jazzy/lib/libresource_retriever.so: undefined reference to `curl_easy_cleanup@CURL_OPENSSL_4'
/usr/bin/ld: /opt/ros/jazzy/lib/libresource_retriever.so: undefined reference to `curl_global_cleanup@CURL_OPENSSL_4'
/usr/bin/ld: /opt/ros/jazzy/lib/libresource_retriever.so: undefined reference to `curl_global_init@CURL_OPENSSL_4'
/usr/bin/ld: /opt/ros/jazzy/lib/libresource_retriever.so: undefined reference to `curl_easy_perform@CURL_OPENSSL_4'
collect2: error: ld returned 1 exit status
/usr/bin/ld: /opt/ros/jazzy/lib/libresource_retriever.so: undefined reference to `curl_easy_setopt@CURL_OPENSSL_4'
/usr/bin/ld: /opt/ros/jazzy/lib/libresource_retriever.so: undefined reference to `curl_easy_init@CURL_OPENSSL_4'
gmake[2]: *** [CMakeFiles/test_cartesian_from_pose1.dir/build.make:375：test_cartesian_from_pose1] 错误 1
gmake[1]: *** [CMakeFiles/Makefile2:317：CMakeFiles/test_cartesian_from_pose1.dir/all] 错误 2
/usr/bin/ld: /opt/ros/jazzy/lib/libresource_retriever.so: undefined reference to `curl_global_init@CURL_OPENSSL_4'
/usr/bin/ld: /opt/ros/jazzy/lib/libresource_retriever.so: undefined reference to `curl_easy_cleanup@CURL_OPENSSL_4'
/usr/bin/ld: /opt/ros/jazzy/lib/libresource_retriever.so: undefined reference to `curl_easy_perform@CURL_OPENSSL_4'
/usr/bin/ld: /opt/ros/jazzy/lib/libresource_retriever.so: undefined reference to `curl_easy_setopt@CURL_OPENSSL_4'
/usr/bin/ld: /opt/ros/jazzy/lib/libresource_retriever.so: undefined reference to `curl_easy_init@CURL_OPENSSL_4'
/usr/bin/ld: /opt/ros/jazzy/lib/libresource_retriever.so: undefined reference to `curl_global_cleanup@CURL_OPENSSL_4'
/usr/bin/ld: /opt/ros/jazzy/lib/libresource_retriever.so: undefined reference to `curl_easy_cleanup@CURL_OPENSSL_4'
/usr/bin/ld: /opt/ros/jazzy/lib/libresource_retriever.so: undefined reference to `curl_global_init@CURL_OPENSSL_4'
/usr/bin/ld: /opt/ros/jazzy/lib/libresource_retriever.so: undefined reference to `curl_global_cleanup@CURL_OPENSSL_4'
/usr/bin/ld: /opt/ros/jazzy/lib/libresource_retriever.so: undefined reference to `curl_easy_perform@CURL_OPENSSL_4'
/usr/bin/ld: /opt/ros/jazzy/lib/libresource_retriever.so: undefined reference to `curl_easy_setopt@CURL_OPENSSL_4'
/usr/bin/ld: /opt/ros/jazzy/lib/libresource_retriever.so: undefined reference to `curl_easy_init@CURL_OPENSSL_4'
collect2: error: ld returned 1 exit status
/usr/bin/ld: /opt/ros/jazzy/lib/libresource_retriever.so: undefined reference to `curl_easy_cleanup@CURL_OPENSSL_4'
/usr/bin/ld: /opt/ros/jazzy/lib/libresource_retriever.so: undefined reference to `curl_global_cleanup@CURL_OPENSSL_4'
gmake[2]: *** [CMakeFiles/draw_three_circles.dir/build.make:375：draw_three_circles] 错误 1
gmake[1]: *** [CMakeFiles/Makefile2:421：CMakeFiles/draw_three_circles.dir/all] 错误 2
collect2: error: ld returned 1 exit status
gmake[2]: *** [CMakeFiles/draw_circle.dir/build.make:375：draw_circle] 错误 1
gmake[1]: *** [CMakeFiles/Makefile2:369：CMakeFiles/draw_circle.dir/all] 错误 2
collect2: error: ld returned 1 exit status
gmake[2]: *** [CMakeFiles/sin_trajectory_moveit.dir/build.make:367：sin_trajectory_moveit] 错误 1
gmake[1]: *** [CMakeFiles/Makefile2:473：CMakeFiles/sin_trajectory_moveit.dir/all] 错误 2
[ 80%] Linking CXX executable test_moveit_by_cartesian
[ 84%] Linking CXX executable test_gripper_detailed
/usr/bin/ld: /opt/ros/jazzy/lib/libresource_retriever.so: undefined reference to `curl_global_init@CURL_OPENSSL_4'
/usr/bin/ld: /opt/ros/jazzy/lib/libresource_retriever.so: undefined reference to `curl_easy_perform@CURL_OPENSSL_4'
/usr/bin/ld: /opt/ros/jazzy/lib/libresource_retriever.so: undefined reference to `curl_easy_setopt@CURL_OPENSSL_4'
/usr/bin/ld: /opt/ros/jazzy/lib/libresource_retriever.so: undefined reference to `curl_easy_init@CURL_OPENSSL_4'
/usr/bin/ld: /opt/ros/jazzy/lib/libresource_retriever.so: undefined reference to `curl_easy_cleanup@CURL_OPENSSL_4'
/usr/bin/ld: /opt/ros/jazzy/lib/libresource_retriever.so: undefined reference to `curl_global_cleanup@CURL_OPENSSL_4'
collect2: error: ld returned 1 exit status
gmake[2]: *** [CMakeFiles/test_moveit_by_cartesian.dir/build.make:375：test_moveit_by_cartesian] 错误 1
gmake[1]: *** [CMakeFiles/Makefile2:187：CMakeFiles/test_moveit_by_cartesian.dir/all] 错误 2
/usr/bin/ld: /opt/ros/jazzy/lib/libresource_retriever.so: undefined reference to `curl_global_init@CURL_OPENSSL_4'
/usr/bin/ld: /opt/ros/jazzy/lib/libresource_retriever.so: undefined reference to `curl_easy_perform@CURL_OPENSSL_4'
/usr/bin/ld: /opt/ros/jazzy/lib/libresource_retriever.so: undefined reference to `curl_easy_setopt@CURL_OPENSSL_4'
/usr/bin/ld: /opt/ros/jazzy/lib/libresource_retriever.so: undefined reference to `curl_easy_init@CURL_OPENSSL_4'
/usr/bin/ld: /opt/ros/jazzy/lib/libresource_retriever.so: undefined reference to `curl_easy_cleanup@CURL_OPENSSL_4'
/usr/bin/ld: /opt/ros/jazzy/lib/libresource_retriever.so: undefined reference to `curl_global_cleanup@CURL_OPENSSL_4'
collect2: error: ld returned 1 exit status
gmake[2]: *** [CMakeFiles/test_gripper_detailed.dir/build.make:375：test_gripper_detailed] 错误 1
gmake[1]: *** [CMakeFiles/Makefile2:291：CMakeFiles/test_gripper_detailed.dir/all] 错误 2
[ 88%] Linking CXX executable test_moveit
[ 92%] Linking CXX executable test_moveit_by_siyuanshu
/usr/bin/ld: /opt/ros/jazzy/lib/libresource_retriever.so: undefined reference to `curl_global_init@CURL_OPENSSL_4'
/usr/bin/ld: /opt/ros/jazzy/lib/libresource_retriever.so: undefined reference to `curl_easy_perform@CURL_OPENSSL_4'
/usr/bin/ld: /opt/ros/jazzy/lib/libresource_retriever.so: undefined reference to `curl_easy_setopt@CURL_OPENSSL_4'
/usr/bin/ld: /opt/ros/jazzy/lib/libresource_retriever.so: undefined reference to `curl_easy_init@CURL_OPENSSL_4'
/usr/bin/ld: /opt/ros/jazzy/lib/libresource_retriever.so: undefined reference to `curl_easy_cleanup@CURL_OPENSSL_4'
/usr/bin/ld: /opt/ros/jazzy/lib/libresource_retriever.so: undefined reference to `curl_global_cleanup@CURL_OPENSSL_4'
/usr/bin/ld: /opt/ros/jazzy/lib/libresource_retriever.so: undefined reference to `curl_global_init@CURL_OPENSSL_4'
/usr/bin/ld: /opt/ros/jazzy/lib/libresource_retriever.so: undefined reference to `curl_easy_perform@CURL_OPENSSL_4'
/usr/bin/ld: /opt/ros/jazzy/lib/libresource_retriever.so: undefined reference to `curl_easy_setopt@CURL_OPENSSL_4'
collect2: error: ld returned 1 exit status
/usr/bin/ld: /opt/ros/jazzy/lib/libresource_retriever.so: undefined reference to `curl_easy_init@CURL_OPENSSL_4'
/usr/bin/ld: /opt/ros/jazzy/lib/libresource_retriever.so: undefined reference to `curl_easy_cleanup@CURL_OPENSSL_4'
gmake[2]: *** [CMakeFiles/test_moveit.dir/build.make:375：test_moveit] 错误 1
gmake[1]: *** [CMakeFiles/Makefile2:161：CMakeFiles/test_moveit.dir/all] 错误 2
/usr/bin/ld: /opt/ros/jazzy/lib/libresource_retriever.so: undefined reference to `curl_global_cleanup@CURL_OPENSSL_4'
collect2: error: ld returned 1 exit status
gmake[2]: *** [CMakeFiles/test_moveit_by_siyuanshu.dir/build.make:375：test_moveit_by_siyuanshu] 错误 1
gmake[1]: *** [CMakeFiles/Makefile2:239：CMakeFiles/test_moveit_by_siyuanshu.dir/all] 错误 2
[ 96%] Linking CXX executable commander_template
/usr/bin/ld: /opt/ros/jazzy/lib/libresource_retriever.so: undefined reference to `curl_global_init@CURL_OPENSSL_4'
/usr/bin/ld: /opt/ros/jazzy/lib/libresource_retriever.so: undefined reference to `curl_easy_perform@CURL_OPENSSL_4'
/usr/bin/ld: /opt/ros/jazzy/lib/libresource_retriever.so: undefined reference to `curl_easy_setopt@CURL_OPENSSL_4'
/usr/bin/ld: /opt/ros/jazzy/lib/libresource_retriever.so: undefined reference to `curl_easy_init@CURL_OPENSSL_4'
/usr/bin/ld: /opt/ros/jazzy/lib/libresource_retriever.so: undefined reference to `curl_easy_cleanup@CURL_OPENSSL_4'
/usr/bin/ld: /opt/ros/jazzy/lib/libresource_retriever.so: undefined reference to `curl_global_cleanup@CURL_OPENSSL_4'
collect2: error: ld returned 1 exit status
gmake[2]: *** [CMakeFiles/commander_template.dir/build.make:383：commander_template] 错误 1
gmake[1]: *** [CMakeFiles/Makefile2:343：CMakeFiles/commander_template.dir/all] 错误 2
gmake: *** [Makefile:146：all] 错误 2
