[0.008s] Invoking command in '/home/tk/robot_manipulator/Panthera-HT_ROS2_Jazzy/build/panthera_commander': AMENT_PREFIX_PATH=/home/tk/robot_manipulator/Panthera-HT_ROS2_Jazzy/install/with_gripper_config:/home/tk/robot_manipulator/Panthera-HT_ROS2_Jazzy/install/panthera_interfaces:/home/tk/robot_manipulator/Panthera-HT_ROS2_Jazzy/install/panthera_ht_description_with_finger:${AMENT_PREFIX_PATH} CMAKE_PREFIX_PATH=/home/tk/robot_manipulator/Panthera-HT_ROS2_Jazzy/install/with_gripper_config:/home/tk/robot_manipulator/Panthera-HT_ROS2_Jazzy/install/panthera_interfaces:/home/tk/robot_manipulator/Panthera-HT_ROS2_Jazzy/install/panthera_ht_description_with_finger:/opt/ros/jazzy/opt/gz_sim_vendor:/opt/ros/jazzy/opt/gz_sensors_vendor:/opt/ros/jazzy/opt/gz_physics_vendor:/opt/ros/jazzy/opt/sdformat_vendor:/opt/ros/jazzy/opt/gz_gui_vendor:/opt/ros/jazzy/opt/gz_transport_vendor:/opt/ros/jazzy/opt/gz_rendering_vendor:/opt/ros/jazzy/opt/gz_plugin_vendor:/opt/ros/jazzy/opt/gz_fuel_tools_vendor:/opt/ros/jazzy/opt/gz_msgs_vendor:/opt/ros/jazzy/opt/gz_common_vendor:/opt/ros/jazzy/opt/gz_math_vendor:/opt/ros/jazzy/opt/gz_utils_vendor:/opt/ros/jazzy/opt/gz_tools_vendor:/opt/ros/jazzy/opt/gz_ogre_next_vendor:/opt/ros/jazzy/opt/gz_dartsim_vendor:/opt/ros/jazzy/opt/gz_cmake_vendor:/opt/ros/jazzy CONDA_PROMPT_MODIFIER=(base) DEBUGINFOD_URLS=https://debuginfod.ubuntu.com LD_LIBRARY_PATH=/home/tk/robot_manipulator/Panthera-HT_ROS2_Jazzy/install/panthera_interfaces/lib:${LD_LIBRARY_PATH} PYTHONPATH=/home/tk/robot_manipulator/Panthera-HT_ROS2_Jazzy/install/panthera_interfaces/lib/python3.13/site-packages:${PYTHONPATH} /usr/bin/cmake /home/tk/robot_manipulator/Panthera-HT_ROS2_Jazzy/src/panthera_commander -DCMAKE_INSTALL_PREFIX=/home/tk/robot_manipulator/Panthera-HT_ROS2_Jazzy/install/panthera_commander
[0.079s] -- The C compiler identification is GNU 13.3.0
[0.136s] -- The CXX compiler identification is GNU 13.3.0
[0.145s] -- Detecting C compiler ABI info
[0.297s] -- Detecting C compiler ABI info - done
[0.309s] -- Check for working C compiler: /usr/bin/cc - skipped
[0.309s] -- Detecting C compile features
[0.309s] -- Detecting C compile features - done
[0.323s] -- Detecting CXX compiler ABI info
[0.505s] -- Detecting CXX compiler ABI info - done
[0.510s] -- Check for working CXX compiler: /usr/bin/c++ - skipped
[0.510s] -- Detecting CXX compile features
[0.510s] -- Detecting CXX compile features - done
[0.512s] -- Found ament_cmake: 2.5.4 (/opt/ros/jazzy/share/ament_cmake/cmake)
[0.610s] -- Found Python3: /home/tk/anaconda3/bin/python3 (found version "3.13.5") found components: Interpreter 
[0.677s] -- Found rclcpp: 28.1.13 (/opt/ros/jazzy/share/rclcpp/cmake)
[0.703s] -- Found rosidl_generator_c: 4.6.6 (/opt/ros/jazzy/share/rosidl_generator_c/cmake)
[0.711s] -- Found rosidl_generator_cpp: 4.6.6 (/opt/ros/jazzy/share/rosidl_generator_cpp/cmake)
[0.720s] -- Using all available rosidl_typesupport_c: rosidl_typesupport_fastrtps_c;rosidl_typesupport_introspection_c
[0.731s] -- Using all available rosidl_typesupport_cpp: rosidl_typesupport_fastrtps_cpp;rosidl_typesupport_introspection_cpp
[0.775s] -- Found rmw_implementation_cmake: 7.3.2 (/opt/ros/jazzy/share/rmw_implementation_cmake/cmake)
[0.777s] -- Found rmw_cyclonedds_cpp: 2.2.3 (/opt/ros/jazzy/share/rmw_cyclonedds_cpp/cmake)
[0.794s] -- Using RMW implementation 'rmw_cyclonedds_cpp' as default
[0.831s] -- Found moveit_ros_planning_interface: 2.12.3 (/opt/ros/jazzy/share/moveit_ros_planning_interface/cmake)
[0.921s] -- Found Boost: /home/tk/anaconda3/lib/cmake/Boost-1.82.0/BoostConfig.cmake (found version "1.82.0") found components: date_time filesystem program_options system thread 
[1.085s] -- Found Boost: /home/tk/anaconda3/lib/cmake/Boost-1.82.0/BoostConfig.cmake (found version "1.82.0") found components: chrono date_time filesystem iostreams program_options regex serialization system thread 
[1.126s] -- Found parameter_traits: 0.5.0 (/opt/ros/jazzy/share/parameter_traits/cmake)
[1.134s] -- Found rclcpp_lifecycle: 28.1.13 (/opt/ros/jazzy/share/rclcpp_lifecycle/cmake)
[1.155s] -- Found Boost: /home/tk/anaconda3/lib/cmake/Boost-1.82.0/BoostConfig.cmake (found version "1.82.0") found components: filesystem 
[1.192s] -- Found Eigen3: TRUE (found version "3.4.0") 
[1.192s] -- Ensuring Eigen3 include directory is part of orocos-kdl CMake target
[1.205s] -- Found TinyXML2 via Config file: /usr/lib/x86_64-linux-gnu/cmake/tinyxml2
[1.289s] -- Found Boost: /home/tk/anaconda3/lib/cmake/Boost-1.82.0/BoostConfig.cmake (found version "1.82.0") found components: system filesystem date_time program_options thread chrono 
[1.317s] -- Found Boost: /home/tk/anaconda3/lib/cmake/Boost-1.82.0/BoostConfig.cmake (found version "1.82.0") found components: thread system filesystem regex date_time program_options 
[1.451s] -- Found Boost: /home/tk/anaconda3/lib/cmake/Boost-1.82.0/BoostConfig.cmake (found version "1.82.0") found components: system filesystem date_time program_options thread 
[1.474s] -- Found example_interfaces: 0.12.0 (/opt/ros/jazzy/share/example_interfaces/cmake)
[1.485s] -- Found panthera_interfaces: 0.0.0 (/home/tk/robot_manipulator/Panthera-HT_ROS2_Jazzy/install/panthera_interfaces/share/panthera_interfaces/cmake)
[1.513s] -- Found ament_lint_auto: 0.17.3 (/opt/ros/jazzy/share/ament_lint_auto/cmake)
[1.572s] -- Added test 'cppcheck' to perform static code analysis on C / C++ code
[1.573s] -- Configured cppcheck include dirs: 
[1.573s] -- Configured cppcheck exclude dirs and/or files: 
[1.573s] -- Added test 'lint_cmake' to check CMake code style
[1.574s] -- Added test 'uncrustify' to check C / C++ code style
[1.574s] -- Configured uncrustify additional arguments: 
[1.574s] -- Added test 'xmllint' to check XML markup files
[1.575s] -- Configuring done (1.6s)
[1.597s] CMake Warning at CMakeLists.txt:17 (add_executable):
[1.597s]   Cannot generate a safe runtime search path for target test_moveit because
[1.597s]   files in some directories may conflict with libraries in implicit
[1.597s]   directories:
[1.597s] 
[1.597s]     runtime library [libcrypto.so.3] in /usr/lib/x86_64-linux-gnu may be hidden by files in:
[1.597s]       /home/tk/anaconda3/lib
[1.597s] 
[1.597s]   Some of these libraries may not be found correctly.
[1.597s] 
[1.597s] 
[1.601s] CMake Warning at CMakeLists.txt:20 (add_executable):
[1.601s]   Cannot generate a safe runtime search path for target
[1.601s]   test_moveit_by_cartesian because files in some directories may conflict
[1.601s]   with libraries in implicit directories:
[1.601s] 
[1.601s]     runtime library [libcrypto.so.3] in /usr/lib/x86_64-linux-gnu may be hidden by files in:
[1.601s]       /home/tk/anaconda3/lib
[1.601s] 
[1.601s]   Some of these libraries may not be found correctly.
[1.602s] 
[1.602s] 
[1.606s] CMake Warning at CMakeLists.txt:23 (add_executable):
[1.606s]   Cannot generate a safe runtime search path for target
[1.606s]   test_moveit_by_jointspace because files in some directories may conflict
[1.606s]   with libraries in implicit directories:
[1.606s] 
[1.606s]     runtime library [libcrypto.so.3] in /usr/lib/x86_64-linux-gnu may be hidden by files in:
[1.606s]       /home/tk/anaconda3/lib
[1.606s] 
[1.606s]   Some of these libraries may not be found correctly.
[1.606s] 
[1.606s] 
[1.610s] CMake Warning at CMakeLists.txt:26 (add_executable):
[1.610s]   Cannot generate a safe runtime search path for target
[1.610s]   test_moveit_by_siyuanshu because files in some directories may conflict
[1.610s]   with libraries in implicit directories:
[1.610s] 
[1.610s]     runtime library [libcrypto.so.3] in /usr/lib/x86_64-linux-gnu may be hidden by files in:
[1.610s]       /home/tk/anaconda3/lib
[1.610s] 
[1.610s]   Some of these libraries may not be found correctly.
[1.610s] 
[1.610s] 
[1.615s] CMake Warning at CMakeLists.txt:29 (add_executable):
[1.615s]   Cannot generate a safe runtime search path for target test_gripper because
[1.615s]   files in some directories may conflict with libraries in implicit
[1.615s]   directories:
[1.615s] 
[1.615s]     runtime library [libcrypto.so.3] in /usr/lib/x86_64-linux-gnu may be hidden by files in:
[1.615s]       /home/tk/anaconda3/lib
[1.615s] 
[1.615s]   Some of these libraries may not be found correctly.
[1.615s] 
[1.615s] 
[1.619s] CMake Warning at CMakeLists.txt:32 (add_executable):
[1.619s]   Cannot generate a safe runtime search path for target test_gripper_detailed
[1.619s]   because files in some directories may conflict with libraries in implicit
[1.619s]   directories:
[1.619s] 
[1.619s]     runtime library [libcrypto.so.3] in /usr/lib/x86_64-linux-gnu may be hidden by files in:
[1.620s]       /home/tk/anaconda3/lib
[1.620s] 
[1.620s]   Some of these libraries may not be found correctly.
[1.620s] 
[1.620s] 
[1.624s] CMake Warning at CMakeLists.txt:35 (add_executable):
[1.624s]   Cannot generate a safe runtime search path for target
[1.624s]   test_cartesian_from_pose1 because files in some directories may conflict
[1.624s]   with libraries in implicit directories:
[1.624s] 
[1.624s]     runtime library [libcrypto.so.3] in /usr/lib/x86_64-linux-gnu may be hidden by files in:
[1.624s]       /home/tk/anaconda3/lib
[1.624s] 
[1.624s]   Some of these libraries may not be found correctly.
[1.624s] 
[1.624s] 
[1.629s] CMake Warning at CMakeLists.txt:38 (add_executable):
[1.629s]   Cannot generate a safe runtime search path for target commander_template
[1.629s]   because files in some directories may conflict with libraries in implicit
[1.629s]   directories:
[1.629s] 
[1.629s]     runtime library [libcrypto.so.3] in /usr/lib/x86_64-linux-gnu may be hidden by files in:
[1.629s]       /home/tk/anaconda3/lib
[1.629s] 
[1.629s]   Some of these libraries may not be found correctly.
[1.629s] 
[1.629s] 
[1.633s] CMake Warning at CMakeLists.txt:41 (add_executable):
[1.633s]   Cannot generate a safe runtime search path for target draw_circle because
[1.633s]   files in some directories may conflict with libraries in implicit
[1.633s]   directories:
[1.633s] 
[1.633s]     runtime library [libcrypto.so.3] in /usr/lib/x86_64-linux-gnu may be hidden by files in:
[1.633s]       /home/tk/anaconda3/lib
[1.633s] 
[1.633s]   Some of these libraries may not be found correctly.
[1.633s] 
[1.633s] 
[1.638s] CMake Warning at CMakeLists.txt:44 (add_executable):
[1.638s]   Cannot generate a safe runtime search path for target
[1.638s]   draw_horizontal_vertical_circles because files in some directories may
[1.638s]   conflict with libraries in implicit directories:
[1.638s] 
[1.638s]     runtime library [libcrypto.so.3] in /usr/lib/x86_64-linux-gnu may be hidden by files in:
[1.638s]       /home/tk/anaconda3/lib
[1.638s] 
[1.638s]   Some of these libraries may not be found correctly.
[1.638s] 
[1.638s] 
[1.642s] CMake Warning at CMakeLists.txt:47 (add_executable):
[1.642s]   Cannot generate a safe runtime search path for target draw_three_circles
[1.642s]   because files in some directories may conflict with libraries in implicit
[1.642s]   directories:
[1.642s] 
[1.642s]     runtime library [libcrypto.so.3] in /usr/lib/x86_64-linux-gnu may be hidden by files in:
[1.642s]       /home/tk/anaconda3/lib
[1.642s] 
[1.642s]   Some of these libraries may not be found correctly.
[1.642s] 
[1.642s] 
[1.648s] CMake Warning at CMakeLists.txt:54 (add_executable):
[1.648s]   Cannot generate a safe runtime search path for target sin_trajectory_moveit
[1.648s]   because files in some directories may conflict with libraries in implicit
[1.648s]   directories:
[1.648s] 
[1.648s]     runtime library [libcrypto.so.3] in /usr/lib/x86_64-linux-gnu may be hidden by files in:
[1.648s]       /home/tk/anaconda3/lib
[1.648s] 
[1.648s]   Some of these libraries may not be found correctly.
[1.648s] 
[1.648s] 
[1.649s] -- Generating done (0.1s)
[1.670s] -- Build files have been written to: /home/tk/robot_manipulator/Panthera-HT_ROS2_Jazzy/build/panthera_commander
[1.680s] Invoked command in '/home/tk/robot_manipulator/Panthera-HT_ROS2_Jazzy/build/panthera_commander' returned '0': AMENT_PREFIX_PATH=/home/tk/robot_manipulator/Panthera-HT_ROS2_Jazzy/install/with_gripper_config:/home/tk/robot_manipulator/Panthera-HT_ROS2_Jazzy/install/panthera_interfaces:/home/tk/robot_manipulator/Panthera-HT_ROS2_Jazzy/install/panthera_ht_description_with_finger:${AMENT_PREFIX_PATH} CMAKE_PREFIX_PATH=/home/tk/robot_manipulator/Panthera-HT_ROS2_Jazzy/install/with_gripper_config:/home/tk/robot_manipulator/Panthera-HT_ROS2_Jazzy/install/panthera_interfaces:/home/tk/robot_manipulator/Panthera-HT_ROS2_Jazzy/install/panthera_ht_description_with_finger:/opt/ros/jazzy/opt/gz_sim_vendor:/opt/ros/jazzy/opt/gz_sensors_vendor:/opt/ros/jazzy/opt/gz_physics_vendor:/opt/ros/jazzy/opt/sdformat_vendor:/opt/ros/jazzy/opt/gz_gui_vendor:/opt/ros/jazzy/opt/gz_transport_vendor:/opt/ros/jazzy/opt/gz_rendering_vendor:/opt/ros/jazzy/opt/gz_plugin_vendor:/opt/ros/jazzy/opt/gz_fuel_tools_vendor:/opt/ros/jazzy/opt/gz_msgs_vendor:/opt/ros/jazzy/opt/gz_common_vendor:/opt/ros/jazzy/opt/gz_math_vendor:/opt/ros/jazzy/opt/gz_utils_vendor:/opt/ros/jazzy/opt/gz_tools_vendor:/opt/ros/jazzy/opt/gz_ogre_next_vendor:/opt/ros/jazzy/opt/gz_dartsim_vendor:/opt/ros/jazzy/opt/gz_cmake_vendor:/opt/ros/jazzy CONDA_PROMPT_MODIFIER=(base) DEBUGINFOD_URLS=https://debuginfod.ubuntu.com LD_LIBRARY_PATH=/home/tk/robot_manipulator/Panthera-HT_ROS2_Jazzy/install/panthera_interfaces/lib:${LD_LIBRARY_PATH} PYTHONPATH=/home/tk/robot_manipulator/Panthera-HT_ROS2_Jazzy/install/panthera_interfaces/lib/python3.13/site-packages:${PYTHONPATH} /usr/bin/cmake /home/tk/robot_manipulator/Panthera-HT_ROS2_Jazzy/src/panthera_commander -DCMAKE_INSTALL_PREFIX=/home/tk/robot_manipulator/Panthera-HT_ROS2_Jazzy/install/panthera_commander
[1.680s] Invoking command in '/home/tk/robot_manipulator/Panthera-HT_ROS2_Jazzy/build/panthera_commander': AMENT_PREFIX_PATH=/home/tk/robot_manipulator/Panthera-HT_ROS2_Jazzy/install/with_gripper_config:/home/tk/robot_manipulator/Panthera-HT_ROS2_Jazzy/install/panthera_interfaces:/home/tk/robot_manipulator/Panthera-HT_ROS2_Jazzy/install/panthera_ht_description_with_finger:${AMENT_PREFIX_PATH} CMAKE_PREFIX_PATH=/home/tk/robot_manipulator/Panthera-HT_ROS2_Jazzy/install/with_gripper_config:/home/tk/robot_manipulator/Panthera-HT_ROS2_Jazzy/install/panthera_interfaces:/home/tk/robot_manipulator/Panthera-HT_ROS2_Jazzy/install/panthera_ht_description_with_finger:/opt/ros/jazzy/opt/gz_sim_vendor:/opt/ros/jazzy/opt/gz_sensors_vendor:/opt/ros/jazzy/opt/gz_physics_vendor:/opt/ros/jazzy/opt/sdformat_vendor:/opt/ros/jazzy/opt/gz_gui_vendor:/opt/ros/jazzy/opt/gz_transport_vendor:/opt/ros/jazzy/opt/gz_rendering_vendor:/opt/ros/jazzy/opt/gz_plugin_vendor:/opt/ros/jazzy/opt/gz_fuel_tools_vendor:/opt/ros/jazzy/opt/gz_msgs_vendor:/opt/ros/jazzy/opt/gz_common_vendor:/opt/ros/jazzy/opt/gz_math_vendor:/opt/ros/jazzy/opt/gz_utils_vendor:/opt/ros/jazzy/opt/gz_tools_vendor:/opt/ros/jazzy/opt/gz_ogre_next_vendor:/opt/ros/jazzy/opt/gz_dartsim_vendor:/opt/ros/jazzy/opt/gz_cmake_vendor:/opt/ros/jazzy CONDA_PROMPT_MODIFIER=(base) DEBUGINFOD_URLS=https://debuginfod.ubuntu.com LD_LIBRARY_PATH=/home/tk/robot_manipulator/Panthera-HT_ROS2_Jazzy/install/panthera_interfaces/lib:${LD_LIBRARY_PATH} PYTHONPATH=/home/tk/robot_manipulator/Panthera-HT_ROS2_Jazzy/install/panthera_interfaces/lib/python3.13/site-packages:${PYTHONPATH} /usr/bin/cmake --build /home/tk/robot_manipulator/Panthera-HT_ROS2_Jazzy/build/panthera_commander -- -j28 -l28
[1.723s] [ 11%] Building CXX object CMakeFiles/draw_horizontal_vertical_circles.dir/src/draw_horizontal_vertical_circles.cpp.o
[1.723s] [ 11%] Building CXX object CMakeFiles/sin_trajectory_control.dir/src/sin_trajectory_control.cpp.o
[1.723s] [ 11%] Building CXX object CMakeFiles/test_gripper.dir/src/test_gripper.cpp.o
[1.723s] [ 15%] Building CXX object CMakeFiles/draw_circle.dir/src/draw_circle.cpp.o
[1.723s] [ 19%] Building CXX object CMakeFiles/sin_trajectory_moveit.dir/src/sin_trajectory_moveit.cpp.o
[1.724s] [ 23%] Building CXX object CMakeFiles/test_moveit_by_cartesian.dir/src/test_moveit_by_cartesian.cpp.o
[1.724s] [ 26%] Building CXX object CMakeFiles/test_moveit_by_jointspace.dir/src/test_moveit_by_jointspace.cpp.o
[1.724s] [ 30%] Building CXX object CMakeFiles/test_gripper_detailed.dir/src/test_gripper_detailed.cpp.o
[1.725s] [ 34%] Building CXX object CMakeFiles/commander_template.dir/src/commander_template.cpp.o
[1.725s] [ 38%] Building CXX object CMakeFiles/draw_three_circles.dir/src/draw_three_circles.cpp.o
[1.726s] [ 42%] Building CXX object CMakeFiles/test_cartesian_from_pose1.dir/src/test_cartesian_from_pose1.cpp.o
[1.727s] [ 46%] Building CXX object CMakeFiles/test_moveit.dir/src/test_moveit.cpp.o
[1.727s] [ 50%] Building CXX object CMakeFiles/test_moveit_by_siyuanshu.dir/src/test_moveit_by_siyuanshu.cpp.o
[1.729s] /home/tk/robot_manipulator/Panthera-HT_ROS2_Jazzy/src/panthera_commander/src/sin_trajectory_control.cpp:8:10: fatal error: panthera/Panthera.hpp: 没有那个文件或目录
[1.729s]     8 | #include "panthera/Panthera.hpp"
[1.729s]       |          ^~~~~~~~~~~~~~~~~~~~~~~
[1.729s] compilation terminated.
[1.729s] gmake[2]: *** [CMakeFiles/sin_trajectory_control.dir/build.make:76：CMakeFiles/sin_trajectory_control.dir/src/sin_trajectory_control.cpp.o] 错误 1
[1.729s] gmake[1]: *** [CMakeFiles/Makefile2:447：CMakeFiles/sin_trajectory_control.dir/all] 错误 2
[1.729s] gmake[1]: *** 正在等待未完成的任务....
[4.491s] In file included from /opt/ros/jazzy/include/rclcpp/rclcpp/logging.hpp:24,
[4.491s]                  from /opt/ros/jazzy/include/rclcpp/rclcpp/copy_all_parameter_values.hpp:27,
[4.491s]                  from /opt/ros/jazzy/include/rclcpp/rclcpp/rclcpp.hpp:171,
[4.491s]                  from /home/tk/robot_manipulator/Panthera-HT_ROS2_Jazzy/src/panthera_commander/src/draw_horizontal_vertical_circles.cpp:1:
[4.491s] /home/tk/robot_manipulator/Panthera-HT_ROS2_Jazzy/src/panthera_commander/src/draw_horizontal_vertical_circles.cpp: In function ‘int main(int, char**)’:
[4.491s] /home/tk/robot_manipulator/Panthera-HT_ROS2_Jazzy/src/panthera_commander/src/draw_horizontal_vertical_circles.cpp:97:37: warning: zero-length gnu_printf format string [-Wformat-zero-length]
[4.491s]    97 |     RCLCPP_INFO(node->get_logger(), "");
[4.491s]       |                                     ^~
[4.491s] /home/tk/robot_manipulator/Panthera-HT_ROS2_Jazzy/src/panthera_commander/src/draw_horizontal_vertical_circles.cpp:101:37: warning: zero-length gnu_printf format string [-Wformat-zero-length]
[4.491s]   101 |     RCLCPP_INFO(node->get_logger(), "");
[4.491s]       |                                     ^~
[4.491s] In file included from /opt/ros/jazzy/include/rclcpp/rclcpp/logging.hpp:24,
[4.492s]                  from /opt/ros/jazzy/include/rclcpp/rclcpp/copy_all_parameter_values.hpp:27,
[4.492s]                  from /opt/ros/jazzy/include/rclcpp/rclcpp/rclcpp.hpp:171,
[4.492s]                  from /home/tk/robot_manipulator/Panthera-HT_ROS2_Jazzy/src/panthera_commander/src/draw_three_circles.cpp:1:
[4.492s] /home/tk/robot_manipulator/Panthera-HT_ROS2_Jazzy/src/panthera_commander/src/draw_three_circles.cpp: In function ‘int main(int, char**)’:
[4.492s] /home/tk/robot_manipulator/Panthera-HT_ROS2_Jazzy/src/panthera_commander/src/draw_three_circles.cpp:97:37: warning: zero-length gnu_printf format string [-Wformat-zero-length]
[4.492s]    97 |     RCLCPP_INFO(node->get_logger(), "");
[4.492s]       |                                     ^~
[4.492s] /home/tk/robot_manipulator/Panthera-HT_ROS2_Jazzy/src/panthera_commander/src/draw_three_circles.cpp:101:37: warning: zero-length gnu_printf format string [-Wformat-zero-length]
[4.492s]   101 |     RCLCPP_INFO(node->get_logger(), "");
[4.492s]       |                                     ^~
[4.493s] /home/tk/robot_manipulator/Panthera-HT_ROS2_Jazzy/src/panthera_commander/src/draw_horizontal_vertical_circles.cpp:173:37: warning: zero-length gnu_printf format string [-Wformat-zero-length]
[4.493s]   173 |     RCLCPP_INFO(node->get_logger(), "");
[4.493s]       |                                     ^~
[4.493s] /home/tk/robot_manipulator/Panthera-HT_ROS2_Jazzy/src/panthera_commander/src/draw_three_circles.cpp:156:37: warning: zero-length gnu_printf format string [-Wformat-zero-length]
[4.493s]   156 |     RCLCPP_INFO(node->get_logger(), "");
[4.493s]       |                                     ^~
[4.494s] /home/tk/robot_manipulator/Panthera-HT_ROS2_Jazzy/src/panthera_commander/src/draw_three_circles.cpp:210:37: warning: zero-length gnu_printf format string [-Wformat-zero-length]
[4.494s]   210 |     RCLCPP_INFO(node->get_logger(), "");
[4.494s]       |                                     ^~
[4.494s] /home/tk/robot_manipulator/Panthera-HT_ROS2_Jazzy/src/panthera_commander/src/draw_horizontal_vertical_circles.cpp:240:37: warning: zero-length gnu_printf format string [-Wformat-zero-length]
[4.494s]   240 |     RCLCPP_INFO(node->get_logger(), "");
[4.494s]       |                                     ^~
[4.495s] /home/tk/robot_manipulator/Panthera-HT_ROS2_Jazzy/src/panthera_commander/src/draw_three_circles.cpp:261:37: warning: zero-length gnu_printf format string [-Wformat-zero-length]
[4.495s]   261 |     RCLCPP_INFO(node->get_logger(), "");
[4.495s]       |                                     ^~
[4.503s] In file included from /opt/ros/jazzy/include/rclcpp/rclcpp/logging.hpp:24,
[4.503s]                  from /opt/ros/jazzy/include/rclcpp/rclcpp/copy_all_parameter_values.hpp:27,
[4.503s]                  from /opt/ros/jazzy/include/rclcpp/rclcpp/rclcpp.hpp:171,
[4.503s]                  from /home/tk/robot_manipulator/Panthera-HT_ROS2_Jazzy/src/panthera_commander/src/draw_circle.cpp:1:
[4.503s] /home/tk/robot_manipulator/Panthera-HT_ROS2_Jazzy/src/panthera_commander/src/draw_circle.cpp: In function ‘int main(int, char**)’:
[4.503s] /home/tk/robot_manipulator/Panthera-HT_ROS2_Jazzy/src/panthera_commander/src/draw_circle.cpp:97:37: warning: zero-length gnu_printf format string [-Wformat-zero-length]
[4.503s]    97 |     RCLCPP_INFO(node->get_logger(), "");
[4.503s]       |                                     ^~
[5.914s] [ 53%] Linking CXX executable test_moveit_by_jointspace
[5.985s] [ 57%] Linking CXX executable test_gripper
[6.074s] /usr/bin/ld: /opt/ros/jazzy/lib/libresource_retriever.so: undefined reference to `curl_global_init@CURL_OPENSSL_4'
[6.074s] /usr/bin/ld: /opt/ros/jazzy/lib/libresource_retriever.so: undefined reference to `curl_easy_perform@CURL_OPENSSL_4'
[6.075s] /usr/bin/ld: /opt/ros/jazzy/lib/libresource_retriever.so: undefined reference to `curl_easy_setopt@CURL_OPENSSL_4'
[6.075s] /usr/bin/ld: /opt/ros/jazzy/lib/libresource_retriever.so: undefined reference to `curl_easy_init@CURL_OPENSSL_4'
[6.076s] /usr/bin/ld: /opt/ros/jazzy/lib/libresource_retriever.so: undefined reference to `curl_easy_cleanup@CURL_OPENSSL_4'
[6.077s] /usr/bin/ld: /opt/ros/jazzy/lib/libresource_retriever.so: undefined reference to `curl_global_cleanup@CURL_OPENSSL_4'
[6.082s] collect2: error: ld returned 1 exit status
[6.083s] gmake[2]: *** [CMakeFiles/test_moveit_by_jointspace.dir/build.make:375：test_moveit_by_jointspace] 错误 1
[6.084s] gmake[1]: *** [CMakeFiles/Makefile2:213：CMakeFiles/test_moveit_by_jointspace.dir/all] 错误 2
[6.175s] [ 61%] Linking CXX executable draw_horizontal_vertical_circles
[6.178s] [ 65%] Linking CXX executable draw_circle
[6.178s] /usr/bin/ld: /opt/ros/jazzy/lib/libresource_retriever.so: undefined reference to `curl_global_init@CURL_OPENSSL_4'
[6.179s] /usr/bin/ld: /opt/ros/jazzy/lib/libresource_retriever.so: undefined reference to `curl_easy_perform@CURL_OPENSSL_4'
[6.179s] /usr/bin/ld: /opt/ros/jazzy/lib/libresource_retriever.so: undefined reference to `curl_easy_setopt@CURL_OPENSSL_4'
[6.179s] /usr/bin/ld: /opt/ros/jazzy/lib/libresource_retriever.so: undefined reference to `curl_easy_init@CURL_OPENSSL_4'
[6.182s] /usr/bin/ld: /opt/ros/jazzy/lib/libresource_retriever.so: undefined reference to `curl_easy_cleanup@CURL_OPENSSL_4'
[6.183s] /usr/bin/ld: /opt/ros/jazzy/lib/libresource_retriever.so: undefined reference to `curl_global_cleanup@CURL_OPENSSL_4'
[6.183s] [ 69%] Linking CXX executable test_cartesian_from_pose1
[6.189s] collect2: error: ld returned 1 exit status
[6.190s] gmake[2]: *** [CMakeFiles/test_gripper.dir/build.make:375：test_gripper] 错误 1
[6.190s] gmake[1]: *** [CMakeFiles/Makefile2:265：CMakeFiles/test_gripper.dir/all] 错误 2
[6.192s] [ 73%] Linking CXX executable draw_three_circles
[6.217s] [ 76%] Linking CXX executable sin_trajectory_moveit
[6.370s] /usr/bin/ld: /opt/ros/jazzy/lib/libresource_retriever.so: undefined reference to `curl_global_init@CURL_OPENSSL_4'
[6.370s] /usr/bin/ld: /opt/ros/jazzy/lib/libresource_retriever.so: undefined reference to `curl_easy_perform@CURL_OPENSSL_4'
[6.370s] In file included from /opt/ros/jazzy/include/rclcpp/rclcpp/logging.hpp:24,
[6.370s]                  from /opt/ros/jazzy/include/rclcpp/rclcpp/copy_all_parameter_values.hpp:27,
[6.370s]                  from /opt/ros/jazzy/include/rclcpp/rclcpp/rclcpp.hpp:171,
[6.370s]                  from /home/tk/robot_manipulator/Panthera-HT_ROS2_Jazzy/src/panthera_commander/src/test_moveit_by_siyuanshu.cpp:1:
[6.371s] /home/tk/robot_manipulator/Panthera-HT_ROS2_Jazzy/src/panthera_commander/src/test_moveit_by_siyuanshu.cpp: In function ‘int main(int, char**)’:
[6.371s] /home/tk/robot_manipulator/Panthera-HT_ROS2_Jazzy/src/panthera_commander/src/test_moveit_by_siyuanshu.cpp:108:42: warning: zero-length gnu_printf format string [-Wformat-zero-length]
[6.371s]   108 |         RCLCPP_ERROR(node->get_logger(), "");
[6.371s]       |                                          ^~
[6.371s] /usr/bin/ld: /opt/ros/jazzy/lib/libresource_retriever.so: undefined reference to `curl_easy_setopt@CURL_OPENSSL_4'
[6.371s] /usr/bin/ld: /opt/ros/jazzy/lib/libresource_retriever.so: undefined reference to `curl_easy_init@CURL_OPENSSL_4'
[6.374s] /usr/bin/ld: /opt/ros/jazzy/lib/libresource_retriever.so: undefined reference to `curl_easy_cleanup@CURL_OPENSSL_4'
[6.376s] /usr/bin/ld: /opt/ros/jazzy/lib/libresource_retriever.so: undefined reference to `curl_global_cleanup@CURL_OPENSSL_4'
[6.384s] collect2: error: ld returned 1 exit status
[6.386s] gmake[2]: *** [CMakeFiles/draw_horizontal_vertical_circles.dir/build.make:375：draw_horizontal_vertical_circles] 错误 1
[6.386s] gmake[1]: *** [CMakeFiles/Makefile2:395：CMakeFiles/draw_horizontal_vertical_circles.dir/all] 错误 2
[6.395s] /usr/bin/ld: /opt/ros/jazzy/lib/libresource_retriever.so: undefined reference to `curl_global_init@CURL_OPENSSL_4'
[6.395s] /usr/bin/ld: /opt/ros/jazzy/lib/libresource_retriever.so: undefined reference to `curl_easy_perform@CURL_OPENSSL_4'
[6.396s] /usr/bin/ld: /opt/ros/jazzy/lib/libresource_retriever.so: undefined reference to `curl_easy_setopt@CURL_OPENSSL_4'
[6.397s] /usr/bin/ld: /opt/ros/jazzy/lib/libresource_retriever.so: undefined reference to `curl_easy_init@CURL_OPENSSL_4'
[6.399s] /usr/bin/ld: /opt/ros/jazzy/lib/libresource_retriever.so: undefined reference to `curl_easy_cleanup@CURL_OPENSSL_4'
[6.401s] /usr/bin/ld: /opt/ros/jazzy/lib/libresource_retriever.so: undefined reference to `curl_global_cleanup@CURL_OPENSSL_4'
[6.406s] /usr/bin/ld: /opt/ros/jazzy/lib/libresource_retriever.so: undefined reference to `curl_global_init@CURL_OPENSSL_4'
[6.406s] /usr/bin/ld: /opt/ros/jazzy/lib/libresource_retriever.so: undefined reference to `curl_easy_perform@CURL_OPENSSL_4'
[6.407s] collect2: error: ld returned 1 exit status
[6.408s] /usr/bin/ld: /opt/ros/jazzy/lib/libresource_retriever.so: undefined reference to `curl_easy_setopt@CURL_OPENSSL_4'
[6.408s] /usr/bin/ld: /opt/ros/jazzy/lib/libresource_retriever.so: undefined reference to `curl_easy_init@CURL_OPENSSL_4'
[6.410s] gmake[2]: *** [CMakeFiles/test_cartesian_from_pose1.dir/build.make:375：test_cartesian_from_pose1] 错误 1
[6.410s] gmake[1]: *** [CMakeFiles/Makefile2:317：CMakeFiles/test_cartesian_from_pose1.dir/all] 错误 2
[6.410s] /usr/bin/ld: /opt/ros/jazzy/lib/libresource_retriever.so: undefined reference to `curl_global_init@CURL_OPENSSL_4'
[6.411s] /usr/bin/ld: /opt/ros/jazzy/lib/libresource_retriever.so: undefined reference to `curl_easy_cleanup@CURL_OPENSSL_4'
[6.411s] /usr/bin/ld: /opt/ros/jazzy/lib/libresource_retriever.so: undefined reference to `curl_easy_perform@CURL_OPENSSL_4'
[6.412s] /usr/bin/ld: /opt/ros/jazzy/lib/libresource_retriever.so: undefined reference to `curl_easy_setopt@CURL_OPENSSL_4'
[6.412s] /usr/bin/ld: /opt/ros/jazzy/lib/libresource_retriever.so: undefined reference to `curl_easy_init@CURL_OPENSSL_4'
[6.413s] /usr/bin/ld: /opt/ros/jazzy/lib/libresource_retriever.so: undefined reference to `curl_global_cleanup@CURL_OPENSSL_4'
[6.415s] /usr/bin/ld: /opt/ros/jazzy/lib/libresource_retriever.so: undefined reference to `curl_easy_cleanup@CURL_OPENSSL_4'
[6.417s] /usr/bin/ld: /opt/ros/jazzy/lib/libresource_retriever.so: undefined reference to `curl_global_init@CURL_OPENSSL_4'
[6.417s] /usr/bin/ld: /opt/ros/jazzy/lib/libresource_retriever.so: undefined reference to `curl_global_cleanup@CURL_OPENSSL_4'
[6.417s] /usr/bin/ld: /opt/ros/jazzy/lib/libresource_retriever.so: undefined reference to `curl_easy_perform@CURL_OPENSSL_4'
[6.418s] /usr/bin/ld: /opt/ros/jazzy/lib/libresource_retriever.so: undefined reference to `curl_easy_setopt@CURL_OPENSSL_4'
[6.418s] /usr/bin/ld: /opt/ros/jazzy/lib/libresource_retriever.so: undefined reference to `curl_easy_init@CURL_OPENSSL_4'
[6.420s] collect2: error: ld returned 1 exit status
[6.420s] /usr/bin/ld: /opt/ros/jazzy/lib/libresource_retriever.so: undefined reference to `curl_easy_cleanup@CURL_OPENSSL_4'
[6.421s] /usr/bin/ld: /opt/ros/jazzy/lib/libresource_retriever.so: undefined reference to `curl_global_cleanup@CURL_OPENSSL_4'
[6.421s] gmake[2]: *** [CMakeFiles/draw_three_circles.dir/build.make:375：draw_three_circles] 错误 1
[6.421s] gmake[1]: *** [CMakeFiles/Makefile2:421：CMakeFiles/draw_three_circles.dir/all] 错误 2
[6.422s] collect2: error: ld returned 1 exit status
[6.424s] gmake[2]: *** [CMakeFiles/draw_circle.dir/build.make:375：draw_circle] 错误 1
[6.424s] gmake[1]: *** [CMakeFiles/Makefile2:369：CMakeFiles/draw_circle.dir/all] 错误 2
[6.425s] collect2: error: ld returned 1 exit status
[6.426s] gmake[2]: *** [CMakeFiles/sin_trajectory_moveit.dir/build.make:367：sin_trajectory_moveit] 错误 1
[6.426s] gmake[1]: *** [CMakeFiles/Makefile2:473：CMakeFiles/sin_trajectory_moveit.dir/all] 错误 2
[7.380s] [ 80%] Linking CXX executable test_moveit_by_cartesian
[7.412s] [ 84%] Linking CXX executable test_gripper_detailed
[7.525s] /usr/bin/ld: /opt/ros/jazzy/lib/libresource_retriever.so: undefined reference to `curl_global_init@CURL_OPENSSL_4'
[7.525s] /usr/bin/ld: /opt/ros/jazzy/lib/libresource_retriever.so: undefined reference to `curl_easy_perform@CURL_OPENSSL_4'
[7.526s] /usr/bin/ld: /opt/ros/jazzy/lib/libresource_retriever.so: undefined reference to `curl_easy_setopt@CURL_OPENSSL_4'
[7.526s] /usr/bin/ld: /opt/ros/jazzy/lib/libresource_retriever.so: undefined reference to `curl_easy_init@CURL_OPENSSL_4'
[7.528s] /usr/bin/ld: /opt/ros/jazzy/lib/libresource_retriever.so: undefined reference to `curl_easy_cleanup@CURL_OPENSSL_4'
[7.529s] /usr/bin/ld: /opt/ros/jazzy/lib/libresource_retriever.so: undefined reference to `curl_global_cleanup@CURL_OPENSSL_4'
[7.536s] collect2: error: ld returned 1 exit status
[7.537s] gmake[2]: *** [CMakeFiles/test_moveit_by_cartesian.dir/build.make:375：test_moveit_by_cartesian] 错误 1
[7.537s] gmake[1]: *** [CMakeFiles/Makefile2:187：CMakeFiles/test_moveit_by_cartesian.dir/all] 错误 2
[7.560s] /usr/bin/ld: /opt/ros/jazzy/lib/libresource_retriever.so: undefined reference to `curl_global_init@CURL_OPENSSL_4'
[7.560s] /usr/bin/ld: /opt/ros/jazzy/lib/libresource_retriever.so: undefined reference to `curl_easy_perform@CURL_OPENSSL_4'
[7.560s] /usr/bin/ld: /opt/ros/jazzy/lib/libresource_retriever.so: undefined reference to `curl_easy_setopt@CURL_OPENSSL_4'
[7.561s] /usr/bin/ld: /opt/ros/jazzy/lib/libresource_retriever.so: undefined reference to `curl_easy_init@CURL_OPENSSL_4'
[7.562s] /usr/bin/ld: /opt/ros/jazzy/lib/libresource_retriever.so: undefined reference to `curl_easy_cleanup@CURL_OPENSSL_4'
[7.563s] /usr/bin/ld: /opt/ros/jazzy/lib/libresource_retriever.so: undefined reference to `curl_global_cleanup@CURL_OPENSSL_4'
[7.567s] collect2: error: ld returned 1 exit status
[7.569s] gmake[2]: *** [CMakeFiles/test_gripper_detailed.dir/build.make:375：test_gripper_detailed] 错误 1
[7.569s] gmake[1]: *** [CMakeFiles/Makefile2:291：CMakeFiles/test_gripper_detailed.dir/all] 错误 2
[7.612s] [ 88%] Linking CXX executable test_moveit
[7.618s] [ 92%] Linking CXX executable test_moveit_by_siyuanshu
[7.744s] /usr/bin/ld: /opt/ros/jazzy/lib/libresource_retriever.so: undefined reference to `curl_global_init@CURL_OPENSSL_4'
[7.744s] /usr/bin/ld: /opt/ros/jazzy/lib/libresource_retriever.so: undefined reference to `curl_easy_perform@CURL_OPENSSL_4'
[7.744s] /usr/bin/ld: /opt/ros/jazzy/lib/libresource_retriever.so: undefined reference to `curl_easy_setopt@CURL_OPENSSL_4'
[7.745s] /usr/bin/ld: /opt/ros/jazzy/lib/libresource_retriever.so: undefined reference to `curl_easy_init@CURL_OPENSSL_4'
[7.746s] /usr/bin/ld: /opt/ros/jazzy/lib/libresource_retriever.so: undefined reference to `curl_easy_cleanup@CURL_OPENSSL_4'
[7.747s] /usr/bin/ld: /opt/ros/jazzy/lib/libresource_retriever.so: undefined reference to `curl_global_cleanup@CURL_OPENSSL_4'
[7.750s] /usr/bin/ld: /opt/ros/jazzy/lib/libresource_retriever.so: undefined reference to `curl_global_init@CURL_OPENSSL_4'
[7.750s] /usr/bin/ld: /opt/ros/jazzy/lib/libresource_retriever.so: undefined reference to `curl_easy_perform@CURL_OPENSSL_4'
[7.751s] /usr/bin/ld: /opt/ros/jazzy/lib/libresource_retriever.so: undefined reference to `curl_easy_setopt@CURL_OPENSSL_4'
[7.751s] collect2: error: ld returned 1 exit status
[7.751s] /usr/bin/ld: /opt/ros/jazzy/lib/libresource_retriever.so: undefined reference to `curl_easy_init@CURL_OPENSSL_4'
[7.752s] /usr/bin/ld: /opt/ros/jazzy/lib/libresource_retriever.so: undefined reference to `curl_easy_cleanup@CURL_OPENSSL_4'
[7.753s] gmake[2]: *** [CMakeFiles/test_moveit.dir/build.make:375：test_moveit] 错误 1
[7.753s] gmake[1]: *** [CMakeFiles/Makefile2:161：CMakeFiles/test_moveit.dir/all] 错误 2
[7.753s] /usr/bin/ld: /opt/ros/jazzy/lib/libresource_retriever.so: undefined reference to `curl_global_cleanup@CURL_OPENSSL_4'
[7.757s] collect2: error: ld returned 1 exit status
[7.758s] gmake[2]: *** [CMakeFiles/test_moveit_by_siyuanshu.dir/build.make:375：test_moveit_by_siyuanshu] 错误 1
[7.758s] gmake[1]: *** [CMakeFiles/Makefile2:239：CMakeFiles/test_moveit_by_siyuanshu.dir/all] 错误 2
[10.350s] [ 96%] Linking CXX executable commander_template
[10.717s] /usr/bin/ld: /opt/ros/jazzy/lib/libresource_retriever.so: undefined reference to `curl_global_init@CURL_OPENSSL_4'
[10.717s] /usr/bin/ld: /opt/ros/jazzy/lib/libresource_retriever.so: undefined reference to `curl_easy_perform@CURL_OPENSSL_4'
[10.718s] /usr/bin/ld: /opt/ros/jazzy/lib/libresource_retriever.so: undefined reference to `curl_easy_setopt@CURL_OPENSSL_4'
[10.719s] /usr/bin/ld: /opt/ros/jazzy/lib/libresource_retriever.so: undefined reference to `curl_easy_init@CURL_OPENSSL_4'
[10.722s] /usr/bin/ld: /opt/ros/jazzy/lib/libresource_retriever.so: undefined reference to `curl_easy_cleanup@CURL_OPENSSL_4'
[10.725s] /usr/bin/ld: /opt/ros/jazzy/lib/libresource_retriever.so: undefined reference to `curl_global_cleanup@CURL_OPENSSL_4'
[10.739s] collect2: error: ld returned 1 exit status
[10.741s] gmake[2]: *** [CMakeFiles/commander_template.dir/build.make:383：commander_template] 错误 1
[10.741s] gmake[1]: *** [CMakeFiles/Makefile2:343：CMakeFiles/commander_template.dir/all] 错误 2
[10.741s] gmake: *** [Makefile:146：all] 错误 2
[10.743s] Invoked command in '/home/tk/robot_manipulator/Panthera-HT_ROS2_Jazzy/build/panthera_commander' returned '2': AMENT_PREFIX_PATH=/home/tk/robot_manipulator/Panthera-HT_ROS2_Jazzy/install/with_gripper_config:/home/tk/robot_manipulator/Panthera-HT_ROS2_Jazzy/install/panthera_interfaces:/home/tk/robot_manipulator/Panthera-HT_ROS2_Jazzy/install/panthera_ht_description_with_finger:${AMENT_PREFIX_PATH} CMAKE_PREFIX_PATH=/home/tk/robot_manipulator/Panthera-HT_ROS2_Jazzy/install/with_gripper_config:/home/tk/robot_manipulator/Panthera-HT_ROS2_Jazzy/install/panthera_interfaces:/home/tk/robot_manipulator/Panthera-HT_ROS2_Jazzy/install/panthera_ht_description_with_finger:/opt/ros/jazzy/opt/gz_sim_vendor:/opt/ros/jazzy/opt/gz_sensors_vendor:/opt/ros/jazzy/opt/gz_physics_vendor:/opt/ros/jazzy/opt/sdformat_vendor:/opt/ros/jazzy/opt/gz_gui_vendor:/opt/ros/jazzy/opt/gz_transport_vendor:/opt/ros/jazzy/opt/gz_rendering_vendor:/opt/ros/jazzy/opt/gz_plugin_vendor:/opt/ros/jazzy/opt/gz_fuel_tools_vendor:/opt/ros/jazzy/opt/gz_msgs_vendor:/opt/ros/jazzy/opt/gz_common_vendor:/opt/ros/jazzy/opt/gz_math_vendor:/opt/ros/jazzy/opt/gz_utils_vendor:/opt/ros/jazzy/opt/gz_tools_vendor:/opt/ros/jazzy/opt/gz_ogre_next_vendor:/opt/ros/jazzy/opt/gz_dartsim_vendor:/opt/ros/jazzy/opt/gz_cmake_vendor:/opt/ros/jazzy CONDA_PROMPT_MODIFIER=(base) DEBUGINFOD_URLS=https://debuginfod.ubuntu.com LD_LIBRARY_PATH=/home/tk/robot_manipulator/Panthera-HT_ROS2_Jazzy/install/panthera_interfaces/lib:${LD_LIBRARY_PATH} PYTHONPATH=/home/tk/robot_manipulator/Panthera-HT_ROS2_Jazzy/install/panthera_interfaces/lib/python3.13/site-packages:${PYTHONPATH} /usr/bin/cmake --build /home/tk/robot_manipulator/Panthera-HT_ROS2_Jazzy/build/panthera_commander -- -j28 -l28
