[0.005s] Invoking command in '/home/tk/robot_manipulator/Panthera-HT_ROS2_Jazzy/build/panthera_interfaces': CMAKE_PREFIX_PATH=${CMAKE_PREFIX_PATH}:/opt/ros/jazzy CONDA_PROMPT_MODIFIER=(base) DEBUGINFOD_URLS=https://debuginfod.ubuntu.com /usr/bin/cmake /home/tk/robot_manipulator/Panthera-HT_ROS2_Jazzy/src/panthera_interfaces -DCMAKE_INSTALL_PREFIX=/home/tk/robot_manipulator/Panthera-HT_ROS2_Jazzy/install/panthera_interfaces
[0.014s] -- Found ament_cmake: 2.5.4 (/opt/ros/jazzy/share/ament_cmake/cmake)
[0.189s] -- Found rosidl_default_generators: 1.6.0 (/opt/ros/jazzy/share/rosidl_default_generators/cmake)
[0.190s] -- Using all available rosidl_typesupport_c: rosidl_typesupport_fastrtps_c;rosidl_typesupport_introspection_c
[0.207s] -- Using all available rosidl_typesupport_cpp: rosidl_typesupport_fastrtps_cpp;rosidl_typesupport_introspection_cpp
[0.220s] -- Found rosidl_adapter: 4.6.6 (/opt/ros/jazzy/share/rosidl_adapter/cmake)
[0.221s] -- Found std_msgs: 5.3.6 (/opt/ros/jazzy/share/std_msgs/cmake)
[0.358s] CMake Error at /opt/ros/jazzy/share/rosidl_adapter/cmake/rosidl_adapt_interfaces.cmake:57 (message):
[0.358s]   execute_process(/home/tk/anaconda3/bin/python3 -m rosidl_adapter
[0.358s]   --package-name panthera_interfaces --arguments-file
[0.358s]   /home/tk/robot_manipulator/Panthera-HT_ROS2_Jazzy/build/panthera_interfaces/rosidl_adapter__arguments__panthera_interfaces.json
[0.358s]   --output-dir
[0.358s]   /home/tk/robot_manipulator/Panthera-HT_ROS2_Jazzy/build/panthera_interfaces/rosidl_adapter/panthera_interfaces
[0.358s]   --output-file
[0.358s]   /home/tk/robot_manipulator/Panthera-HT_ROS2_Jazzy/build/panthera_interfaces/rosidl_adapter/panthera_interfaces.idls)
[0.358s]   returned error code 1:
[0.358s] 
[0.358s]   AttributeError processing template 'msg.idl.em'
[0.358s] 
[0.358s]   Traceback (most recent call last):
[0.358s] 
[0.358s]     File "<frozen runpy>", line 198, in _run_module_as_main
[0.358s]     File "<frozen runpy>", line 88, in _run_code
[0.358s]     File "/opt/ros/jazzy/lib/python3.12/site-packages/rosidl_adapter/__main__.py", line 19, in <module>
[0.358s]       sys.exit(main())
[0.359s]                ~~~~^^
[0.359s]     File "/opt/ros/jazzy/lib/python3.12/site-packages/rosidl_adapter/main.py", line 53, in main
[0.359s]       abs_idl_file = convert_to_idl(
[0.359s]           pathlib.Path(basepath), args.package_name,
[0.359s]           pathlib.Path(relative_path), output_dir)
[0.359s]     File "/opt/ros/jazzy/lib/python3.12/site-packages/rosidl_adapter/__init__.py", line 19, in convert_to_idl
[0.359s]       return convert_msg_to_idl(
[0.359s]           package_dir, package_name, interface_file, output_dir / 'msg')
[0.359s]     File "/opt/ros/jazzy/lib/python3.12/site-packages/rosidl_adapter/msg/__init__.py", line 39, in convert_msg_to_idl
[0.359s]       expand_template('msg.idl.em', data, output_file, encoding='iso-8859-1')
[0.359s]       ~~~~~~~~~~~~~~~^^^^^^^^^^^^^^^^^^^^^^^^^^^^^^^^^^^^^^^^^^^^^^^^^^^^^^^^
[0.359s]     File "/opt/ros/jazzy/lib/python3.12/site-packages/rosidl_adapter/resource/__init__.py", line 29, in expand_template
[0.359s]       content = evaluate_template(template_name, data)
[0.359s]     File "/opt/ros/jazzy/lib/python3.12/site-packages/rosidl_adapter/resource/__init__.py", line 65, in evaluate_template
[0.359s]       _interpreter = em.Interpreter(
[0.359s]                      ^^^^^^^^^^^^^^
[0.359s] 
[0.359s]   AttributeError: module 'em' has no attribute 'Interpreter'
[0.359s] 
[0.359s] Call Stack (most recent call first):
[0.359s]   /opt/ros/jazzy/share/rosidl_cmake/cmake/rosidl_generate_interfaces.cmake:132 (rosidl_adapt_interfaces)
[0.359s]   CMakeLists.txt:13 (rosidl_generate_interfaces)
[0.359s] 
[0.359s] 
[0.359s] -- Configuring incomplete, errors occurred!
[0.362s] Invoked command in '/home/tk/robot_manipulator/Panthera-HT_ROS2_Jazzy/build/panthera_interfaces' returned '1': CMAKE_PREFIX_PATH=${CMAKE_PREFIX_PATH}:/opt/ros/jazzy CONDA_PROMPT_MODIFIER=(base) DEBUGINFOD_URLS=https://debuginfod.ubuntu.com /usr/bin/cmake /home/tk/robot_manipulator/Panthera-HT_ROS2_Jazzy/src/panthera_interfaces -DCMAKE_INSTALL_PREFIX=/home/tk/robot_manipulator/Panthera-HT_ROS2_Jazzy/install/panthera_interfaces
